05-05 00:06:13.871  6106  6287 D PipelineManager: OCR process succeeded via visionkit pipeline.
05-05 00:06:13.876  6106  6288 D PipelineManager: Start process YUV
05-05 00:06:13.914  6106  6288 D PipelineManager: OCR process succeeded via visionkit pipeline.
05-05 00:06:13.915  6106  6289 D PipelineManager: Start process YUV
05-05 00:06:13.977  6106  6289 D PipelineManager: OCR process succeeded via visionkit pipeline.
05-05 00:06:13.998  6106  6290 D PipelineManager: Start process YUV
05-05 00:06:14.016  6106  6290 D PipelineManager: OCR process succeeded via visionkit pipeline.
05-05 00:06:14.017  6106  6243 D PipelineManager: Start process YUV
05-05 00:06:14.078  6106  6243 D PipelineManager: OCR process succeeded via visionkit pipeline.
05-05 00:06:14.080  6106  6254 D PipelineManager: Start process YUV
05-05 00:06:14.143  6106  6254 D PipelineManager: OCR process succeeded via visionkit pipeline.
05-05 00:06:14.149  6106  6287 D PipelineManager: Start process YUV
05-05 00:06:14.231  6106  6287 D PipelineManager: OCR process succeeded via visionkit pipeline.
05-05 00:06:14.254  6106  6288 D PipelineManager: Start process YUV
05-05 00:06:14.283  6106  6288 D PipelineManager: OCR process succeeded via visionkit pipeline.
05-05 00:06:14.285  6106  6289 D PipelineManager: Start process YUV
05-05 00:06:14.336  6106  6289 D PipelineManager: OCR process succeeded via visionkit pipeline.
05-05 00:06:14.354  6106  6290 D PipelineManager: Start process YUV
05-05 00:06:14.372  6106  6290 D PipelineManager: OCR process succeeded via visionkit pipeline.
05-05 00:06:14.373  6106  6243 D PipelineManager: Start process YUV
05-05 00:06:14.379   738   859 D ActivityManager: freezing 5066 com.google.android.apps.photos
05-05 00:06:14.386   738   911 D InetDiagMessage: Destroyed 0 sockets, proto=IPPROTO_TCP, family=AF_INET, states=14
05-05 00:06:14.386   738   911 D InetDiagMessage: Destroyed 0 sockets, proto=IPPROTO_TCP, family=AF_INET6, states=14
05-05 00:06:14.386   738   911 D InetDiagMessage: Destroyed live tcp sockets for uids={10169} in 1ms
05-05 00:06:14.405  6106  6243 D PipelineManager: OCR process succeeded via visionkit pipeline.
05-05 00:06:14.424  6106  6254 D PipelineManager: Start process YUV
05-05 00:06:14.482  6106  6254 D PipelineManager: OCR process succeeded via visionkit pipeline.
05-05 00:06:14.483  6106  6287 D PipelineManager: Start process YUV
05-05 00:06:14.513  6106  6287 D PipelineManager: OCR process succeeded via visionkit pipeline.
05-05 00:06:14.518  6106  6288 D PipelineManager: Start process YUV
05-05 00:06:14.603  6106  6288 D PipelineManager: OCR process succeeded via visionkit pipeline.
05-05 00:06:14.622  6106  6289 D PipelineManager: Start process YUV
05-05 00:06:14.661  6106  6289 D PipelineManager: OCR process succeeded via visionkit pipeline.
05-05 00:06:14.665  6106  6290 D PipelineManager: Start process YUV
05-05 00:06:14.700  6106  6290 D PipelineManager: OCR process succeeded via visionkit pipeline.
05-05 00:06:14.727  6106  6243 D PipelineManager: Start process YUV
05-05 00:06:14.761  6106  6243 D PipelineManager: OCR process succeeded via visionkit pipeline.
05-05 00:06:14.763  6106  6254 D PipelineManager: Start process YUV
05-05 00:06:14.788  6106  6254 D PipelineManager: OCR process succeeded via visionkit pipeline.
05-05 00:06:14.797  6106  6287 D PipelineManager: Start process YUV
05-05 00:06:14.838  6106  6287 D PipelineManager: OCR process succeeded via visionkit pipeline.
05-05 00:06:14.865  6106  6288 D PipelineManager: Start process YUV
05-05 00:06:14.900  6106  6288 D PipelineManager: OCR process succeeded via visionkit pipeline.
05-05 00:06:14.902  6106  6289 D PipelineManager: Start process YUV
05-05 00:06:14.931  6106  6289 D PipelineManager: OCR process succeeded via visionkit pipeline.
05-05 00:06:14.932  6106  6290 D PipelineManager: Start process YUV
05-05 00:06:14.958  6106  6290 D PipelineManager: OCR process succeeded via visionkit pipeline.
05-05 00:06:14.985  6106  6243 D PipelineManager: Start process YUV
05-05 00:06:15.003  6106  6243 D PipelineManager: OCR process succeeded via visionkit pipeline.
05-05 00:06:15.024  6106  6254 D PipelineManager: Start process YUV
05-05 00:06:15.056  6106  6254 D PipelineManager: OCR process succeeded via visionkit pipeline.
05-05 00:06:15.057  6106  6287 D PipelineManager: Start process YUV
05-05 00:06:15.075  6106  6287 D PipelineManager: OCR process succeeded via visionkit pipeline.
05-05 00:06:15.084  6106  6288 D PipelineManager: Start process YUV
05-05 00:06:15.170  6106  6288 D PipelineManager: OCR process succeeded via visionkit pipeline.
05-05 00:06:15.190  6106  6289 D PipelineManager: Start process YUV
05-05 00:06:15.257  6106  6289 D PipelineManager: OCR process succeeded via visionkit pipeline.
05-05 00:06:15.264  6106  6290 D PipelineManager: Start process YUV
05-05 00:06:15.286  6106  6290 D PipelineManager: OCR process succeeded via visionkit pipeline.
05-05 00:06:15.297  6106  6243 D PipelineManager: Start process YUV
05-05 00:06:15.323  6106  6243 D PipelineManager: OCR process succeeded via visionkit pipeline.
05-05 00:06:15.328  6106  6254 D PipelineManager: Start process YUV
05-05 00:06:15.349  6106  6254 D PipelineManager: OCR process succeeded via visionkit pipeline.
05-05 00:06:15.364  6106  6287 D PipelineManager: Start process YUV
05-05 00:06:15.421  6106  6287 D PipelineManager: OCR process succeeded via visionkit pipeline.
05-05 00:06:15.428  6106  6288 D PipelineManager: Start process YUV
05-05 00:06:15.507  6106  6288 D PipelineManager: OCR process succeeded via visionkit pipeline.
05-05 00:06:15.515  6106  6289 D PipelineManager: Start process YUV
05-05 00:06:15.540  6106  6289 D PipelineManager: OCR process succeeded via visionkit pipeline.
05-05 00:06:15.541  6106  6290 D PipelineManager: Start process YUV
05-05 00:06:15.583  6106  6290 D PipelineManager: OCR process succeeded via visionkit pipeline.
05-05 00:06:15.595  6106  6243 D PipelineManager: Start process YUV
05-05 00:06:15.657  6106  6243 D PipelineManager: OCR process succeeded via visionkit pipeline.
05-05 00:06:15.658  6106  6254 D PipelineManager: Start process YUV
05-05 00:06:15.690  6106  6254 D PipelineManager: OCR process succeeded via visionkit pipeline.
05-05 00:06:15.693  6106  6287 D PipelineManager: Start process YUV
05-05 00:06:15.764  6106  6287 D PipelineManager: OCR process succeeded via visionkit pipeline.
05-05 00:06:15.766  6106  6288 D PipelineManager: Start process YUV
05-05 00:06:15.807  6106  6288 D PipelineManager: OCR process succeeded via visionkit pipeline.
05-05 00:06:15.809  6106  6289 D PipelineManager: Start process YUV
05-05 00:06:15.841  6106  6289 D PipelineManager: OCR process succeeded via visionkit pipeline.
05-05 00:06:15.869  6106  6290 D PipelineManager: Start process YUV
05-05 00:06:15.887  6106  6290 D PipelineManager: OCR process succeeded via visionkit pipeline.
05-05 00:06:15.889  6106  6243 D PipelineManager: Start process YUV
05-05 00:06:15.920  6106  6243 D PipelineManager: OCR process succeeded via visionkit pipeline.
05-05 00:06:15.941  6106  6254 D PipelineManager: Start process YUV
05-05 00:06:15.962  6106  6254 D PipelineManager: OCR process succeeded via visionkit pipeline.
05-05 00:06:15.970  6106  6287 D PipelineManager: Start process YUV
05-05 00:06:16.001  6106  6287 D PipelineManager: OCR process succeeded via visionkit pipeline.
05-05 00:06:16.002  6106  6288 D PipelineManager: Start process YUV
05-05 00:06:16.052  6106  6288 D PipelineManager: OCR process succeeded via visionkit pipeline.
05-05 00:06:16.065  6106  6289 D PipelineManager: Start process YUV
05-05 00:06:16.087  6106  6289 D PipelineManager: OCR process succeeded via visionkit pipeline.
05-05 00:06:16.096  6106  6290 D PipelineManager: Start process YUV
05-05 00:06:16.130  6106  6290 D PipelineManager: OCR process succeeded via visionkit pipeline.
05-05 00:06:16.131  6106  6243 D PipelineManager: Start process YUV
05-05 00:06:16.173  6106  6243 D PipelineManager: OCR process succeeded via visionkit pipeline.
05-05 00:06:16.183  6106  6254 D PipelineManager: Start process YUV
05-05 00:06:16.214  6106  6254 D PipelineManager: OCR process succeeded via visionkit pipeline.
05-05 00:06:16.229  6106  6287 D PipelineManager: Start process YUV
05-05 00:06:16.259  6106  6287 D PipelineManager: OCR process succeeded via visionkit pipeline.
05-05 00:06:16.265  6106  6288 D PipelineManager: Start process YUV
05-05 00:06:16.296  6106  6288 D PipelineManager: OCR process succeeded via visionkit pipeline.
05-05 00:06:16.297  6106  6289 D PipelineManager: Start process YUV
05-05 00:06:16.326  6106  6289 D PipelineManager: OCR process succeeded via visionkit pipeline.
05-05 00:06:16.329  6106  6290 D PipelineManager: Start process YUV
05-05 00:06:16.378  6106  6290 D PipelineManager: OCR process succeeded via visionkit pipeline.
05-05 00:06:16.380  6106  6243 D PipelineManager: Start process YUV
05-05 00:06:16.404  6106  6243 D PipelineManager: OCR process succeeded via visionkit pipeline.
05-05 00:06:16.429  6106  6254 D PipelineManager: Start process YUV
05-05 00:06:16.456  6106  6254 D PipelineManager: OCR process succeeded via visionkit pipeline.
05-05 00:06:16.464  6106  6287 D PipelineManager: Start process YUV
05-05 00:06:16.491  6106  6287 D PipelineManager: OCR process succeeded via visionkit pipeline.
05-05 00:06:16.495  6106  6288 D PipelineManager: Start process YUV
05-05 00:06:16.523  6106  6288 D PipelineManager: OCR process succeeded via visionkit pipeline.
05-05 00:06:16.542  6106  6289 D PipelineManager: Start process YUV
05-05 00:06:16.567  6106  6289 D PipelineManager: OCR process succeeded via visionkit pipeline.
05-05 00:06:16.568  6106  6290 D PipelineManager: Start process YUV
05-05 00:06:16.596  6106  6290 D PipelineManager: OCR process succeeded via visionkit pipeline.
05-05 00:06:16.620  6106  6243 D PipelineManager: Start process YUV
05-05 00:06:16.641  6106  6243 D PipelineManager: OCR process succeeded via visionkit pipeline.
05-05 00:06:16.645  6106  6254 D PipelineManager: Start process YUV
05-05 00:06:16.671  6106  6254 D PipelineManager: OCR process succeeded via visionkit pipeline.
05-05 00:06:16.672  6106  6287 D PipelineManager: Start process YUV
05-05 00:06:16.701  6106  6287 D PipelineManager: OCR process succeeded via visionkit pipeline.
05-05 00:06:16.702  6106  6288 D PipelineManager: Start process YUV
05-05 00:06:16.724  6106  6288 D PipelineManager: OCR process succeeded via visionkit pipeline.
05-05 00:06:16.728  6106  6289 D PipelineManager: Start process YUV
05-05 00:06:16.744  6106  6289 D PipelineManager: OCR process succeeded via visionkit pipeline.
05-05 00:06:16.768  6106  6290 D PipelineManager: Start process YUV
05-05 00:06:16.787  6106  6290 D PipelineManager: OCR process succeeded via visionkit pipeline.
05-05 00:06:16.803  6106  6243 D PipelineManager: Start process YUV
05-05 00:06:16.829  6106  6243 D PipelineManager: OCR process succeeded via visionkit pipeline.
05-05 00:06:16.868  6106  6254 D PipelineManager: Start process YUV
05-05 00:06:16.896  6106  6254 D PipelineManager: OCR process succeeded via visionkit pipeline.
05-05 00:06:16.918  6106  6287 D PipelineManager: Start process YUV
05-05 00:06:16.941  6106  6287 D PipelineManager: OCR process succeeded via visionkit pipeline.
05-05 00:06:16.942  6106  6288 D PipelineManager: Start process YUV
05-05 00:06:16.975  6106  6288 D PipelineManager: OCR process succeeded via visionkit pipeline.
05-05 00:06:16.983  6106  6289 D PipelineManager: Start process YUV
05-05 00:06:17.007  6106  6289 D PipelineManager: OCR process succeeded via visionkit pipeline.
05-05 00:06:17.008  6106  6290 D PipelineManager: Start process YUV
05-05 00:06:17.034  6106  6290 D PipelineManager: OCR process succeeded via visionkit pipeline.
05-05 00:06:17.042  6106  6243 D PipelineManager: Start process YUV
05-05 00:06:17.071  6106  6243 D PipelineManager: OCR process succeeded via visionkit pipeline.
05-05 00:06:17.091  6106  6254 D PipelineManager: Start process YUV
05-05 00:06:17.108  6106  6254 D PipelineManager: OCR process succeeded via visionkit pipeline.
05-05 00:06:17.124  6106  6287 D PipelineManager: Start process YUV
05-05 00:06:17.190  6106  6287 D PipelineManager: OCR process succeeded via visionkit pipeline.
05-05 00:06:17.209  6106  6288 D PipelineManager: Start process YUV
05-05 00:06:17.294  6106  6288 D PipelineManager: OCR process succeeded via visionkit pipeline.
05-05 00:06:17.300  6106  6289 D PipelineManager: Start process YUV
05-05 00:06:17.369  6106  6289 D PipelineManager: OCR process succeeded via visionkit pipeline.
05-05 00:06:17.370  6106  6290 D PipelineManager: Start process YUV
05-05 00:06:17.442  6106  6290 D PipelineManager: OCR process succeeded via visionkit pipeline.
05-05 00:06:17.462  6106  6243 D PipelineManager: Start process YUV
05-05 00:06:17.493  6106  6243 D PipelineManager: OCR process succeeded via visionkit pipeline.
05-05 00:06:17.497  6106  6254 D PipelineManager: Start process YUV
05-05 00:06:17.521  6106  6254 D PipelineManager: OCR process succeeded via visionkit pipeline.
05-05 00:06:17.531  6106  6287 D PipelineManager: Start process YUV
05-05 00:06:17.633  6106  6287 D PipelineManager: OCR process succeeded via visionkit pipeline.
05-05 00:06:17.635  6106  6288 D PipelineManager: Start process YUV
05-05 00:06:17.698  6106  6288 D PipelineManager: OCR process succeeded via visionkit pipeline.
05-05 00:06:17.699  6106  6289 D PipelineManager: Start process YUV
05-05 00:06:17.755  6106  6289 D PipelineManager: OCR process succeeded via visionkit pipeline.
05-05 00:06:17.757  6106  6290 D PipelineManager: Start process YUV
05-05 00:06:17.826  6106  6290 D PipelineManager: OCR process succeeded via visionkit pipeline.
05-05 00:06:17.830  6106  6243 D PipelineManager: Start process YUV
05-05 00:06:17.865  6106  6243 D PipelineManager: OCR process succeeded via visionkit pipeline.
05-05 00:06:17.866  6106  6254 D PipelineManager: Start process YUV
05-05 00:06:17.901  6106  6254 D PipelineManager: OCR process succeeded via visionkit pipeline.
05-05 00:06:17.902  6106  6287 D PipelineManager: Start process YUV
05-05 00:06:17.960  6106  6287 D PipelineManager: OCR process succeeded via visionkit pipeline.
05-05 00:06:18.010  6106  6288 D PipelineManager: Start process YUV
05-05 00:06:18.056  6106  6288 D PipelineManager: OCR process succeeded via visionkit pipeline.
05-05 00:06:18.058  6106  6289 D PipelineManager: Start process YUV
05-05 00:06:18.114  6106  6289 D PipelineManager: OCR process succeeded via visionkit pipeline.
05-05 00:06:18.115  6106  6290 D PipelineManager: Start process YUV
05-05 00:06:18.146  6106  6290 D PipelineManager: OCR process succeeded via visionkit pipeline.
05-05 00:06:18.148  6106  6243 D PipelineManager: Start process YUV
05-05 00:06:18.244  6106  6243 D PipelineManager: OCR process succeeded via visionkit pipeline.
05-05 00:06:18.250  6106  6254 D PipelineManager: Start process YUV
05-05 00:06:18.286  6106  6254 D PipelineManager: OCR process succeeded via visionkit pipeline.
05-05 00:06:18.287  6106  6287 D PipelineManager: Start process YUV
05-05 00:06:18.318  6106  6287 D PipelineManager: OCR process succeeded via visionkit pipeline.
05-05 00:06:18.320  6106  6288 D PipelineManager: Start process YUV
05-05 00:06:18.347  6106  6288 D PipelineManager: OCR process succeeded via visionkit pipeline.
05-05 00:06:18.370  6106  6289 D PipelineManager: Start process YUV
05-05 00:06:18.400  6106  6289 D PipelineManager: OCR process succeeded via visionkit pipeline.
05-05 00:06:18.438  6106  6290 D PipelineManager: Start process YUV
05-05 00:06:18.455  6106  6290 D PipelineManager: OCR process succeeded via visionkit pipeline.
05-05 00:06:18.456  6106  6243 D PipelineManager: Start process YUV
05-05 00:06:18.484  6106  6243 D PipelineManager: OCR process succeeded via visionkit pipeline.
05-05 00:06:18.501  6106  6254 D PipelineManager: Start process YUV
05-05 00:06:18.538  6106  6254 D PipelineManager: OCR process succeeded via visionkit pipeline.
05-05 00:06:18.539  6106  6287 D PipelineManager: Start process YUV
05-05 00:06:18.598  6106  6287 D PipelineManager: OCR process succeeded via visionkit pipeline.
05-05 00:06:18.600  6106  6288 D PipelineManager: Start process YUV
05-05 00:06:18.678  6106  6288 D PipelineManager: OCR process succeeded via visionkit pipeline.
05-05 00:06:18.680  6106  6289 D PipelineManager: Start process YUV
05-05 00:06:18.709  6106  6289 D PipelineManager: OCR process succeeded via visionkit pipeline.
05-05 00:06:18.710  6106  6290 D PipelineManager: Start process YUV
05-05 00:06:18.740  6106  6290 D PipelineManager: OCR process succeeded via visionkit pipeline.
05-05 00:06:18.741  6106  6243 D PipelineManager: Start process YUV
05-05 00:06:18.760  6106  6243 D PipelineManager: OCR process succeeded via visionkit pipeline.
05-05 00:06:18.775  6106  6254 D PipelineManager: Start process YUV
05-05 00:06:18.799  6106  6254 D PipelineManager: OCR process succeeded via visionkit pipeline.
05-05 00:06:18.809  6106  6287 D PipelineManager: Start process YUV
05-05 00:06:18.811  6106  6239 D TransportRuntime.SQLiteEventStore: Storing event with priority=VERY_LOW, name=FIREBASE_ML_SDK for destination cct
05-05 00:06:18.817  6106  6239 D TransportRuntime.JobInfoScheduler: Upload for context TransportContext(cct, VERY_LOW, MSRodHRwczovL2ZpcmViYXNlbG9nZ2luZy5nb29nbGVhcGlzLmNvbS92MGNjL2xvZy9iYXRjaD9mb3JtYXQ9anNvbl9wcm90bzNc) is already scheduled. Returning...
05-05 00:06:18.840  6106  6287 D PipelineManager: OCR process succeeded via visionkit pipeline.
05-05 00:06:18.841  6106  6288 D PipelineManager: Start process YUV
05-05 00:06:18.875  6106  6288 D PipelineManager: OCR process succeeded via visionkit pipeline.
05-05 00:06:18.899  6106  6289 D PipelineManager: Start process YUV
05-05 00:06:18.975  6106  6289 D PipelineManager: OCR process succeeded via visionkit pipeline.
05-05 00:06:18.978  6106  6290 D PipelineManager: Start process YUV
05-05 00:06:19.005  6106  6290 D PipelineManager: OCR process succeeded via visionkit pipeline.
05-05 00:06:19.035  6106  6243 D PipelineManager: Start process YUV
05-05 00:06:19.062  6106  6243 D PipelineManager: OCR process succeeded via visionkit pipeline.
05-05 00:06:19.078  6106  6254 D PipelineManager: Start process YUV
05-05 00:06:19.103  6106  6254 D PipelineManager: OCR process succeeded via visionkit pipeline.
05-05 00:06:19.104  6106  6287 D PipelineManager: Start process YUV
05-05 00:06:19.160  6106  6287 D PipelineManager: OCR process succeeded via visionkit pipeline.
05-05 00:06:19.165  6106  6288 D PipelineManager: Start process YUV
05-05 00:06:19.211  6106  6288 D PipelineManager: OCR process succeeded via visionkit pipeline.
05-05 00:06:19.213  6106  6289 D PipelineManager: Start process YUV
05-05 00:06:19.242  6106  6289 D PipelineManager: OCR process succeeded via visionkit pipeline.
05-05 00:06:19.243  6106  6290 D PipelineManager: Start process YUV
05-05 00:06:19.273  6106  6290 D PipelineManager: OCR process succeeded via visionkit pipeline.
05-05 00:06:19.274  6106  6243 D PipelineManager: Start process YUV
05-05 00:06:19.293  6106  6243 D PipelineManager: OCR process succeeded via visionkit pipeline.
05-05 00:06:19.308  6106  6254 D PipelineManager: Start process YUV
05-05 00:06:19.390  6106  6254 D PipelineManager: OCR process succeeded via visionkit pipeline.
05-05 00:06:19.400  6106  6287 D PipelineManager: Start process YUV
05-05 00:06:19.488  6106  6287 D PipelineManager: OCR process succeeded via visionkit pipeline.
05-05 00:06:19.505  6106  6288 D PipelineManager: Start process YUV
05-05 00:06:19.551  6106  6288 D PipelineManager: OCR process succeeded via visionkit pipeline.
05-05 00:06:19.553  6106  6239 D TransportRuntime.SQLiteEventStore: Storing event with priority=VERY_LOW, name=FIREBASE_ML_SDK for destination cct
05-05 00:06:19.565  6106  6239 D TransportRuntime.JobInfoScheduler: Upload for context TransportContext(cct, VERY_LOW, MSRodHRwczovL2ZpcmViYXNlbG9nZ2luZy5nb29nbGVhcGlzLmNvbS92MGNjL2xvZy9iYXRjaD9mb3JtYXQ9anNvbl9wcm90bzNc) is already scheduled. Returning...
05-05 00:06:19.569  6106  6289 D PipelineManager: Start process YUV
05-05 00:06:19.578  6106  6239 D TransportRuntime.SQLiteEventStore: Storing event with priority=VERY_LOW, name=FIREBASE_ML_SDK for destination cct
05-05 00:06:19.589  6106  6239 D TransportRuntime.JobInfoScheduler: Upload for context TransportContext(cct, VERY_LOW, MSRodHRwczovL2ZpcmViYXNlbG9nZ2luZy5nb29nbGVhcGlzLmNvbS92MGNjL2xvZy9iYXRjaD9mb3JtYXQ9anNvbl9wcm90bzNc) is already scheduled. Returning...
05-05 00:06:19.606  6106  6289 D PipelineManager: OCR process succeeded via visionkit pipeline.
05-05 00:06:19.607  6106  6290 D PipelineManager: Start process YUV
05-05 00:06:19.746  6106  6290 D PipelineManager: OCR process succeeded via visionkit pipeline.
05-05 00:06:19.748  6106  6243 D PipelineManager: Start process YUV
05-05 00:06:19.775   738   807 E BluetoothPowerStatsCollector: Cannot acquire BluetoothActivityEnergyInfo
05-05 00:06:19.775   738   807 E BluetoothPowerStatsCollector: java.util.concurrent.ExecutionException: java.lang.RuntimeException: error: 11
05-05 00:06:19.775   738   807 E BluetoothPowerStatsCollector: 	at java.util.concurrent.CompletableFuture.reportGet(CompletableFuture.java:372)
05-05 00:06:19.775   738   807 E BluetoothPowerStatsCollector: 	at java.util.concurrent.CompletableFuture.get(CompletableFuture.java:2072)
05-05 00:06:19.775   738   807 E BluetoothPowerStatsCollector: 	at com.android.server.power.stats.BluetoothPowerStatsCollector.collectBluetoothActivityInfo(BluetoothPowerStatsCollector.java:192)
05-05 00:06:19.775   738   807 E BluetoothPowerStatsCollector: 	at com.android.server.power.stats.BluetoothPowerStatsCollector.collectStats(BluetoothPowerStatsCollector.java:155)
05-05 00:06:19.775   738   807 E BluetoothPowerStatsCollector: 	at com.android.server.power.stats.PowerStatsCollector.collectAndDeliverStats(PowerStatsCollector.java:176)
05-05 00:06:19.775   738   807 E BluetoothPowerStatsCollector: 	at com.android.server.power.stats.PowerStatsCollector$$ExternalSyntheticLambda0.run(R8$$SyntheticClass:0)
05-05 00:06:19.775   738   807 E BluetoothPowerStatsCollector: 	at android.os.Handler.handleCallback(Handler.java:995)
05-05 00:06:19.775   738   807 E BluetoothPowerStatsCollector: 	at android.os.Handler.dispatchMessage(Handler.java:103)
05-05 00:06:19.775   738   807 E BluetoothPowerStatsCollector: 	at android.os.Looper.loopOnce(Looper.java:248)
05-05 00:06:19.775   738   807 E BluetoothPowerStatsCollector: 	at android.os.Looper.loop(Looper.java:338)
05-05 00:06:19.775   738   807 E BluetoothPowerStatsCollector: 	at android.os.HandlerThread.run(HandlerThread.java:85)
05-05 00:06:19.775   738   807 E BluetoothPowerStatsCollector: Caused by: java.lang.RuntimeException: error: 11
05-05 00:06:19.775   738   807 E BluetoothPowerStatsCollector: 	at com.android.server.power.stats.BluetoothPowerStatsCollector$1.onBluetoothActivityEnergyInfoError(BluetoothPowerStatsCollector.java:181)
05-05 00:06:19.775   738   807 E BluetoothPowerStatsCollector: 	at android.bluetooth.BluetoothAdapter$OnBluetoothActivityEnergyInfoProxy.lambda$onBluetoothActivityEnergyInfoAvailable$0(BluetoothAdapter.java:1037)
05-05 00:06:19.775   738   807 E BluetoothPowerStatsCollector: 	at android.bluetooth.BluetoothAdapter$OnBluetoothActivityEnergyInfoProxy$$ExternalSyntheticLambda1.run(D8$$SyntheticClass:0)
05-05 00:06:19.775   738   807 E BluetoothPowerStatsCollector: 	at android.bluetooth.BluetoothUtils.lambda$executeFromBinder$0(BluetoothUtils.java:343)
05-05 00:06:19.775   738   807 E BluetoothPowerStatsCollector: 	at android.bluetooth.BluetoothUtils$$ExternalSyntheticLambda1.run(D8$$SyntheticClass:0)
05-05 00:06:19.775   738   807 E BluetoothPowerStatsCollector: 	at com.android.server.SystemServerInitThreadPool$$ExternalSyntheticLambda0.execute(R8$$SyntheticClass:0)
05-05 00:06:19.775   738   807 E BluetoothPowerStatsCollector: 	at android.bluetooth.BluetoothUtils.executeFromBinder(BluetoothUtils.java:343)
05-05 00:06:19.775   738   807 E BluetoothPowerStatsCollector: 	at android.bluetooth.BluetoothAdapter$OnBluetoothActivityEnergyInfoProxy.onBluetoothActivityEnergyInfoAvailable(BluetoothAdapter.java:1035)
05-05 00:06:19.775   738   807 E BluetoothPowerStatsCollector: 	at android.bluetooth.IBluetoothActivityEnergyInfoListener$Stub.onTransact(IBluetoothActivityEnergyInfoListener.java:98)
05-05 00:06:19.775   738   807 E BluetoothPowerStatsCollector: 	at android.os.Binder.execTransactInternal(Binder.java:1426)
05-05 00:06:19.775   738   807 E BluetoothPowerStatsCollector: 	at android.os.Binder.execTransact(Binder.java:1365)
05-05 00:06:19.797  6106  6243 D PipelineManager: OCR process succeeded via visionkit pipeline.
05-05 00:06:19.799  6106  6254 D PipelineManager: Start process YUV
05-05 00:06:19.831  6106  6254 D PipelineManager: OCR process succeeded via visionkit pipeline.
05-05 00:06:19.832  6106  6287 D PipelineManager: Start process YUV
05-05 00:06:19.895  6106  6287 D PipelineManager: OCR process succeeded via visionkit pipeline.
05-05 00:06:19.897  6106  6288 D PipelineManager: Start process YUV
05-05 00:06:19.919  6106  6288 D PipelineManager: OCR process succeeded via visionkit pipeline.
05-05 00:06:19.929  6106  6289 D PipelineManager: Start process YUV
05-05 00:06:19.952  6106  6289 D PipelineManager: OCR process succeeded via visionkit pipeline.
05-05 00:06:19.963  6106  6290 D PipelineManager: Start process YUV
05-05 00:06:20.002  6106  6290 D PipelineManager: OCR process succeeded via visionkit pipeline.
05-05 00:06:20.027  6106  6243 D PipelineManager: Start process YUV
05-05 00:06:20.075  6106  6243 D PipelineManager: OCR process succeeded via visionkit pipeline.
05-05 00:06:20.076  6106  6254 D PipelineManager: Start process YUV
05-05 00:06:20.132  6106  6254 D PipelineManager: OCR process succeeded via visionkit pipeline.
05-05 00:06:20.133  6106  6287 D PipelineManager: Start process YUV
05-05 00:06:20.163  6106  6287 D PipelineManager: OCR process succeeded via visionkit pipeline.
05-05 00:06:20.164  6106  6288 D PipelineManager: Start process YUV
05-05 00:06:20.195  6106  6288 D PipelineManager: OCR process succeeded via visionkit pipeline.
05-05 00:06:20.197  6106  6289 D PipelineManager: Start process YUV
05-05 00:06:20.228  6106  6289 D PipelineManager: OCR process succeeded via visionkit pipeline.
05-05 00:06:20.229  6106  6290 D PipelineManager: Start process YUV
05-05 00:06:20.292  6106  6290 D PipelineManager: OCR process succeeded via visionkit pipeline.
05-05 00:06:20.296  6106  6243 D PipelineManager: Start process YUV
05-05 00:06:20.327  6106  6243 D PipelineManager: OCR process succeeded via visionkit pipeline.
05-05 00:06:20.329  6106  6254 D PipelineManager: Start process YUV
05-05 00:06:20.357  6106  6254 D PipelineManager: OCR process succeeded via visionkit pipeline.
05-05 00:06:20.365  6106  6287 D PipelineManager: Start process YUV
05-05 00:06:20.402  6106  6287 D PipelineManager: OCR process succeeded via visionkit pipeline.
05-05 00:06:20.403  6106  6288 D PipelineManager: Start process YUV
05-05 00:06:20.433  6106  6288 D PipelineManager: OCR process succeeded via visionkit pipeline.
05-05 00:06:20.434  6106  6289 D PipelineManager: Start process YUV
05-05 00:06:20.501  6106  6289 D PipelineManager: OCR process succeeded via visionkit pipeline.
05-05 00:06:20.502  6106  6290 D PipelineManager: Start process YUV
05-05 00:06:20.540  6106  6290 D PipelineManager: OCR process succeeded via visionkit pipeline.
05-05 00:06:20.554  6106  6243 D PipelineManager: Start process YUV
05-05 00:06:20.585  6106  6243 D PipelineManager: OCR process succeeded via visionkit pipeline.
05-05 00:06:20.594  6106  6254 D PipelineManager: Start process YUV
05-05 00:06:20.625  6106  6254 D PipelineManager: OCR process succeeded via visionkit pipeline.
05-05 00:06:20.630  6106  6287 D PipelineManager: Start process YUV
05-05 00:06:20.669  6106  6287 D PipelineManager: OCR process succeeded via visionkit pipeline.
05-05 00:06:20.670  6106  6288 D PipelineManager: Start process YUV
05-05 00:06:20.725  6106  6288 D PipelineManager: OCR process succeeded via visionkit pipeline.
05-05 00:06:20.746  6106  6289 D PipelineManager: Start process YUV
05-05 00:06:20.812  6106  6289 D PipelineManager: OCR process succeeded via visionkit pipeline.
05-05 00:06:20.813  6106  6290 D PipelineManager: Start process YUV
05-05 00:06:20.859  6106  6290 D PipelineManager: OCR process succeeded via visionkit pipeline.
05-05 00:06:20.862  6106  6243 D PipelineManager: Start process YUV
05-05 00:06:20.909  6106  6243 D PipelineManager: OCR process succeeded via visionkit pipeline.
05-05 00:06:20.911  6106  6254 D PipelineManager: Start process YUV
05-05 00:06:20.934  6106  6254 D PipelineManager: OCR process succeeded via visionkit pipeline.
05-05 00:06:20.963  6106  6287 D PipelineManager: Start process YUV
05-05 00:06:21.014  6106  6287 D PipelineManager: OCR process succeeded via visionkit pipeline.
05-05 00:06:21.026  6106  6288 D PipelineManager: Start process YUV
05-05 00:06:21.146  6106  6288 D PipelineManager: OCR process succeeded via visionkit pipeline.
05-05 00:06:21.165  6106  6289 D PipelineManager: Start process YUV
05-05 00:06:21.277  6106  6289 D PipelineManager: OCR process succeeded via visionkit pipeline.
05-05 00:06:21.283  6106  6290 D PipelineManager: Start process YUV
05-05 00:06:21.322  6106  6290 D PipelineManager: OCR process succeeded via visionkit pipeline.
05-05 00:06:21.323  6106  6243 D PipelineManager: Start process YUV
05-05 00:06:21.390  6106  6243 D PipelineManager: OCR process succeeded via visionkit pipeline.
05-05 00:06:21.391  6106  6254 D PipelineManager: Start process YUV
05-05 00:06:21.576  6106  6254 D PipelineManager: OCR process succeeded via visionkit pipeline.
05-05 00:06:21.595  6106  6287 D PipelineManager: Start process YUV
05-05 00:06:21.628  6106  6287 D PipelineManager: OCR process succeeded via visionkit pipeline.
05-05 00:06:21.630  6106  6288 D PipelineManager: Start process YUV
05-05 00:06:21.706  6106  6288 D PipelineManager: OCR process succeeded via visionkit pipeline.
05-05 00:06:21.725  6106  6289 D PipelineManager: Start process YUV
05-05 00:06:21.805  6106  6289 D PipelineManager: OCR process succeeded via visionkit pipeline.
05-05 00:06:21.806  6106  6290 D PipelineManager: Start process YUV
05-05 00:06:21.839  6106  6290 D PipelineManager: OCR process succeeded via visionkit pipeline.
05-05 00:06:21.852  6106  6243 D PipelineManager: Start process YUV
05-05 00:06:21.884  6106  6243 D PipelineManager: OCR process succeeded via visionkit pipeline.
05-05 00:06:21.887  6106  6254 D PipelineManager: Start process YUV
05-05 00:06:21.911  6106  6254 D PipelineManager: OCR process succeeded via visionkit pipeline.
05-05 00:06:21.921  6106  6287 D PipelineManager: Start process YUV
05-05 00:06:21.990  6106  6287 D PipelineManager: OCR process succeeded via visionkit pipeline.
05-05 00:06:22.020  6106  6288 D PipelineManager: Start process YUV
05-05 00:06:22.038  6106  6288 D PipelineManager: OCR process succeeded via visionkit pipeline.
05-05 00:06:22.056  6106  6289 D PipelineManager: Start process YUV
05-05 00:06:22.088  6106  6289 D PipelineManager: OCR process succeeded via visionkit pipeline.
05-05 00:06:22.113  6106  6290 D PipelineManager: Start process YUV
05-05 00:06:22.136  6106  6290 D PipelineManager: OCR process succeeded via visionkit pipeline.
05-05 00:06:22.137  6106  6243 D PipelineManager: Start process YUV
05-05 00:06:22.175  6106  6243 D PipelineManager: OCR process succeeded via visionkit pipeline.
05-05 00:06:22.180  6106  6254 D PipelineManager: Start process YUV
05-05 00:06:22.206  6106  6254 D PipelineManager: OCR process succeeded via visionkit pipeline.
05-05 00:06:22.257  6106  6106 D DeferrableSurface: surface closed,  useCount=2 closed=true androidx.camera.core.SurfaceRequest$2@b261018
05-05 00:06:22.257  6106  6106 D DeferrableSurface: surface closed,  useCount=0 closed=true androidx.camera.core.processing.SurfaceEdge$SettableSurface@1e2601b
05-05 00:06:22.257  6106  6106 D DeferrableSurface: Surface terminated[total_surfaces=2, used_surfaces=2](androidx.camera.core.processing.SurfaceEdge$SettableSurface@1e2601b}
05-05 00:06:22.257  6106  6106 D DeferrableSurface: use count-1,  useCount=1 closed=true androidx.camera.core.SurfaceRequest$2@b261018
05-05 00:06:22.257  6106  6106 D DeferrableSurface: surface closed,  useCount=1 closed=true androidx.camera.core.impl.ImmediateSurface@7222cdd
05-05 00:06:22.258  6106  6238 D Camera2CameraImpl: {Camera@a427209[id=10]} Use cases [androidx.camera.core.Preview-6cbc0df2-3611-4081-879b-a07b844ebbcf38308897, androidx.camera.core.ImageAnalysis-652ff0e7-1e6e-4d94-ade9-4d440b00c34b102492230] now DETACHED for camera
05-05 00:06:22.258  6106  6238 D UseCaseAttachState: All use case: [] for camera: 10
05-05 00:06:22.258  6106  6238 D Camera2CameraImpl: {Camera@a427209[id=10]} Resetting Capture Session
05-05 00:06:22.259  6106  6238 D SyncCaptureSessionImpl: [androidx.camera.camera2.internal.SynchronizedCaptureSessionImpl@e23752a] Session call close()
05-05 00:06:22.259  6106  6238 D Camera2CameraImpl: {Camera@a427209[id=10]} Releasing session in state OPENED
05-05 00:06:22.259  6106  6238 D Camera2CameraControlImp: setActive: isActive = false
05-05 00:06:22.259  6106  6238 D UseCaseAttachState: Active and attached use case: [] for camera: 10
05-05 00:06:22.260  6106  6238 D UseCaseAttachState: Active and attached use case: [] for camera: 10
05-05 00:06:22.260  6106  6238 D VideoUsageControl: resetDirectly: mVideoUsage reset!
05-05 00:06:22.260  6106  6238 D Camera2CameraImpl: {Camera@a427209[id=10]} Closing camera.
05-05 00:06:22.260  6106  6238 D Camera2CameraImpl: {Camera@a427209[id=10]} Transitioning camera internal state: OPENED --> CLOSING
05-05 00:06:22.260  6106  6238 D CameraStateRegistry: Recalculating open cameras:
05-05 00:06:22.260  6106  6238 D CameraStateRegistry: Camera                                       State                 
05-05 00:06:22.260  6106  6238 D CameraStateRegistry: -------------------------------------------------------------------
05-05 00:06:22.260  6106  6238 D CameraStateRegistry: Camera@a0d1c36[id=1]                         UNKNOWN               
05-05 00:06:22.260  6106  6238 D CameraStateRegistry: Camera@a427209[id=10]                        CLOSING               
05-05 00:06:22.260  6106  6238 D CameraStateRegistry: -------------------------------------------------------------------
05-05 00:06:22.260  6106  6238 D CameraStateRegistry: Open count: 1 (Max allowed: 1)
05-05 00:06:22.260  6106  6238 D CameraStateMachine: New public camera state CameraState{type=CLOSING, error=null} from CLOSING and null
05-05 00:06:22.260  6106  6238 D CameraStateMachine: Publishing new public camera state CameraState{type=CLOSING, error=null}
05-05 00:06:22.261  6106  6238 D Camera2CameraImpl: {Camera@a427209[id=10]} Resetting Capture Session
05-05 00:06:22.261  6106  6106 D StreamStateObserver: Update Preview stream state to IDLE
05-05 00:06:22.261  6106  6238 D Camera2CameraImpl: {Camera@a427209[id=10]} Skipping Capture Session state check due to current camera state: CLOSING and previous session status: false
05-05 00:06:22.262  6106  6238 D Camera2CameraImpl: {Camera@a427209[id=10]} Releasing session in state CLOSING
05-05 00:06:22.262  6106  6238 D SyncCaptureSessionImpl: [androidx.camera.camera2.internal.SynchronizedCaptureSessionImpl@e23752a] Session call super.close()
05-05 00:06:22.263  6106  6238 D UseCaseAttachState: Active and attached use case: [] for camera: 10
05-05 00:06:22.264  6106  6238 D CaptureSession: onSessionFinished()
05-05 00:06:22.264  6106  6238 D Camera2CameraImpl: {Camera@a427209[id=10]} closing camera
05-05 00:06:22.264   592   684 D Camera2ClientBase: Camera 10: start to disconnect
05-05 00:06:22.264   592   684 D Camera2ClientBase: Camera 10: serializationLock acquired
05-05 00:06:22.264   592   684 D Camera2ClientBase: Camera 10: Shutting down
05-05 00:06:22.264   592   684 D Camera2ClientBase: Camera 10: start to cacheDump
05-05 00:06:22.294   592  6246 D CameraService: finishCameraStreamingOps: finishDataDelivery for uid 10217
05-05 00:06:22.295   592   684 I Camera3-Device: disconnectImpl: E
05-05 00:06:22.295   592   684 I CameraLatencyHistogram: ProcessCaptureRequest latency histogram (1003) samples:
05-05 00:06:22.295   592   684 I CameraLatencyHistogram:        40     80    120    160    200    240    280    320    360    inf (max ms)
05-05 00:06:22.295   592   684 I CameraLatencyHistogram:      100.00   0.00   0.00   0.00   0.00   0.00   0.00   0.00   0.00   0.00 (%)
05-05 00:06:22.305   592   684 E Surface : freeAllBuffers: 1 buffers were freed while being dequeued!
05-05 00:06:22.306   569   569 I RefreshRateSelector: Display 4619827259835644672 policy changed
05-05 00:06:22.306   569   569 I RefreshRateSelector: Previous: {defaultModeId=0, allowGroupSwitching=false, primaryRanges={physical=[60.00 Hz, inf Hz], render=[60.00 Hz, 60.00 Hz]}, appRequestRanges={physical=[60.00 Hz, inf Hz], render=[60.00 Hz, 60.00 Hz]} idleScreenConfig=nullptr}
05-05 00:06:22.306   569   569 I RefreshRateSelector: Current:  DisplayManagerPolicy{defaultModeId=0, allowGroupSwitching=false, primaryRanges={physical=[0.00 Hz, inf Hz], render=[0.00 Hz, 60.00 Hz]}, appRequestRanges={physical=[0.00 Hz, inf Hz], render=[0.00 Hz, inf Hz]} idleScreenConfig=nullptr}
05-05 00:06:22.306   569   569 I RefreshRateSelector: 0 mode changes were performed under the previous policy
05-05 00:06:22.307   569   569 D DisplayModeController: setDesiredMode 4619827259835644672 {mode={fps=60.00 Hz, modePtr={id=0, vsyncRate=60.00 Hz, peakRefreshRate=60.00 Hz}}, emitEvent=true, force=false}
05-05 00:06:22.307   592   684 I CameraLatencyHistogram: Stream 0 dequeueBuffer latency histogram (1003) samples:
05-05 00:06:22.307   592   684 I CameraLatencyHistogram:         5     10     15     20     25     30     35     40     45    inf (max ms)
05-05 00:06:22.307   592   684 I CameraLatencyHistogram:      97.91   1.30   0.30   0.20   0.10   0.10   0.00   0.00   0.00   0.10 (%)
05-05 00:06:22.309   592   684 I CameraLatencyHistogram: Stream 1 dequeueBuffer latency histogram (1003) samples:
05-05 00:06:22.309   592   684 I CameraLatencyHistogram:         5     10     15     20     25     30     35     40     45    inf (max ms)
05-05 00:06:22.309   592   684 I CameraLatencyHistogram:      97.31   1.30   0.80   0.00   0.10   0.00   0.20   0.10   0.10   0.10 (%)
05-05 00:06:22.309   592   684 I Camera3-Device: disconnectImpl: X
05-05 00:06:22.310   592   684 I CameraService: disconnect: Disconnected client for camera 10 for PID 6106
05-05 00:06:22.312  6106  6238 D DeferrableSurface: use count-1,  useCount=0 closed=true androidx.camera.core.SurfaceRequest$2@b261018
05-05 00:06:22.312  6106  6238 D DeferrableSurface: Surface no longer in use[total_surfaces=2, used_surfaces=1](androidx.camera.core.SurfaceRequest$2@b261018}
05-05 00:06:22.312  6106  6238 D DeferrableSurface: Surface terminated[total_surfaces=1, used_surfaces=1](androidx.camera.core.SurfaceRequest$2@b261018}
05-05 00:06:22.313  6106  6238 D DeferrableSurface: use count-1,  useCount=0 closed=true androidx.camera.core.impl.ImmediateSurface@7222cdd
05-05 00:06:22.313  6106  6238 D DeferrableSurface: Surface no longer in use[total_surfaces=1, used_surfaces=0](androidx.camera.core.impl.ImmediateSurface@7222cdd}
05-05 00:06:22.313  6106  6238 D DeferrableSurface: Surface terminated[total_surfaces=0, used_surfaces=0](androidx.camera.core.impl.ImmediateSurface@7222cdd}
05-05 00:06:22.313  6106  6106 D TextureViewImpl: Safe to release surface.
05-05 00:06:22.313  6106  6238 D Camera2CameraImpl: {Camera@a427209[id=10]} CameraDevice.onClosed()
05-05 00:06:22.313  6106  6238 D Camera2CameraImpl: {Camera@a427209[id=10]} Transitioning camera internal state: CLOSING --> INITIALIZED
05-05 00:06:22.313  6106  6106 D TextureViewImpl: SurfaceTexture about to manually be destroyed
05-05 00:06:22.314  6106  6238 D CameraStateRegistry: Recalculating open cameras:
05-05 00:06:22.314  6106  6238 D CameraStateRegistry: Camera                                       State                 
05-05 00:06:22.314  6106  6238 D CameraStateRegistry: -------------------------------------------------------------------
05-05 00:06:22.314  6106  6238 D CameraStateRegistry: Camera@a0d1c36[id=1]                         UNKNOWN               
05-05 00:06:22.314  6106  6238 D CameraStateRegistry: Camera@a427209[id=10]                        CLOSED                
05-05 00:06:22.314  6106  6238 D CameraStateRegistry: -------------------------------------------------------------------
05-05 00:06:22.314  6106  6238 D CameraStateRegistry: Open count: 0 (Max allowed: 1)
05-05 00:06:22.314  6106  6238 D CameraStateMachine: New public camera state CameraState{type=CLOSED, error=null} from CLOSED and null
05-05 00:06:22.314  6106  6238 D CameraStateMachine: Publishing new public camera state CameraState{type=CLOSED, error=null}
05-05 00:06:22.314  6106  6238 D SyncCaptureSessionImpl: [androidx.camera.camera2.internal.SynchronizedCaptureSessionImpl@e23752a] onClosed()
05-05 00:06:23.710  1112  1321 D SatelliteController: iisInCarrierRoamingNbIotNtn: satellite is disabled
05-05 00:06:24.317   738   791 W OptProp : Cannot read opt property android.window.PROPERTY_CAMERA_COMPAT_ALLOW_FORCE_ROTATION
05-05 00:06:25.323  6337  6337 D AndroidRuntime: >>>>>> START com.android.internal.os.RuntimeInit uid 2000 <<<<<<
05-05 00:06:25.327  6337  6337 I AndroidRuntime: Using default boot image
05-05 00:06:25.327  6337  6337 I AndroidRuntime: Leaving lock profiling enabled
05-05 00:06:25.329  6337  6337 I app_process: Using CollectorTypeCMC GC.
05-05 00:06:25.398  6337  6337 D nativeloader: InitDefaultPublicLibraries for_preload=1: libandroid.so:libaaudio.so:libamidi.so:libbinder_ndk.so:libc.so:libcamera2ndk.so:libdl.so:libEGL.so:libGLESv1_CM.so:libGLESv2.so:libGLESv3.so:libicu.so:libicui18n.so:libicuuc.so:libjnigraphics.so:liblog.so:libmediandk.so:libm.so:libnativehelper.so:libnativewindow.so:libOpenMAXAL.so:libOpenSLES.so:libRS.so:libstdc++.so:libsync.so:libvulkan.so:libwebviewchromium_plat_support.so:libz.so
05-05 00:06:25.410  6337  6337 D nativeloader: Load libicu_jni.so using APEX ns com_android_art for caller /apex/com.android.art/javalib/core-oj.jar: ok
05-05 00:06:25.410  6337  6337 D app_process: u_setTimeZoneFilesDirectory("/apex/com.android.tzdata/etc/tz/versioned/9/icu") succeeded. 
05-05 00:06:25.410  6337  6337 D app_process: I18n APEX ICU file found: /apex/com.android.i18n/etc/icu/icudt76l.dat
05-05 00:06:25.410  6337  6337 D nativeloader: Load libjavacore.so using APEX ns com_android_art for caller /apex/com.android.art/javalib/core-oj.jar: ok
05-05 00:06:25.411  6337  6337 D nativeloader: Load libopenjdk.so using APEX ns com_android_art for caller /apex/com.android.art/javalib/core-oj.jar: ok
05-05 00:06:25.412  6337  6337 W app_process: Unexpected CPU variant for x86: x86_64.
05-05 00:06:25.412  6337  6337 W app_process: Known variants: atom, sandybridge, silvermont, goldmont, goldmont-plus, goldmont-without-sha-xsaves, tremont, kabylake, alderlake, default
05-05 00:06:25.426  6337  6337 W app_process: ClassLoaderContext shared library size mismatch. Expected=2, found=0 (PCL[]{PCL[/system/framework/android.test.base.jar*2789897741]#PCL[/system/framework/android.test.mock.jar*3361312393]} | PCL[])
05-05 00:06:25.426  6337  6337 W app_process: ClassLoaderContext classpath size mismatch. expected=0, found=1 (PCL[]{PCL[/system/framework/android.test.runner.jar*895143020]#PCL[/system/framework/android.test.base.jar*2789897741]} | PCL[/system/framework/android.test.runner.jar*895143020])
05-05 00:06:25.451  6337  6337 D nativeloader: Load libframework-connectivity-tiramisu-jni.so using APEX ns com_android_tethering for caller /apex/com.android.tethering/javalib/framework-connectivity-t.jar: ok
05-05 00:06:25.451  6337  6337 D AndroidRuntime: Calling main entry com.android.commands.uiautomator.Launcher
05-05 00:06:25.453  6337  6337 I AconfigPackage: android.media.swcodec.flags is mapped to com.android.media.swcodec
05-05 00:06:25.454  6337  6337 I AconfigPackage: com.google.android.settings.simplemode.flags is mapped to system_ext
05-05 00:06:25.454  6337  6337 I AconfigPackage: com.google.android.systemui is mapped to system_ext
05-05 00:06:25.454  6337  6337 I AconfigPackage: com.google.android.apps.nexuslauncher is mapped to system_ext
05-05 00:06:25.454  6337  6337 I AconfigPackage: com.android.settings.accessibility is mapped to system_ext
05-05 00:06:25.454  6337  6337 I AconfigPackage: com.android.settings.flags is mapped to system_ext
05-05 00:06:25.454  6337  6337 I AconfigPackage: com.google.android.apps.miphone.aiai.matchmaker.overview.ui is mapped to system_ext
05-05 00:06:25.454  6337  6337 I AconfigPackage: com.google.android.settings.flags is mapped to system_ext
05-05 00:06:25.454  6337  6337 I AconfigPackage: com.android.launcher3 is mapped to system_ext
05-05 00:06:25.454  6337  6337 I AconfigPackage: com.android.wallpaper is mapped to system_ext
05-05 00:06:25.454  6337  6337 I AconfigPackage: com.android.settings.media_drm is mapped to system_ext
05-05 00:06:25.454  6337  6337 I AconfigPackage: com.android.systemui.accessibility.accessibilitymenu is mapped to system_ext
05-05 00:06:25.454  6337  6337 I AconfigPackage: com.android.settings.keyboard is mapped to system_ext
05-05 00:06:25.454  6337  6337 I AconfigPackage: com.android.server.policy.feature.flags is mapped to system_ext
05-05 00:06:25.454  6337  6337 I AconfigPackage: com.android.settings.factory_reset is mapped to system_ext
05-05 00:06:25.454  6337  6337 I AconfigPackage: com.google.android.haptics.flags is mapped to system_ext
05-05 00:06:25.454  6337  6337 I AconfigPackage: com.android.permission.flags is mapped to com.android.permission
05-05 00:06:25.454  6337  6337 I AconfigPackage: com.android.icu is mapped to com.android.i18n
05-05 00:06:25.454  6337  6337 I AconfigPackage: com.android.appsearch.flags is mapped to com.android.appsearch
05-05 00:06:25.455  6337  6337 I AconfigPackage: android.uprobestats.mainline.flags is mapped to com.android.uprobestats
05-05 00:06:25.455  6337  6337 I AconfigPackage: android.provider.flags is mapped to com.android.configinfrastructure
05-05 00:06:25.455  6337  6337 I AconfigPackage: com.android.server.deviceconfig is mapped to com.android.configinfrastructure
05-05 00:06:25.455  6337  6337 I AconfigPackage: com.android.nfc.flags is mapped to system
05-05 00:06:25.455  6337  6337 I AconfigPackage: android.app.admin.flags is mapped to system
05-05 00:06:25.455  6337  6337 I AconfigPackage: android.database.sqlite is mapped to system
05-05 00:06:25.455  6337  6337 I AconfigPackage: com.android.providers.calendar is mapped to system
05-05 00:06:25.455  6337  6337 I AconfigPackage: com.android.server.power.feature.flags is mapped to system
05-05 00:06:25.455  6337  6337 I AconfigPackage: com.android.media.performance.flags is mapped to system
05-05 00:06:25.455  6337  6337 I AconfigPackage: android.app.contextualsearch.flags is mapped to system
05-05 00:06:25.455  6337  6337 I AconfigPackage: android.app.ondeviceintelligence.flags is mapped to system
05-05 00:06:25.455  6337  6337 I AconfigPackage: com.android.media.projection.flags is mapped to system
05-05 00:06:25.455  6337  6337 I AconfigPackage: android.companion is mapped to system
05-05 00:06:25.455  6337  6337 I AconfigPackage: android.service.controls.flags is mapped to system
05-05 00:06:25.455  6337  6337 I AconfigPackage: com.android.text.flags is mapped to system
05-05 00:06:25.455  6337  6337 I AconfigPackage: com.android.providers.contactkeys.flags is mapped to system
05-05 00:06:25.455  6337  6337 I AconfigPackage: com.android.intentresolver is mapped to system
05-05 00:06:25.455  6337  6337 I AconfigPackage: android.companion.virtualdevice.flags is mapped to system
05-05 00:06:25.455  6337  6337 I AconfigPackage: android.uprobestats.flags is mapped to system
05-05 00:06:25.456  6337  6337 I AconfigPackage: com.android.net.thread.platform.flags is mapped to system
05-05 00:06:25.456  6337  6337 I AconfigPackage: android.view.contentprotection.flags is mapped to system
05-05 00:06:25.456  6337  6337 I AconfigPackage: com.android.server.dreams is mapped to system
05-05 00:06:25.456  6337  6337 I AconfigPackage: com.android.graphics.surfaceflinger.flags is mapped to system
05-05 00:06:25.456  6337  6337 I AconfigPackage: com.android.hardware.input is mapped to system
05-05 00:06:25.456  6337  6337 I AconfigPackage: android.sdk is mapped to system
05-05 00:06:25.456  6337  6337 I AconfigPackage: com.android.input.flags is mapped to system
05-05 00:06:25.456  6337  6337 I AconfigPackage: android.tracing is mapped to system
05-05 00:06:25.456  6337  6337 I AconfigPackage: com.android.server.biometrics is mapped to system
05-05 00:06:25.456  6337  6337 I AconfigPackage: android.view.contentcapture.flags is mapped to system
05-05 00:06:25.456  6337  6337 I AconfigPackage: android.app.job is mapped to system
05-05 00:06:25.456  6337  6337 I AconfigPackage: android.content.res is mapped to system
05-05 00:06:25.456  6337  6337 I AconfigPackage: android.net.platform.flags is mapped to system
05-05 00:06:25.456  6337  6337 I AconfigPackage: com.android.aconfig.flags is mapped to system
05-05 00:06:25.456  6337  6337 I AconfigPackage: com.android.graphics.flags is mapped to system
05-05 00:06:25.456  6337  6337 I AconfigPackage: android.server.app is mapped to system
05-05 00:06:25.456  6337  6337 I AconfigPackage: android.speech.flags is mapped to system
05-05 00:06:25.456  6337  6337 I AconfigPackage: com.android.server.stats is mapped to system
