05-04 05:43:29.294  1580  2005 I AiAiEcho: #postPredictionTargets: Sending updates to UISurface lockscreen with targets# 0 (types=[])
05-04 05:43:29.295  1580  2005 I AiAiEcho: #postPredictionTargets: Sending updates to UISurface home with targets# 0 (types=[])
05-04 05:43:29.295  1147  1147 D SsBaseTemplateCard: No text view can be set up
05-04 05:43:29.295  1147  1147 D SsBaseTemplateCard: Passed-in item info is null
05-04 05:43:29.295  1147  1147 D SsBaseTemplateCard: Passed-in item info is null
05-04 05:43:29.295  1147  1147 D SsBaseTemplateCard: Passed-in item info is null
05-04 05:43:29.295  1147  1147 I SsBaseTemplateCard: Secondary card pane is null
05-04 05:43:29.298  1022  1022 W PageIndicator: Total number of pages invalid: 0. Assuming 1 page.
05-04 05:43:29.315   768   768 V AccessibilityManagerService: onUserStateChangedLocked for userId: 0, forceUpdate: false
05-04 05:43:29.317  1580  1589 I AiAiEcho: Settings changed for uri: content://settings/secure/accessibility_enabled
05-04 05:43:29.317  1580  2005 I AiAiEcho: Predicting[0]:  [CONTEXT sampling_count=5 ]
05-04 05:43:29.317  1580  2005 I AiAiEcho: EchoTargets: 
05-04 05:43:29.317  1580  2005 I AiAiEcho: Filtered by AiAi flag check: 
05-04 05:43:29.317  1580  2005 I AiAiEcho: [CONTEXT ratelimit_period="10 SECONDS" ]
05-04 05:43:29.317  1580  2005 I AiAiEcho: #remoteViewsTwiddler: feature disabled.
05-04 05:43:29.318  1580  2005 I AiAiEcho: Predicting[0]:  [CONTEXT sampling_count=5 ]
05-04 05:43:29.318  1580  2005 I AiAiEcho: EchoTargets: 
05-04 05:43:29.318  1580  2005 I AiAiEcho: Filtered by AiAi flag check: 
05-04 05:43:29.318  1580  2005 I AiAiEcho: [CONTEXT ratelimit_period="10 SECONDS" ]
05-04 05:43:29.318  1580  2005 I AiAiEcho: #remoteViewsTwiddler: feature disabled.
05-04 05:43:29.318  1580  2005 I AiAiEcho: #postPredictionTargets: Sending updates to UISurface lockscreen with targets# 0 (types=[])
05-04 05:43:29.318   768   768 W IPCThreadState: Sending oneway calls to frozen process.
05-04 05:43:29.318   768   768 W IPCThreadState: Sending oneway calls to frozen process.
05-04 05:43:29.319  1022  1022 W PageIndicator: Total number of pages invalid: 0. Assuming 1 page.
05-04 05:43:29.319   768   768 W IPCThreadState: Sending oneway calls to frozen process.
05-04 05:43:29.319   768   768 W IPCThreadState: Sending oneway calls to frozen process.
05-04 05:43:29.319  1580  2005 I AiAiEcho: #postPredictionTargets: Sending updates to UISurface home with targets# 0 (types=[])
05-04 05:43:29.319   768   768 W IPCThreadState: Sending oneway calls to frozen process.
05-04 05:43:29.319   768   768 W IPCThreadState: Sending oneway calls to frozen process.
05-04 05:43:29.320  1147  1147 D SsBaseTemplateCard: No text view can be set up
05-04 05:43:29.320  1147  1147 D SsBaseTemplateCard: Passed-in item info is null
05-04 05:43:29.320  1147  1147 D SsBaseTemplateCard: Passed-in item info is null
05-04 05:43:29.320  1147  1147 D SsBaseTemplateCard: Passed-in item info is null
05-04 05:43:29.320  1147  1147 I SsBaseTemplateCard: Secondary card pane is null
05-04 05:43:29.322   768   768 W IPCThreadState: Sending oneway calls to frozen process.
05-04 05:43:29.322   768   768 W IPCThreadState: Sending oneway calls to frozen process.
05-04 05:43:29.322   768   768 W IPCThreadState: Sending oneway calls to frozen process.
05-04 05:43:29.322   768   768 W IPCThreadState: Sending oneway calls to frozen process.
05-04 05:43:29.323   768   995 V SettingsShellCmd: putForUser(userId=0, table=secure, key=accessibility_enabled, value=1, tag=null, makeDefault=false, overrideableByRestore=false)
05-04 05:43:29.324   768   768 W IPCThreadState: Sending oneway calls to frozen process.
05-04 05:43:29.324  1580  1589 I AiAiEcho: Settings changed for uri: content://settings/secure/accessibility_enabled
05-04 05:43:29.324   768   768 W IPCThreadState: Sending oneway calls to frozen process.
05-04 05:43:29.324   768   768 W IPCThreadState: Sending oneway calls to frozen process.
05-04 05:43:29.325   768   768 W IPCThreadState: Sending oneway calls to frozen process.
05-04 05:43:29.325   768   768 W IPCThreadState: Sending oneway calls to frozen process.
05-04 05:43:29.325  1580  2005 I AiAiEcho: Predicting[0]:  [CONTEXT sampling_count=5 ]
05-04 05:43:29.325   768   768 W IPCThreadState: Sending oneway calls to frozen process.
05-04 05:43:29.325  1580  2005 I AiAiEcho: EchoTargets: 
05-04 05:43:29.325  1580  2005 I AiAiEcho: Filtered by AiAi flag check: 
05-04 05:43:29.325  1580  2005 I AiAiEcho: [CONTEXT ratelimit_period="10 SECONDS" ]
05-04 05:43:29.325   768   768 W IPCThreadState: Sending oneway calls to frozen process.
05-04 05:43:29.325  1580  2005 I AiAiEcho: #remoteViewsTwiddler: feature disabled.
05-04 05:43:29.325   768   768 W IPCThreadState: Sending oneway calls to frozen process.
05-04 05:43:29.325  1580  2005 I AiAiEcho: Predicting[0]:  [CONTEXT sampling_count=5 ]
05-04 05:43:29.325  1580  2005 I AiAiEcho: EchoTargets: 
05-04 05:43:29.325  1580  2005 I AiAiEcho: Filtered by AiAi flag check: 
05-04 05:43:29.325  1580  2005 I AiAiEcho: [CONTEXT ratelimit_period="10 SECONDS" ]
05-04 05:43:29.325  1580  2005 I AiAiEcho: #remoteViewsTwiddler: feature disabled.
05-04 05:43:29.327  1580  2005 I AiAiEcho: #postPredictionTargets: Sending updates to UISurface lockscreen with targets# 0 (types=[])
05-04 05:43:29.328  1580  2005 I AiAiEcho: #postPredictionTargets: Sending updates to UISurface home with targets# 0 (types=[])
05-04 05:43:29.328  1022  1022 W PageIndicator: Total number of pages invalid: 0. Assuming 1 page.
05-04 05:43:29.328  1147  1147 D SsBaseTemplateCard: No text view can be set up
05-04 05:43:29.328  1147  1147 D SsBaseTemplateCard: Passed-in item info is null
05-04 05:43:29.329  1147  1147 D SsBaseTemplateCard: Passed-in item info is null
05-04 05:43:29.329  1147  1147 D SsBaseTemplateCard: Passed-in item info is null
05-04 05:43:29.329  1147  1147 I SsBaseTemplateCard: Secondary card pane is null
05-04 05:43:29.330   768   768 I system_server: AssetManager2(0x785ef0493ff8) locale list changing from [] to [en-US]
05-04 05:43:29.331   768   768 I system_server: AssetManager2(0x785ef049c658) locale list changing from [] to [en-US]
05-04 05:43:29.398  3919  3919 I marvin.talkback: AssetManager2(0x785ef041cdb8) locale list changing from [] to [en-US]
05-04 05:43:29.399  3919  3919 I TextToSpeech: Sucessfully bound to com.google.android.tts
05-04 05:43:29.400   768   806 D TextToSpeechManagerPerUserService: Trying to start connection to TTS engine: com.google.android.tts
05-04 05:43:29.401   768   768 D TextToSpeechManagerPerUserService: Connected successfully to TTS engine: com.google.android.tts
05-04 05:43:29.401  3919  6562 I TextToSpeech: Connected to TTS engine
05-04 05:43:29.402  4352  5368 I GoogleTTSServiceImpl: currentLocale = en-US
05-04 05:43:29.403  4352  5368 I GoogleTTSServiceImpl: For default lang en-us is name en-US-language (en-us-x-iog-server)
05-04 05:43:29.403  3919  5853 I TextToSpeech: Setting up the connection to TTS engine...
05-04 05:43:29.415  3919  3919 E talkback: PackageManagerUtils: Could not find package: com.google.android.aicore
05-04 05:43:29.415   768   806 W ActivityManager: Unable to start service Intent { xflg=0x4 cmp=com.google.android.aicore/com.google.android.apps.aicore.service.multiuser.AiCoreMultiUserService } U=0: not found
05-04 05:43:29.416   768   806 W ActivityManager: Unbind failed: could not find connection for android.os.BinderProxy@2ba69e3
05-04 05:43:29.416   768   806 W ActivityManager: Unable to start service Intent { xflg=0x4 cmp=com.google.android.aicore/com.google.android.apps.aicore.service.AiCoreService } U=0: not found
05-04 05:43:29.416   768   806 W ActivityManager: Unbind failed: could not find connection for android.os.BinderProxy@e346fe0
05-04 05:43:29.423   768   806 V AccessibilityManagerService: onUserStateChangedLocked for userId: 0, forceUpdate: false
05-04 05:43:29.424   768   806 W MagnificationConnectionManager: requestConnection duplicated request: connect=true, mConnectionState=CONNECTED
05-04 05:43:29.424  1580  1589 I AiAiEcho: Settings changed for uri: content://settings/secure/accessibility_enabled
05-04 05:43:29.425  1580  1589 I AiAiEcho: Settings changed for uri: content://settings/secure/touch_exploration_enabled
05-04 05:43:29.425  3919  3919 W Settings: Setting device_provisioned has moved from android.provider.Settings.Secure to android.provider.Settings.Global.
05-04 05:43:29.425  1580  2005 I AiAiEcho: Predicting[0]:  [CONTEXT sampling_count=5 ]
05-04 05:43:29.425  1580  2005 I AiAiEcho: EchoTargets: 
05-04 05:43:29.425  1580  2005 I AiAiEcho: Filtered by AiAi flag check: 
05-04 05:43:29.425  1580  2005 I AiAiEcho: [CONTEXT ratelimit_period="10 SECONDS" ]
05-04 05:43:29.426  1580  2005 I AiAiEcho: #remoteViewsTwiddler: feature disabled.
05-04 05:43:29.426   768   768 W IPCThreadState: Sending oneway calls to frozen process.
05-04 05:43:29.426   768   768 W IPCThreadState: Sending oneway calls to frozen process.
05-04 05:43:29.426   768   768 W IPCThreadState: Sending oneway calls to frozen process.
05-04 05:43:29.426   768   768 W IPCThreadState: Sending oneway calls to frozen process.
05-04 05:43:29.426   768   768 W IPCThreadState: Sending oneway calls to frozen process.
05-04 05:43:29.426  1580  2005 I AiAiEcho: Predicting[0]:  [CONTEXT sampling_count=5 ]
05-04 05:43:29.426  1580  2005 I AiAiEcho: EchoTargets: 
05-04 05:43:29.426  1580  2005 I AiAiEcho: Filtered by AiAi flag check: 
05-04 05:43:29.426  1580  2005 I AiAiEcho: [CONTEXT ratelimit_period="10 SECONDS" ]
05-04 05:43:29.426   768   768 W IPCThreadState: Sending oneway calls to frozen process.
05-04 05:43:29.427  1580  2005 I AiAiEcho: #remoteViewsTwiddler: feature disabled.
05-04 05:43:29.427   768   768 W IPCThreadState: Sending oneway calls to frozen process.
05-04 05:43:29.427   768   768 W IPCThreadState: Sending oneway calls to frozen process.
05-04 05:43:29.427   768   768 W IPCThreadState: Sending oneway calls to frozen process.
05-04 05:43:29.427   768   768 W IPCThreadState: Sending oneway calls to frozen process.
05-04 05:43:29.427   768   768 W IPCThreadState: Sending oneway calls to frozen process.
05-04 05:43:29.428  1580  2005 I AiAiEcho: Predicting[0]:  [CONTEXT sampling_count=5 ]
05-04 05:43:29.428  1580  2005 I AiAiEcho: EchoTargets: 
05-04 05:43:29.428  1580  2005 I AiAiEcho: Filtered by AiAi flag check: 
05-04 05:43:29.428  1580  2005 I AiAiEcho: [CONTEXT ratelimit_period="10 SECONDS" ]
05-04 05:43:29.428   768   768 W IPCThreadState: Sending oneway calls to frozen process.
05-04 05:43:29.428  1580  2005 I AiAiEcho: #remoteViewsTwiddler: feature disabled.
05-04 05:43:29.428  3919  3919 W Settings: Setting device_provisioned has moved from android.provider.Settings.Secure to android.provider.Settings.Global.
05-04 05:43:29.428   768   768 W IPCThreadState: Sending oneway calls to frozen process.
05-04 05:43:29.428   768   768 W IPCThreadState: Sending oneway calls to frozen process.
05-04 05:43:29.429  1580  2005 I AiAiEcho: Predicting[0]:  [CONTEXT sampling_count=5 ]
05-04 05:43:29.429  1580  2005 I AiAiEcho: EchoTargets: 
05-04 05:43:29.429  1580  2005 I AiAiEcho: Filtered by AiAi flag check: 
05-04 05:43:29.429  1580  2005 I AiAiEcho: [CONTEXT ratelimit_period="10 SECONDS" ]
05-04 05:43:29.429   768   768 W IPCThreadState: Sending oneway calls to frozen process.
05-04 05:43:29.429   768   768 W IPCThreadState: Sending oneway calls to frozen process.
05-04 05:43:29.429   768   768 W IPCThreadState: Sending oneway calls to frozen process.
05-04 05:43:29.429  1580  2005 I AiAiEcho: #remoteViewsTwiddler: feature disabled.
05-04 05:43:29.430   768   768 W IPCThreadState: Sending oneway calls to frozen process.
05-04 05:43:29.430  1580  2005 I AiAiEcho: #postPredictionTargets: Sending updates to UISurface lockscreen with targets# 0 (types=[])
05-04 05:43:29.431  1580  2005 I AiAiEcho: #postPredictionTargets: Sending updates to UISurface home with targets# 0 (types=[])
05-04 05:43:29.431  1022  1022 W PageIndicator: Total number of pages invalid: 0. Assuming 1 page.
05-04 05:43:29.432  1580  2005 I AiAiEcho: #postPredictionTargets: Sending updates to UISurface lockscreen with targets# 0 (types=[])
05-04 05:43:29.432  1147  1147 D SsBaseTemplateCard: No text view can be set up
05-04 05:43:29.432  1147  1147 D SsBaseTemplateCard: Passed-in item info is null
05-04 05:43:29.432  1147  1147 D SsBaseTemplateCard: Passed-in item info is null
05-04 05:43:29.432  1147  1147 D SsBaseTemplateCard: Passed-in item info is null
05-04 05:43:29.432  1147  1147 I SsBaseTemplateCard: Secondary card pane is null
05-04 05:43:29.432  1022  1022 W PageIndicator: Total number of pages invalid: 0. Assuming 1 page.
05-04 05:43:29.433  1580  2005 I AiAiEcho: #postPredictionTargets: Sending updates to UISurface home with targets# 0 (types=[])
05-04 05:43:29.433  1147  1147 D SsBaseTemplateCard: No text view can be set up
05-04 05:43:29.433  1147  1147 D SsBaseTemplateCard: Passed-in item info is null
05-04 05:43:29.433  1147  1147 D SsBaseTemplateCard: Passed-in item info is null
05-04 05:43:29.433  1147  1147 D SsBaseTemplateCard: Passed-in item info is null
05-04 05:43:29.433  1147  1147 I SsBaseTemplateCard: Secondary card pane is null
05-04 05:43:29.435   768   806 V GrammaticalInflectionUtils: AttributionSource: android.content.AttributionSource@56db16f4 does not have READ_SYSTEM_GRAMMATICAL_GENDER permission.
05-04 05:43:29.435   768   806 W OptProp : Cannot read opt property android.window.PROPERTY_COMPAT_ALLOW_USER_ASPECT_RATIO_OVERRIDE
05-04 05:43:29.435   768   806 W OptProp : Cannot read opt property android.window.PROPERTY_COMPAT_ALLOW_USER_ASPECT_RATIO_FULLSCREEN_OVERRIDE
05-04 05:43:29.435   768   806 W OptProp : Cannot read opt property android.window.PROPERTY_COMPAT_ALLOW_RESIZEABLE_ACTIVITY_OVERRIDES
05-04 05:43:29.435   768   806 W OptProp : Cannot read opt property android.window.PROPERTY_COMPAT_ALLOW_MIN_ASPECT_RATIO_OVERRIDE
05-04 05:43:29.438   768   806 W OptProp : Cannot read opt property android.window.PROPERTY_COMPAT_ALLOW_ORIENTATION_OVERRIDE
05-04 05:43:29.438   569   701 I BpBinder: onLastStrongRef automatically unlinking death recipients: 
05-04 05:43:29.441   768   806 I ActivityTaskManager: START u0 {flg=0x18000020 xflg=0x4 cmp=com.google.android.marvin.talkback/com.google.android.accessibility.talkback.permission.PermissionRequestActivity (has extras)} with LAUNCH_MULTIPLE from uid 10171 (BAL_ALLOW_TOKEN) result code=0
05-04 05:43:29.441  1022  1287 V WindowManagerShell: Transition requested (#29): android.os.BinderProxy@4005e03 TransitionRequestInfo { type = OPEN, triggerTask = TaskInfo{userId=0 taskId=41 effectiveUid=10171 displayId=0 isRunning=true baseIntent=Intent { flg=0x18800020 cmp=com.google.android.marvin.talkback/com.google.android.accessibility.talkback.permission.PermissionRequestActivity } baseActivity=ComponentInfo{com.google.android.marvin.talkback/com.google.android.accessibility.talkback.permission.PermissionRequestActivity} topActivity=ComponentInfo{com.google.android.marvin.talkback/com.google.android.accessibility.talkback.permission.PermissionRequestActivity} origActivity=null realActivity=ComponentInfo{com.google.android.marvin.talkback/com.google.android.accessibility.talkback.permission.PermissionRequestActivity} numActivities=1 lastActiveTime=1390057 supportsMultiWindow=true resizeMode=1 isResizeable=true minWidth=-1 minHeight=-1 defaultMinSize=220 token=WCT{android.window.IWindowContainerToken$Stub$Proxy@a1f2180} topActivityType=1 pictureInPictureParams=null shouldDockBigOverlays=false launchIntoPipHostTaskId=-1 lastParentTaskIdBeforePip=-1 displayCutoutSafeInsets=Rect(0, 0 - 0, 0) topActivityInfo=ActivityInfo{47673b9 com.google.android.accessibility.talkback.permission.PermissionRequestActivity} launchCookies=[] positionInParent=Point(0, 0) parentTaskId=-1 isFocused=false isVisible=false isVisibleRequested=false isTopActivityNoDisplay=false isSleeping=false locusId=null displayAreaFeatureId=1 isTopActivityTransparent=true isActivityStackTransparent=true lastNonFullscreenBounds=Rect(284, 660 - 796, 1740) capturedLink=null capturedLinkTimestamp=0 requestedVisibleTypes=-9 topActivityRequestOpenInBrowserEducationTimestamp=0 appCompatTaskInfo=AppCompatTaskInfo { topActivityInSizeCompat=false eligibleForLetterboxEducation= false isLetterboxEducationEnabled= true isLetterboxDoubleTapEnabled= false eligibleForUserAspectRatioButton= false topActivityBoundsLetterboxed= false isFromLetterboxDoubleTap= false topActivityLetterboxVerticalPosition= -1 topActivityLetterboxHorizontalPosition= -1 topActivityLetterboxWidth=-1 topActivityLetterboxHeight=-1 topActivityAppBounds=Rect(0, 0 - 1080, 2400) isUserFullscreenOverrideEnabled=false isSystemFullscreenOverrideEnabled=false hasMinAspectRatioOverride=false topActivityLetterboxBounds=null cameraCompatTaskInfo=CameraCompatTaskInfo { freeformCameraCompatMode=inactive}} topActivityMainWindowFrame=null}, pipChange = null, remoteTransition = null, displayChange = null, flags = 0, debugId = 29 }
05-04 05:43:29.441  1022  1287 D ShellSplitScreen: logExit: no-op, mLoggerSessionId is null
05-04 05:43:29.443   768   995 W OptProp : Cannot read opt property android.window.PROPERTY_COMPAT_ENABLE_FAKE_FOCUS
05-04 05:43:29.444   768   977 D BackgroundInstallControlService: Package event received: 0
05-04 05:43:29.451   768   977 D BackgroundInstallControlService: Package event received: 0
05-04 05:43:29.453   768   977 D BackgroundInstallControlService: Package event received: 0
05-04 05:43:29.458   768   806 V AccessibilityManagerService: onUserStateChangedLocked for userId: 0, forceUpdate: false
05-04 05:43:29.459   768   806 W MagnificationConnectionManager: requestConnection duplicated request: connect=true, mConnectionState=CONNECTED
05-04 05:43:29.460   768   768 W IPCThreadState: Sending oneway calls to frozen process.
05-04 05:43:29.460   768   768 W IPCThreadState: Sending oneway calls to frozen process.
05-04 05:43:29.460   768   768 W IPCThreadState: Sending oneway calls to frozen process.
05-04 05:43:29.461   768   768 W IPCThreadState: Sending oneway calls to frozen process.
05-04 05:43:29.461   768   768 W IPCThreadState: Sending oneway calls to frozen process.
05-04 05:43:29.461   768   768 W IPCThreadState: Sending oneway calls to frozen process.
05-04 05:43:29.461   768   768 W IPCThreadState: Sending oneway calls to frozen process.
05-04 05:43:29.461   768   768 W IPCThreadState: Sending oneway calls to frozen process.
05-04 05:43:29.462   768   768 W IPCThreadState: Sending oneway calls to frozen process.
05-04 05:43:29.462   768   768 W IPCThreadState: Sending oneway calls to frozen process.
05-04 05:43:29.462   768   768 W IPCThreadState: Sending oneway calls to frozen process.
05-04 05:43:29.462   768   768 W IPCThreadState: Sending oneway calls to frozen process.
05-04 05:43:29.463  1091  1108 I BluetoothAdapterServiceBinder: cancelDiscovery: from uid/pid=10171/3919
05-04 05:43:29.463  1091  1220 I bt_btif_dm: system/btif/src/btif_dm.cc:2409 btif_dm_cancel_discovery: Cancel search
05-04 05:43:29.463  1091  1220 I bt_bta_sd: system/bta/dm/bta_dm_device_search.cc:780 bta_dm_search_sm_execute: state:BTA_DM_SEARCH_IDLE, event:BTA_DM_API_SEARCH_CANCEL_EVT[0x1]
05-04 05:43:29.464  3919  3919 E talkback: SpeechControllerImpl: TTS is not ready. Attempted to speak before TTS was initialized. Item: {utteranceId:"", fragments:[{text:TalkBack on, earcons:[], haptics:[], speechParams:Bundle[{pitch=1.0}]nonSpeechParams:Bundle[{}]fragmentStartIndex:0}], uninterruptible:true, isGloballyUninterruptible:false, mCanIgnoreInterrupts:false, flushGlobalTtsQueue:false, flags:62, creationTime:1777873409464}
05-04 05:43:29.464  3919  3919 W Settings: Setting device_provisioned has moved from android.provider.Settings.Secure to android.provider.Settings.Global.
05-04 05:43:29.464  3919  3919 W Settings: Setting device_provisioned has moved from android.provider.Settings.Secure to android.provider.Settings.Global.
05-04 05:43:29.467   768   806 V AccessibilityManagerService: onUserStateChangedLocked for userId: 0, forceUpdate: false
05-04 05:43:29.467   768   806 W MagnificationConnectionManager: requestConnection duplicated request: connect=true, mConnectionState=CONNECTED
05-04 05:43:29.468  3919  3919 I marvin.talkback: AssetManager2(0x785ef0422b78) locale list changing from [] to [en-US]
05-04 05:43:29.469   768   768 W IPCThreadState: Sending oneway calls to frozen process.
05-04 05:43:29.469   768   768 W IPCThreadState: Sending oneway calls to frozen process.
05-04 05:43:29.469   768   768 W IPCThreadState: Sending oneway calls to frozen process.
05-04 05:43:29.469   768   768 W IPCThreadState: Sending oneway calls to frozen process.
05-04 05:43:29.469   569   569 I BpBinder: onLastStrongRef automatically unlinking death recipients: 
05-04 05:43:29.469   768   768 W IPCThreadState: Sending oneway calls to frozen process.
05-04 05:43:29.470   768   768 W IPCThreadState: Sending oneway calls to frozen process.
05-04 05:43:29.470   768   768 W IPCThreadState: Sending oneway calls to frozen process.
05-04 05:43:29.470   768   768 W IPCThreadState: Sending oneway calls to frozen process.
05-04 05:43:29.470   768   768 W IPCThreadState: Sending oneway calls to frozen process.
05-04 05:43:29.470   768   768 W IPCThreadState: Sending oneway calls to frozen process.
05-04 05:43:29.470   768   768 W IPCThreadState: Sending oneway calls to frozen process.
05-04 05:43:29.471   768   768 W IPCThreadState: Sending oneway calls to frozen process.
05-04 05:43:29.476  3919  3919 V A11yInputMethod: startInput(): editor=android.view.inputmethod.EditorInfo@ad17d8c
05-04 05:43:29.476  3919  3919 V A11yInputMethod: CALL: onStartInput
05-04 05:43:29.477  3919  5265 I EGL_emulation: Opening libGLESv1_CM_emulation.so
05-04 05:43:29.480  3919  5265 I EGL_emulation: Opening libGLESv2_emulation.so
05-04 05:43:29.523   768   806 D FileUtils: Rounded bytes from 2066784256 to 4000000000
05-04 05:43:29.524  3919  5265 W HWUI    : Failed to choose config with EGL_SWAP_BEHAVIOR_PRESERVED, retrying without...
05-04 05:43:29.524  3919  5265 W HWUI    : Failed to initialize 101010-2 format, error = EGL_SUCCESS
05-04 05:43:29.527   768   806 W OptProp : Cannot read opt property android.window.PROPERTY_COMPAT_ALLOW_USER_ASPECT_RATIO_OVERRIDE
05-04 05:43:29.527   768   806 W OptProp : Cannot read opt property android.window.PROPERTY_COMPAT_ALLOW_USER_ASPECT_RATIO_FULLSCREEN_OVERRIDE
05-04 05:43:29.527   768   806 W OptProp : Cannot read opt property android.window.PROPERTY_COMPAT_ALLOW_MIN_ASPECT_RATIO_OVERRIDE
05-04 05:43:29.527   768   806 W OptProp : Cannot read opt property android.window.PROPERTY_COMPAT_ALLOW_ORIENTATION_OVERRIDE
05-04 05:43:29.528   768   806 W OptProp : Cannot read opt property android.window.PROPERTY_COMPAT_ALLOW_RESIZEABLE_ACTIVITY_OVERRIDES
05-04 05:43:29.531   768   806 I ActivityTaskManager: START u0 {act=android.content.pm.action.REQUEST_PERMISSIONS xflg=0x4 pkg=com.google.android.permissioncontroller cmp=com.google.android.permissioncontroller/com.android.permissioncontroller.permission.ui.GrantPermissionsActivity (has extras)} with LAUNCH_MULTIPLE from uid 10171 (rr=45322512) (BAL_ALLOW_VISIBLE_WINDOW) result code=0
05-04 05:43:29.598  4352  5368 I GoogleTTSServiceImpl: currentLocale = en-US
05-04 05:43:29.598  4352  5368 I GoogleTTSServiceImpl: currentLocale = en-US
05-04 05:43:29.599  4352  5368 I GoogleTTSServiceImpl: For default lang en-us is name en-US-language (en-us-x-iog-server)
05-04 05:43:29.600  4352  5368 I GoogleTTSServiceImpl: currentLocale = en-US
05-04 05:43:29.656   768   995 I MediaFocusControl: requestAudioFocus() from uid/pid 10171/3919 AA=USAGE_ASSISTANCE_ACCESSIBILITY/CONTENT_TYPE_SPEECH clientId=android.media.AudioManager@7ebb9c0com.google.android.accessibility.utils.output.SpeechControllerImpl$5@c76c6f9 callingPack=com.google.android.marvin.talkback req=3 flags=0x0 sdk=36
05-04 05:43:29.656   768   995 I AS.FadeOutManager: unfadeOutUid() uid:10171
05-04 05:43:29.660   768   977 D BackgroundInstallControlService: Package event received: 0
05-04 05:43:29.660   768   995 W OptProp : Cannot read opt property android.window.PROPERTY_COMPAT_ENABLE_FAKE_FOCUS
05-04 05:43:29.661   768   995 W IPCThreadState: Sending oneway calls to frozen process.
05-04 05:43:29.661   768   995 D ActivityManager: quick sync unfreeze 2730 for 1
05-04 05:43:29.665   768   814 D ActivityManager: sync unfroze 2730 com.google.android.permissioncontroller for 1
05-04 05:43:29.669   768   977 D BackgroundInstallControlService: Package event received: 0
05-04 05:43:29.669   768   977 D BackgroundInstallControlService: Package event received: 0
05-04 05:43:29.670   768   977 D BackgroundInstallControlService: Package event received: 0
05-04 05:43:29.672   768   995 D CoreBackPreview: Window{fcdcd2 u0 com.google.android.marvin.talkback/com.google.android.accessibility.talkback.permission.PermissionRequestActivity}: Setting back callback OnBackInvokedCallbackInfo{mCallback=android.window.IOnBackInvokedCallback$Stub$Proxy@19542cc, mPriority=0, mIsAnimationCallback=false, mOverrideBehavior=0}
05-04 05:43:29.689   768   814 W IPCThreadState: Sending oneway calls to frozen process.
05-04 05:43:29.689   768   814 W IPCThreadState: Sending oneway calls to frozen process.
05-04 05:43:29.689   768   814 W IPCThreadState: Sending oneway calls to frozen process.
05-04 05:43:29.689   768   814 W IPCThreadState: Sending oneway calls to frozen process.
05-04 05:43:29.690   768   814 W IPCThreadState: Sending oneway calls to frozen process.
05-04 05:43:29.690   768   814 W IPCThreadState: Sending oneway calls to frozen process.
05-04 05:43:29.691   768   814 W IPCThreadState: Sending oneway calls to frozen process.
05-04 05:43:29.692   768   814 W IPCThreadState: Sending oneway calls to frozen process.
05-04 05:43:29.692   768   977 D BackgroundInstallControlService: Package event received: 0
05-04 05:43:29.692   768   814 W IPCThreadState: Sending oneway calls to frozen process.
05-04 05:43:29.692   768   814 W IPCThreadState: Sending oneway calls to frozen process.
05-04 05:43:29.692   768   814 W IPCThreadState: Sending oneway calls to frozen process.
05-04 05:43:29.692   768   814 W IPCThreadState: Sending oneway calls to frozen process.
05-04 05:43:29.692   768   814 W IPCThreadState: Sending oneway calls to frozen process.
05-04 05:43:29.692   768   814 W IPCThreadState: Sending oneway calls to frozen process.
05-04 05:43:29.693   768   814 W IPCThreadState: Sending oneway calls to frozen process.
05-04 05:43:29.693   768   814 W IPCThreadState: Sending oneway calls to frozen process.
05-04 05:43:29.693   768   814 W IPCThreadState: Sending oneway calls to frozen process.
05-04 05:43:29.693   768   814 W IPCThreadState: Sending oneway calls to frozen process.
05-04 05:43:29.693   768   814 W IPCThreadState: Sending oneway calls to frozen process.
05-04 05:43:29.693   768   814 W IPCThreadState: Sending oneway calls to frozen process.
05-04 05:43:29.693   768   814 W IPCThreadState: Sending oneway calls to frozen process.
05-04 05:43:29.693   768   814 W IPCThreadState: Sending oneway calls to frozen process.
05-04 05:43:29.694   768   814 W IPCThreadState: Sending oneway calls to frozen process.
05-04 05:43:29.694   768   814 W IPCThreadState: Sending oneway calls to frozen process.
05-04 05:43:29.694   768   814 W IPCThreadState: Sending oneway calls to frozen process.
05-04 05:43:29.694   768   814 W IPCThreadState: Sending oneway calls to frozen process.
05-04 05:43:29.706  2730  3061 D AccessibilitySourceService: enabled a11y services count 1
05-04 05:43:29.706  2730  3061 D AccessibilitySourceService: a11y source sending 0 issue to sc
05-04 05:43:29.707   768   806 D SafetySourceDataValidat: No cert check requested for package com.google.android.permissioncontroller
05-04 05:43:29.709  2730  3061 D AccessibilitySourceService: enabled a11y services count 1
05-04 05:43:29.709  2730  3061 D AccessibilitySourceService: a11y source sending 0 issue to sc
05-04 05:43:29.709   768   995 D SafetySourceDataValidat: No cert check requested for package com.google.android.permissioncontroller
05-04 05:43:29.711  2730  3061 D AccessibilitySourceService: enabled a11y services count 1
05-04 05:43:29.711  2730  3061 D AccessibilitySourceService: a11y source sending 0 issue to sc
05-04 05:43:29.712  2730  4803 I EGL_emulation: Opening libGLESv1_CM_emulation.so
05-04 05:43:29.713  2730  4803 I EGL_emulation: Opening libGLESv2_emulation.so
05-04 05:43:29.714   768   806 D SafetySourceDataValidat: No cert check requested for package com.google.android.permissioncontroller
05-04 05:43:29.719  2730  4803 W HWUI    : Failed to choose config with EGL_SWAP_BEHAVIOR_PRESERVED, retrying without...
05-04 05:43:29.720  2730  4803 W HWUI    : Failed to initialize 101010-2 format, error = EGL_SUCCESS
05-04 05:43:29.720  4352  4388 I PipelineReaderImpl: Initializing en-us-x-hol-seanet-embedded from disk
05-04 05:43:29.788  2730  3061 D AccessibilitySourceService: enabled a11y services count 1
05-04 05:43:29.788  2730  3061 D AccessibilitySourceService: a11y source sending 0 issue to sc
05-04 05:43:29.789   768   995 D SafetySourceDataValidat: No cert check requested for package com.google.android.permissioncontroller
05-04 05:43:29.790  2730  3061 D AccessibilitySourceService: enabled a11y services count 1
05-04 05:43:29.790  2730  3061 D AccessibilitySourceService: a11y source sending 0 issue to sc
05-04 05:43:29.790   768   806 D SafetySourceDataValidat: No cert check requested for package com.google.android.permissioncontroller
05-04 05:43:29.791  2730  3061 D AccessibilitySourceService: enabled a11y services count 1
05-04 05:43:29.792  2730  3061 D AccessibilitySourceService: a11y source sending 0 issue to sc
05-04 05:43:29.792   768   995 D SafetySourceDataValidat: No cert check requested for package com.google.android.permissioncontroller
05-04 05:43:29.793  2730  3061 D AccessibilitySourceService: enabled a11y services count 1
05-04 05:43:29.793  2730  3061 D AccessibilitySourceService: a11y source sending 0 issue to sc
05-04 05:43:29.793   768   806 D SafetySourceDataValidat: No cert check requested for package com.google.android.permissioncontroller
05-04 05:43:29.794  2730  3061 D AccessibilitySourceService: enabled a11y services count 1
05-04 05:43:29.794  2730  3061 D AccessibilitySourceService: a11y source sending 0 issue to sc
05-04 05:43:29.794   768  2480 D SafetySourceDataValidat: No cert check requested for package com.google.android.permissioncontroller
05-04 05:43:29.796  2730  3061 D AccessibilitySourceService: enabled a11y services count 1
05-04 05:43:29.796  2730  3061 D AccessibilitySourceService: a11y source sending 0 issue to sc
05-04 05:43:29.796   768   806 D SafetySourceDataValidat: No cert check requested for package com.google.android.permissioncontroller
05-04 05:43:29.797  2730  3061 D AccessibilitySourceService: enabled a11y services count 1
05-04 05:43:29.797  2730  3061 D AccessibilitySourceService: a11y source sending 0 issue to sc
05-04 05:43:29.797   768   806 D SafetySourceDataValidat: No cert check requested for package com.google.android.permissioncontroller
05-04 05:43:29.798  2730  3061 D AccessibilitySourceService: enabled a11y services count 1
05-04 05:43:29.798  2730  3061 D AccessibilitySourceService: a11y source sending 0 issue to sc
05-04 05:43:29.798   768   995 D SafetySourceDataValidat: No cert check requested for package com.google.android.permissioncontroller
05-04 05:43:29.800  2730  3061 D AccessibilitySourceService: enabled a11y services count 1
05-04 05:43:29.800  2730  3061 D AccessibilitySourceService: a11y source sending 0 issue to sc
05-04 05:43:29.800   768   806 D SafetySourceDataValidat: No cert check requested for package com.google.android.permissioncontroller
05-04 05:43:29.801  2730  3061 D AccessibilitySourceService: enabled a11y services count 1
05-04 05:43:29.801  2730  3061 D AccessibilitySourceService: a11y source sending 0 issue to sc
05-04 05:43:29.801   768   806 D SafetySourceDataValidat: No cert check requested for package com.google.android.permissioncontroller
05-04 05:43:29.802  2730  3061 D AccessibilitySourceService: enabled a11y services count 1
05-04 05:43:29.802  2730  3061 D AccessibilitySourceService: a11y source sending 0 issue to sc
05-04 05:43:29.805  3790  3790 I ModuleManager: ModuleManager$ModuleInitListener.maybeUnloadModuleOnUnavailable():1350 module gkj is unavailable
05-04 05:43:29.806   768  2480 D SafetySourceDataValidat: No cert check requested for package com.google.android.permissioncontroller
05-04 05:43:29.807  2730  3061 D AccessibilitySourceService: enabled a11y services count 1
05-04 05:43:29.807  2730  3061 D AccessibilitySourceService: a11y source sending 0 issue to sc
05-04 05:43:29.807   768  2480 D SafetySourceDataValidat: No cert check requested for package com.google.android.permissioncontroller
05-04 05:43:29.808  2730  3061 D AccessibilitySourceService: enabled a11y services count 1
05-04 05:43:29.808  2730  3061 D AccessibilitySourceService: a11y source sending 0 issue to sc
05-04 05:43:29.809   768  2467 D SafetySourceDataValidat: No cert check requested for package com.google.android.permissioncontroller
05-04 05:43:29.812  2730  3061 D AccessibilitySourceService: enabled a11y services count 1
05-04 05:43:29.812  2730  3061 D AccessibilitySourceService: a11y source sending 0 issue to sc
05-04 05:43:29.812   768  2480 D SafetySourceDataValidat: No cert check requested for package com.google.android.permissioncontroller
05-04 05:43:29.813  2730  3061 D AccessibilitySourceService: enabled a11y services count 1
05-04 05:43:29.813  2730  3061 D AccessibilitySourceService: a11y source sending 0 issue to sc
05-04 05:43:29.813   768   995 D SafetySourceDataValidat: No cert check requested for package com.google.android.permissioncontroller
05-04 05:43:29.814   768   995 D CoreBackPreview: Window{268cdd0 u0 com.google.android.permissioncontroller/com.android.permissioncontroller.permission.ui.GrantPermissionsActivity}: Setting back callback OnBackInvokedCallbackInfo{mCallback=android.window.IOnBackInvokedCallback$Stub$Proxy@d26bef, mPriority=-1, mIsAnimationCallback=false, mOverrideBehavior=0}
05-04 05:43:29.829  3919  3919 E talkback: EventTypeWindowContentChangedFeedbackRule:     windowContentChanged: error, node is null
05-04 05:43:29.829  3919  3919 E talkback: EventTypeWindowContentChangedFeedbackRule:     windowContentChanged: error, node is null
05-04 05:43:29.830  1022  1443 V WindowManagerShell: onTransitionReady(transaction=3298534885314)
05-04 05:43:29.830  1022  1287 V WindowManagerShell: onTransitionReady (#29) android.os.BinderProxy@4005e03: {id=29 t=OPEN f=0x0 trk=0 r=[0@Point(0, 0)] c=[
05-04 05:43:29.830  1022  1287 V WindowManagerShell:         {m=OPEN f=TRANSLUCENT leash=Surface(name=Task=41)/@0x7c7d3fe sb=Rect(0, 0 - 1080, 2400) eb=Rect(0, 0 - 1080, 2400) epz=Point(1080, 2400) d=0 taskParent=-1}
05-04 05:43:29.830  1022  1287 V WindowManagerShell:     ]}
05-04 05:43:29.830  1022  1287 V WindowManagerShell: Playing animation for (#29) android.os.BinderProxy@4005e03@0
05-04 05:43:29.831  1022  1287 V ShellRecents: RecentsTransitionHandler.startAnimation: no controller found
05-04 05:43:29.831  1022  1287 V WindowManagerShell: Transition doesn't have explicit remote, search filters for match for {id=29 t=OPEN f=0x0 trk=0 r=[0@Point(0, 0)] c=[{m=OPEN f=TRANSLUCENT leash=Surface(name=Task=41)/@0x7c7d3fe sb=Rect(0, 0 - 1080, 2400) eb=Rect(0, 0 - 1080, 2400) epz=Point(1080, 2400) d=0 taskParent=-1}]}
05-04 05:43:29.831  1022  1287 V WindowManagerShell:  Checking filter Pair{{types=[] flags=0x0] notFlags=0x0 checks=[{atype=undefined independent=true modes=[CLOSE,TO_BACK] flags=IN_TASK_WITH_EMBEDDED_ACTIVITY mustBeTask=false order=ANY topActivity=null launchCookie=null taskFragmentToken=android.os.BinderProxy@b17aac3 windowingMode=undefined}]} RemoteTransition { remoteTransition = android.window.IRemoteTransition$Stub$Proxy@4ed4f40, appThread = android.app.IApplicationThread$Stub$Proxy@2b06e79, debugName = overlayBackTransition }}
05-04 05:43:29.831  1022  1287 V WindowManagerShell:  Checking filter Pair{{types=[] flags=0x0] notFlags=0x0 checks=[{atype=dream independent=true modes=[OPEN,TO_FRONT] flags=NONE mustBeTask=false order=ANY topActivity=null launchCookie=null windowingMode=undefined},{atype=home independent=true modes=[CLOSE,TO_BACK] flags=NONE mustBeTask=false order=ANY topActivity=null launchCookie=null windowingMode=undefined}]} RemoteTransition { remoteTransition = android.window.IRemoteTransition$Stub$Proxy@15e17be, appThread = android.app.IApplicationThread$Stub$Proxy@b40301f, debugName = LauncherToDream }}
05-04 05:43:29.832  1022  1287 V WindowManagerShell:  Checking filter Pair{{types=[] flags=0x0] notFlags=0x100 checks=[{atype=home independent=true modes=[OPEN,TO_FRONT] flags=NONE mustBeTask=false order=TOP topActivity=ComponentInfo{com.google.android.apps.nexuslauncher/com.google.android.apps.nexuslauncher.NexusLauncherActivity} launchCookie=null windowingMode=undefined},{atype=standard independent=true modes=[CLOSE,TO_BACK] flags=NONE mustBeTask=false order=ANY topActivity=null launchCookie=null windowingMode=undefined},{NOT atype=undefined independent=true modes=[] flags=NONE mustBeTask=true order=ANY topActivity=null launchCookie=null customAnim=true windowingMode=undefined}]} RemoteTransition { remoteTransition = android.window.IRemoteTransition$Stub$Proxy@ff81f6c, appThread = android.app.IApplicationThread$Stub$Proxy@fc07935, debugName = QuickstepLaunchHome }}
05-04 05:43:29.832  1022  1287 V WindowManagerShell:  Delegate animation for (#29) to null
05-04 05:43:29.832  1022  1287 V WindowManagerShell: start default transition animation, info = {id=29 t=OPEN f=0x0 trk=0 r=[0@Point(0, 0)] c=[{m=OPEN f=TRANSLUCENT leash=Surface(name=Task=41)/@0x7c7d3fe sb=Rect(0, 0 - 1080, 2400) eb=Rect(0, 0 - 1080, 2400) epz=Point(1080, 2400) d=0 taskParent=-1}]}
05-04 05:43:29.834  1022  1287 V WindowManagerShell: loadAnimation: anim=android.view.animation.AnimationSet@8a58a7b animAttr=0x4 type=OPEN isEntrance=true
05-04 05:43:29.836  1022  1287 V WindowManagerShell:  animated by com.android.wm.shell.transition.DefaultTransitionHandler@ae86511
05-04 05:43:29.842   768   811 I ActivityTaskManager: Displayed com.google.android.permissioncontroller/com.android.permissioncontroller.permission.ui.GrantPermissionsActivity for user 0: +396ms
05-04 05:43:29.842   768   811 V WindowManager: Sent Transition (#29) createdAt=05-04 05:43:29.435 via request=TransitionRequestInfo { type = OPEN, triggerTask = TaskInfo{userId=0 taskId=41 effectiveUid=10171 displayId=0 isRunning=true baseIntent=Intent { flg=0x18800020 cmp=com.google.android.marvin.talkback/com.google.android.accessibility.talkback.permission.PermissionRequestActivity } baseActivity=ComponentInfo{com.google.android.marvin.talkback/com.google.android.accessibility.talkback.permission.PermissionRequestActivity} topActivity=ComponentInfo{com.google.android.marvin.talkback/com.google.android.accessibility.talkback.permission.PermissionRequestActivity} origActivity=null realActivity=ComponentInfo{com.google.android.marvin.talkback/com.google.android.accessibility.talkback.permission.PermissionRequestActivity} numActivities=1 lastActiveTime=1390057 supportsMultiWindow=true resizeMode=1 isResizeable=true minWidth=-1 minHeight=-1 defaultMinSize=220 token=WCT{RemoteToken{6c32994 Task{f07d409 #41 type=standard A=10171:com.google.android.marvin.talkback}}} topActivityType=1 pictureInPictureParams=null shouldDockBigOverlays=false launchIntoPipHostTaskId=-1 lastParentTaskIdBeforePip=-1 displayCutoutSafeInsets=Rect(0, 0 - 0, 0) topActivityInfo=ActivityInfo{43bfc3d com.google.android.accessibility.talkback.permission.PermissionRequestActivity} launchCookies=[] positionInParent=Point(0, 0) parentTaskId=-1 isFocused=false isVisible=false isVisibleRequested=false isTopActivityNoDisplay=false isSleeping=false locusId=null displayAreaFeatureId=1 isTopActivityTransparent=true isActivityStackTransparent=true lastNonFullscreenBounds=Rect(284, 660 - 796, 1740) capturedLink=null capturedLinkTimestamp=0 requestedVisibleTypes=-9 topActivityRequestOpenInBrowserEducationTimestamp=0 appCompatTaskInfo=AppCompatTaskInfo { topActivityInSizeCompat=false eligibleForLetterboxEducation= false isLetterboxEducationEnabled= true isLetterboxDoubleTapEnabled= false eligibleForUserAspectRatioButton= false topActivityBoundsLetterboxed= false isFromLetterboxDoubleTap= false topActivityLetterboxVerticalPosition= -1 topActivityLetterboxHorizontalPosition= -1 topActivityLetterboxWidth=-1 topActivityLetterboxHeight=-1 topActivityAppBounds=Rect(0, 0 - 1080, 2400) isUserFullscreenOverrideEnabled=false isSystemFullscreenOverrideEnabled=false hasMinAspectRatioOverride=false topActivityLetterboxBounds=null cameraCompatTaskInfo=CameraCompatTaskInfo { freeformCameraCompatMode=inactive}} topActivityMainWindowFrame=null}, pipChange = null, remoteTransition = null, displayChange = null, flags = 0, debugId = 29 }
05-04 05:43:29.842   768   811 V WindowManager:     startWCT=WindowContainerTransaction { changes= {} hops= [] errorCallbackToken=null taskFragmentOrganizer=null }
05-04 05:43:29.842   768   811 V WindowManager:     info={id=29 t=OPEN f=0x0 trk=0 r=[0@Point(0, 0)] c=[
05-04 05:43:29.842   768   811 V WindowManager:         {WCT{RemoteToken{6c32994 Task{f07d409 #41 type=standard A=10171:com.google.android.marvin.talkback}}} m=OPEN f=TRANSLUCENT leash=Surface(name=Task=41)/@0x47886e8 sb=Rect(0, 0 - 1080, 2400) eb=Rect(0, 0 - 1080, 2400) epz=Point(1080, 2400) d=0 taskParent=-1}
05-04 05:43:29.842   768   811 V WindowManager:     ]}
05-04 05:43:29.922  3919  5381 E AccessibilityService: bindInput must be paired with unbindInput.
05-04 05:43:29.923  3919  3919 V A11yInputMethod: startInput(): editor=android.view.inputmethod.EditorInfo@3b66097
05-04 05:43:29.923  3919  3919 V A11yInputMethod: CALL: doFinishInput
05-04 05:43:29.923  3919  3919 V A11yInputMethod: CALL: onFinishInput
05-04 05:43:29.944  3790  3790 I GoogleInputMethodService: GoogleInputMethodService.onFinishInput():2043 
05-04 05:43:29.945  3790  3790 I Module  : DeviceLockedStatusModuleProvider$Module.updateDeviceLockedStatus():100 repeatCheckTimes = 0, locked = false
05-04 05:43:29.945   768   806 I ImeTracker: system_server:29eaf39e: onRequestHide at ORIGIN_SERVER reason IME_REQUESTED_CHANGED_LISTENER fromUser false
05-04 05:43:29.946   768   814 I ImeTracker: system_server:29eaf39e: onCancelled at PHASE_SERVER_SHOULD_HIDE
05-04 05:43:29.946  3790  3790 I GoogleInputMethodService: GoogleInputMethodService.onStartInput():1293 onStartInput(EditorInfo{EditorInfo{packageName=com.google.android.permissioncontroller, inputType=0, inputTypeString=NULL, enableLearning=false, autoCorrection=false, autoComplete=false, imeOptions=0, privateImeOptions=null, actionName=UNSPECIFIED, actionLabel=null, initialSelStart=-1, initialSelEnd=-1, initialCapsMode=0, label=null, fieldId=0, fieldName=null, extras=null, hintText=null, hintLocales=[]}}, false)
05-04 05:43:29.948  3790  3790 I Module  : DeviceLockedStatusModuleProvider$Module.updateDeviceLockedStatus():100 repeatCheckTimes = 1, locked = false
05-04 05:43:29.948  3790  3790 I EmojiCompatManager: EmojiCompatManager.getEmojiCompatIfLoaded():343 EmojiCompat.init() was never called.
05-04 05:43:29.948  3790  3790 I EmojiCompatManager: java.lang.IllegalStateException: EmojiCompat is not initialized. Please call EmojiCompat.init() first
05-04 05:43:29.948  3790  3790 I EmojiCompatManager: 	at asx.p(PG:6)
05-04 05:43:29.948  3790  3790 I EmojiCompatManager: 	at axb.b(PG:13)
05-04 05:43:29.948  3790  3790 I EmojiCompatManager: 	at jnr.b(PG:2)
05-04 05:43:29.948  3790  3790 I EmojiCompatManager: 	at jnr.c(PG:4)
05-04 05:43:29.948  3790  3790 I EmojiCompatManager: 	at jnr.f(PG:3)
05-04 05:43:29.948  3790  3790 I EmojiCompatManager: 	at jnx.c(PG:3)
05-04 05:43:29.948  3790  3790 I EmojiCompatManager: 	at kif.cz(PG:47)
05-04 05:43:29.948  3790  3790 I EmojiCompatManager: 	at lhl.run(PG:1025)
05-04 05:43:29.948  3790  3790 I EmojiCompatManager: 	at jaf.execute(PG:12)
05-04 05:43:29.948  3790  3790 I EmojiCompatManager: 	at nco.v(PG:13)
05-04 05:43:29.948  3790  3790 I EmojiCompatManager: 	at lhn.m(PG:96)
05-04 05:43:29.948  3790  3790 I EmojiCompatManager: 	at lhn.k(PG:25)
05-04 05:43:29.948  3790  3790 I EmojiCompatManager: 	at kgn.onStartInput(PG:250)
05-04 05:43:29.948  3790  3790 I EmojiCompatManager: 	at android.inputmethodservice.InputMethodService.doStartInput(InputMethodService.java:3521)
05-04 05:43:29.948  3790  3790 I EmojiCompatManager: 	at android.inputmethodservice.InputMethodService$InputMethodImpl.startInput(InputMethodService.java:879)
05-04 05:43:29.948  3790  3790 I EmojiCompatManager: 	at android.inputmethodservice.InputMethodService$InputMethodImpl.dispatchStartInput(InputMethodService.java:908)
05-04 05:43:29.948  3790  3790 I EmojiCompatManager: 	at android.inputmethodservice.IInputMethodWrapper.executeMessage(IInputMethodWrapper.java:201)
05-04 05:43:29.948  3790  3790 I EmojiCompatManager: 	at com.android.internal.os.HandlerCaller$MyHandler.handleMessage(HandlerCaller.java:44)
05-04 05:43:29.948  3790  3790 I EmojiCompatManager: 	at android.os.Handler.dispatchMessage(Handler.java:110)
05-04 05:43:29.948  3790  3790 I EmojiCompatManager: 	at android.os.Looper.loopOnce(Looper.java:248)
05-04 05:43:29.948  3790  3790 I EmojiCompatManager: 	at android.os.Looper.loop(Looper.java:338)
05-04 05:43:29.948  3790  3790 I EmojiCompatManager: 	at android.app.ActivityThread.main(ActivityThread.java:9067)
05-04 05:43:29.948  3790  3790 I EmojiCompatManager: 	at java.lang.reflect.Method.invoke(Native Method)
05-04 05:43:29.948  3790  3790 I EmojiCompatManager: 	at com.android.internal.os.RuntimeInit$MethodAndArgsCaller.run(RuntimeInit.java:593)
05-04 05:43:29.948  3790  3790 I EmojiCompatManager: 	at com.android.internal.os.ZygoteInit.main(ZygoteInit.java:932)
05-04 05:43:29.949   768   806 W PackageConfigPersister: App-specific configuration not found for packageName: com.google.android.permissioncontroller and userId: 0
05-04 05:43:29.962  2730  2730 I ssioncontroller: AssetManager2(0x785ef04237f8) locale list changing from [] to [en-US]
05-04 05:43:29.978   768   806 W ActivityTaskManager: Request to remove task ignored for non-existent task 38
05-04 05:43:29.979   768   806 W ActivityTaskManager: Request to remove task ignored for non-existent task 39
05-04 05:43:29.979   768   806 W ActivityTaskManager: Request to remove task ignored for non-existent task 40
05-04 05:43:30.026  4352  4388 E tflite  : third_party/tensorflow/lite/core/subgraph.cc:1062 tensor.data.raw != nullptr was not true.
05-04 05:43:30.152  1022  1287 V WindowManagerShell: Transition animation finished (aborted=false), notifying core (#29) android.os.BinderProxy@4005e03@0
05-04 05:43:30.156   768   811 V WindowManager: Finish Transition (#29): created at 05-04 05:43:29.435 collect-started=0.074ms request-sent=5.247ms started=11.605ms ready=228.389ms sent=394.046ms commit=7.177ms finished=719.687ms
05-04 05:43:30.157  1022  1287 V WindowManagerShell: Track 0 became idle
05-04 05:43:30.157  1022  1287 V WindowManagerShell: All active transition animations finished
05-04 05:43:30.161  4352  4388 I ComposerWrapperImpl: Done initializing en-us-x-hol-seanet-embedded
05-04 05:43:30.161  4352  4388 I GoogleTTSServiceImpl: Synthesis request for locale eng-USA and name en-US-language
05-04 05:43:30.162  4352  4388 I GoogleTTSServiceImpl: TTS dispatch: en-us-x-iog-lstm-embedded
05-04 05:43:30.165   560   859 D NativePermissionController: checkPermission: missing 1 for 10152
05-04 05:43:30.165   560   859 D NativePermissionController: checkPermission: missing 3 for 10152
05-04 05:43:30.165   560   859 D NativePermissionController: checkPermission: missing 5 for 10152
05-04 05:43:30.165   560   859 W AudioFlinger: createTrack_l(): mismatch between requested flags (00000004) and output flags (00000002)
05-04 05:43:30.165   560   859 D AudioFlinger: Client defaulted notificationFrames to 480 for frameCount 4096
05-04 05:43:30.165   560   859 I AF::PthrPatchRecord: creating track with enforcement level 0
05-04 05:43:30.176   768  1942 E AppOps  : attributionTag  not declared in manifest of com.google.android.tts
05-04 05:43:30.178   560   859 D NativePermissionController: checkPermission: missing 13 for 10152
05-04 05:43:30.178   560   859 D NativePermissionController: checkPermission: missing 13 for 10152
05-04 05:43:30.179   768   768 W AccessibilityManagerService:  wait for adding window timeout: 329
05-04 05:43:30.179   560   859 D NativePermissionController: checkPermission: missing 13 for 10152
05-04 05:43:30.180   560  5970 D NativePermissionController: checkPermission: missing 13 for 10152
05-04 05:43:30.201   768   806 I AS.AudioService: AudioHardening background playback would be muted for com.google.android.tts (10152), level: full
05-04 05:43:30.271   560   688 D AudioFlinger: mixer(0x7d2d2453c770) throttle end: throttle time(33)
05-04 05:43:30.444   768   977 D BackgroundInstallControlService: Package event received: 0
05-04 05:43:30.476   768   806 D ActivityManager: sync unfroze 4445 com.google.android.googlequicksearchbox:search for 6
05-04 05:43:30.478   768   977 D BackgroundInstallControlService: Package event received: 0
05-04 05:43:30.482   768   933 D ConnectivityService: releasing NetworkRequest [ REQUEST id=209, [ Transports: CELLULAR Capabilities: INTERNET&NOT_RESTRICTED&TRUSTED&NOT_VPN&NOT_VCN_MANAGED&NOT_BANDWIDTH_CONSTRAINED Uid: 10149 RequestorUid: 10149 RequestorPkg: com.google.android.googlequicksearchbox UnderlyingNetworks: Null] ] (release request)
