05-05 00:04:26.727  6157  6157 I AconfigPackage: com.android.server.policy is mapped to system
05-05 00:04:26.727  6157  6157 I AconfigPackage: android.media.audiopolicy is mapped to system
05-05 00:04:26.727  6157  6157 I AconfigPackage: com.android.egg.flags is mapped to system
05-05 00:04:26.727  6157  6157 I AconfigPackage: com.android.internal.compat.flags is mapped to system
05-05 00:04:26.727  6157  6157 I AconfigPackage: android.security is mapped to system
05-05 00:04:26.727  6157  6157 I AconfigPackage: android.service.autofill is mapped to system
05-05 00:04:26.727  6157  6157 I AconfigPackage: com.example.android.aconfig.demo.flags is mapped to system
05-05 00:04:26.727  6157  6157 I AconfigPackage: android.view.flags is mapped to system
05-05 00:04:26.727  6157  6157 I AconfigPackage: android.companion.virtual.flags is mapped to system
05-05 00:04:26.727  6157  6157 I AconfigPackage: com.android.aconfig_new_storage is mapped to system
05-05 00:04:26.727  6157  6157 I AconfigPackage: com.android.server.feature.flags is mapped to system
05-05 00:04:26.727  6157  6157 I AconfigPackage: com.android.systemui is mapped to system
05-05 00:04:26.727  6157  6157 I AconfigPackage: com.android.server.power.batterysaver is mapped to system
05-05 00:04:26.727  6157  6157 I AconfigPackage: android.widget.flags is mapped to system
05-05 00:04:26.727  6157  6157 I AconfigPackage: com.android.media.editing.flags is mapped to system
05-05 00:04:26.727  6157  6157 I AconfigPackage: com.android.media.codec.flags is mapped to system
05-05 00:04:26.727  6157  6157 I AconfigPackage: com.android.server.powerstats is mapped to system
05-05 00:04:26.727  6157  6157 I AconfigPackage: com.android.graphics.egl.flags is mapped to system
05-05 00:04:26.727  6157  6157 I AconfigPackage: com.android.media.audioserver is mapped to system
05-05 00:04:26.727  6157  6157 I AconfigPackage: com.android.server.deviceidle is mapped to system
05-05 00:04:26.727  6157  6157 I AconfigPackage: android.nfc is mapped to system
05-05 00:04:26.727  6157  6157 I AconfigPackage: android.permission.flags is mapped to system
05-05 00:04:26.727  6157  6157 I AconfigPackage: android.service.voice.flags is mapped to system
05-05 00:04:26.727  6157  6157 I AconfigPackage: android.content.pm is mapped to system
05-05 00:04:26.727  6157  6157 I AconfigPackage: com.android.server.power.hint is mapped to system
05-05 00:04:26.727  6157  6157 I AconfigPackage: android.os is mapped to system
05-05 00:04:26.727  6157  6157 I AconfigPackage: android.service.dreams is mapped to system
05-05 00:04:26.727  6157  6157 I AconfigPackage: com.android.graphics.libgui.flags is mapped to system
05-05 00:04:26.727  6157  6157 I AconfigPackage: android.hardware.usb.flags is mapped to system
05-05 00:04:26.727  6157  6157 I AconfigPackage: android.provider is mapped to system
05-05 00:04:26.727  6157  6157 I AconfigPackage: com.android.server.job is mapped to system
05-05 00:04:26.728  6157  6157 I AconfigPackage: com.android.internal.foldables.flags is mapped to system
05-05 00:04:26.728  6157  6157 I AconfigPackage: com.android.internal.telephony.flags is mapped to system
05-05 00:04:26.728  6157  6157 I AconfigPackage: android.webkit is mapped to system
05-05 00:04:26.728  6157  6157 I AconfigPackage: android.credentials.flags is mapped to system
05-05 00:04:26.728  6157  6157 I AconfigPackage: com.android.server.display.feature.flags is mapped to system
05-05 00:04:26.728  6157  6157 I AconfigPackage: com.android.server.notification is mapped to system
05-05 00:04:26.728  6157  6157 I AconfigPackage: android.appwidget.flags is mapped to system
05-05 00:04:26.728  6157  6157 I AconfigPackage: com.android.frameworks.sensorservice.flags is mapped to system
05-05 00:04:26.728  6157  6157 I AconfigPackage: com.android.printspooler.flags is mapped to system
05-05 00:04:26.728  6157  6157 I AconfigPackage: com.android.window.flags is mapped to system
05-05 00:04:26.728  6157  6157 I AconfigPackage: android.adaptiveauth is mapped to system
05-05 00:04:26.728  6157  6157 I AconfigPackage: android.net.wifi.flags is mapped to system
05-05 00:04:26.728  6157  6157 I AconfigPackage: android.media.tv.flags is mapped to system
05-05 00:04:26.728  6157  6157 I AconfigPackage: com.android.server.usb.flags is mapped to system
05-05 00:04:26.728  6157  6157 I AconfigPackage: android.os.vibrator is mapped to system
05-05 00:04:26.728  6157  6157 I AconfigPackage: android.hardware.devicestate.feature.flags is mapped to system
05-05 00:04:26.728  6157  6157 I AconfigPackage: com.android.server.usage is mapped to system
05-05 00:04:26.728  6157  6157 I AconfigPackage: android.server is mapped to system
05-05 00:04:26.728  6157  6157 I AconfigPackage: com.android.wm.shell is mapped to system
05-05 00:04:26.728  6157  6157 I AconfigPackage: android.view.inputmethod is mapped to system
05-05 00:04:26.728  6157  6157 I AconfigPackage: com.android.graphics.hwui.flags is mapped to system
05-05 00:04:26.728  6157  6157 I AconfigPackage: com.android.server.backup is mapped to system
05-05 00:04:26.728  6157  6157 I AconfigPackage: com.android.internal.pm.pkg.component.flags is mapped to system
05-05 00:04:26.728  6157  6157 I AconfigPackage: android.view.accessibility is mapped to system
05-05 00:04:26.728  6157  6157 I AconfigPackage: com.google.wear.sdk is mapped to system
05-05 00:04:26.728  6157  6157 I AconfigPackage: android.media.audio is mapped to system
05-05 00:04:26.728  6157  6157 I AconfigPackage: com.android.server.am is mapped to system
05-05 00:04:26.728  6157  6157 I AconfigPackage: com.android.media.playback.flags is mapped to system
05-05 00:04:26.730  6157  6157 I AconfigPackage: com.android.art.flags is mapped to com.android.art
05-05 00:04:26.730  6157  6157 I AconfigPackage: com.android.libcore is mapped to com.android.art
05-05 00:04:26.732  6157  6157 I AconfigPackage: com.android.media.extractor.flags is mapped to com.android.media
05-05 00:04:26.732  6157  6157 I AconfigPackage: com.android.media.mainline.flags is mapped to com.android.media
05-05 00:04:26.734  6157  6157 I AconfigPackage: com.android.wifi.flags is mapped to com.android.wifi
05-05 00:04:26.736  6157  6157 I AconfigPackage: com.android.org.conscrypt.flags is mapped to com.android.conscrypt
05-05 00:04:26.737  6157  6157 I AconfigPackage: com.android.healthfitness.flags is mapped to com.android.healthfitness
05-05 00:04:26.739  6157  6157 I AconfigPackage: com.google.android.input.twoshay.flags is mapped to vendor
05-05 00:04:26.739  6157  6157 I AconfigPackage: libgooglecamerahal.flags is mapped to vendor
05-05 00:04:26.741  6157  6157 I AconfigPackage: com.android.ipsec.flags is mapped to com.android.ipsec
05-05 00:04:26.743  6157  6157 I AconfigPackage: com.android.nfc.module.flags is mapped to com.android.nfcservices
05-05 00:04:26.745  6157  6157 I AconfigPackage: com.android.adservices.ondevicepersonalization.flags is mapped to com.android.ondevicepersonalization
05-05 00:04:26.746  6157  6157 I AconfigPackage: com.android.bluetooth.flags is mapped to com.android.bt
05-05 00:04:26.748  6157  6157 I AconfigPackage: com.android.devicelock.flags is mapped to com.android.devicelock
05-05 00:04:26.749  6157  6157 I AconfigPackage: android.os.profiling is mapped to com.android.profiling
05-05 00:04:26.751  6157  6157 I AconfigPackage: com.android.os.statsd.flags is mapped to com.android.os.statsd
05-05 00:04:26.752  6157  6157 I AconfigPackage: com.android.cellbroadcastreceiver.flags is mapped to com.android.cellbroadcast
05-05 00:04:26.754  6157  6157 I AconfigPackage: com.android.adservices.flags is mapped to com.android.adservices
05-05 00:04:26.754  6157  6157 I AconfigPackage: com.android.sdksandbox.flags is mapped to com.android.adservices
05-05 00:04:26.756  6157  6157 I AconfigPackage: com.android.uwb.flags is mapped to com.android.uwb
05-05 00:04:26.756  6157  6157 I AconfigPackage: com.android.ranging.flags is mapped to com.android.uwb
05-05 00:04:26.757  6157  6157 I AconfigPackage: android.graphics.pdf.flags is mapped to com.android.mediaprovider
05-05 00:04:26.757  6157  6157 I AconfigPackage: com.android.providers.media.flags is mapped to com.android.mediaprovider
05-05 00:04:26.757  6157  6157 I AconfigPackage: android.graphics.pdf.flags.readonly is mapped to com.android.mediaprovider
05-05 00:04:26.759  6157  6157 I AconfigPackage: com.android.net.ct.flags is mapped to com.android.tethering
05-05 00:04:26.759  6157  6157 I AconfigPackage: com.android.net.flags is mapped to com.android.tethering
05-05 00:04:26.759  6157  6157 I AconfigPackage: android.net.vcn is mapped to com.android.tethering
05-05 00:04:26.759  6157  6157 I AconfigPackage: com.android.nearby.flags is mapped to com.android.tethering
05-05 00:04:26.759  6157  6157 I AconfigPackage: android.net.http is mapped to com.android.tethering
05-05 00:04:26.759  6157  6157 I AconfigPackage: com.android.net.thread.flags is mapped to com.android.tethering
05-05 00:04:26.761  6157  6157 I AconfigPackage: com.android.system.virtualmachine.flags is mapped to com.android.virt
05-05 00:04:26.763  6157  6157 E FeatureFlagsImplExport: android.os.flagging.AconfigStorageReadException: ERROR_PACKAGE_NOT_FOUND: package android.xr cannot be found on the device
05-05 00:04:26.767  6157  6157 D UiAutomationConnection: Created on user UserHandle{0}
05-05 00:04:26.767  6157  6157 I UiAutomation: Initialized for user 0 on display 0
05-05 00:04:26.767  6157  6157 W UiAutomation: Created with deprecatead constructor, assumes DEFAULT_DISPLAY
05-05 00:04:26.769   738  2041 D AccessibilityManagerService: changeCurrentUserForTestAutomationIfNeededLocked(0): ignoring because device doesn't support visible background users
05-05 00:04:26.769   738  2041 I UiAutomationManager: Registering UiTestAutomationService (id=com.android.server.accessibility/UiAutomation, flags=0x0) when called by user 0
05-05 00:04:26.770   738  2041 V AccessibilityManagerService: onUserStateChangedLocked for userId: 0, forceUpdate: false
05-05 00:04:26.782   738  2041 W MagnificationConnectionManager: requestConnection duplicated request: connect=false, mConnectionState=DISCONNECTED
05-05 00:04:26.787   738   738 W IPCThreadState: Sending oneway calls to frozen process.
05-05 00:04:26.787   738   738 W IPCThreadState: Sending oneway calls to frozen process.
05-05 00:04:26.788   738   738 W IPCThreadState: Sending oneway calls to frozen process.
05-05 00:04:26.788   738   738 W IPCThreadState: Sending oneway calls to frozen process.
05-05 00:04:26.791   738   738 W IPCThreadState: Sending oneway calls to frozen process.
05-05 00:04:26.791   738   738 W IPCThreadState: Sending oneway calls to frozen process.
05-05 00:04:26.791   738   738 W IPCThreadState: Sending oneway calls to frozen process.
05-05 00:04:26.792   738   738 W IPCThreadState: Sending oneway calls to frozen process.
05-05 00:04:26.793   738  2041 V AccessibilityManagerService: onUserStateChangedLocked for userId: 0, forceUpdate: false
05-05 00:04:26.794   738   738 W IPCThreadState: Sending oneway calls to frozen process.
05-05 00:04:26.794   738  2041 W MagnificationConnectionManager: requestConnection duplicated request: connect=false, mConnectionState=DISCONNECTED
05-05 00:04:26.794  1677  2189 I AiAiEcho: Settings changed for uri: content://settings/secure/accessibility_enabled
05-05 00:04:26.795   738   738 W IPCThreadState: Sending oneway calls to frozen process.
05-05 00:04:26.797   738   738 W IPCThreadState: Sending oneway calls to frozen process.
05-05 00:04:26.797   738   738 W IPCThreadState: Sending oneway calls to frozen process.
05-05 00:04:26.797   738   738 W IPCThreadState: Sending oneway calls to frozen process.
05-05 00:04:26.797   738   738 W IPCThreadState: Sending oneway calls to frozen process.
05-05 00:04:26.798   738   738 W IPCThreadState: Sending oneway calls to frozen process.
05-05 00:04:26.801   738   738 W IPCThreadState: Sending oneway calls to frozen process.
05-05 00:04:26.801   738   738 W IPCThreadState: Sending oneway calls to frozen process.
05-05 00:04:26.801   738   738 W IPCThreadState: Sending oneway calls to frozen process.
05-05 00:04:26.803   738   738 W IPCThreadState: Sending oneway calls to frozen process.
05-05 00:04:26.804   738   738 W IPCThreadState: Sending oneway calls to frozen process.
05-05 00:04:26.806   738   738 W IPCThreadState: Sending oneway calls to frozen process.
05-05 00:04:26.806   738   738 W IPCThreadState: Sending oneway calls to frozen process.
05-05 00:04:26.806   738   738 W IPCThreadState: Sending oneway calls to frozen process.
05-05 00:04:26.807   738   738 W IPCThreadState: Sending oneway calls to frozen process.
05-05 00:04:26.807   738   738 W IPCThreadState: Sending oneway calls to frozen process.
05-05 00:04:26.808   738   738 D BatterySaverPolicy: accessibility changed to true, updating policy.
05-05 00:04:26.808  1677  2189 I AiAiEcho: Settings changed for uri: content://settings/secure/accessibility_enabled
05-05 00:04:26.819  1677  2066 I AiAiEcho: Predicting[0]:  [CONTEXT sampling_count=5 ]
05-05 00:04:26.820  1677  2066 I AiAiEcho: EchoTargets: 
05-05 00:04:26.820  1677  2066 I AiAiEcho: Filtered by AiAi flag check: 
05-05 00:04:26.820  1677  2066 I AiAiEcho: [CONTEXT ratelimit_period="10 SECONDS" ]
05-05 00:04:26.826  1677  2066 I AiAiEcho: #remoteViewsTwiddler: feature disabled.
05-05 00:04:26.830  1677  2066 I AiAiEcho: Predicting[0]:  [CONTEXT sampling_count=5 ]
05-05 00:04:26.830  1677  2066 I AiAiEcho: EchoTargets: 
05-05 00:04:26.830  1677  2066 I AiAiEcho: Filtered by AiAi flag check: 
05-05 00:04:26.830  1677  2066 I AiAiEcho: [CONTEXT ratelimit_period="10 SECONDS" ]
05-05 00:04:26.831  1677  2066 I AiAiEcho: #remoteViewsTwiddler: feature disabled.
05-05 00:04:26.831  1677  2066 I AiAiEcho: Predicting[0]:  [CONTEXT sampling_count=5 ]
05-05 00:04:26.832  1677  2066 I AiAiEcho: EchoTargets: 
05-05 00:04:26.832  1677  2066 I AiAiEcho: Filtered by AiAi flag check: 
05-05 00:04:26.832  1677  2066 I AiAiEcho: [CONTEXT ratelimit_period="10 SECONDS" ]
05-05 00:04:26.834  1677  2066 I AiAiEcho: #remoteViewsTwiddler: feature disabled.
05-05 00:04:26.834  1677  2066 I AiAiEcho: Predicting[0]:  [CONTEXT sampling_count=5 ]
05-05 00:04:26.835  1677  2066 I AiAiEcho: EchoTargets: 
05-05 00:04:26.835  1677  2066 I AiAiEcho: Filtered by AiAi flag check: 
05-05 00:04:26.835  1677  2066 I AiAiEcho: [CONTEXT ratelimit_period="10 SECONDS" ]
05-05 00:04:26.835  1677  2066 I AiAiEcho: #remoteViewsTwiddler: feature disabled.
05-05 00:04:26.864  1677  2066 I AiAiEcho: #postPredictionTargets: Sending updates to UISurface lockscreen with targets# 0 (types=[])
05-05 00:04:26.866  1677  2066 I AiAiEcho: #postPredictionTargets: Sending updates to UISurface home with targets# 0 (types=[])
05-05 00:04:26.867  1677  2066 I AiAiEcho: #postPredictionTargets: Sending updates to UISurface lockscreen with targets# 0 (types=[])
05-05 00:04:26.868  1124  1124 D SsBaseTemplateCard: No text view can be set up
05-05 00:04:26.868  1124  1124 D SsBaseTemplateCard: Passed-in item info is null
05-05 00:04:26.868  1124  1124 D SsBaseTemplateCard: Passed-in item info is null
05-05 00:04:26.868  1124  1124 D SsBaseTemplateCard: Passed-in item info is null
05-05 00:04:26.869  1124  1124 I SsBaseTemplateCard: Secondary card pane is null
05-05 00:04:26.869  1677  2066 I AiAiEcho: #postPredictionTargets: Sending updates to UISurface home with targets# 0 (types=[])
05-05 00:04:26.871  1124  1124 D SsBaseTemplateCard: No text view can be set up
05-05 00:04:26.871  1124  1124 D SsBaseTemplateCard: Passed-in item info is null
05-05 00:04:26.871  1124  1124 D SsBaseTemplateCard: Passed-in item info is null
05-05 00:04:26.871  1124  1124 D SsBaseTemplateCard: Passed-in item info is null
05-05 00:04:26.871  1124  1124 I SsBaseTemplateCard: Secondary card pane is null
05-05 00:04:26.886   998   998 W PageIndicator: Total number of pages invalid: 0. Assuming 1 page.
05-05 00:04:26.887   998   998 W PageIndicator: Total number of pages invalid: 0. Assuming 1 page.
05-05 00:04:27.885  1626  1814 W MediaProvider: isAppCloneUserPair for user 0: false
05-05 00:04:27.910  6157  6157 W AccessibilityNodeInfoDumper: Fetch time: 75ms
05-05 00:04:27.912   738  2366 V AccessibilityManagerService: onUserStateChangedLocked for userId: 0, forceUpdate: false
05-05 00:04:27.914   738  2366 W MagnificationConnectionManager: requestConnection duplicated request: connect=false, mConnectionState=DISCONNECTED
05-05 00:04:27.915   738  2366 D AccessibilityManagerService: restoreCurrentUserForTestAutomationIfNeededLocked(): ignoring because device doesn't support visible background users
05-05 00:04:27.915  1677  2189 I AiAiEcho: Settings changed for uri: content://settings/secure/accessibility_enabled
05-05 00:04:27.916   738   738 W IPCThreadState: Sending oneway calls to frozen process.
05-05 00:04:27.916   738   738 W IPCThreadState: Sending oneway calls to frozen process.
05-05 00:04:27.916  1677  2066 I AiAiEcho: Predicting[0]:  [CONTEXT sampling_count=5 ]
05-05 00:04:27.916   738   738 W IPCThreadState: Sending oneway calls to frozen process.
05-05 00:04:27.916  1677  2066 I AiAiEcho: EchoTargets: 
05-05 00:04:27.916  1677  2066 I AiAiEcho: Filtered by AiAi flag check: 
05-05 00:04:27.916  1677  2066 I AiAiEcho: [CONTEXT ratelimit_period="10 SECONDS" ]
05-05 00:04:27.917   738   738 W IPCThreadState: Sending oneway calls to frozen process.
05-05 00:04:27.917   738   738 W IPCThreadState: Sending oneway calls to frozen process.
05-05 00:04:27.917  1677  2066 I AiAiEcho: #remoteViewsTwiddler: feature disabled.
05-05 00:04:27.917   738   738 W IPCThreadState: Sending oneway calls to frozen process.
05-05 00:04:27.917   738   738 W IPCThreadState: Sending oneway calls to frozen process.
05-05 00:04:27.917  1677  2066 I AiAiEcho: Predicting[0]:  [CONTEXT sampling_count=5 ]
05-05 00:04:27.918  1677  2066 I AiAiEcho: EchoTargets: 
05-05 00:04:27.918  1677  2066 I AiAiEcho: Filtered by AiAi flag check: 
05-05 00:04:27.918  1677  2066 I AiAiEcho: [CONTEXT ratelimit_period="10 SECONDS" ]
05-05 00:04:27.918   738   738 W IPCThreadState: Sending oneway calls to frozen process.
05-05 00:04:27.918  6157  6172 W IPCThreadState: call to talkWithDriver in joinThreadPool returned error: -9 (Bad file descriptor), FD: -1
05-05 00:04:27.919   738   738 W IPCThreadState: Sending oneway calls to frozen process.
05-05 00:04:27.919  1677  2066 I AiAiEcho: #remoteViewsTwiddler: feature disabled.
05-05 00:04:27.919   738   738 W IPCThreadState: Sending oneway calls to frozen process.
05-05 00:04:27.919   738   738 W IPCThreadState: Sending oneway calls to frozen process.
05-05 00:04:27.919   738   738 W IPCThreadState: Sending oneway calls to frozen process.
05-05 00:04:27.919  6157  6173 W IPCThreadState: call to talkWithDriver in joinThreadPool returned error: -9 (Bad file descriptor), FD: -1
05-05 00:04:27.920  1677  2066 I AiAiEcho: #postPredictionTargets: Sending updates to UISurface lockscreen with targets# 0 (types=[])
05-05 00:04:27.920  6157  6157 D AndroidRuntime: Shutting down VM
05-05 00:04:27.921  1677  2066 I AiAiEcho: #postPredictionTargets: Sending updates to UISurface home with targets# 0 (types=[])
05-05 00:04:27.922   738   738 W IPCThreadState: Sending oneway calls to frozen process.
05-05 00:04:27.923   738   738 W IPCThreadState: Sending oneway calls to frozen process.
05-05 00:04:27.923   738   738 W IPCThreadState: Sending oneway calls to frozen process.
05-05 00:04:27.924   738   738 D BatterySaverPolicy: accessibility changed to false, updating policy.
05-05 00:04:27.928  1124  1124 D SsBaseTemplateCard: No text view can be set up
05-05 00:04:27.928  1124  1124 D SsBaseTemplateCard: Passed-in item info is null
05-05 00:04:27.928  1124  1124 D SsBaseTemplateCard: Passed-in item info is null
05-05 00:04:27.928  1124  1124 D SsBaseTemplateCard: Passed-in item info is null
05-05 00:04:27.928  1124  1124 I SsBaseTemplateCard: Secondary card pane is null
05-05 00:04:27.934   998   998 W PageIndicator: Total number of pages invalid: 0. Assuming 1 page.
05-05 00:04:28.025  1360  6003 I NetworkScheduler.Stats: (REDACTED) Task %s/%s started execution. cause:%s exec_start_elapsed_seconds: %s
05-05 00:04:28.030  1360  5992 I NetworkScheduler.Stats: (REDACTED) Task %s/%s finished executing. cause:%s result: %s elapsed_millis: %s uptime_millis: %s exec_start_elapsed_seconds: %s
05-05 00:04:30.906   738   851 D ActivityManager: sync unfroze 3697 com.android.vending for 6
05-05 00:04:30.912   738   851 D ActivityManager: sync unfroze 3874 com.android.vending:background for 6
05-05 00:04:30.939   738  2041 W ProcessStats: Tracking association SourceState{6cc0c58 com.android.vending:background/10147 ImpBg #3889} whose proc state 6 is better than process ProcessState{ab6b758 com.android.vending/10147 pkg=com.android.vending} proc state 14 (37 skipped)
05-05 00:04:30.942  3697  3697 I Finsky  : [2] SCH: job service start with id 9056.
05-05 00:04:30.966  3697  6048 I Finsky  : [174] SCH: Satisfied jobs for 9056 are: 12-1
05-05 00:04:30.972  3697  6179 I Finsky  : [180] SCH: Job 12-1 starting
05-05 00:04:30.973  3697  3697 I Finsky  : [2] WM::SCH: Logging work start for 12-1
05-05 00:04:30.982  3697  3697 I Finsky  : [2] [ContentSync] job started
05-05 00:04:31.068  3697  6182 I Finsky  : [183] App states replicator found 9 unowned apps
05-05 00:04:31.080  3697  3745 I Finsky  : [57] Completed 0 account content syncs with 0 successful.
05-05 00:04:31.080  3697  3697 I Finsky  : [2] [ContentSync] Installation state replication succeeded.
05-05 00:04:31.081  3697  3697 I Finsky  : [2] SCH: jobFinished: 12-1. TimeElapsed: 108ms.
05-05 00:04:31.081  3697  3697 I Finsky  : [2] WM::SCH: Logging work end for 12-1
05-05 00:04:31.102  3697  3742 I Finsky  : [55] SCH: Scheduling phonesky job Id: 1-1337, CT: 1777936384758, Constraints: [{ L: 14399996, D: 51632879, C: CHARGING_NONE, I: IDLE_NONE, N: NET_ANY, B: BATTERY_ANY }]
05-05 00:04:31.107  3697  3744 I Finsky  : [56] SCH: Scheduling 1 system job(s)
05-05 00:04:31.107  3697  3744 I Finsky  : [56] SCH: Scheduling system job Id: 9059, L: 11313647, D: 48546530, C: false, I: false, N: 1
05-05 00:04:31.113  3697  6179 I Finsky  : [180] SCH: job service finished with id 9056.
05-05 00:04:31.123  3697  3697 I Finsky  : [2] Memory trim requested to level 40
05-05 00:04:31.123  3697  3697 I Finsky  : [2] Flushing in-memory image cache
05-05 00:04:31.124  3874  3874 I Finsky:background: [2] Memory trim requested to level 40
05-05 00:04:31.711   738   954 D BackgroundInstallControlService: Package event received: 0
05-05 00:04:31.712   738   954 D BackgroundInstallControlService: Package event received: 0
05-05 00:04:33.046   738   911 D InetDiagMessage: Destroyed 0 sockets, proto=IPPROTO_TCP, family=AF_INET, states=14
05-05 00:04:33.046   738   911 D InetDiagMessage: Destroyed 0 sockets, proto=IPPROTO_TCP, family=AF_INET6, states=14
05-05 00:04:33.047   738   911 D InetDiagMessage: Destroyed live tcp sockets for uids={10196} in 1ms
05-05 00:04:33.047   738   911 D InetDiagMessage: Destroyed 0 sockets, proto=IPPROTO_TCP, family=AF_INET, states=14
05-05 00:04:33.047   738   911 D InetDiagMessage: Destroyed 0 sockets, proto=IPPROTO_TCP, family=AF_INET6, states=14
05-05 00:04:33.047   738   911 D InetDiagMessage: Destroyed live tcp sockets for uids={20196} in 0ms
05-05 00:04:33.639  1112  1321 D SatelliteController: iisInCarrierRoamingNbIotNtn: satellite is disabled
05-05 00:04:37.977   738   851 D ActivityManager: sync unfroze 5066 com.google.android.apps.photos for 6
05-05 00:04:38.008  5066  5066 D ActivityThread: Package [com.ojoclaro.android] reported as REPLACED, but missing application info. Assuming REMOVED.
05-05 00:04:38.008  5066  5066 D ActivityThread: Package [com.ojoclaro.android] reported as REPLACED, but missing application info. Assuming REMOVED.
05-05 00:04:38.037   738   859 D ActivityManager: freezing 1646 com.google.android.gms
05-05 00:04:38.060   738   859 D ActivityManager: freezing 3981 com.google.android.adservices.api
05-05 00:04:38.104   738  2041 W JobScheduler: Job didn't exist in JobStore: e64647 #u0a169/1034 com.google.android.apps.photos/com.google.android.libraries.social.mediamonitor.MediaMonitorJobSchedulerService
05-05 00:04:38.120   738   972 W UriGrantsManagerService: No permission grants found for com.google.android.apps.photos
05-05 00:04:38.120   738   972 W UriGrantsManagerService: No permission grants found for com.google.android.apps.photos
05-05 00:04:38.188   738   972 W UriGrantsManagerService: No permission grants found for com.google.android.apps.photos
05-05 00:04:38.188   738   972 W UriGrantsManagerService: No permission grants found for com.google.android.apps.photos
05-05 00:04:38.201   738   972 W UriGrantsManagerService: No permission grants found for com.google.android.apps.photos
05-05 00:04:38.202   738   972 W UriGrantsManagerService: No permission grants found for com.google.android.apps.photos
05-05 00:04:38.296   738   911 D InetDiagMessage: Destroyed 0 sockets, proto=IPPROTO_TCP, family=AF_INET, states=14
05-05 00:04:38.296   738   911 D InetDiagMessage: Destroyed 0 sockets, proto=IPPROTO_TCP, family=AF_INET6, states=14
05-05 00:04:38.296   738   911 D InetDiagMessage: Destroyed live tcp sockets for uids={10196} in 1ms
05-05 00:04:38.536  1697  2287 I bbax    : (REDACTED) getHotwordActive::active query: %s, watch: %s, devices connected: %s
05-05 00:04:41.145   738   859 D ActivityManager: freezing 3697 com.android.vending
05-05 00:04:41.148   738   859 D ActivityManager: freezing 3874 com.android.vending:background
05-05 00:04:41.285   738   911 D InetDiagMessage: Destroyed 0 sockets, proto=IPPROTO_TCP, family=AF_INET, states=14
05-05 00:04:41.286   738   911 D InetDiagMessage: Destroyed 0 sockets, proto=IPPROTO_TCP, family=AF_INET6, states=14
05-05 00:04:41.286   738   911 D InetDiagMessage: Destroyed live tcp sockets for uids={10147} in 1ms
05-05 00:04:43.123   738   911 D InetDiagMessage: Destroyed 0 sockets, proto=IPPROTO_TCP, family=AF_INET, states=14
05-05 00:04:43.123   738   911 D InetDiagMessage: Destroyed 0 sockets, proto=IPPROTO_TCP, family=AF_INET6, states=14
05-05 00:04:43.123   738   911 D InetDiagMessage: Destroyed live tcp sockets for uids={10169} in 1ms
05-05 00:04:43.123   738   911 D InetDiagMessage: Destroyed 0 sockets, proto=IPPROTO_TCP, family=AF_INET, states=14
05-05 00:04:43.123   738   911 D InetDiagMessage: Destroyed 0 sockets, proto=IPPROTO_TCP, family=AF_INET6, states=14
05-05 00:04:43.123   738   911 D InetDiagMessage: Destroyed live tcp sockets for uids={20169} in 1ms
05-05 00:04:43.654  1112  1321 D SatelliteController: iisInCarrierRoamingNbIotNtn: satellite is disabled
05-05 00:04:44.463   738   859 D ActivityManager: freezing 4978 com.android.keychain
05-05 00:04:44.463   738   859 D ActivityManager: freezing 4782 com.android.settings
05-05 00:04:48.123   738   859 D ActivityManager: freezing 5066 com.google.android.apps.photos
05-05 00:04:48.126   738   911 D InetDiagMessage: Destroyed 0 sockets, proto=IPPROTO_TCP, family=AF_INET, states=14
05-05 00:04:48.126   738   911 D InetDiagMessage: Destroyed 0 sockets, proto=IPPROTO_TCP, family=AF_INET6, states=14
05-05 00:04:48.126   738   911 D InetDiagMessage: Destroyed live tcp sockets for uids={10169} in 1ms
05-05 00:04:53.663  1112  1321 D SatelliteController: iisInCarrierRoamingNbIotNtn: satellite is disabled
05-05 00:05:03.665  1112  1321 D SatelliteController: iisInCarrierRoamingNbIotNtn: satellite is disabled
05-05 00:05:12.271  1350  2956 I GoogleTTSServiceImpl: Synthesis request for locale spa-USA and name es-US-language
05-05 00:05:12.272  1350  2956 I GoogleTTSServiceImpl: TTS dispatch: es-us-x-esc-seanet-embedded
05-05 00:05:12.369   564   610 D NativePermissionController: checkPermission: missing 1 for 10152
05-05 00:05:12.369   564   610 D NativePermissionController: checkPermission: missing 3 for 10152
05-05 00:05:12.369   564   610 D NativePermissionController: checkPermission: missing 5 for 10152
05-05 00:05:12.370   564   610 W AudioFlinger: createTrack_l(): mismatch between requested flags (00000008) and output flags (00000002)
05-05 00:05:12.370   564   610 D AudioFlinger: Client defaulted notificationFrames to 2048 for frameCount 4096
05-05 00:05:12.371   564   610 I AF::PthrPatchRecord: creating track with enforcement level 0
05-05 00:05:12.379   738  2041 E AppOps  : attributionTag  not declared in manifest of com.google.android.tts
05-05 00:05:12.380   564  5340 D NativePermissionController: checkPermission: missing 13 for 10152
05-05 00:05:12.381   564  5340 D NativePermissionController: checkPermission: missing 13 for 10152
05-05 00:05:12.382   738  2041 I AS.AudioService: AudioHardening background playback would be muted for com.google.android.tts (10152), level: full
05-05 00:05:12.383   564  5340 D NativePermissionController: checkPermission: missing 13 for 10152
05-05 00:05:12.384   564  5340 D NativePermissionController: checkPermission: missing 13 for 10152
05-05 00:05:12.441  1360  1360 D BoundBrokerSvc: onRebind: Intent { act=com.google.android.gms.common.telemetry.service.START dat=chimera-action:/... xflg=0x4 cmp=com.google.android.gms/.chimera.PersistentApiService }
05-05 00:05:12.449   564   668 D AudioFlinger: mixer(0x7b37ef4a3770) throttle end: throttle time(34)
05-05 00:05:13.061   564   668 D AudioFlinger: mixer(0x7b37ef4a3770) throttle end: throttle time(2)
05-05 00:05:13.679  1112  1321 D SatelliteController: iisInCarrierRoamingNbIotNtn: satellite is disabled
05-05 00:05:15.263   564   668 D AF::Track: interceptBuffer: took 2337us to intercept 0 tracks
05-05 00:05:15.464   564   668 D AudioFlinger: mixer(0x7b37ef4a3770) throttle end: throttle time(4)
05-05 00:05:16.987   564   668 D AudioFlinger: mixer(0x7b37ef4a3770) throttle end: throttle time(6)
05-05 00:05:17.347   564   668 D AudioFlinger: mixer(0x7b37ef4a3770) throttle end: throttle time(3)
05-05 00:05:17.487  1360  1360 D BoundBrokerSvc: onUnbind: Intent { act=com.google.android.gms.common.telemetry.service.START dat=chimera-action:/... xflg=0x4 cmp=com.google.android.gms/.chimera.PersistentApiService }
05-05 00:05:17.626  1350  2960 D AudioTrack: stop(91): called with 126160 frames delivered
05-05 00:05:17.628   738  2041 E AppOps  : attributionTag  not declared in manifest of com.google.android.tts
05-05 00:05:18.423  6197  6197 D AndroidRuntime: >>>>>> START com.android.internal.os.RuntimeInit uid 2000 <<<<<<
05-05 00:05:18.429  6197  6197 I AndroidRuntime: Using default boot image
05-05 00:05:18.429  6197  6197 I AndroidRuntime: Leaving lock profiling enabled
05-05 00:05:18.432  6197  6197 I app_process: Using CollectorTypeCMC GC.
05-05 00:05:18.510  6197  6197 D nativeloader: InitDefaultPublicLibraries for_preload=1: libandroid.so:libaaudio.so:libamidi.so:libbinder_ndk.so:libc.so:libcamera2ndk.so:libdl.so:libEGL.so:libGLESv1_CM.so:libGLESv2.so:libGLESv3.so:libicu.so:libicui18n.so:libicuuc.so:libjnigraphics.so:liblog.so:libmediandk.so:libm.so:libnativehelper.so:libnativewindow.so:libOpenMAXAL.so:libOpenSLES.so:libRS.so:libstdc++.so:libsync.so:libvulkan.so:libwebviewchromium_plat_support.so:libz.so
05-05 00:05:18.523  6197  6197 D nativeloader: Load libicu_jni.so using APEX ns com_android_art for caller /apex/com.android.art/javalib/core-oj.jar: ok
05-05 00:05:18.523  6197  6197 D app_process: u_setTimeZoneFilesDirectory("/apex/com.android.tzdata/etc/tz/versioned/9/icu") succeeded. 
05-05 00:05:18.523  6197  6197 D app_process: I18n APEX ICU file found: /apex/com.android.i18n/etc/icu/icudt76l.dat
05-05 00:05:18.526  6197  6197 D nativeloader: Load libjavacore.so using APEX ns com_android_art for caller /apex/com.android.art/javalib/core-oj.jar: ok
05-05 00:05:18.527  6197  6197 D nativeloader: Load libopenjdk.so using APEX ns com_android_art for caller /apex/com.android.art/javalib/core-oj.jar: ok
05-05 00:05:18.528  6197  6197 W app_process: Unexpected CPU variant for x86: x86_64.
05-05 00:05:18.528  6197  6197 W app_process: Known variants: atom, sandybridge, silvermont, goldmont, goldmont-plus, goldmont-without-sha-xsaves, tremont, kabylake, alderlake, default
05-05 00:05:18.530  6197  6197 W app_process: ClassLoaderContext shared library size mismatch. Expected=2, found=0 (PCL[]{PCL[/system/framework/android.test.base.jar*2789897741]#PCL[/system/framework/android.test.mock.jar*3361312393]} | PCL[])
05-05 00:05:18.531  6197  6197 W app_process: ClassLoaderContext classpath size mismatch. expected=0, found=1 (PCL[]{PCL[/system/framework/android.test.runner.jar*895143020]#PCL[/system/framework/android.test.base.jar*2789897741]} | PCL[/system/framework/android.test.runner.jar*895143020])
05-05 00:05:18.551  6197  6197 D nativeloader: Load libframework-connectivity-tiramisu-jni.so using APEX ns com_android_tethering for caller /apex/com.android.tethering/javalib/framework-connectivity-t.jar: ok
05-05 00:05:18.552  6197  6197 D AndroidRuntime: Calling main entry com.android.commands.uiautomator.Launcher
05-05 00:05:18.556  6197  6197 I AconfigPackage: android.media.swcodec.flags is mapped to com.android.media.swcodec
05-05 00:05:18.556  6197  6197 I AconfigPackage: com.google.android.settings.simplemode.flags is mapped to system_ext
05-05 00:05:18.556  6197  6197 I AconfigPackage: com.google.android.systemui is mapped to system_ext
05-05 00:05:18.556  6197  6197 I AconfigPackage: com.google.android.apps.nexuslauncher is mapped to system_ext
05-05 00:05:18.556  6197  6197 I AconfigPackage: com.android.settings.accessibility is mapped to system_ext
05-05 00:05:18.556  6197  6197 I AconfigPackage: com.android.settings.flags is mapped to system_ext
05-05 00:05:18.556  6197  6197 I AconfigPackage: com.google.android.apps.miphone.aiai.matchmaker.overview.ui is mapped to system_ext
05-05 00:05:18.556  6197  6197 I AconfigPackage: com.google.android.settings.flags is mapped to system_ext
05-05 00:05:18.556  6197  6197 I AconfigPackage: com.android.launcher3 is mapped to system_ext
05-05 00:05:18.556  6197  6197 I AconfigPackage: com.android.wallpaper is mapped to system_ext
05-05 00:05:18.556  6197  6197 I AconfigPackage: com.android.settings.media_drm is mapped to system_ext
05-05 00:05:18.556  6197  6197 I AconfigPackage: com.android.systemui.accessibility.accessibilitymenu is mapped to system_ext
05-05 00:05:18.556  6197  6197 I AconfigPackage: com.android.settings.keyboard is mapped to system_ext
05-05 00:05:18.556  6197  6197 I AconfigPackage: com.android.server.policy.feature.flags is mapped to system_ext
05-05 00:05:18.556  6197  6197 I AconfigPackage: com.android.settings.factory_reset is mapped to system_ext
05-05 00:05:18.556  6197  6197 I AconfigPackage: com.google.android.haptics.flags is mapped to system_ext
05-05 00:05:18.556  6197  6197 I AconfigPackage: com.android.permission.flags is mapped to com.android.permission
05-05 00:05:18.556  6197  6197 I AconfigPackage: com.android.icu is mapped to com.android.i18n
05-05 00:05:18.557  6197  6197 I AconfigPackage: com.android.appsearch.flags is mapped to com.android.appsearch
05-05 00:05:18.557  6197  6197 I AconfigPackage: android.uprobestats.mainline.flags is mapped to com.android.uprobestats
05-05 00:05:18.557  6197  6197 I AconfigPackage: android.provider.flags is mapped to com.android.configinfrastructure
05-05 00:05:18.557  6197  6197 I AconfigPackage: com.android.server.deviceconfig is mapped to com.android.configinfrastructure
05-05 00:05:18.557  6197  6197 I AconfigPackage: com.android.nfc.flags is mapped to system
05-05 00:05:18.557  6197  6197 I AconfigPackage: android.app.admin.flags is mapped to system
05-05 00:05:18.557  6197  6197 I AconfigPackage: android.database.sqlite is mapped to system
05-05 00:05:18.557  6197  6197 I AconfigPackage: com.android.providers.calendar is mapped to system
05-05 00:05:18.557  6197  6197 I AconfigPackage: com.android.server.power.feature.flags is mapped to system
05-05 00:05:18.558  6197  6197 I AconfigPackage: com.android.media.performance.flags is mapped to system
05-05 00:05:18.558  6197  6197 I AconfigPackage: android.app.contextualsearch.flags is mapped to system
05-05 00:05:18.558  6197  6197 I AconfigPackage: android.app.ondeviceintelligence.flags is mapped to system
05-05 00:05:18.558  6197  6197 I AconfigPackage: com.android.media.projection.flags is mapped to system
05-05 00:05:18.558  6197  6197 I AconfigPackage: android.companion is mapped to system
05-05 00:05:18.558  6197  6197 I AconfigPackage: android.service.controls.flags is mapped to system
05-05 00:05:18.558  6197  6197 I AconfigPackage: com.android.text.flags is mapped to system
05-05 00:05:18.558  6197  6197 I AconfigPackage: com.android.providers.contactkeys.flags is mapped to system
05-05 00:05:18.558  6197  6197 I AconfigPackage: com.android.intentresolver is mapped to system
05-05 00:05:18.558  6197  6197 I AconfigPackage: android.companion.virtualdevice.flags is mapped to system
05-05 00:05:18.558  6197  6197 I AconfigPackage: android.uprobestats.flags is mapped to system
05-05 00:05:18.558  6197  6197 I AconfigPackage: com.android.net.thread.platform.flags is mapped to system
05-05 00:05:18.558  6197  6197 I AconfigPackage: android.view.contentprotection.flags is mapped to system
05-05 00:05:18.558  6197  6197 I AconfigPackage: com.android.server.dreams is mapped to system
05-05 00:05:18.558  6197  6197 I AconfigPackage: com.android.graphics.surfaceflinger.flags is mapped to system
05-05 00:05:18.558  6197  6197 I AconfigPackage: com.android.hardware.input is mapped to system
05-05 00:05:18.558  6197  6197 I AconfigPackage: android.sdk is mapped to system
05-05 00:05:18.558  6197  6197 I AconfigPackage: com.android.input.flags is mapped to system
05-05 00:05:18.558  6197  6197 I AconfigPackage: android.tracing is mapped to system
05-05 00:05:18.558  6197  6197 I AconfigPackage: com.android.server.biometrics is mapped to system
05-05 00:05:18.558  6197  6197 I AconfigPackage: android.view.contentcapture.flags is mapped to system
05-05 00:05:18.558  6197  6197 I AconfigPackage: android.app.job is mapped to system
05-05 00:05:18.558  6197  6197 I AconfigPackage: android.content.res is mapped to system
05-05 00:05:18.558  6197  6197 I AconfigPackage: android.net.platform.flags is mapped to system
05-05 00:05:18.558  6197  6197 I AconfigPackage: com.android.aconfig.flags is mapped to system
05-05 00:05:18.558  6197  6197 I AconfigPackage: com.android.graphics.flags is mapped to system
05-05 00:05:18.558  6197  6197 I AconfigPackage: android.server.app is mapped to system
05-05 00:05:18.558  6197  6197 I AconfigPackage: android.speech.flags is mapped to system
05-05 00:05:18.558  6197  6197 I AconfigPackage: com.android.server.stats is mapped to system
05-05 00:05:18.558  6197  6197 I AconfigPackage: android.hardware.biometrics is mapped to system
05-05 00:05:18.558  6197  6197 I AconfigPackage: android.car.feature is mapped to system
05-05 00:05:18.558  6197  6197 I AconfigPackage: android.adpf is mapped to system
05-05 00:05:18.558  6197  6197 I AconfigPackage: android.location.flags is mapped to system
05-05 00:05:18.558  6197  6197 I AconfigPackage: com.android.settingslib.flags is mapped to system
05-05 00:05:18.558  6197  6197 I AconfigPackage: com.android.managedprovisioning.flags is mapped to system
05-05 00:05:18.558  6197  6197 I AconfigPackage: android.app.assist.flags is mapped to system
05-05 00:05:18.558  6197  6197 I AconfigPackage: com.android.server.net is mapped to system
05-05 00:05:18.558  6197  6197 I AconfigPackage: com.android.settingslib.widget.flags is mapped to system
05-05 00:05:18.558  6197  6197 I AconfigPackage: com.android.internal.camera.flags is mapped to system
05-05 00:05:18.558  6197  6197 I AconfigPackage: com.android.hardware.libsensor.flags is mapped to system
05-05 00:05:18.559  6197  6197 I AconfigPackage: com.android.internal.jank is mapped to system
05-05 00:05:18.559  6197  6197 I AconfigPackage: com.android.providers.settings is mapped to system
05-05 00:05:18.559  6197  6197 I AconfigPackage: android.multiuser is mapped to system
05-05 00:05:18.559  6197  6197 I AconfigPackage: com.android.server.power.optimization is mapped to system
05-05 00:05:18.559  6197  6197 I AconfigPackage: com.android.calllogbackup is mapped to system
05-05 00:05:18.559  6197  6197 I AconfigPackage: com.android.media.flags is mapped to system
05-05 00:05:18.559  6197  6197 I AconfigPackage: com.android.server.flags is mapped to system
05-05 00:05:18.559  6197  6197 I AconfigPackage: com.android.graphics.libvulkan.flags is mapped to system
05-05 00:05:18.559  6197  6197 I AconfigPackage: android.app.appfunctions.flags is mapped to system
05-05 00:05:18.559  6197  6197 I AconfigPackage: android.app.smartspace.flags is mapped to system
05-05 00:05:18.559  6197  6197 I AconfigPackage: com.android.providers.contacts.flags is mapped to system
05-05 00:05:18.559  6197  6197 I AconfigPackage: com.android.shell.flags is mapped to system
05-05 00:05:18.559  6197  6197 I AconfigPackage: com.android.media.aaudio is mapped to system
05-05 00:05:18.559  6197  6197 I AconfigPackage: android.hardware.radio is mapped to system
05-05 00:05:18.559  6197  6197 I AconfigPackage: com.google.wear.services.infra.flags is mapped to system
05-05 00:05:18.559  6197  6197 I AconfigPackage: suspend_service.flags is mapped to system
05-05 00:05:18.559  6197  6197 I AconfigPackage: android.media.midi is mapped to system
05-05 00:05:18.559  6197  6197 I AconfigPackage: com.android.libcore.readonly is mapped to system
05-05 00:05:18.559  6197  6197 I AconfigPackage: com.android.settingslib.widget.selectorwithwidgetpreference.flags is mapped to system
05-05 00:05:18.559  6197  6197 I AconfigPackage: android.service.notification is mapped to system
05-05 00:05:18.559  6197  6197 I AconfigPackage: com.android.systemui.shared is mapped to system
05-05 00:05:18.559  6197  6197 I AconfigPackage: android.app.jank is mapped to system
05-05 00:05:18.559  6197  6197 I AconfigPackage: android.app.wearable is mapped to system
05-05 00:05:18.559  6197  6197 I AconfigPackage: com.android.media.audio is mapped to system
05-05 00:05:18.560  6197  6197 I AconfigPackage: android.service.chooser is mapped to system
05-05 00:05:18.560  6197  6197 I AconfigPackage: com.android.server.compat is mapped to system
05-05 00:05:18.560  6197  6197 I AconfigPackage: com.android.server.alarm is mapped to system
05-05 00:05:18.560  6197  6197 I AconfigPackage: com.android.apex.flags is mapped to system
05-05 00:05:18.560  6197  6197 I AconfigPackage: android.service.quickaccesswallet is mapped to system
05-05 00:05:18.560  6197  6197 I AconfigPackage: android.app.usage is mapped to system
05-05 00:05:18.560  6197  6197 I AconfigPackage: com.android.server.accessibility is mapped to system
05-05 00:05:18.560  6197  6197 I AconfigPackage: android.app.supervision.flags is mapped to system
05-05 00:05:18.560  6197  6197 I AconfigPackage: com.android.server.utils is mapped to system
05-05 00:05:18.560  6197  6197 I AconfigPackage: android.chre.flags is mapped to system
05-05 00:05:18.560  6197  6197 I AconfigPackage: android.content.flags is mapped to system
05-05 00:05:18.560  6197  6197 I AconfigPackage: android.media.codec is mapped to system
05-05 00:05:18.560  6197  6197 I AconfigPackage: com.android.internal.os is mapped to system
05-05 00:05:18.560  6197  6197 I AconfigPackage: com.android.nfc.nci.flags is mapped to system
05-05 00:05:18.560  6197  6197 I AconfigPackage: android.app is mapped to system
05-05 00:05:18.560  6197  6197 I AconfigPackage: android.security.keystore2 is mapped to system
05-05 00:05:18.560  6197  6197 I AconfigPackage: android.crashrecovery.flags is mapped to system
05-05 00:05:18.560  6197  6197 I AconfigPackage: com.android.tradeinmode.flags is mapped to system
05-05 00:05:18.560  6197  6197 I AconfigPackage: android.hardware.flags is mapped to system
05-05 00:05:18.560  6197  6197 I AconfigPackage: com.android.server.telecom.flags is mapped to system
05-05 00:05:18.560  6197  6197 I AconfigPackage: com.android.settingslib.media.flags is mapped to system
05-05 00:05:18.560  6197  6197 I AconfigPackage: com.android.server.policy is mapped to system
05-05 00:05:18.560  6197  6197 I AconfigPackage: android.media.audiopolicy is mapped to system
05-05 00:05:18.560  6197  6197 I AconfigPackage: com.android.egg.flags is mapped to system
05-05 00:05:18.560  6197  6197 I AconfigPackage: com.android.internal.compat.flags is mapped to system
05-05 00:05:18.560  6197  6197 I AconfigPackage: android.security is mapped to system
05-05 00:05:18.560  6197  6197 I AconfigPackage: android.service.autofill is mapped to system
05-05 00:05:18.560  6197  6197 I AconfigPackage: com.example.android.aconfig.demo.flags is mapped to system
05-05 00:05:18.560  6197  6197 I AconfigPackage: android.view.flags is mapped to system
05-05 00:05:18.560  6197  6197 I AconfigPackage: android.companion.virtual.flags is mapped to system
05-05 00:05:18.560  6197  6197 I AconfigPackage: com.android.aconfig_new_storage is mapped to system
05-05 00:05:18.560  6197  6197 I AconfigPackage: com.android.server.feature.flags is mapped to system
05-05 00:05:18.560  6197  6197 I AconfigPackage: com.android.systemui is mapped to system
05-05 00:05:18.560  6197  6197 I AconfigPackage: com.android.server.power.batterysaver is mapped to system
05-05 00:05:18.560  6197  6197 I AconfigPackage: android.widget.flags is mapped to system
05-05 00:05:18.560  6197  6197 I AconfigPackage: com.android.media.editing.flags is mapped to system
05-05 00:05:18.560  6197  6197 I AconfigPackage: com.android.media.codec.flags is mapped to system
05-05 00:05:18.560  6197  6197 I AconfigPackage: com.android.server.powerstats is mapped to system
05-05 00:05:18.560  6197  6197 I AconfigPackage: com.android.graphics.egl.flags is mapped to system
05-05 00:05:18.560  6197  6197 I AconfigPackage: com.android.media.audioserver is mapped to system
05-05 00:05:18.561  6197  6197 I AconfigPackage: com.android.server.deviceidle is mapped to system
05-05 00:05:18.561  6197  6197 I AconfigPackage: android.nfc is mapped to system
05-05 00:05:18.561  6197  6197 I AconfigPackage: android.permission.flags is mapped to system
05-05 00:05:18.561  6197  6197 I AconfigPackage: android.service.voice.flags is mapped to system
05-05 00:05:18.561  6197  6197 I AconfigPackage: android.content.pm is mapped to system
05-05 00:05:18.561  6197  6197 I AconfigPackage: com.android.server.power.hint is mapped to system
05-05 00:05:18.561  6197  6197 I AconfigPackage: android.os is mapped to system
05-05 00:05:18.561  6197  6197 I AconfigPackage: android.service.dreams is mapped to system
05-05 00:05:18.561  6197  6197 I AconfigPackage: com.android.graphics.libgui.flags is mapped to system
05-05 00:05:18.561  6197  6197 I AconfigPackage: android.hardware.usb.flags is mapped to system
05-05 00:05:18.561  6197  6197 I AconfigPackage: android.provider is mapped to system
05-05 00:05:18.561  6197  6197 I AconfigPackage: com.android.server.job is mapped to system
05-05 00:05:18.561  6197  6197 I AconfigPackage: com.android.internal.foldables.flags is mapped to system
05-05 00:05:18.561  6197  6197 I AconfigPackage: com.android.internal.telephony.flags is mapped to system
05-05 00:05:18.561  6197  6197 I AconfigPackage: android.webkit is mapped to system
05-05 00:05:18.561  6197  6197 I AconfigPackage: android.credentials.flags is mapped to system
05-05 00:05:18.561  6197  6197 I AconfigPackage: com.android.server.display.feature.flags is mapped to system
05-05 00:05:18.561  6197  6197 I AconfigPackage: com.android.server.notification is mapped to system
05-05 00:05:18.561  6197  6197 I AconfigPackage: android.appwidget.flags is mapped to system
05-05 00:05:18.561  6197  6197 I AconfigPackage: com.android.frameworks.sensorservice.flags is mapped to system
05-05 00:05:18.561  6197  6197 I AconfigPackage: com.android.printspooler.flags is mapped to system
05-05 00:05:18.561  6197  6197 I AconfigPackage: com.android.window.flags is mapped to system
05-05 00:05:18.561  6197  6197 I AconfigPackage: android.adaptiveauth is mapped to system
05-05 00:05:18.561  6197  6197 I AconfigPackage: android.net.wifi.flags is mapped to system
05-05 00:05:18.561  6197  6197 I AconfigPackage: android.media.tv.flags is mapped to system
05-05 00:05:18.561  6197  6197 I AconfigPackage: com.android.server.usb.flags is mapped to system
05-05 00:05:18.561  6197  6197 I AconfigPackage: android.os.vibrator is mapped to system
05-05 00:05:18.561  6197  6197 I AconfigPackage: android.hardware.devicestate.feature.flags is mapped to system
05-05 00:05:18.561  6197  6197 I AconfigPackage: com.android.server.usage is mapped to system
05-05 00:05:18.561  6197  6197 I AconfigPackage: android.server is mapped to system
05-05 00:05:18.561  6197  6197 I AconfigPackage: com.android.wm.shell is mapped to system
05-05 00:05:18.561  6197  6197 I AconfigPackage: android.view.inputmethod is mapped to system
05-05 00:05:18.561  6197  6197 I AconfigPackage: com.android.graphics.hwui.flags is mapped to system
05-05 00:05:18.561  6197  6197 I AconfigPackage: com.android.server.backup is mapped to system
05-05 00:05:18.561  6197  6197 I AconfigPackage: com.android.internal.pm.pkg.component.flags is mapped to system
05-05 00:05:18.561  6197  6197 I AconfigPackage: android.view.accessibility is mapped to system
05-05 00:05:18.561  6197  6197 I AconfigPackage: com.google.wear.sdk is mapped to system
05-05 00:05:18.561  6197  6197 I AconfigPackage: android.media.audio is mapped to system
05-05 00:05:18.561  6197  6197 I AconfigPackage: com.android.server.am is mapped to system
05-05 00:05:18.561  6197  6197 I AconfigPackage: com.android.media.playback.flags is mapped to system
05-05 00:05:18.562  6197  6197 I AconfigPackage: com.android.art.flags is mapped to com.android.art
