05-04 05:43:49.196  2730  3061 D AccessibilitySourceService: a11y source sending 0 issue to sc
05-04 05:43:49.197   768  2295 D SafetySourceDataValidat: No cert check requested for package com.google.android.permissioncontroller
05-04 05:43:49.198   768  1867 E AppOps  : attributionTag  not declared in manifest of com.google.android.tts
05-04 05:43:49.199   560   657 D NativePermissionController: checkPermission: missing 13 for 10152
05-04 05:43:49.200   560   657 D NativePermissionController: checkPermission: missing 13 for 10152
05-04 05:43:49.201   560   657 D NativePermissionController: checkPermission: missing 13 for 10152
05-04 05:43:49.202   560   657 D NativePermissionController: checkPermission: missing 13 for 10152
05-04 05:43:49.222   768   806 I AS.AudioService: AudioHardening background playback would be muted for com.google.android.tts (10152), level: full
05-04 05:43:49.290   560   688 D AudioFlinger: mixer(0x7d2d2453c770) throttle end: throttle time(36)
05-04 05:43:50.183  1611  1679 W MediaProvider: isAppCloneUserPair for user 0: false
05-04 05:43:50.190  6626  6626 W AccessibilityNodeInfoDumper: Fetch time: 10ms
05-04 05:43:50.192   768  1867 V AccessibilityManagerService: onUserStateChangedLocked for userId: 0, forceUpdate: false
05-04 05:43:50.193   768   977 D BackgroundInstallControlService: Package event received: 0
05-04 05:43:50.194   768   977 D BackgroundInstallControlService: Package event received: 0
05-04 05:43:50.195   768   977 D BackgroundInstallControlService: Package event received: 0
05-04 05:43:50.197   768  1867 W MagnificationConnectionManager: requestConnection duplicated request: connect=false, mConnectionState=DISCONNECTED
05-04 05:43:50.198   768  1867 D AccessibilityManagerService: restoreCurrentUserForTestAutomationIfNeededLocked(): ignoring because device doesn't support visible background users
05-04 05:43:50.198   768   768 W IPCThreadState: Sending oneway calls to frozen process.
05-04 05:43:50.199   768   768 W IPCThreadState: Sending oneway calls to frozen process.
05-04 05:43:50.199   768   768 W IPCThreadState: Sending oneway calls to frozen process.
05-04 05:43:50.199   768   768 W IPCThreadState: Sending oneway calls to frozen process.
05-04 05:43:50.199   768   768 W IPCThreadState: Sending oneway calls to frozen process.
05-04 05:43:50.199  6626  6626 D AndroidRuntime: Shutting down VM
05-04 05:43:50.200   768   768 W IPCThreadState: Sending oneway calls to frozen process.
05-04 05:43:50.200  6626  6635 W IPCThreadState: call to talkWithDriver in joinThreadPool returned error: -9 (Bad file descriptor), FD: -1
05-04 05:43:50.200   768   768 W IPCThreadState: Sending oneway calls to frozen process.
05-04 05:43:50.200  6626  6640 W IPCThreadState: call to talkWithDriver in joinThreadPool returned error: -9 (Bad file descriptor), FD: -1
05-04 05:43:50.200   768   768 W IPCThreadState: Sending oneway calls to frozen process.
05-04 05:43:50.200  6626  6636 W IPCThreadState: call to talkWithDriver in joinThreadPool returned error: -9 (Bad file descriptor), FD: -1
05-04 05:43:50.200   768   768 W IPCThreadState: Sending oneway calls to frozen process.
05-04 05:43:50.200   768   768 W IPCThreadState: Sending oneway calls to frozen process.
05-04 05:43:50.218   768  2295 D ActivityManager: sync unfroze 1727 com.google.android.gms for 6
05-04 05:43:50.220  4352  4389 D AudioTrack: stop(105): called with 25560 frames delivered
05-04 05:43:50.220   768  2295 D ActivityManager: sync unfroze 4093 com.google.android.adservices.api for 6
05-04 05:43:50.220   768  1867 E AppOps  : attributionTag  not declared in manifest of com.google.android.tts
05-04 05:43:50.225   768  1867 I MediaFocusControl: abandonAudioFocus() from uid/pid 10171/3919 clientId=android.media.AudioManager@7ebb9c0com.google.android.accessibility.utils.output.SpeechControllerImpl$5@c76c6f9 callingPack=com.google.android.marvin.talkback
05-04 05:43:50.227   768   806 W ProcessStats: Tracking association SourceState{c17becf com.google.android.gms.persistent/10145 ImpBg #3964} whose proc state 6 is better than process ProcessState{12a8888 com.google.android.gms/10145 pkg=com.google.android.gms} proc state 15 (7 skipped)
05-04 05:43:50.238   768   806 V AccessibilityManagerService: onUserStateChangedLocked for userId: 0, forceUpdate: false
05-04 05:43:50.239   768   806 W MagnificationConnectionManager: requestConnection duplicated request: connect=false, mConnectionState=DISCONNECTED
05-04 05:43:50.239  1373  4956 I NetworkScheduler.Stats: (REDACTED) Task %s/%s started execution. cause:%s exec_start_elapsed_seconds: %s
05-04 05:43:50.239   768   768 W IPCThreadState: Sending oneway calls to frozen process.
05-04 05:43:50.239   768   768 W IPCThreadState: Sending oneway calls to frozen process.
05-04 05:43:50.239   768   768 W IPCThreadState: Sending oneway calls to frozen process.
05-04 05:43:50.239   768   768 W IPCThreadState: Sending oneway calls to frozen process.
05-04 05:43:50.240   768   768 W IPCThreadState: Sending oneway calls to frozen process.
05-04 05:43:50.240   768   768 W IPCThreadState: Sending oneway calls to frozen process.
05-04 05:43:50.240   768   768 W IPCThreadState: Sending oneway calls to frozen process.
05-04 05:43:50.240   768   768 W IPCThreadState: Sending oneway calls to frozen process.
05-04 05:43:50.241   768   768 W IPCThreadState: Sending oneway calls to frozen process.
05-04 05:43:50.241   768   768 W IPCThreadState: Sending oneway calls to frozen process.
05-04 05:43:50.241  1091  1109 I BluetoothAdapterServiceBinder: cancelDiscovery: from uid/pid=10171/3919
05-04 05:43:50.241  1091  1220 I bt_btif_dm: system/btif/src/btif_dm.cc:2409 btif_dm_cancel_discovery: Cancel search
05-04 05:43:50.241  1091  1220 I bt_bta_sd: system/bta/dm/bta_dm_device_search.cc:780 bta_dm_search_sm_execute: state:BTA_DM_SEARCH_IDLE, event:BTA_DM_API_SEARCH_CANCEL_EVT[0x1]
05-04 05:43:50.242  2730  3061 D AccessibilitySourceService: enabled a11y services count 1
05-04 05:43:50.242  2730  3061 D AccessibilitySourceService: a11y source sending 0 issue to sc
05-04 05:43:50.242   768   806 D SafetySourceDataValidat: No cert check requested for package com.google.android.permissioncontroller
05-04 05:43:50.248   768   806 D TextToSpeechManagerPerUserService: Unbinding TTS engine: com.google.android.tts. Reason: client disconnection request
05-04 05:43:50.249  3919  3919 E talkback: PackageManagerUtils: Could not find package: com.google.android.aicore
05-04 05:43:50.250   768   768 W TextToSpeechManagerPerUserService: Disconnected from TTS engine
05-04 05:43:50.250  1727  6644 I GmscoreIpa: Starting mediastore instant index [CONTEXT service_id=255 ]
05-04 05:43:50.250   768   768 W ServiceConnector.Impl: mayInterruptIfRunning not supported - ignoring
05-04 05:43:50.250  3919  5327 I TextToSpeech: Disconnected from TTS engine
05-04 05:43:50.252  1373  5760 I NetworkScheduler.Stats: (REDACTED) Task %s/%s finished executing. cause:%s result: %s elapsed_millis: %s uptime_millis: %s exec_start_elapsed_seconds: %s
05-04 05:43:50.258   768   768 V AccessibilityManagerService: onUserStateChangedLocked for userId: 0, forceUpdate: false
05-04 05:43:50.260   768   768 W IPCThreadState: Sending oneway calls to frozen process.
05-04 05:43:50.260   768   768 W IPCThreadState: Sending oneway calls to frozen process.
05-04 05:43:50.261   768   768 W IPCThreadState: Sending oneway calls to frozen process.
05-04 05:43:50.261   768   768 W IPCThreadState: Sending oneway calls to frozen process.
05-04 05:43:50.261   768   768 W IPCThreadState: Sending oneway calls to frozen process.
05-04 05:43:50.262  2730  3061 D AccessibilitySourceService: enabled a11y services count 1
05-04 05:43:50.262  2730  3061 D AccessibilitySourceService: a11y source sending 0 issue to sc
05-04 05:43:50.262   768  2295 D SafetySourceDataValidat: No cert check requested for package com.google.android.permissioncontroller
05-04 05:43:50.263   768   768 W IPCThreadState: Sending oneway calls to frozen process.
05-04 05:43:50.263   768   768 W IPCThreadState: Sending oneway calls to frozen process.
05-04 05:43:50.263   768   768 W IPCThreadState: Sending oneway calls to frozen process.
05-04 05:43:50.263   768   768 W IPCThreadState: Sending oneway calls to frozen process.
05-04 05:43:50.264   768   768 W IPCThreadState: Sending oneway calls to frozen process.
05-04 05:43:50.264   768   768 W IPCThreadState: Sending oneway calls to frozen process.
05-04 05:43:50.264   768   768 W IPCThreadState: Sending oneway calls to frozen process.
05-04 05:43:50.264   768   768 W IPCThreadState: Sending oneway calls to frozen process.
05-04 05:43:50.265   768   768 W IPCThreadState: Sending oneway calls to frozen process.
05-04 05:43:50.265   768   768 W IPCThreadState: Sending oneway calls to frozen process.
05-04 05:43:50.277  3919  3919 I marvin.talkback: AssetManager2(0x785ef041b198) locale list changing from [] to [en-US]
05-04 05:43:50.277  3919  3919 I TextToSpeech: Sucessfully bound to com.google.android.tts
05-04 05:43:50.278   768  2467 D TextToSpeechManagerPerUserService: Trying to start connection to TTS engine: com.google.android.tts
05-04 05:43:50.278   768   768 D TextToSpeechManagerPerUserService: Connected successfully to TTS engine: com.google.android.tts
05-04 05:43:50.278  3919  5410 I TextToSpeech: Connected to TTS engine
05-04 05:43:50.280  4352  4360 I GoogleTTSServiceImpl: currentLocale = en-US
05-04 05:43:50.281  4352  4360 I GoogleTTSServiceImpl: For default lang en-us is name en-US-language (en-us-x-iog-server)
05-04 05:43:50.281  3919  6568 I TextToSpeech: Setting up the connection to TTS engine...
05-04 05:43:50.287  3919  3919 E talkback: PackageManagerUtils: Could not find package: com.google.android.aicore
05-04 05:43:50.287   768  2467 W ActivityManager: Unable to start service Intent { xflg=0x4 cmp=com.google.android.aicore/com.google.android.apps.aicore.service.multiuser.AiCoreMultiUserService } U=0: not found
05-04 05:43:50.287   768  2467 W ActivityManager: Unbind failed: could not find connection for android.os.BinderProxy@89f137a
05-04 05:43:50.288   768  2307 W ActivityManager: Unable to start service Intent { xflg=0x4 cmp=com.google.android.aicore/com.google.android.apps.aicore.service.AiCoreService } U=0: not found
05-04 05:43:50.288   768  2307 W ActivityManager: Unbind failed: could not find connection for android.os.BinderProxy@e06a72b
05-04 05:43:50.294   768  2307 V AccessibilityManagerService: onUserStateChangedLocked for userId: 0, forceUpdate: false
05-04 05:43:50.294   768  2307 W MagnificationConnectionManager: requestConnection duplicated request: connect=true, mConnectionState=CONNECTED
05-04 05:43:50.295  1580  1589 I AiAiEcho: Settings changed for uri: content://settings/secure/touch_exploration_enabled
05-04 05:43:50.295  3919  3919 W Settings: Setting device_provisioned has moved from android.provider.Settings.Secure to android.provider.Settings.Global.
05-04 05:43:50.296  1580  2005 I AiAiEcho: Predicting[0]:  [CONTEXT sampling_count=5 ]
05-04 05:43:50.296  1580  2005 I AiAiEcho: EchoTargets: 
05-04 05:43:50.296  1580  2005 I AiAiEcho: Filtered by AiAi flag check: 
05-04 05:43:50.296  1580  2005 I AiAiEcho: [CONTEXT ratelimit_period="10 SECONDS" ]
05-04 05:43:50.296  1580  2005 I AiAiEcho: #remoteViewsTwiddler: feature disabled.
05-04 05:43:50.296   768   768 W IPCThreadState: Sending oneway calls to frozen process.
05-04 05:43:50.296  1580  2005 I AiAiEcho: Predicting[0]:  [CONTEXT sampling_count=5 ]
05-04 05:43:50.296  1580  2005 I AiAiEcho: EchoTargets: 
05-04 05:43:50.296  1580  2005 I AiAiEcho: Filtered by AiAi flag check: 
05-04 05:43:50.296  1580  2005 I AiAiEcho: [CONTEXT ratelimit_period="10 SECONDS" ]
05-04 05:43:50.296   768   768 W IPCThreadState: Sending oneway calls to frozen process.
05-04 05:43:50.296   768   768 W IPCThreadState: Sending oneway calls to frozen process.
05-04 05:43:50.296  1580  2005 I AiAiEcho: #remoteViewsTwiddler: feature disabled.
05-04 05:43:50.296  3919  3919 W Settings: Setting device_provisioned has moved from android.provider.Settings.Secure to android.provider.Settings.Global.
05-04 05:43:50.297   768   768 W IPCThreadState: Sending oneway calls to frozen process.
05-04 05:43:50.297   768   768 W IPCThreadState: Sending oneway calls to frozen process.
05-04 05:43:50.297  1580  2005 I AiAiEcho: #postPredictionTargets: Sending updates to UISurface lockscreen with targets# 0 (types=[])
05-04 05:43:50.298   768   768 W IPCThreadState: Sending oneway calls to frozen process.
05-04 05:43:50.298   768   768 W IPCThreadState: Sending oneway calls to frozen process.
05-04 05:43:50.298   768   768 W IPCThreadState: Sending oneway calls to frozen process.
05-04 05:43:50.298   768   768 W IPCThreadState: Sending oneway calls to frozen process.
05-04 05:43:50.298   768   768 W IPCThreadState: Sending oneway calls to frozen process.
05-04 05:43:50.298  1022  1022 W PageIndicator: Total number of pages invalid: 0. Assuming 1 page.
05-04 05:43:50.298  1580  2005 I AiAiEcho: #postPredictionTargets: Sending updates to UISurface home with targets# 0 (types=[])
05-04 05:43:50.298   768   768 W IPCThreadState: Sending oneway calls to frozen process.
05-04 05:43:50.299   768  2307 V GrammaticalInflectionUtils: AttributionSource: android.content.AttributionSource@56db16f4 does not have READ_SYSTEM_GRAMMATICAL_GENDER permission.
05-04 05:43:50.299  1147  1147 D SsBaseTemplateCard: No text view can be set up
05-04 05:43:50.299  1147  1147 D SsBaseTemplateCard: Passed-in item info is null
05-04 05:43:50.299  1147  1147 D SsBaseTemplateCard: Passed-in item info is null
05-04 05:43:50.299  1147  1147 D SsBaseTemplateCard: Passed-in item info is null
05-04 05:43:50.299  1147  1147 I SsBaseTemplateCard: Secondary card pane is null
05-04 05:43:50.299   768   768 W IPCThreadState: Sending oneway calls to frozen process.
05-04 05:43:50.299   768  2307 W OptProp : Cannot read opt property android.window.PROPERTY_COMPAT_ALLOW_USER_ASPECT_RATIO_OVERRIDE
05-04 05:43:50.299   768  2307 W OptProp : Cannot read opt property android.window.PROPERTY_COMPAT_ALLOW_USER_ASPECT_RATIO_FULLSCREEN_OVERRIDE
05-04 05:43:50.299   768  2307 W OptProp : Cannot read opt property android.window.PROPERTY_COMPAT_ALLOW_RESIZEABLE_ACTIVITY_OVERRIDES
05-04 05:43:50.299   768  2307 W OptProp : Cannot read opt property android.window.PROPERTY_COMPAT_ALLOW_MIN_ASPECT_RATIO_OVERRIDE
05-04 05:43:50.299   768   768 W IPCThreadState: Sending oneway calls to frozen process.
05-04 05:43:50.299   768   768 W IPCThreadState: Sending oneway calls to frozen process.
05-04 05:43:50.300   768   768 W IPCThreadState: Sending oneway calls to frozen process.
05-04 05:43:50.300  2730  3061 D AccessibilitySourceService: enabled a11y services count 1
05-04 05:43:50.300  2730  3061 D AccessibilitySourceService: a11y source sending 0 issue to sc
05-04 05:43:50.300   768   806 D SafetySourceDataValidat: No cert check requested for package com.google.android.permissioncontroller
05-04 05:43:50.301   768  2307 W OptProp : Cannot read opt property android.window.PROPERTY_COMPAT_ALLOW_ORIENTATION_OVERRIDE
05-04 05:43:50.302   569   886 I BpBinder: onLastStrongRef automatically unlinking death recipients: 
05-04 05:43:50.303   768  2307 I ActivityTaskManager: START u0 {flg=0x18000020 xflg=0x4 cmp=com.google.android.marvin.talkback/com.google.android.accessibility.talkback.permission.PermissionRequestActivity (has extras)} with LAUNCH_MULTIPLE from uid 10171 (BAL_ALLOW_TOKEN) result code=0
05-04 05:43:50.303  1022  1287 V WindowManagerShell: Transition requested (#31): android.os.BinderProxy@4fc78d4 TransitionRequestInfo { type = OPEN, triggerTask = TaskInfo{userId=0 taskId=42 effectiveUid=10171 displayId=0 isRunning=true baseIntent=Intent { flg=0x18800020 cmp=com.google.android.marvin.talkback/com.google.android.accessibility.talkback.permission.PermissionRequestActivity } baseActivity=ComponentInfo{com.google.android.marvin.talkback/com.google.android.accessibility.talkback.permission.PermissionRequestActivity} topActivity=ComponentInfo{com.google.android.marvin.talkback/com.google.android.accessibility.talkback.permission.PermissionRequestActivity} origActivity=null realActivity=ComponentInfo{com.google.android.marvin.talkback/com.google.android.accessibility.talkback.permission.PermissionRequestActivity} numActivities=1 lastActiveTime=1410919 supportsMultiWindow=true resizeMode=1 isResizeable=true minWidth=-1 minHeight=-1 defaultMinSize=220 token=WCT{android.window.IWindowContainerToken$Stub$Proxy@4483a7d} topActivityType=1 pictureInPictureParams=null shouldDockBigOverlays=false launchIntoPipHostTaskId=-1 lastParentTaskIdBeforePip=-1 displayCutoutSafeInsets=Rect(0, 0 - 0, 0) topActivityInfo=ActivityInfo{e412d72 com.google.android.accessibility.talkback.permission.PermissionRequestActivity} launchCookies=[] positionInParent=Point(0, 0) parentTaskId=-1 isFocused=false isVisible=false isVisibleRequested=false isTopActivityNoDisplay=false isSleeping=false locusId=null displayAreaFeatureId=1 isTopActivityTransparent=true isActivityStackTransparent=true lastNonFullscreenBounds=Rect(284, 660 - 796, 1740) capturedLink=null capturedLinkTimestamp=0 requestedVisibleTypes=-9 topActivityRequestOpenInBrowserEducationTimestamp=0 appCompatTaskInfo=AppCompatTaskInfo { topActivityInSizeCompat=false eligibleForLetterboxEducation= false isLetterboxEducationEnabled= true isLetterboxDoubleTapEnabled= false eligibleForUserAspectRatioButton= false topActivityBoundsLetterboxed= false isFromLetterboxDoubleTap= false topActivityLetterboxVerticalPosition= -1 topActivityLetterboxHorizontalPosition= -1 topActivityLetterboxWidth=-1 topActivityLetterboxHeight=-1 topActivityAppBounds=Rect(0, 0 - 1080, 2400) isUserFullscreenOverrideEnabled=false isSystemFullscreenOverrideEnabled=false hasMinAspectRatioOverride=false topActivityLetterboxBounds=null cameraCompatTaskInfo=CameraCompatTaskInfo { freeformCameraCompatMode=inactive}} topActivityMainWindowFrame=null}, pipChange = null, remoteTransition = null, displayChange = null, flags = 0, debugId = 31 }
05-04 05:43:50.303  1022  1287 D ShellSplitScreen: logExit: no-op, mLoggerSessionId is null
05-04 05:43:50.306   768  2467 W OptProp : Cannot read opt property android.window.PROPERTY_COMPAT_ENABLE_FAKE_FOCUS
05-04 05:43:50.308   768   977 D BackgroundInstallControlService: Package event received: 0
05-04 05:43:50.312   768   977 D BackgroundInstallControlService: Package event received: 0
05-04 05:43:50.312   768   977 D BackgroundInstallControlService: Package event received: 0
05-04 05:43:50.316   768  2307 V AccessibilityManagerService: onUserStateChangedLocked for userId: 0, forceUpdate: false
05-04 05:43:50.316   768  2307 W MagnificationConnectionManager: requestConnection duplicated request: connect=true, mConnectionState=CONNECTED
05-04 05:43:50.317   768   768 W IPCThreadState: Sending oneway calls to frozen process.
05-04 05:43:50.317   768   768 W IPCThreadState: Sending oneway calls to frozen process.
05-04 05:43:50.317   768   768 W IPCThreadState: Sending oneway calls to frozen process.
05-04 05:43:50.317   768   768 W IPCThreadState: Sending oneway calls to frozen process.
05-04 05:43:50.317   768   768 W IPCThreadState: Sending oneway calls to frozen process.
05-04 05:43:50.318   768   768 W IPCThreadState: Sending oneway calls to frozen process.
05-04 05:43:50.318   768   768 W IPCThreadState: Sending oneway calls to frozen process.
05-04 05:43:50.318   768   768 W IPCThreadState: Sending oneway calls to frozen process.
05-04 05:43:50.318   768   768 W IPCThreadState: Sending oneway calls to frozen process.
05-04 05:43:50.318   768   768 W IPCThreadState: Sending oneway calls to frozen process.
05-04 05:43:50.318   569   569 I BpBinder: onLastStrongRef automatically unlinking death recipients: 
05-04 05:43:50.319  2730  3061 D AccessibilitySourceService: enabled a11y services count 1
05-04 05:43:50.319  2730  3061 D AccessibilitySourceService: a11y source sending 0 issue to sc
05-04 05:43:50.319   768   806 D SafetySourceDataValidat: No cert check requested for package com.google.android.permissioncontroller
05-04 05:43:50.319  1091  1109 I BluetoothAdapterServiceBinder: cancelDiscovery: from uid/pid=10171/3919
05-04 05:43:50.320  1091  1220 I bt_btif_dm: system/btif/src/btif_dm.cc:2409 btif_dm_cancel_discovery: Cancel search
05-04 05:43:50.320  1091  1220 I bt_bta_sd: system/bta/dm/bta_dm_device_search.cc:780 bta_dm_search_sm_execute: state:BTA_DM_SEARCH_IDLE, event:BTA_DM_API_SEARCH_CANCEL_EVT[0x1]
05-04 05:43:50.320  3919  3919 E talkback: SpeechControllerImpl: TTS is not ready. Attempted to speak before TTS was initialized. Item: {utteranceId:"", fragments:[{text:TalkBack on, earcons:[], haptics:[], speechParams:Bundle[{pitch=1.0}]nonSpeechParams:Bundle[{}]fragmentStartIndex:0}], uninterruptible:true, isGloballyUninterruptible:false, mCanIgnoreInterrupts:false, flushGlobalTtsQueue:false, flags:62, creationTime:1777873430320}
05-04 05:43:50.320  3919  3919 W Settings: Setting device_provisioned has moved from android.provider.Settings.Secure to android.provider.Settings.Global.
05-04 05:43:50.320  3919  3919 W Settings: Setting device_provisioned has moved from android.provider.Settings.Secure to android.provider.Settings.Global.
05-04 05:43:50.324   768   806 V AccessibilityManagerService: onUserStateChangedLocked for userId: 0, forceUpdate: false
05-04 05:43:50.324   768   806 W MagnificationConnectionManager: requestConnection duplicated request: connect=true, mConnectionState=CONNECTED
05-04 05:43:50.325   768   768 W IPCThreadState: Sending oneway calls to frozen process.
05-04 05:43:50.325   768   768 W IPCThreadState: Sending oneway calls to frozen process.
05-04 05:43:50.325   768   768 W IPCThreadState: Sending oneway calls to frozen process.
05-04 05:43:50.326   768   768 W IPCThreadState: Sending oneway calls to frozen process.
05-04 05:43:50.326   768   768 W IPCThreadState: Sending oneway calls to frozen process.
05-04 05:43:50.326   768   768 W IPCThreadState: Sending oneway calls to frozen process.
05-04 05:43:50.326   768   768 W IPCThreadState: Sending oneway calls to frozen process.
05-04 05:43:50.326   768   768 W IPCThreadState: Sending oneway calls to frozen process.
05-04 05:43:50.327   768   768 W IPCThreadState: Sending oneway calls to frozen process.
05-04 05:43:50.327   768   768 W IPCThreadState: Sending oneway calls to frozen process.
05-04 05:43:50.327  2730  3061 D AccessibilitySourceService: enabled a11y services count 1
05-04 05:43:50.327  2730  3061 D AccessibilitySourceService: a11y source sending 0 issue to sc
05-04 05:43:50.328   768   806 D SafetySourceDataValidat: No cert check requested for package com.google.android.permissioncontroller
05-04 05:43:50.329  3919  3919 V A11yInputMethod: startInput(): editor=android.view.inputmethod.EditorInfo@4606f0c
05-04 05:43:50.329  3919  3919 V A11yInputMethod: CALL: onStartInput
05-04 05:43:50.332   768  2307 D FileUtils: Rounded bytes from 2066784256 to 4000000000
05-04 05:43:50.334   768  2467 W OptProp : Cannot read opt property android.window.PROPERTY_COMPAT_ALLOW_USER_ASPECT_RATIO_OVERRIDE
05-04 05:43:50.334   768  2467 W OptProp : Cannot read opt property android.window.PROPERTY_COMPAT_ALLOW_USER_ASPECT_RATIO_FULLSCREEN_OVERRIDE
05-04 05:43:50.334   768  2467 W OptProp : Cannot read opt property android.window.PROPERTY_COMPAT_ALLOW_MIN_ASPECT_RATIO_OVERRIDE
05-04 05:43:50.334   768  2467 W OptProp : Cannot read opt property android.window.PROPERTY_COMPAT_ALLOW_ORIENTATION_OVERRIDE
05-04 05:43:50.334   768  2467 W OptProp : Cannot read opt property android.window.PROPERTY_COMPAT_ALLOW_RESIZEABLE_ACTIVITY_OVERRIDES
05-04 05:43:50.339   768  2467 I ActivityTaskManager: START u0 {act=android.content.pm.action.REQUEST_PERMISSIONS xflg=0x4 pkg=com.google.android.permissioncontroller cmp=com.google.android.permissioncontroller/com.android.permissioncontroller.permission.ui.GrantPermissionsActivity (has extras)} with LAUNCH_MULTIPLE from uid 10171 (rr=170111259) (BAL_ALLOW_VISIBLE_WINDOW) result code=0
05-04 05:43:50.346  4352  4360 I GoogleTTSServiceImpl: currentLocale = en-US
05-04 05:43:50.347  4352  5368 I GoogleTTSServiceImpl: currentLocale = en-US
05-04 05:43:50.347  4352  5368 I GoogleTTSServiceImpl: For default lang en-us is name en-US-language (en-us-x-iog-server)
05-04 05:43:50.348  4352  5368 I GoogleTTSServiceImpl: currentLocale = en-US
05-04 05:43:50.366  4352  4388 I PipelineReaderImpl: Initializing en-us-x-hol-seanet-embedded from disk
05-04 05:43:50.367  4352  4363 I gle.android.tts: Waiting for a blocking GC ProfileSaver
05-04 05:43:50.385  4352  4363 I gle.android.tts: WaitForGcToComplete blocked ProfileSaver on Background for 18.192ms
05-04 05:43:50.400   768   806 I MediaFocusControl: requestAudioFocus() from uid/pid 10171/3919 AA=USAGE_ASSISTANCE_ACCESSIBILITY/CONTENT_TYPE_SPEECH clientId=android.media.AudioManager@7393ec3com.google.android.accessibility.utils.output.SpeechControllerImpl$5@2515340 callingPack=com.google.android.marvin.talkback req=3 flags=0x0 sdk=36
05-04 05:43:50.400   768   806 I AS.FadeOutManager: unfadeOutUid() uid:10171
05-04 05:43:50.403   768   977 D BackgroundInstallControlService: Package event received: 0
05-04 05:43:50.403   768   806 W OptProp : Cannot read opt property android.window.PROPERTY_COMPAT_ENABLE_FAKE_FOCUS
05-04 05:43:50.405   768   977 D BackgroundInstallControlService: Package event received: 0
05-04 05:43:50.405   768   977 D BackgroundInstallControlService: Package event received: 0
05-04 05:43:50.406   768  2467 D CoreBackPreview: Window{2a6492e u0 com.google.android.marvin.talkback/com.google.android.accessibility.talkback.permission.PermissionRequestActivity}: Setting back callback OnBackInvokedCallbackInfo{mCallback=android.window.IOnBackInvokedCallback$Stub$Proxy@cd1ca3a, mPriority=0, mIsAnimationCallback=false, mOverrideBehavior=0}
05-04 05:43:50.407   768   977 D BackgroundInstallControlService: Package event received: 0
05-04 05:43:50.431   768   814 W IPCThreadState: Sending oneway calls to frozen process.
05-04 05:43:50.432   768   814 W IPCThreadState: Sending oneway calls to frozen process.
05-04 05:43:50.432   768   814 W IPCThreadState: Sending oneway calls to frozen process.
05-04 05:43:50.432   768   814 W IPCThreadState: Sending oneway calls to frozen process.
05-04 05:43:50.432   768   814 W IPCThreadState: Sending oneway calls to frozen process.
05-04 05:43:50.432   768   814 W IPCThreadState: Sending oneway calls to frozen process.
05-04 05:43:50.432   768   814 W IPCThreadState: Sending oneway calls to frozen process.
05-04 05:43:50.432   768   814 W IPCThreadState: Sending oneway calls to frozen process.
05-04 05:43:50.432   768   814 W IPCThreadState: Sending oneway calls to frozen process.
05-04 05:43:50.433   768   814 W IPCThreadState: Sending oneway calls to frozen process.
05-04 05:43:50.433   768   814 W IPCThreadState: Sending oneway calls to frozen process.
05-04 05:43:50.433   768   814 W IPCThreadState: Sending oneway calls to frozen process.
05-04 05:43:50.433   768   814 W IPCThreadState: Sending oneway calls to frozen process.
05-04 05:43:50.433   768   814 W IPCThreadState: Sending oneway calls to frozen process.
05-04 05:43:50.433   768   814 W IPCThreadState: Sending oneway calls to frozen process.
05-04 05:43:50.433   768   814 W IPCThreadState: Sending oneway calls to frozen process.
05-04 05:43:50.433   768   814 W IPCThreadState: Sending oneway calls to frozen process.
05-04 05:43:50.433   768   814 W IPCThreadState: Sending oneway calls to frozen process.
05-04 05:43:50.434   768   814 W IPCThreadState: Sending oneway calls to frozen process.
05-04 05:43:50.434   768   814 W IPCThreadState: Sending oneway calls to frozen process.
05-04 05:43:50.434   768   814 W IPCThreadState: Sending oneway calls to frozen process.
05-04 05:43:50.434   768   814 W IPCThreadState: Sending oneway calls to frozen process.
05-04 05:43:50.434   768   814 W IPCThreadState: Sending oneway calls to frozen process.
05-04 05:43:50.434   768   814 W IPCThreadState: Sending oneway calls to frozen process.
05-04 05:43:50.434   768   814 W IPCThreadState: Sending oneway calls to frozen process.
05-04 05:43:50.462   768  2467 D CoreBackPreview: Window{dbe84f4 u0 com.google.android.permissioncontroller/com.android.permissioncontroller.permission.ui.GrantPermissionsActivity}: Setting back callback OnBackInvokedCallbackInfo{mCallback=android.window.IOnBackInvokedCallback$Stub$Proxy@37f5863, mPriority=-1, mIsAnimationCallback=false, mOverrideBehavior=0}
05-04 05:43:50.479  1022  1325 V WindowManagerShell: onTransitionReady(transaction=3298534885553)
05-04 05:43:50.480  1022  1287 V WindowManagerShell: onTransitionReady (#31) android.os.BinderProxy@4fc78d4: {id=31 t=OPEN f=0x0 trk=0 r=[0@Point(0, 0)] c=[
05-04 05:43:50.480  1022  1287 V WindowManagerShell:         {m=OPEN f=TRANSLUCENT leash=Surface(name=Task=42)/@0x5c545c3 sb=Rect(0, 0 - 1080, 2400) eb=Rect(0, 0 - 1080, 2400) epz=Point(1080, 2400) d=0 taskParent=-1}
05-04 05:43:50.480  1022  1287 V WindowManagerShell:     ]}
05-04 05:43:50.480  1022  1287 V WindowManagerShell: Playing animation for (#31) android.os.BinderProxy@4fc78d4@0
05-04 05:43:50.480  1022  1287 V ShellRecents: RecentsTransitionHandler.startAnimation: no controller found
05-04 05:43:50.480  1022  1287 V WindowManagerShell: Transition doesn't have explicit remote, search filters for match for {id=31 t=OPEN f=0x0 trk=0 r=[0@Point(0, 0)] c=[{m=OPEN f=TRANSLUCENT leash=Surface(name=Task=42)/@0x5c545c3 sb=Rect(0, 0 - 1080, 2400) eb=Rect(0, 0 - 1080, 2400) epz=Point(1080, 2400) d=0 taskParent=-1}]}
05-04 05:43:50.481  1022  1287 V WindowManagerShell:  Checking filter Pair{{types=[] flags=0x0] notFlags=0x0 checks=[{atype=undefined independent=true modes=[CLOSE,TO_BACK] flags=IN_TASK_WITH_EMBEDDED_ACTIVITY mustBeTask=false order=ANY topActivity=null launchCookie=null taskFragmentToken=android.os.BinderProxy@b17aac3 windowingMode=undefined}]} RemoteTransition { remoteTransition = android.window.IRemoteTransition$Stub$Proxy@4ed4f40, appThread = android.app.IApplicationThread$Stub$Proxy@2b06e79, debugName = overlayBackTransition }}
05-04 05:43:50.481  1022  1287 V WindowManagerShell:  Checking filter Pair{{types=[] flags=0x0] notFlags=0x0 checks=[{atype=dream independent=true modes=[OPEN,TO_FRONT] flags=NONE mustBeTask=false order=ANY topActivity=null launchCookie=null windowingMode=undefined},{atype=home independent=true modes=[CLOSE,TO_BACK] flags=NONE mustBeTask=false order=ANY topActivity=null launchCookie=null windowingMode=undefined}]} RemoteTransition { remoteTransition = android.window.IRemoteTransition$Stub$Proxy@15e17be, appThread = android.app.IApplicationThread$Stub$Proxy@b40301f, debugName = LauncherToDream }}
05-04 05:43:50.481  1022  1287 V WindowManagerShell:  Checking filter Pair{{types=[] flags=0x0] notFlags=0x100 checks=[{atype=home independent=true modes=[OPEN,TO_FRONT] flags=NONE mustBeTask=false order=TOP topActivity=ComponentInfo{com.google.android.apps.nexuslauncher/com.google.android.apps.nexuslauncher.NexusLauncherActivity} launchCookie=null windowingMode=undefined},{atype=standard independent=true modes=[CLOSE,TO_BACK] flags=NONE mustBeTask=false order=ANY topActivity=null launchCookie=null windowingMode=undefined},{NOT atype=undefined independent=true modes=[] flags=NONE mustBeTask=true order=ANY topActivity=null launchCookie=null customAnim=true windowingMode=undefined}]} RemoteTransition { remoteTransition = android.window.IRemoteTransition$Stub$Proxy@ff81f6c, appThread = android.app.IApplicationThread$Stub$Proxy@fc07935, debugName = QuickstepLaunchHome }}
05-04 05:43:50.481  1022  1287 V WindowManagerShell:  Delegate animation for (#31) to null
05-04 05:43:50.481  1022  1287 V WindowManagerShell: start default transition animation, info = {id=31 t=OPEN f=0x0 trk=0 r=[0@Point(0, 0)] c=[{m=OPEN f=TRANSLUCENT leash=Surface(name=Task=42)/@0x5c545c3 sb=Rect(0, 0 - 1080, 2400) eb=Rect(0, 0 - 1080, 2400) epz=Point(1080, 2400) d=0 taskParent=-1}]}
05-04 05:43:50.482   768   811 I ActivityTaskManager: Displayed com.google.android.permissioncontroller/com.android.permissioncontroller.permission.ui.GrantPermissionsActivity for user 0: +179ms
05-04 05:43:50.482   768   811 V WindowManager: Sent Transition (#31) createdAt=05-04 05:43:50.299 via request=TransitionRequestInfo { type = OPEN, triggerTask = TaskInfo{userId=0 taskId=42 effectiveUid=10171 displayId=0 isRunning=true baseIntent=Intent { flg=0x18800020 cmp=com.google.android.marvin.talkback/com.google.android.accessibility.talkback.permission.PermissionRequestActivity } baseActivity=ComponentInfo{com.google.android.marvin.talkback/com.google.android.accessibility.talkback.permission.PermissionRequestActivity} topActivity=ComponentInfo{com.google.android.marvin.talkback/com.google.android.accessibility.talkback.permission.PermissionRequestActivity} origActivity=null realActivity=ComponentInfo{com.google.android.marvin.talkback/com.google.android.accessibility.talkback.permission.PermissionRequestActivity} numActivities=1 lastActiveTime=1410919 supportsMultiWindow=true resizeMode=1 isResizeable=true minWidth=-1 minHeight=-1 defaultMinSize=220 token=WCT{RemoteToken{8fd70db Task{70ad2b8 #42 type=standard A=10171:com.google.android.marvin.talkback}}} topActivityType=1 pictureInPictureParams=null shouldDockBigOverlays=false launchIntoPipHostTaskId=-1 lastParentTaskIdBeforePip=-1 displayCutoutSafeInsets=Rect(0, 0 - 0, 0) topActivityInfo=ActivityInfo{adf778 com.google.android.accessibility.talkback.permission.PermissionRequestActivity} launchCookies=[] positionInParent=Point(0, 0) parentTaskId=-1 isFocused=false isVisible=false isVisibleRequested=false isTopActivityNoDisplay=false isSleeping=false locusId=null displayAreaFeatureId=1 isTopActivityTransparent=true isActivityStackTransparent=true lastNonFullscreenBounds=Rect(284, 660 - 796, 1740) capturedLink=null capturedLinkTimestamp=0 requestedVisibleTypes=-9 topActivityRequestOpenInBrowserEducationTimestamp=0 appCompatTaskInfo=AppCompatTaskInfo { topActivityInSizeCompat=false eligibleForLetterboxEducation= false isLetterboxEducationEnabled= true isLetterboxDoubleTapEnabled= false eligibleForUserAspectRatioButton= false topActivityBoundsLetterboxed= false isFromLetterboxDoubleTap= false topActivityLetterboxVerticalPosition= -1 topActivityLetterboxHorizontalPosition= -1 topActivityLetterboxWidth=-1 topActivityLetterboxHeight=-1 topActivityAppBounds=Rect(0, 0 - 1080, 2400) isUserFullscreenOverrideEnabled=false isSystemFullscreenOverrideEnabled=false hasMinAspectRatioOverride=false topActivityLetterboxBounds=null cameraCompatTaskInfo=CameraCompatTaskInfo { freeformCameraCompatMode=inactive}} topActivityMainWindowFrame=null}, pipChange = null, remoteTransition = null, displayChange = null, flags = 0, debugId = 31 }
05-04 05:43:50.483   768   811 V WindowManager:     startWCT=WindowContainerTransaction { changes= {} hops= [] errorCallbackToken=null taskFragmentOrganizer=null }
05-04 05:43:50.483   768   811 V WindowManager:     info={id=31 t=OPEN f=0x0 trk=0 r=[0@Point(0, 0)] c=[
05-04 05:43:50.483   768   811 V WindowManager:         {WCT{RemoteToken{8fd70db Task{70ad2b8 #42 type=standard A=10171:com.google.android.marvin.talkback}}} m=OPEN f=TRANSLUCENT leash=Surface(name=Task=42)/@0xb217e8c sb=Rect(0, 0 - 1080, 2400) eb=Rect(0, 0 - 1080, 2400) epz=Point(1080, 2400) d=0 taskParent=-1}
05-04 05:43:50.483   768   811 V WindowManager:     ]}
05-04 05:43:50.483  1022  1287 V WindowManagerShell: loadAnimation: anim=android.view.animation.AnimationSet@9ee0e6c animAttr=0x4 type=OPEN isEntrance=true
05-04 05:43:50.483  1022  1287 V WindowManagerShell:  animated by com.android.wm.shell.transition.DefaultTransitionHandler@ae86511
05-04 05:43:50.498  2730  2730 I ssioncontroller: AssetManager2(0x785ef041b4b8) locale list changing from [] to [en-US]
05-04 05:43:50.522  3919  5410 E AccessibilityService: bindInput must be paired with unbindInput.
05-04 05:43:50.522  3919  3919 V A11yInputMethod: startInput(): editor=android.view.inputmethod.EditorInfo@3f5817
05-04 05:43:50.522  3919  3919 V A11yInputMethod: CALL: doFinishInput
05-04 05:43:50.522  3919  3919 V A11yInputMethod: CALL: onFinishInput
05-04 05:43:50.524  3790  3790 I GoogleInputMethodService: GoogleInputMethodService.onFinishInput():2043 
05-04 05:43:50.525   768  2307 I ImeTracker: system_server:fae94c14: onRequestHide at ORIGIN_SERVER reason IME_REQUESTED_CHANGED_LISTENER fromUser false
05-04 05:43:50.525  3790  3790 I Module  : DeviceLockedStatusModuleProvider$Module.updateDeviceLockedStatus():100 repeatCheckTimes = 0, locked = false
05-04 05:43:50.525   768   814 I ImeTracker: system_server:fae94c14: onCancelled at PHASE_SERVER_SHOULD_HIDE
05-04 05:43:50.527  3790  3790 I GoogleInputMethodService: GoogleInputMethodService.onStartInput():1293 onStartInput(EditorInfo{EditorInfo{packageName=com.google.android.permissioncontroller, inputType=0, inputTypeString=NULL, enableLearning=false, autoCorrection=false, autoComplete=false, imeOptions=0, privateImeOptions=null, actionName=UNSPECIFIED, actionLabel=null, initialSelStart=-1, initialSelEnd=-1, initialCapsMode=0, label=null, fieldId=0, fieldName=null, extras=null, hintText=null, hintLocales=[]}}, false)
05-04 05:43:50.528  3790  3790 I Module  : DeviceLockedStatusModuleProvider$Module.updateDeviceLockedStatus():100 repeatCheckTimes = 1, locked = false
05-04 05:43:50.529  3790  3790 I EmojiCompatManager: EmojiCompatManager.getEmojiCompatIfLoaded():343 EmojiCompat.init() was never called.
05-04 05:43:50.529  3790  3790 I EmojiCompatManager: java.lang.IllegalStateException: EmojiCompat is not initialized. Please call EmojiCompat.init() first
05-04 05:43:50.529  3790  3790 I EmojiCompatManager: 	at asx.p(PG:6)
05-04 05:43:50.529  3790  3790 I EmojiCompatManager: 	at axb.b(PG:13)
05-04 05:43:50.529  3790  3790 I EmojiCompatManager: 	at jnr.b(PG:2)
05-04 05:43:50.529  3790  3790 I EmojiCompatManager: 	at jnr.c(PG:4)
05-04 05:43:50.529  3790  3790 I EmojiCompatManager: 	at jnr.f(PG:3)
05-04 05:43:50.529  3790  3790 I EmojiCompatManager: 	at jnx.c(PG:3)
05-04 05:43:50.529  3790  3790 I EmojiCompatManager: 	at kif.cz(PG:47)
05-04 05:43:50.529  3790  3790 I EmojiCompatManager: 	at lhl.run(PG:1025)
05-04 05:43:50.529  3790  3790 I EmojiCompatManager: 	at jaf.execute(PG:12)
05-04 05:43:50.529  3790  3790 I EmojiCompatManager: 	at nco.v(PG:13)
05-04 05:43:50.529  3790  3790 I EmojiCompatManager: 	at lhn.m(PG:96)
05-04 05:43:50.529  3790  3790 I EmojiCompatManager: 	at lhn.k(PG:25)
05-04 05:43:50.529  3790  3790 I EmojiCompatManager: 	at kgn.onStartInput(PG:250)
05-04 05:43:50.529  3790  3790 I EmojiCompatManager: 	at android.inputmethodservice.InputMethodService.doStartInput(InputMethodService.java:3521)
05-04 05:43:50.529  3790  3790 I EmojiCompatManager: 	at android.inputmethodservice.InputMethodService$InputMethodImpl.startInput(InputMethodService.java:879)
05-04 05:43:50.529  3790  3790 I EmojiCompatManager: 	at android.inputmethodservice.InputMethodService$InputMethodImpl.dispatchStartInput(InputMethodService.java:908)
05-04 05:43:50.529  3790  3790 I EmojiCompatManager: 	at android.inputmethodservice.IInputMethodWrapper.executeMessage(IInputMethodWrapper.java:201)
05-04 05:43:50.529  3790  3790 I EmojiCompatManager: 	at com.android.internal.os.HandlerCaller$MyHandler.handleMessage(HandlerCaller.java:44)
05-04 05:43:50.529  3790  3790 I EmojiCompatManager: 	at android.os.Handler.dispatchMessage(Handler.java:110)
05-04 05:43:50.529  3790  3790 I EmojiCompatManager: 	at android.os.Looper.loopOnce(Looper.java:248)
05-04 05:43:50.529  3790  3790 I EmojiCompatManager: 	at android.os.Looper.loop(Looper.java:338)
05-04 05:43:50.529  3790  3790 I EmojiCompatManager: 	at android.app.ActivityThread.main(ActivityThread.java:9067)
05-04 05:43:50.529  3790  3790 I EmojiCompatManager: 	at java.lang.reflect.Method.invoke(Native Method)
05-04 05:43:50.529  3790  3790 I EmojiCompatManager: 	at com.android.internal.os.RuntimeInit$MethodAndArgsCaller.run(RuntimeInit.java:593)
05-04 05:43:50.529  3790  3790 I EmojiCompatManager: 	at com.android.internal.os.ZygoteInit.main(ZygoteInit.java:932)
05-04 05:43:50.530   768   806 W PackageConfigPersister: App-specific configuration not found for packageName: com.google.android.permissioncontroller and userId: 0
05-04 05:43:50.615  4352  4388 E tflite  : third_party/tensorflow/lite/core/subgraph.cc:1062 tensor.data.raw != nullptr was not true.
05-04 05:43:50.723  4352  4388 I ComposerWrapperImpl: Done initializing en-us-x-hol-seanet-embedded
05-04 05:43:50.724  4352  4388 I GoogleTTSServiceImpl: Synthesis request for locale eng-USA and name en-US-language
05-04 05:43:50.725  4352  4388 I GoogleTTSServiceImpl: TTS dispatch: en-us-x-iog-lstm-embedded
05-04 05:43:50.728   560  4792 D NativePermissionController: checkPermission: missing 1 for 10152
05-04 05:43:50.728   560  4792 D NativePermissionController: checkPermission: missing 3 for 10152
05-04 05:43:50.728   560  4792 D NativePermissionController: checkPermission: missing 5 for 10152
05-04 05:43:50.728   560  4792 W AudioFlinger: createTrack_l(): mismatch between requested flags (00000004) and output flags (00000002)
05-04 05:43:50.728   560  4792 D AudioFlinger: Client defaulted notificationFrames to 480 for frameCount 4096
05-04 05:43:50.728   560  4792 I AF::PthrPatchRecord: creating track with enforcement level 0
05-04 05:43:50.734   768  2295 E AppOps  : attributionTag  not declared in manifest of com.google.android.tts
05-04 05:43:50.742   560  4792 D NativePermissionController: checkPermission: missing 13 for 10152
05-04 05:43:50.742   768  2295 I AS.AudioService: AudioHardening background playback would be muted for com.google.android.tts (10152), level: full
05-04 05:43:50.743   560  4792 D NativePermissionController: checkPermission: missing 13 for 10152
05-04 05:43:50.743   560  4792 D NativePermissionController: checkPermission: missing 13 for 10152
05-04 05:43:50.744   560  4792 D NativePermissionController: checkPermission: missing 13 for 10152
05-04 05:43:50.786  1022  1287 V WindowManagerShell: Transition animation finished (aborted=false), notifying core (#31) android.os.BinderProxy@4fc78d4@0
05-04 05:43:50.787   768   811 V WindowManager: Finish Transition (#31): created at 05-04 05:43:50.299 collect-started=0.043ms request-sent=3.52ms started=5.422ms ready=104.703ms sent=179.431ms commit=7.694ms finished=487.5ms
05-04 05:43:50.788  1022  1287 V WindowManagerShell: Track 0 became idle
05-04 05:43:50.788  1022  1287 V WindowManagerShell: All active transition animations finished
05-04 05:43:50.911   768   768 W AccessibilityManagerService:  wait for adding window timeout: 404
05-04 05:43:50.991   768   814 W AccessibilityWindowsPopulator: Windows change within in 2 frames continuously over 500 ms and notify windows changed immediately
05-04 05:43:51.010  3919  6655 D MediaCodecList: codecHandlesFormat: no format, so no extra checks
05-04 05:43:51.011  3919  3919 I marvin.talkback: AssetManager2(0x785ef04205f8) locale list changing from [] to [en-US]
05-04 05:43:51.011  3919  6657 D CCodec  : allocate(c2.android.vorbis.decoder)
05-04 05:43:51.013  3919  6657 I CCodec  : setting up 'default' as default (vendor) store
05-04 05:43:51.015  3919  5289 D BufferPoolAccessor2.0: bufferpool2 0x785d90431a08 : 0(0 size) total buffers - 0(0 size) used buffers - 2/7 (recycle/alloc) - 5/98 (fetch/transfer)
05-04 05:43:51.015  3919  5289 D BufferPoolAccessor2.0: Destruction - bufferpool2 0x785d90431a08 cached: 0/0M, 0/0% in use; allocs: 7, 29% recycled; transfers: 98, 95% unfetched
05-04 05:43:51.015  3919  5289 D BufferPoolAccessor2.0: bufferpool2 0x785d9042fbf8 : 0(0 size) total buffers - 0(0 size) used buffers - 2/7 (recycle/alloc) - 5/108 (fetch/transfer)
05-04 05:43:51.015  3919  5289 D BufferPoolAccessor2.0: Destruction - bufferpool2 0x785d9042fbf8 cached: 0/0M, 0/0% in use; allocs: 7, 29% recycled; transfers: 108, 95% unfetched
05-04 05:43:51.016  3919  6657 I CCodec  : Created component [c2.android.vorbis.decoder] for [c2.android.vorbis.decoder]
05-04 05:43:51.017  3919  6657 D CCodecConfig: read media type: audio/vorbis
05-04 05:43:51.023  3919  6657 D ReflectedParamUpdater: extent() != 1 for single value type: algo.buffers.max-count.values
05-04 05:43:51.023  3919  6657 D ReflectedParamUpdater: extent() != 1 for single value type: output.subscribed-indices.values
05-04 05:43:51.024  3919  6657 D ReflectedParamUpdater: extent() != 1 for single value type: input.buffers.allocator-ids.values
05-04 05:43:51.024  3919  6657 D ReflectedParamUpdater: extent() != 1 for single value type: output.buffers.allocator-ids.values
05-04 05:43:51.024  3919  6657 D ReflectedParamUpdater: extent() != 1 for single value type: algo.buffers.allocator-ids.values
05-04 05:43:51.025  3919  6657 D ReflectedParamUpdater: extent() != 1 for single value type: output.buffers.pool-ids.values
05-04 05:43:51.025  3919  6657 D ReflectedParamUpdater: extent() != 1 for single value type: algo.buffers.pool-ids.values
05-04 05:43:51.027  3919  6657 I CCodecConfig: query failed after returning 8 values (BAD_INDEX)
05-04 05:43:51.027  3919  6657 D CCodecConfig: c2 config diff is Dict {
05-04 05:43:51.027  3919  6657 D CCodecConfig:   c2::u32 coded.bitrate.value = 64000
05-04 05:43:51.027  3919  6657 D CCodecConfig:   c2::u32 input.buffers.max-size.value = 32768
05-04 05:43:51.027  3919  6657 D CCodecConfig:   c2::u32 input.delay.value = 0
05-04 05:43:51.027  3919  6657 D CCodecConfig:   string input.media-type.value = "audio/vorbis"
05-04 05:43:51.027  3919  6657 D CCodecConfig:   c2::u32 output.large-frame.max-size = 0
05-04 05:43:51.027  3919  6657 D CCodecConfig:   c2::u32 output.large-frame.threshold-size = 0
05-04 05:43:51.027  3919  6657 D CCodecConfig:   string output.media-type.value = "audio/raw"
05-04 05:43:51.027  3919  6657 D CCodecConfig:   c2::u32 raw.channel-count.value = 1
05-04 05:43:51.027  3919  6657 D CCodecConfig:   c2::u32 raw.sample-rate.value = 48000
05-04 05:43:51.027  3919  6657 D CCodecConfig: }
05-04 05:43:51.029  3919  6655 E MediaCodec: Media Quality Service not found.
05-04 05:43:51.030  3919  6657 D CCodec  : [c2.android.vorbis.decoder] buffers are bound to CCodec for this session
05-04 05:43:51.030  3919  6657 D CCodecConfig: no c2 equivalents for durationUs
05-04 05:43:51.030  3919  6657 D CCodecConfig: no c2 equivalents for track-id
05-04 05:43:51.030  3919  6657 D CCodecConfig: no c2 equivalents for csd-1
05-04 05:43:51.030  3919  6657 D CCodecConfig: no c2 equivalents for flags
05-04 05:43:51.031  3919  6657 D CCodecConfig: c2 config diff is   c2::u32 coded.bitrate.value = 88000
05-04 05:43:51.031  3919  6657 D CCodecConfig:   c2::u32 raw.channel-count.value = 2
05-04 05:43:51.031  3919  6657 D CCodecConfig:   c2::u32 raw.sample-rate.value = 22050
05-04 05:43:51.031  3919  6657 W Codec2Client: query -- param skipped: index = 1107298332.
05-04 05:43:51.031  3919  6657 D CCodec  : encoding statistics level = 0
05-04 05:43:51.031  3919  6657 D CCodec  : setup formats input: AMessage(what = 0x00000000) = {
05-04 05:43:51.031  3919  6657 D CCodec  :   int32_t bitrate = 88000
05-04 05:43:51.031  3919  6657 D CCodec  :   int32_t channel-count = 2
05-04 05:43:51.031  3919  6657 D CCodec  :   int32_t max-input-size = 32768
05-04 05:43:51.031  3919  6657 D CCodec  :   string mime = "audio/vorbis"
05-04 05:43:51.031  3919  6657 D CCodec  :   int32_t sample-rate = 22050
05-04 05:43:51.031  3919  6657 D CCodec  : }
05-04 05:43:51.031  3919  6657 D CCodec  : setup formats output: AMessage(what = 0x00000000) = {
05-04 05:43:51.031  3919  6657 D CCodec  :   int32_t buffer-batch-max-output-size = 0
05-04 05:43:51.031  3919  6657 D CCodec  :   int32_t buffer-batch-threshold-output-size = 0
05-04 05:43:51.031  3919  6657 D CCodec  :   int32_t channel-count = 2
05-04 05:43:51.031  3919  6657 D CCodec  :   string mime = "audio/raw"
05-04 05:43:51.031  3919  6657 D CCodec  :   int32_t sample-rate = 22050
05-04 05:43:51.031  3919  6657 D CCodec  :   int32_t channel-mask = 3
05-04 05:43:51.031  3919  6657 D CCodec  :   int32_t android._config-pcm-encoding = 2
05-04 05:43:51.031  3919  6657 D CCodec  : }
05-04 05:43:51.032  3919  6657 I CCodecConfig: query failed after returning 8 values (BAD_INDEX)
05-04 05:43:51.032  3919  6657 E marvin.talkback: Failed to query component interface for required system resources: 6
05-04 05:43:51.033  3919  6657 W Codec2Client: query -- param skipped: index = 1342179345.
05-04 05:43:51.033  3919  6657 W Codec2Client: query -- param skipped: index = 2415921170.
05-04 05:43:51.034  3919  6657 D CCodecBufferChannel: [c2.android.vorbis.decoder#207] Created input block pool with allocatorID 16 => poolID 36 - OK (0)
05-04 05:43:51.035   607  1082 D BufferPoolAccessor2.0: bufferpool2 0x7bd6c7674c28 : 0(0 size) total buffers - 0(0 size) used buffers - 50/52 (recycle/alloc) - 2/51 (fetch/transfer)
05-04 05:43:51.035   607  1082 D BufferPoolAccessor2.0: Destruction - bufferpool2 0x7bd6c7674c28 cached: 0/0M, 0/0% in use; allocs: 52, 96% recycled; transfers: 51, 96% unfetched
05-04 05:43:51.035   607  1086 D BufferPoolAccessor2.0: bufferpool2 0x7bd6c7673758 : 0(0 size) total buffers - 0(0 size) used buffers - 45/47 (recycle/alloc) - 2/46 (fetch/transfer)
05-04 05:43:51.035   607  1086 D BufferPoolAccessor2.0: Destruction - bufferpool2 0x7bd6c7673758 cached: 0/0M, 0/0% in use; allocs: 47, 96% recycled; transfers: 46, 96% unfetched
05-04 05:43:51.038  3919  6657 I CCodecBufferChannel: [c2.android.vorbis.decoder#207] Created output block pool with allocatorID 16 => poolID 74 - OK
05-04 05:43:51.039  3919  6657 D CCodecBufferChannel: [c2.android.vorbis.decoder#207] Configured output block pool ids 74 => OK
