--------- beginning of main
05-04 05:43:10.261  6536  6536 D AndroidRuntime: >>>>>> START com.android.internal.os.RuntimeInit uid 2000 <<<<<<
05-04 05:43:10.265  6536  6536 I AndroidRuntime: Using default boot image
05-04 05:43:10.265  6536  6536 I AndroidRuntime: Leaving lock profiling enabled
05-04 05:43:10.267  6536  6536 I app_process: Using CollectorTypeCMC GC.
05-04 05:43:10.333  6536  6536 D nativeloader: InitDefaultPublicLibraries for_preload=1: libandroid.so:libaaudio.so:libamidi.so:libbinder_ndk.so:libc.so:libcamera2ndk.so:libdl.so:libEGL.so:libGLESv1_CM.so:libGLESv2.so:libGLESv3.so:libicu.so:libicui18n.so:libicuuc.so:libjnigraphics.so:liblog.so:libmediandk.so:libm.so:libnativehelper.so:libnativewindow.so:libOpenMAXAL.so:libOpenSLES.so:libRS.so:libstdc++.so:libsync.so:libvulkan.so:libwebviewchromium_plat_support.so:libz.so
05-04 05:43:10.342  6536  6536 D nativeloader: Load libicu_jni.so using APEX ns com_android_art for caller /apex/com.android.art/javalib/core-oj.jar: ok
05-04 05:43:10.342  6536  6536 D app_process: u_setTimeZoneFilesDirectory("/apex/com.android.tzdata/etc/tz/versioned/9/icu") succeeded. 
05-04 05:43:10.342  6536  6536 D app_process: I18n APEX ICU file found: /apex/com.android.i18n/etc/icu/icudt76l.dat
05-04 05:43:10.343  6536  6536 D nativeloader: Load libjavacore.so using APEX ns com_android_art for caller /apex/com.android.art/javalib/core-oj.jar: ok
05-04 05:43:10.343  6536  6536 D nativeloader: Load libopenjdk.so using APEX ns com_android_art for caller /apex/com.android.art/javalib/core-oj.jar: ok
05-04 05:43:10.344  6536  6536 W app_process: Unexpected CPU variant for x86: x86_64.
05-04 05:43:10.344  6536  6536 W app_process: Known variants: atom, sandybridge, silvermont, goldmont, goldmont-plus, goldmont-without-sha-xsaves, tremont, kabylake, alderlake, default
05-04 05:43:10.345  6536  6536 W app_process: ClassLoaderContext shared library size mismatch. Expected=2, found=0 (PCL[]{PCL[/system/framework/android.test.base.jar*2789897741]#PCL[/system/framework/android.test.mock.jar*3361312393]} | PCL[])
05-04 05:43:10.346  6536  6536 W app_process: ClassLoaderContext classpath size mismatch. expected=0, found=1 (PCL[]{PCL[/system/framework/android.test.runner.jar*895143020]#PCL[/system/framework/android.test.base.jar*2789897741]} | PCL[/system/framework/android.test.runner.jar*895143020])
05-04 05:43:10.360  6536  6536 D nativeloader: Load libframework-connectivity-tiramisu-jni.so using APEX ns com_android_tethering for caller /apex/com.android.tethering/javalib/framework-connectivity-t.jar: ok
05-04 05:43:10.361  6536  6536 D AndroidRuntime: Calling main entry com.android.commands.uiautomator.Launcher
05-04 05:43:10.363  6536  6536 I AconfigPackage: android.media.swcodec.flags is mapped to com.android.media.swcodec
05-04 05:43:10.363  6536  6536 I AconfigPackage: com.google.android.settings.simplemode.flags is mapped to system_ext
05-04 05:43:10.363  6536  6536 I AconfigPackage: com.google.android.systemui is mapped to system_ext
05-04 05:43:10.363  6536  6536 I AconfigPackage: com.google.android.apps.nexuslauncher is mapped to system_ext
05-04 05:43:10.363  6536  6536 I AconfigPackage: com.android.settings.accessibility is mapped to system_ext
05-04 05:43:10.363  6536  6536 I AconfigPackage: com.android.settings.flags is mapped to system_ext
05-04 05:43:10.363  6536  6536 I AconfigPackage: com.google.android.apps.miphone.aiai.matchmaker.overview.ui is mapped to system_ext
05-04 05:43:10.363  6536  6536 I AconfigPackage: com.google.android.settings.flags is mapped to system_ext
05-04 05:43:10.363  6536  6536 I AconfigPackage: com.android.launcher3 is mapped to system_ext
05-04 05:43:10.363  6536  6536 I AconfigPackage: com.android.wallpaper is mapped to system_ext
05-04 05:43:10.363  6536  6536 I AconfigPackage: com.android.settings.media_drm is mapped to system_ext
05-04 05:43:10.363  6536  6536 I AconfigPackage: com.android.systemui.accessibility.accessibilitymenu is mapped to system_ext
05-04 05:43:10.363  6536  6536 I AconfigPackage: com.android.settings.keyboard is mapped to system_ext
05-04 05:43:10.363  6536  6536 I AconfigPackage: com.android.server.policy.feature.flags is mapped to system_ext
05-04 05:43:10.363  6536  6536 I AconfigPackage: com.android.settings.factory_reset is mapped to system_ext
05-04 05:43:10.363  6536  6536 I AconfigPackage: com.google.android.haptics.flags is mapped to system_ext
05-04 05:43:10.363  6536  6536 I AconfigPackage: com.android.permission.flags is mapped to com.android.permission
05-04 05:43:10.363  6536  6536 I AconfigPackage: com.android.icu is mapped to com.android.i18n
05-04 05:43:10.364  6536  6536 I AconfigPackage: com.android.appsearch.flags is mapped to com.android.appsearch
05-04 05:43:10.364  6536  6536 I AconfigPackage: android.uprobestats.mainline.flags is mapped to com.android.uprobestats
05-04 05:43:10.364  6536  6536 I AconfigPackage: android.provider.flags is mapped to com.android.configinfrastructure
05-04 05:43:10.364  6536  6536 I AconfigPackage: com.android.server.deviceconfig is mapped to com.android.configinfrastructure
05-04 05:43:10.364  6536  6536 I AconfigPackage: com.android.nfc.flags is mapped to system
05-04 05:43:10.364  6536  6536 I AconfigPackage: android.app.admin.flags is mapped to system
05-04 05:43:10.364  6536  6536 I AconfigPackage: android.database.sqlite is mapped to system
05-04 05:43:10.364  6536  6536 I AconfigPackage: com.android.providers.calendar is mapped to system
05-04 05:43:10.365  6536  6536 I AconfigPackage: com.android.server.power.feature.flags is mapped to system
05-04 05:43:10.365  6536  6536 I AconfigPackage: com.android.media.performance.flags is mapped to system
05-04 05:43:10.365  6536  6536 I AconfigPackage: android.app.contextualsearch.flags is mapped to system
05-04 05:43:10.365  6536  6536 I AconfigPackage: android.app.ondeviceintelligence.flags is mapped to system
05-04 05:43:10.365  6536  6536 I AconfigPackage: com.android.media.projection.flags is mapped to system
05-04 05:43:10.365  6536  6536 I AconfigPackage: android.companion is mapped to system
05-04 05:43:10.365  6536  6536 I AconfigPackage: android.service.controls.flags is mapped to system
05-04 05:43:10.365  6536  6536 I AconfigPackage: com.android.text.flags is mapped to system
05-04 05:43:10.365  6536  6536 I AconfigPackage: com.android.providers.contactkeys.flags is mapped to system
05-04 05:43:10.365  6536  6536 I AconfigPackage: com.android.intentresolver is mapped to system
05-04 05:43:10.365  6536  6536 I AconfigPackage: android.companion.virtualdevice.flags is mapped to system
05-04 05:43:10.365  6536  6536 I AconfigPackage: android.uprobestats.flags is mapped to system
05-04 05:43:10.365  6536  6536 I AconfigPackage: com.android.net.thread.platform.flags is mapped to system
05-04 05:43:10.365  6536  6536 I AconfigPackage: android.view.contentprotection.flags is mapped to system
05-04 05:43:10.365  6536  6536 I AconfigPackage: com.android.server.dreams is mapped to system
05-04 05:43:10.365  6536  6536 I AconfigPackage: com.android.graphics.surfaceflinger.flags is mapped to system
05-04 05:43:10.365  6536  6536 I AconfigPackage: com.android.hardware.input is mapped to system
05-04 05:43:10.365  6536  6536 I AconfigPackage: android.sdk is mapped to system
05-04 05:43:10.365  6536  6536 I AconfigPackage: com.android.input.flags is mapped to system
05-04 05:43:10.365  6536  6536 I AconfigPackage: android.tracing is mapped to system
05-04 05:43:10.365  6536  6536 I AconfigPackage: com.android.server.biometrics is mapped to system
05-04 05:43:10.365  6536  6536 I AconfigPackage: android.view.contentcapture.flags is mapped to system
05-04 05:43:10.365  6536  6536 I AconfigPackage: android.app.job is mapped to system
05-04 05:43:10.365  6536  6536 I AconfigPackage: android.content.res is mapped to system
05-04 05:43:10.365  6536  6536 I AconfigPackage: android.net.platform.flags is mapped to system
05-04 05:43:10.365  6536  6536 I AconfigPackage: com.android.aconfig.flags is mapped to system
05-04 05:43:10.365  6536  6536 I AconfigPackage: com.android.graphics.flags is mapped to system
05-04 05:43:10.365  6536  6536 I AconfigPackage: android.server.app is mapped to system
05-04 05:43:10.365  6536  6536 I AconfigPackage: android.speech.flags is mapped to system
05-04 05:43:10.365  6536  6536 I AconfigPackage: com.android.server.stats is mapped to system
05-04 05:43:10.365  6536  6536 I AconfigPackage: android.hardware.biometrics is mapped to system
05-04 05:43:10.365  6536  6536 I AconfigPackage: android.car.feature is mapped to system
05-04 05:43:10.365  6536  6536 I AconfigPackage: android.adpf is mapped to system
05-04 05:43:10.365  6536  6536 I AconfigPackage: android.location.flags is mapped to system
05-04 05:43:10.365  6536  6536 I AconfigPackage: com.android.settingslib.flags is mapped to system
05-04 05:43:10.365  6536  6536 I AconfigPackage: com.android.managedprovisioning.flags is mapped to system
05-04 05:43:10.365  6536  6536 I AconfigPackage: android.app.assist.flags is mapped to system
05-04 05:43:10.365  6536  6536 I AconfigPackage: com.android.server.net is mapped to system
05-04 05:43:10.365  6536  6536 I AconfigPackage: com.android.settingslib.widget.flags is mapped to system
05-04 05:43:10.365  6536  6536 I AconfigPackage: com.android.internal.camera.flags is mapped to system
05-04 05:43:10.365  6536  6536 I AconfigPackage: com.android.hardware.libsensor.flags is mapped to system
05-04 05:43:10.365  6536  6536 I AconfigPackage: com.android.internal.jank is mapped to system
05-04 05:43:10.365  6536  6536 I AconfigPackage: com.android.providers.settings is mapped to system
05-04 05:43:10.365  6536  6536 I AconfigPackage: android.multiuser is mapped to system
05-04 05:43:10.365  6536  6536 I AconfigPackage: com.android.server.power.optimization is mapped to system
05-04 05:43:10.365  6536  6536 I AconfigPackage: com.android.calllogbackup is mapped to system
05-04 05:43:10.365  6536  6536 I AconfigPackage: com.android.media.flags is mapped to system
05-04 05:43:10.365  6536  6536 I AconfigPackage: com.android.server.flags is mapped to system
05-04 05:43:10.365  6536  6536 I AconfigPackage: com.android.graphics.libvulkan.flags is mapped to system
05-04 05:43:10.365  6536  6536 I AconfigPackage: android.app.appfunctions.flags is mapped to system
05-04 05:43:10.365  6536  6536 I AconfigPackage: android.app.smartspace.flags is mapped to system
05-04 05:43:10.365  6536  6536 I AconfigPackage: com.android.providers.contacts.flags is mapped to system
05-04 05:43:10.365  6536  6536 I AconfigPackage: com.android.shell.flags is mapped to system
05-04 05:43:10.365  6536  6536 I AconfigPackage: com.android.media.aaudio is mapped to system
05-04 05:43:10.365  6536  6536 I AconfigPackage: android.hardware.radio is mapped to system
05-04 05:43:10.365  6536  6536 I AconfigPackage: com.google.wear.services.infra.flags is mapped to system
05-04 05:43:10.365  6536  6536 I AconfigPackage: suspend_service.flags is mapped to system
05-04 05:43:10.365  6536  6536 I AconfigPackage: android.media.midi is mapped to system
05-04 05:43:10.365  6536  6536 I AconfigPackage: com.android.libcore.readonly is mapped to system
05-04 05:43:10.365  6536  6536 I AconfigPackage: com.android.settingslib.widget.selectorwithwidgetpreference.flags is mapped to system
05-04 05:43:10.366  6536  6536 I AconfigPackage: android.service.notification is mapped to system
05-04 05:43:10.366  6536  6536 I AconfigPackage: com.android.systemui.shared is mapped to system
05-04 05:43:10.366  6536  6536 I AconfigPackage: android.app.jank is mapped to system
05-04 05:43:10.366  6536  6536 I AconfigPackage: android.app.wearable is mapped to system
05-04 05:43:10.366  6536  6536 I AconfigPackage: com.android.media.audio is mapped to system
05-04 05:43:10.366  6536  6536 I AconfigPackage: android.service.chooser is mapped to system
05-04 05:43:10.366  6536  6536 I AconfigPackage: com.android.server.compat is mapped to system
05-04 05:43:10.366  6536  6536 I AconfigPackage: com.android.server.alarm is mapped to system
05-04 05:43:10.366  6536  6536 I AconfigPackage: com.android.apex.flags is mapped to system
05-04 05:43:10.366  6536  6536 I AconfigPackage: android.service.quickaccesswallet is mapped to system
05-04 05:43:10.366  6536  6536 I AconfigPackage: android.app.usage is mapped to system
05-04 05:43:10.366  6536  6536 I AconfigPackage: com.android.server.accessibility is mapped to system
05-04 05:43:10.366  6536  6536 I AconfigPackage: android.app.supervision.flags is mapped to system
05-04 05:43:10.366  6536  6536 I AconfigPackage: com.android.server.utils is mapped to system
05-04 05:43:10.366  6536  6536 I AconfigPackage: android.chre.flags is mapped to system
05-04 05:43:10.366  6536  6536 I AconfigPackage: android.content.flags is mapped to system
05-04 05:43:10.366  6536  6536 I AconfigPackage: android.media.codec is mapped to system
05-04 05:43:10.366  6536  6536 I AconfigPackage: com.android.internal.os is mapped to system
05-04 05:43:10.366  6536  6536 I AconfigPackage: com.android.nfc.nci.flags is mapped to system
05-04 05:43:10.366  6536  6536 I AconfigPackage: android.app is mapped to system
05-04 05:43:10.366  6536  6536 I AconfigPackage: android.security.keystore2 is mapped to system
05-04 05:43:10.366  6536  6536 I AconfigPackage: android.crashrecovery.flags is mapped to system
05-04 05:43:10.366  6536  6536 I AconfigPackage: com.android.tradeinmode.flags is mapped to system
05-04 05:43:10.366  6536  6536 I AconfigPackage: android.hardware.flags is mapped to system
05-04 05:43:10.366  6536  6536 I AconfigPackage: com.android.server.telecom.flags is mapped to system
05-04 05:43:10.366  6536  6536 I AconfigPackage: com.android.settingslib.media.flags is mapped to system
05-04 05:43:10.366  6536  6536 I AconfigPackage: com.android.server.policy is mapped to system
05-04 05:43:10.366  6536  6536 I AconfigPackage: android.media.audiopolicy is mapped to system
05-04 05:43:10.366  6536  6536 I AconfigPackage: com.android.egg.flags is mapped to system
05-04 05:43:10.366  6536  6536 I AconfigPackage: com.android.internal.compat.flags is mapped to system
05-04 05:43:10.366  6536  6536 I AconfigPackage: android.security is mapped to system
05-04 05:43:10.366  6536  6536 I AconfigPackage: android.service.autofill is mapped to system
05-04 05:43:10.366  6536  6536 I AconfigPackage: com.example.android.aconfig.demo.flags is mapped to system
05-04 05:43:10.366  6536  6536 I AconfigPackage: android.view.flags is mapped to system
05-04 05:43:10.366  6536  6536 I AconfigPackage: android.companion.virtual.flags is mapped to system
05-04 05:43:10.366  6536  6536 I AconfigPackage: com.android.aconfig_new_storage is mapped to system
05-04 05:43:10.366  6536  6536 I AconfigPackage: com.android.server.feature.flags is mapped to system
05-04 05:43:10.366  6536  6536 I AconfigPackage: com.android.systemui is mapped to system
05-04 05:43:10.366  6536  6536 I AconfigPackage: com.android.server.power.batterysaver is mapped to system
05-04 05:43:10.366  6536  6536 I AconfigPackage: android.widget.flags is mapped to system
05-04 05:43:10.366  6536  6536 I AconfigPackage: com.android.media.editing.flags is mapped to system
05-04 05:43:10.366  6536  6536 I AconfigPackage: com.android.media.codec.flags is mapped to system
05-04 05:43:10.366  6536  6536 I AconfigPackage: com.android.server.powerstats is mapped to system
05-04 05:43:10.366  6536  6536 I AconfigPackage: com.android.graphics.egl.flags is mapped to system
05-04 05:43:10.366  6536  6536 I AconfigPackage: com.android.media.audioserver is mapped to system
05-04 05:43:10.366  6536  6536 I AconfigPackage: com.android.server.deviceidle is mapped to system
05-04 05:43:10.366  6536  6536 I AconfigPackage: android.nfc is mapped to system
05-04 05:43:10.366  6536  6536 I AconfigPackage: android.permission.flags is mapped to system
05-04 05:43:10.366  6536  6536 I AconfigPackage: android.service.voice.flags is mapped to system
05-04 05:43:10.366  6536  6536 I AconfigPackage: android.content.pm is mapped to system
05-04 05:43:10.366  6536  6536 I AconfigPackage: com.android.server.power.hint is mapped to system
05-04 05:43:10.366  6536  6536 I AconfigPackage: android.os is mapped to system
05-04 05:43:10.366  6536  6536 I AconfigPackage: android.service.dreams is mapped to system
05-04 05:43:10.366  6536  6536 I AconfigPackage: com.android.graphics.libgui.flags is mapped to system
05-04 05:43:10.366  6536  6536 I AconfigPackage: android.hardware.usb.flags is mapped to system
05-04 05:43:10.366  6536  6536 I AconfigPackage: android.provider is mapped to system
05-04 05:43:10.366  6536  6536 I AconfigPackage: com.android.server.job is mapped to system
05-04 05:43:10.367  6536  6536 I AconfigPackage: com.android.internal.foldables.flags is mapped to system
05-04 05:43:10.367  6536  6536 I AconfigPackage: com.android.internal.telephony.flags is mapped to system
05-04 05:43:10.367  6536  6536 I AconfigPackage: android.webkit is mapped to system
05-04 05:43:10.367  6536  6536 I AconfigPackage: android.credentials.flags is mapped to system
05-04 05:43:10.367  6536  6536 I AconfigPackage: com.android.server.display.feature.flags is mapped to system
05-04 05:43:10.367  6536  6536 I AconfigPackage: com.android.server.notification is mapped to system
05-04 05:43:10.367  6536  6536 I AconfigPackage: android.appwidget.flags is mapped to system
05-04 05:43:10.367  6536  6536 I AconfigPackage: com.android.frameworks.sensorservice.flags is mapped to system
05-04 05:43:10.367  6536  6536 I AconfigPackage: com.android.printspooler.flags is mapped to system
05-04 05:43:10.367  6536  6536 I AconfigPackage: com.android.window.flags is mapped to system
05-04 05:43:10.367  6536  6536 I AconfigPackage: android.adaptiveauth is mapped to system
05-04 05:43:10.367  6536  6536 I AconfigPackage: android.net.wifi.flags is mapped to system
05-04 05:43:10.367  6536  6536 I AconfigPackage: android.media.tv.flags is mapped to system
05-04 05:43:10.367  6536  6536 I AconfigPackage: com.android.server.usb.flags is mapped to system
05-04 05:43:10.367  6536  6536 I AconfigPackage: android.os.vibrator is mapped to system
05-04 05:43:10.367  6536  6536 I AconfigPackage: android.hardware.devicestate.feature.flags is mapped to system
05-04 05:43:10.367  6536  6536 I AconfigPackage: com.android.server.usage is mapped to system
05-04 05:43:10.367  6536  6536 I AconfigPackage: android.server is mapped to system
05-04 05:43:10.367  6536  6536 I AconfigPackage: com.android.wm.shell is mapped to system
05-04 05:43:10.367  6536  6536 I AconfigPackage: android.view.inputmethod is mapped to system
05-04 05:43:10.367  6536  6536 I AconfigPackage: com.android.graphics.hwui.flags is mapped to system
05-04 05:43:10.367  6536  6536 I AconfigPackage: com.android.server.backup is mapped to system
05-04 05:43:10.367  6536  6536 I AconfigPackage: com.android.internal.pm.pkg.component.flags is mapped to system
05-04 05:43:10.367  6536  6536 I AconfigPackage: android.view.accessibility is mapped to system
05-04 05:43:10.367  6536  6536 I AconfigPackage: com.google.wear.sdk is mapped to system
05-04 05:43:10.367  6536  6536 I AconfigPackage: android.media.audio is mapped to system
05-04 05:43:10.367  6536  6536 I AconfigPackage: com.android.server.am is mapped to system
05-04 05:43:10.367  6536  6536 I AconfigPackage: com.android.media.playback.flags is mapped to system
05-04 05:43:10.367  6536  6536 I AconfigPackage: com.android.art.flags is mapped to com.android.art
05-04 05:43:10.367  6536  6536 I AconfigPackage: com.android.libcore is mapped to com.android.art
05-04 05:43:10.367  6536  6536 I AconfigPackage: com.android.media.extractor.flags is mapped to com.android.media
05-04 05:43:10.367  6536  6536 I AconfigPackage: com.android.media.mainline.flags is mapped to com.android.media
05-04 05:43:10.367  6536  6536 I AconfigPackage: com.android.wifi.flags is mapped to com.android.wifi
05-04 05:43:10.368  6536  6536 I AconfigPackage: com.android.org.conscrypt.flags is mapped to com.android.conscrypt
05-04 05:43:10.368  6536  6536 I AconfigPackage: com.android.healthfitness.flags is mapped to com.android.healthfitness
05-04 05:43:10.368  6536  6536 I AconfigPackage: com.google.android.input.twoshay.flags is mapped to vendor
05-04 05:43:10.368  6536  6536 I AconfigPackage: libgooglecamerahal.flags is mapped to vendor
05-04 05:43:10.368  6536  6536 I AconfigPackage: com.android.ipsec.flags is mapped to com.android.ipsec
05-04 05:43:10.368  6536  6536 I AconfigPackage: com.android.nfc.module.flags is mapped to com.android.nfcservices
05-04 05:43:10.368  6536  6536 I AconfigPackage: com.android.adservices.ondevicepersonalization.flags is mapped to com.android.ondevicepersonalization
05-04 05:43:10.368  6536  6536 I AconfigPackage: com.android.bluetooth.flags is mapped to com.android.bt
05-04 05:43:10.369  6536  6536 I AconfigPackage: com.android.devicelock.flags is mapped to com.android.devicelock
05-04 05:43:10.369  6536  6536 I AconfigPackage: android.os.profiling is mapped to com.android.profiling
05-04 05:43:10.369  6536  6536 I AconfigPackage: com.android.os.statsd.flags is mapped to com.android.os.statsd
05-04 05:43:10.369  6536  6536 I AconfigPackage: com.android.cellbroadcastreceiver.flags is mapped to com.android.cellbroadcast
05-04 05:43:10.369  6536  6536 I AconfigPackage: com.android.adservices.flags is mapped to com.android.adservices
05-04 05:43:10.369  6536  6536 I AconfigPackage: com.android.sdksandbox.flags is mapped to com.android.adservices
05-04 05:43:10.369  6536  6536 I AconfigPackage: com.android.uwb.flags is mapped to com.android.uwb
05-04 05:43:10.369  6536  6536 I AconfigPackage: com.android.ranging.flags is mapped to com.android.uwb
05-04 05:43:10.370  6536  6536 I AconfigPackage: android.graphics.pdf.flags is mapped to com.android.mediaprovider
05-04 05:43:10.370  6536  6536 I AconfigPackage: com.android.providers.media.flags is mapped to com.android.mediaprovider
05-04 05:43:10.370  6536  6536 I AconfigPackage: android.graphics.pdf.flags.readonly is mapped to com.android.mediaprovider
05-04 05:43:10.370  6536  6536 I AconfigPackage: com.android.net.ct.flags is mapped to com.android.tethering
05-04 05:43:10.370  6536  6536 I AconfigPackage: com.android.net.flags is mapped to com.android.tethering
05-04 05:43:10.370  6536  6536 I AconfigPackage: android.net.vcn is mapped to com.android.tethering
05-04 05:43:10.370  6536  6536 I AconfigPackage: com.android.nearby.flags is mapped to com.android.tethering
05-04 05:43:10.370  6536  6536 I AconfigPackage: android.net.http is mapped to com.android.tethering
05-04 05:43:10.370  6536  6536 I AconfigPackage: com.android.net.thread.flags is mapped to com.android.tethering
05-04 05:43:10.370  6536  6536 I AconfigPackage: com.android.system.virtualmachine.flags is mapped to com.android.virt
05-04 05:43:10.370  6536  6536 E FeatureFlagsImplExport: android.os.flagging.AconfigStorageReadException: ERROR_PACKAGE_NOT_FOUND: package android.xr cannot be found on the device
05-04 05:43:10.371  6536  6536 D UiAutomationConnection: Created on user UserHandle{0}
05-04 05:43:10.371  6536  6536 I UiAutomation: Initialized for user 0 on display 0
05-04 05:43:10.371  6536  6536 W UiAutomation: Created with deprecatead constructor, assumes DEFAULT_DISPLAY
--------- beginning of system
05-04 05:43:10.372   768  1867 D AccessibilityManagerService: changeCurrentUserForTestAutomationIfNeededLocked(0): ignoring because device doesn't support visible background users
05-04 05:43:10.372   768  1867 I UiAutomationManager: Registering UiTestAutomationService (id=com.android.server.accessibility/UiAutomation, flags=0x0) when called by user 0
05-04 05:43:10.373   768  1867 V AccessibilityManagerService: onUserStateChangedLocked for userId: 0, forceUpdate: false
05-04 05:43:10.373   768  1867 W MagnificationConnectionManager: requestConnection duplicated request: connect=false, mConnectionState=DISCONNECTED
05-04 05:43:10.373  1580  2679 I AiAiEcho: Settings changed for uri: content://settings/secure/accessibility_enabled
05-04 05:43:10.374   768   768 W IPCThreadState: Sending oneway calls to frozen process.
05-04 05:43:10.374  1580  2005 I AiAiEcho: Predicting[0]:  [CONTEXT sampling_count=5 ]
05-04 05:43:10.374   768   768 W IPCThreadState: Sending oneway calls to frozen process.
05-04 05:43:10.374  1580  2005 I AiAiEcho: EchoTargets: 
05-04 05:43:10.374  1580  2005 I AiAiEcho: Filtered by AiAi flag check: 
05-04 05:43:10.374  1580  2005 I AiAiEcho: [CONTEXT ratelimit_period="10 SECONDS" ]
05-04 05:43:10.375   768   768 W IPCThreadState: Sending oneway calls to frozen process.
05-04 05:43:10.375   768   768 W IPCThreadState: Sending oneway calls to frozen process.
05-04 05:43:10.375  1580  2005 I AiAiEcho: #remoteViewsTwiddler: feature disabled.
05-04 05:43:10.375   768   768 W IPCThreadState: Sending oneway calls to frozen process.
05-04 05:43:10.375   768   768 W IPCThreadState: Sending oneway calls to frozen process.
05-04 05:43:10.375  1580  2005 I AiAiEcho: Predicting[0]:  [CONTEXT sampling_count=5 ]
05-04 05:43:10.375  1580  2005 I AiAiEcho: EchoTargets: 
05-04 05:43:10.375  1580  2005 I AiAiEcho: Filtered by AiAi flag check: 
05-04 05:43:10.375  1580  2005 I AiAiEcho: [CONTEXT ratelimit_period="10 SECONDS" ]
05-04 05:43:10.375   768   768 W IPCThreadState: Sending oneway calls to frozen process.
05-04 05:43:10.375   768   768 W IPCThreadState: Sending oneway calls to frozen process.
05-04 05:43:10.375  1580  2005 I AiAiEcho: #remoteViewsTwiddler: feature disabled.
05-04 05:43:10.375   768   768 W IPCThreadState: Sending oneway calls to frozen process.
05-04 05:43:10.376   768   768 W IPCThreadState: Sending oneway calls to frozen process.
05-04 05:43:10.376   768   768 W IPCThreadState: Sending oneway calls to frozen process.
05-04 05:43:10.376  1580  2005 I AiAiEcho: #postPredictionTargets: Sending updates to UISurface lockscreen with targets# 0 (types=[])
05-04 05:43:10.376   768   768 W IPCThreadState: Sending oneway calls to frozen process.
05-04 05:43:10.376   768   768 W IPCThreadState: Sending oneway calls to frozen process.
05-04 05:43:10.376  1580  2005 I AiAiEcho: #postPredictionTargets: Sending updates to UISurface home with targets# 0 (types=[])
05-04 05:43:10.377   768  1867 V AccessibilityManagerService: onUserStateChangedLocked for userId: 0, forceUpdate: false
05-04 05:43:10.377  1147  1147 D SsBaseTemplateCard: No text view can be set up
05-04 05:43:10.377  1147  1147 D SsBaseTemplateCard: Passed-in item info is null
05-04 05:43:10.377  1147  1147 D SsBaseTemplateCard: Passed-in item info is null
05-04 05:43:10.377  1147  1147 D SsBaseTemplateCard: Passed-in item info is null
05-04 05:43:10.377  1147  1147 I SsBaseTemplateCard: Secondary card pane is null
05-04 05:43:10.377   768   768 W IPCThreadState: Sending oneway calls to frozen process.
05-04 05:43:10.377  1022  1022 W PageIndicator: Total number of pages invalid: 0. Assuming 1 page.
05-04 05:43:10.378  1580  2679 I AiAiEcho: Settings changed for uri: content://settings/secure/accessibility_enabled
05-04 05:43:10.378   768   768 W IPCThreadState: Sending oneway calls to frozen process.
05-04 05:43:10.378   768   768 W IPCThreadState: Sending oneway calls to frozen process.
05-04 05:43:10.378   768  1867 W MagnificationConnectionManager: requestConnection duplicated request: connect=false, mConnectionState=DISCONNECTED
05-04 05:43:10.378  1580  2005 I AiAiEcho: Predicting[0]:  [CONTEXT sampling_count=5 ]
05-04 05:43:10.379  1580  2005 I AiAiEcho: EchoTargets: 
05-04 05:43:10.379  1580  2005 I AiAiEcho: Filtered by AiAi flag check: 
05-04 05:43:10.379  1580  2005 I AiAiEcho: [CONTEXT ratelimit_period="10 SECONDS" ]
05-04 05:43:10.379  1580  2005 I AiAiEcho: #remoteViewsTwiddler: feature disabled.
05-04 05:43:10.379  1580  2005 I AiAiEcho: Predicting[0]:  [CONTEXT sampling_count=5 ]
05-04 05:43:10.379  1580  2005 I AiAiEcho: EchoTargets: 
05-04 05:43:10.379  1580  2005 I AiAiEcho: Filtered by AiAi flag check: 
05-04 05:43:10.379  1580  2005 I AiAiEcho: [CONTEXT ratelimit_period="10 SECONDS" ]
05-04 05:43:10.380  1580  2005 I AiAiEcho: #remoteViewsTwiddler: feature disabled.
05-04 05:43:10.380   768   768 W IPCThreadState: Sending oneway calls to frozen process.
05-04 05:43:10.380   768   768 W IPCThreadState: Sending oneway calls to frozen process.
05-04 05:43:10.380   768   768 W IPCThreadState: Sending oneway calls to frozen process.
05-04 05:43:10.380   768   768 W IPCThreadState: Sending oneway calls to frozen process.
05-04 05:43:10.380  1580  2005 I AiAiEcho: #postPredictionTargets: Sending updates to UISurface lockscreen with targets# 0 (types=[])
05-04 05:43:10.380   768   768 W IPCThreadState: Sending oneway calls to frozen process.
05-04 05:43:10.380  1580  2005 I AiAiEcho: #postPredictionTargets: Sending updates to UISurface home with targets# 0 (types=[])
05-04 05:43:10.380   768   768 W IPCThreadState: Sending oneway calls to frozen process.
05-04 05:43:10.381   768   768 W IPCThreadState: Sending oneway calls to frozen process.
05-04 05:43:10.381   768   768 W IPCThreadState: Sending oneway calls to frozen process.
05-04 05:43:10.382   768   768 W IPCThreadState: Sending oneway calls to frozen process.
05-04 05:43:10.382   768   768 W IPCThreadState: Sending oneway calls to frozen process.
05-04 05:43:10.382   768   768 W IPCThreadState: Sending oneway calls to frozen process.
05-04 05:43:10.382   768   768 W IPCThreadState: Sending oneway calls to frozen process.
05-04 05:43:10.382  1147  1147 D SsBaseTemplateCard: No text view can be set up
05-04 05:43:10.382  1147  1147 D SsBaseTemplateCard: Passed-in item info is null
05-04 05:43:10.382  1147  1147 D SsBaseTemplateCard: Passed-in item info is null
05-04 05:43:10.382  1147  1147 D SsBaseTemplateCard: Passed-in item info is null
05-04 05:43:10.382  1147  1147 I SsBaseTemplateCard: Secondary card pane is null
05-04 05:43:10.382   768   768 W IPCThreadState: Sending oneway calls to frozen process.
05-04 05:43:10.383   768   768 W IPCThreadState: Sending oneway calls to frozen process.
05-04 05:43:10.383   768   768 W IPCThreadState: Sending oneway calls to frozen process.
05-04 05:43:10.383   768   768 W IPCThreadState: Sending oneway calls to frozen process.
05-04 05:43:10.384   768   768 W IPCThreadState: Sending oneway calls to frozen process.
05-04 05:43:10.384   768   768 W IPCThreadState: Sending oneway calls to frozen process.
05-04 05:43:10.384  1022  1022 W PageIndicator: Total number of pages invalid: 0. Assuming 1 page.
05-04 05:43:10.384   768   768 W IPCThreadState: Sending oneway calls to frozen process.
05-04 05:43:10.384   768   768 W IPCThreadState: Sending oneway calls to frozen process.
05-04 05:43:10.384   768   768 W IPCThreadState: Sending oneway calls to frozen process.
05-04 05:43:10.385   768   768 W IPCThreadState: Sending oneway calls to frozen process.
05-04 05:43:10.385   768   768 W IPCThreadState: Sending oneway calls to frozen process.
05-04 05:43:10.385   768   768 W IPCThreadState: Sending oneway calls to frozen process.
05-04 05:43:10.385   768   768 D BatterySaverPolicy: accessibility changed to true, updating policy.
05-04 05:43:11.350  1635  2437 I bbax    : (REDACTED) getHotwordActive::active query: %s, watch: %s, devices connected: %s
05-04 05:43:11.387  1611  1910 W MediaProvider: isAppCloneUserPair for user 0: false
05-04 05:43:11.392  6536  6536 W AccessibilityNodeInfoDumper: Fetch time: 6ms
05-04 05:43:11.393   768  1763 V AccessibilityManagerService: onUserStateChangedLocked for userId: 0, forceUpdate: false
05-04 05:43:11.394   768  1763 W MagnificationConnectionManager: requestConnection duplicated request: connect=false, mConnectionState=DISCONNECTED
05-04 05:43:11.394  1580  2679 I AiAiEcho: Settings changed for uri: content://settings/secure/accessibility_enabled
05-04 05:43:11.394   768  1763 D AccessibilityManagerService: restoreCurrentUserForTestAutomationIfNeededLocked(): ignoring because device doesn't support visible background users
05-04 05:43:11.395  1580  2005 I AiAiEcho: Predicting[0]:  [CONTEXT sampling_count=5 ]
05-04 05:43:11.395  1580  2005 I AiAiEcho: EchoTargets: 
05-04 05:43:11.395  1580  2005 I AiAiEcho: Filtered by AiAi flag check: 
05-04 05:43:11.395  1580  2005 I AiAiEcho: [CONTEXT ratelimit_period="10 SECONDS" ]
05-04 05:43:11.395   768   768 W IPCThreadState: Sending oneway calls to frozen process.
05-04 05:43:11.395   768   768 W IPCThreadState: Sending oneway calls to frozen process.
05-04 05:43:11.396   768   768 W IPCThreadState: Sending oneway calls to frozen process.
05-04 05:43:11.396  1580  2005 I AiAiEcho: #remoteViewsTwiddler: feature disabled.
05-04 05:43:11.396   768   768 W IPCThreadState: Sending oneway calls to frozen process.
05-04 05:43:11.396  1580  2005 I AiAiEcho: Predicting[0]:  [CONTEXT sampling_count=5 ]
05-04 05:43:11.396  1580  2005 I AiAiEcho: EchoTargets: 
05-04 05:43:11.396  1580  2005 I AiAiEcho: Filtered by AiAi flag check: 
05-04 05:43:11.396  1580  2005 I AiAiEcho: [CONTEXT ratelimit_period="10 SECONDS" ]
05-04 05:43:11.396  6536  6545 W IPCThreadState: call to talkWithDriver in joinThreadPool returned error: -9 (Bad file descriptor), FD: -1
05-04 05:43:11.396   768   768 W IPCThreadState: Sending oneway calls to frozen process.
05-04 05:43:11.396  6536  6536 D AndroidRuntime: Shutting down VM
05-04 05:43:11.396  1580  2005 I AiAiEcho: #remoteViewsTwiddler: feature disabled.
05-04 05:43:11.396   768   768 W IPCThreadState: Sending oneway calls to frozen process.
05-04 05:43:11.396   768   768 W IPCThreadState: Sending oneway calls to frozen process.
05-04 05:43:11.396   768   768 W IPCThreadState: Sending oneway calls to frozen process.
05-04 05:43:11.397  1580  2005 I AiAiEcho: #postPredictionTargets: Sending updates to UISurface lockscreen with targets# 0 (types=[])
05-04 05:43:11.397   768   768 W IPCThreadState: Sending oneway calls to frozen process.
05-04 05:43:11.397   768   768 W IPCThreadState: Sending oneway calls to frozen process.
05-04 05:43:11.397  6536  6546 W IPCThreadState: call to talkWithDriver in joinThreadPool returned error: -9 (Bad file descriptor), FD: -1
05-04 05:43:11.397   768   768 W IPCThreadState: Sending oneway calls to frozen process.
05-04 05:43:11.397   768   768 W IPCThreadState: Sending oneway calls to frozen process.
05-04 05:43:11.397  1580  2005 I AiAiEcho: #postPredictionTargets: Sending updates to UISurface home with targets# 0 (types=[])
05-04 05:43:11.397   768   768 W IPCThreadState: Sending oneway calls to frozen process.
05-04 05:43:11.398  1022  1022 W PageIndicator: Total number of pages invalid: 0. Assuming 1 page.
05-04 05:43:11.398   768   768 W IPCThreadState: Sending oneway calls to frozen process.
05-04 05:43:11.398   768   768 W IPCThreadState: Sending oneway calls to frozen process.
05-04 05:43:11.399   768   768 W IPCThreadState: Sending oneway calls to frozen process.
05-04 05:43:11.399   768   768 W IPCThreadState: Sending oneway calls to frozen process.
05-04 05:43:11.399   768   768 W IPCThreadState: Sending oneway calls to frozen process.
05-04 05:43:11.399   768   768 W IPCThreadState: Sending oneway calls to frozen process.
05-04 05:43:11.400   768   768 W IPCThreadState: Sending oneway calls to frozen process.
05-04 05:43:11.400   768   768 W IPCThreadState: Sending oneway calls to frozen process.
05-04 05:43:11.400  1147  1147 D SsBaseTemplateCard: No text view can be set up
05-04 05:43:11.400  1147  1147 D SsBaseTemplateCard: Passed-in item info is null
05-04 05:43:11.400  1147  1147 D SsBaseTemplateCard: Passed-in item info is null
05-04 05:43:11.400  1147  1147 D SsBaseTemplateCard: Passed-in item info is null
05-04 05:43:11.400  1147  1147 I SsBaseTemplateCard: Secondary card pane is null
05-04 05:43:11.401   768   768 W IPCThreadState: Sending oneway calls to frozen process.
05-04 05:43:11.401   768   768 W IPCThreadState: Sending oneway calls to frozen process.
05-04 05:43:11.401   768   768 W IPCThreadState: Sending oneway calls to frozen process.
05-04 05:43:11.401   768   768 D BatterySaverPolicy: accessibility changed to false, updating policy.
05-04 05:43:11.435   768  1865 D ActivityManager: sync unfroze 1727 com.google.android.gms for 6
05-04 05:43:11.436   768  1865 D ActivityManager: sync unfroze 4093 com.google.android.adservices.api for 6
05-04 05:43:11.441   768  1865 W ProcessStats: Tracking association SourceState{925baf9 com.google.android.gms/10145 ImpBg #3921} whose proc state 6 is better than process ProcessState{59ae70 com.google.android.adservices.api/10196 pkg=com.google.android.adservices.api} proc state 14 (5 skipped)
05-04 05:43:11.452  1373  5760 I NetworkScheduler.Stats: (REDACTED) Task %s/%s started execution. cause:%s exec_start_elapsed_seconds: %s
05-04 05:43:11.459  1727  6549 I GmscoreIpa: Starting mediastore instant index [CONTEXT service_id=255 ]
05-04 05:43:11.461  1373  4956 I NetworkScheduler.Stats: (REDACTED) Task %s/%s finished executing. cause:%s result: %s elapsed_millis: %s uptime_millis: %s exec_start_elapsed_seconds: %s
05-04 05:43:17.203  1146  1307 D SatelliteController: iisInCarrierRoamingNbIotNtn: satellite is disabled
05-04 05:43:20.388   768   819 W IPCThreadState: Sending oneway calls to frozen process.
05-04 05:43:20.388   768   819 W IPCThreadState: Sending oneway calls to frozen process.
05-04 05:43:21.400   768   819 W IPCThreadState: Sending oneway calls to frozen process.
05-04 05:43:21.415   768   870 D ActivityManager: sync unfroze 3637 com.google.android.apps.photos for 6
05-04 05:43:21.435   768  2116 W JobScheduler: Job didn't exist in JobStore: a339660 #u0a169/1034 com.google.android.apps.photos/com.google.android.libraries.social.mediamonitor.MediaMonitorJobSchedulerService
05-04 05:43:21.442   768  2116 W UriGrantsManagerService: No permission grants found for com.google.android.apps.photos
05-04 05:43:21.442   768  2116 W UriGrantsManagerService: No permission grants found for com.google.android.apps.photos
05-04 05:43:21.447  1373  1376 W .gms.persistent: Missing inline cache for jcry bkdl.k(android.content.Context, boolean, java.lang.Integer, java.lang.Integer, bkdt, hgpo)
05-04 05:43:21.447  1373  1376 W .gms.persistent: Missing inline cache for jcry bkdl.k(android.content.Context, boolean, java.lang.Integer, java.lang.Integer, bkdt, hgpo)
05-04 05:43:21.447  1373  1376 W .gms.persistent: Missing inline cache for jcry bkdl.k(android.content.Context, boolean, java.lang.Integer, java.lang.Integer, bkdt, hgpo)
05-04 05:43:21.447  1373  1376 W .gms.persistent: Missing inline cache for jcry bkdl.k(android.content.Context, boolean, java.lang.Integer, java.lang.Integer, bkdt, hgpo)
05-04 05:43:21.447  1373  1376 W .gms.persistent: Missing inline cache for jcry bkdl.k(android.content.Context, boolean, java.lang.Integer, java.lang.Integer, bkdt, hgpo)
05-04 05:43:21.447  1373  1376 W .gms.persistent: Missing inline cache for jcry bkdl.k(android.content.Context, boolean, java.lang.Integer, java.lang.Integer, bkdt, hgpo)
05-04 05:43:21.447  1373  1376 W .gms.persistent: Missing inline cache for jcry bkdl.k(android.content.Context, boolean, java.lang.Integer, java.lang.Integer, bkdt, hgpo)
05-04 05:43:21.447  1373  1376 W .gms.persistent: Missing inline cache for jcry bkdl.k(android.content.Context, boolean, java.lang.Integer, java.lang.Integer, bkdt, hgpo)
05-04 05:43:21.447  1373  1376 W .gms.persistent: Missing inline cache for jcry bkdl.k(android.content.Context, boolean, java.lang.Integer, java.lang.Integer, bkdt, hgpo)
05-04 05:43:21.447  1373  1376 W .gms.persistent: Missing inline cache for jcry bkdl.k(android.content.Context, boolean, java.lang.Integer, java.lang.Integer, bkdt, hgpo)
05-04 05:43:21.447  1373  1376 W .gms.persistent: Missing inline cache for jcry bkdl.k(android.content.Context, boolean, java.lang.Integer, java.lang.Integer, bkdt, hgpo)
05-04 05:43:21.447  1373  1376 W .gms.persistent: Missing inline cache for jcry bkdl.k(android.content.Context, boolean, java.lang.Integer, java.lang.Integer, bkdt, hgpo)
05-04 05:43:21.447  1373  1376 W .gms.persistent: Missing inline cache for jcry bkdl.k(android.content.Context, boolean, java.lang.Integer, java.lang.Integer, bkdt, hgpo)
05-04 05:43:21.447  1373  1376 W .gms.persistent: Missing inline cache for jcry bkdl.k(android.content.Context, boolean, java.lang.Integer, java.lang.Integer, bkdt, hgpo)
05-04 05:43:21.447  1373  1376 W .gms.persistent: Missing inline cache for jcry bkdl.k(android.content.Context, boolean, java.lang.Integer, java.lang.Integer, bkdt, hgpo)
05-04 05:43:21.447  1373  1376 W .gms.persistent: Missing inline cache for jcry bkdl.k(android.content.Context, boolean, java.lang.Integer, java.lang.Integer, bkdt, hgpo)
05-04 05:43:21.447  1373  1376 W .gms.persistent: Missing inline cache for jcry bkdl.k(android.content.Context, boolean, java.lang.Integer, java.lang.Integer, bkdt, hgpo)
05-04 05:43:21.447  1373  1376 W .gms.persistent: Missing inline cache for jcry bkdl.k(android.content.Context, boolean, java.lang.Integer, java.lang.Integer, bkdt, hgpo)
05-04 05:43:21.447  1373  1376 W .gms.persistent: Missing inline cache for jcry bkdl.k(android.content.Context, boolean, java.lang.Integer, java.lang.Integer, bkdt, hgpo)
05-04 05:43:21.447  1373  1376 W .gms.persistent: Missing inline cache for jcry bkdl.k(android.content.Context, boolean, java.lang.Integer, java.lang.Integer, bkdt, hgpo)
05-04 05:43:21.447  1373  1376 W .gms.persistent: Missing inline cache for jcry bkdl.k(android.content.Context, boolean, java.lang.Integer, java.lang.Integer, bkdt, hgpo)
05-04 05:43:21.447  1373  1376 W .gms.persistent: Missing inline cache for jcry bkdl.k(android.content.Context, boolean, java.lang.Integer, java.lang.Integer, bkdt, hgpo)
05-04 05:43:21.447  1373  1376 W .gms.persistent: Missing inline cache for jcry bkdl.k(android.content.Context, boolean, java.lang.Integer, java.lang.Integer, bkdt, hgpo)
05-04 05:43:21.447  1373  1376 W .gms.persistent: Missing inline cache for jcry bkdl.k(android.content.Context, boolean, java.lang.Integer, java.lang.Integer, bkdt, hgpo)
05-04 05:43:21.447  1373  1376 W .gms.persistent: Missing inline cache for jcry bkdl.k(android.content.Context, boolean, java.lang.Integer, java.lang.Integer, bkdt, hgpo)
05-04 05:43:21.447  1373  1376 W .gms.persistent: Missing inline cache for jcry bkdl.k(android.content.Context, boolean, java.lang.Integer, java.lang.Integer, bkdt, hgpo)
05-04 05:43:21.447  1373  1376 W .gms.persistent: Missing inline cache for jcry bkdl.k(android.content.Context, boolean, java.lang.Integer, java.lang.Integer, bkdt, hgpo)
05-04 05:43:21.467   768  1763 W UriGrantsManagerService: No permission grants found for com.google.android.apps.photos
05-04 05:43:21.467   768  1763 W UriGrantsManagerService: No permission grants found for com.google.android.apps.photos
05-04 05:43:21.479   768  2295 W UriGrantsManagerService: No permission grants found for com.google.android.apps.photos
05-04 05:43:21.479   768  2295 W UriGrantsManagerService: No permission grants found for com.google.android.apps.photos
05-04 05:43:23.481   768   933 D InetDiagMessage: Destroyed 0 sockets, proto=IPPROTO_TCP, family=AF_INET, states=14
05-04 05:43:23.482   768   933 D InetDiagMessage: Destroyed 0 sockets, proto=IPPROTO_TCP, family=AF_INET6, states=14
05-04 05:43:23.482   768   933 D InetDiagMessage: Destroyed live tcp sockets for uids={10196} in 1ms
05-04 05:43:23.482   768   933 D InetDiagMessage: Destroyed 0 sockets, proto=IPPROTO_TCP, family=AF_INET, states=14
05-04 05:43:23.482   768   933 D InetDiagMessage: Destroyed 0 sockets, proto=IPPROTO_TCP, family=AF_INET6, states=14
05-04 05:43:23.482   768   933 D InetDiagMessage: Destroyed live tcp sockets for uids={20196} in 0ms
05-04 05:43:24.134   768   820 D ActivityManager: sync unfroze 5691 com.android.keychain for 10
05-04 05:43:26.444   768   933 D InetDiagMessage: Destroyed 0 sockets, proto=IPPROTO_TCP, family=AF_INET, states=14
05-04 05:43:26.445   768   933 D InetDiagMessage: Destroyed 0 sockets, proto=IPPROTO_TCP, family=AF_INET6, states=14
05-04 05:43:26.445   768   933 D InetDiagMessage: Destroyed live tcp sockets for uids={10169} in 1ms
05-04 05:43:26.445   768   933 D InetDiagMessage: Destroyed 0 sockets, proto=IPPROTO_TCP, family=AF_INET, states=14
05-04 05:43:26.445   768   933 D InetDiagMessage: Destroyed 0 sockets, proto=IPPROTO_TCP, family=AF_INET6, states=14
05-04 05:43:26.445   768   933 D InetDiagMessage: Destroyed live tcp sockets for uids={20169} in 0ms
05-04 05:43:27.203  1146  1307 D SatelliteController: iisInCarrierRoamingNbIotNtn: satellite is disabled
05-04 05:43:28.497   768   878 D ActivityManager: freezing 1727 com.google.android.gms
05-04 05:43:28.498   768   878 D ActivityManager: freezing 4093 com.google.android.adservices.api
05-04 05:43:28.537   768   933 D InetDiagMessage: Destroyed 0 sockets, proto=IPPROTO_TCP, family=AF_INET, states=14
05-04 05:43:28.537   768   933 D InetDiagMessage: Destroyed 0 sockets, proto=IPPROTO_TCP, family=AF_INET6, states=14
05-04 05:43:28.537   768   933 D InetDiagMessage: Destroyed live tcp sockets for uids={10196} in 0ms
05-04 05:43:29.276   768  2295 V SettingsShellCmd: putForUser(userId=0, table=secure, key=enabled_accessibility_services, value=com.google.android.marvin.talkback/com.google.android.marvin.talkback.TalkBackService, tag=null, makeDefault=false, overrideableByRestore=false)
05-04 05:43:29.277   768   768 V AccessibilityManagerService: onUserStateChangedLocked for userId: 0, forceUpdate: false
05-04 05:43:29.277  1580  2679 I AiAiEcho: Settings changed for uri: content://settings/secure/enabled_accessibility_services
05-04 05:43:29.278  1580  2005 I AiAiEcho: Predicting[0]:  [CONTEXT sampling_count=5 ]
05-04 05:43:29.278  1580  2005 I AiAiEcho: EchoTargets: 
05-04 05:43:29.278  1580  2005 I AiAiEcho: Filtered by AiAi flag check: 
05-04 05:43:29.278  1580  2005 I AiAiEcho: [CONTEXT ratelimit_period="10 SECONDS" ]
05-04 05:43:29.278  1580  2005 I AiAiEcho: #remoteViewsTwiddler: feature disabled.
05-04 05:43:29.278  1580  2005 I AiAiEcho: Predicting[0]:  [CONTEXT sampling_count=5 ]
05-04 05:43:29.279  1580  2005 I AiAiEcho: EchoTargets: 
05-04 05:43:29.279  1580  2005 I AiAiEcho: Filtered by AiAi flag check: 
05-04 05:43:29.279  1580  2005 I AiAiEcho: [CONTEXT ratelimit_period="10 SECONDS" ]
05-04 05:43:29.280   768   977 D BackgroundInstallControlService: Package event received: 0
05-04 05:43:29.280  1580  2005 I AiAiEcho: #remoteViewsTwiddler: feature disabled.
05-04 05:43:29.280  1580  2005 I AiAiEcho: #postPredictionTargets: Sending updates to UISurface lockscreen with targets# 0 (types=[])
05-04 05:43:29.281  1580  2005 I AiAiEcho: #postPredictionTargets: Sending updates to UISurface home with targets# 0 (types=[])
05-04 05:43:29.282  1022  1022 W PageIndicator: Total number of pages invalid: 0. Assuming 1 page.
05-04 05:43:29.282  1147  1147 D SsBaseTemplateCard: No text view can be set up
05-04 05:43:29.282  1147  1147 D SsBaseTemplateCard: Passed-in item info is null
05-04 05:43:29.282  1147  1147 D SsBaseTemplateCard: Passed-in item info is null
05-04 05:43:29.282  1147  1147 D SsBaseTemplateCard: Passed-in item info is null
05-04 05:43:29.282  1147  1147 I SsBaseTemplateCard: Secondary card pane is null
05-04 05:43:29.284   768   768 D ActivityManager: sync unfroze 3919 com.google.android.marvin.talkback for 6
05-04 05:43:29.285   768   977 D BackgroundInstallControlService: Package event received: 0
05-04 05:43:29.287   768  2116 D FileUtils: Rounded bytes from 2066784256 to 4000000000
05-04 05:43:29.288   768   768 W MagnificationConnectionManager: requestConnection duplicated request: connect=false, mConnectionState=DISCONNECTED
05-04 05:43:29.288  1580  2679 I AiAiEcho: Settings changed for uri: content://settings/secure/accessibility_enabled
05-04 05:43:29.289   768   768 W IPCThreadState: Sending oneway calls to frozen process.
05-04 05:43:29.289   768   768 W IPCThreadState: Sending oneway calls to frozen process.
05-04 05:43:29.289   768   768 W IPCThreadState: Sending oneway calls to frozen process.
05-04 05:43:29.289   768   768 W IPCThreadState: Sending oneway calls to frozen process.
05-04 05:43:29.289   768   768 W IPCThreadState: Sending oneway calls to frozen process.
05-04 05:43:29.290   768   768 W IPCThreadState: Sending oneway calls to frozen process.
05-04 05:43:29.290  1580  2005 I AiAiEcho: Predicting[0]:  [CONTEXT sampling_count=5 ]
05-04 05:43:29.292   768   768 W IPCThreadState: Sending oneway calls to frozen process.
05-04 05:43:29.292  1580  2005 I AiAiEcho: EchoTargets: 
05-04 05:43:29.292  1580  2005 I AiAiEcho: Filtered by AiAi flag check: 
05-04 05:43:29.292  1580  2005 I AiAiEcho: [CONTEXT ratelimit_period="10 SECONDS" ]
05-04 05:43:29.292   768   768 W IPCThreadState: Sending oneway calls to frozen process.
05-04 05:43:29.292  1580  2005 I AiAiEcho: #remoteViewsTwiddler: feature disabled.
05-04 05:43:29.292   768   768 W IPCThreadState: Sending oneway calls to frozen process.
05-04 05:43:29.293   768   768 W IPCThreadState: Sending oneway calls to frozen process.
05-04 05:43:29.293   768   768 W IPCThreadState: Sending oneway calls to frozen process.
05-04 05:43:29.293   768   768 W IPCThreadState: Sending oneway calls to frozen process.
05-04 05:43:29.294  1580  2005 I AiAiEcho: Predicting[0]:  [CONTEXT sampling_count=5 ]
05-04 05:43:29.294  1580  2005 I AiAiEcho: EchoTargets: 
05-04 05:43:29.294  1580  2005 I AiAiEcho: Filtered by AiAi flag check: 
05-04 05:43:29.294  1580  2005 I AiAiEcho: [CONTEXT ratelimit_period="10 SECONDS" ]
05-04 05:43:29.294   768   768 D BatterySaverPolicy: accessibility changed to true, updating policy.
05-04 05:43:29.294  1580  2005 I AiAiEcho: #remoteViewsTwiddler: feature disabled.
