05-04 05:27:09.387  5185  5185 I AconfigPackage: com.android.internal.foldables.flags is mapped to system
05-04 05:27:09.387  5185  5185 I AconfigPackage: com.android.internal.telephony.flags is mapped to system
05-04 05:27:09.387  5185  5185 I AconfigPackage: android.webkit is mapped to system
05-04 05:27:09.387  5185  5185 I AconfigPackage: android.credentials.flags is mapped to system
05-04 05:27:09.387  5185  5185 I AconfigPackage: com.android.server.display.feature.flags is mapped to system
05-04 05:27:09.387  5185  5185 I AconfigPackage: com.android.server.notification is mapped to system
05-04 05:27:09.387  5185  5185 I AconfigPackage: android.appwidget.flags is mapped to system
05-04 05:27:09.387  5185  5185 I AconfigPackage: com.android.frameworks.sensorservice.flags is mapped to system
05-04 05:27:09.387  5185  5185 I AconfigPackage: com.android.printspooler.flags is mapped to system
05-04 05:27:09.387  5185  5185 I AconfigPackage: com.android.window.flags is mapped to system
05-04 05:27:09.387  5185  5185 I AconfigPackage: android.adaptiveauth is mapped to system
05-04 05:27:09.387  5185  5185 I AconfigPackage: android.net.wifi.flags is mapped to system
05-04 05:27:09.387  5185  5185 I AconfigPackage: android.media.tv.flags is mapped to system
05-04 05:27:09.387  5185  5185 I AconfigPackage: com.android.server.usb.flags is mapped to system
05-04 05:27:09.387  5185  5185 I AconfigPackage: android.os.vibrator is mapped to system
05-04 05:27:09.387  5185  5185 I AconfigPackage: android.hardware.devicestate.feature.flags is mapped to system
05-04 05:27:09.387  5185  5185 I AconfigPackage: com.android.server.usage is mapped to system
05-04 05:27:09.387  5185  5185 I AconfigPackage: android.server is mapped to system
05-04 05:27:09.387  5185  5185 I AconfigPackage: com.android.wm.shell is mapped to system
05-04 05:27:09.387  5185  5185 I AconfigPackage: android.view.inputmethod is mapped to system
05-04 05:27:09.387  5185  5185 I AconfigPackage: com.android.graphics.hwui.flags is mapped to system
05-04 05:27:09.387  5185  5185 I AconfigPackage: com.android.server.backup is mapped to system
05-04 05:27:09.387  5185  5185 I AconfigPackage: com.android.internal.pm.pkg.component.flags is mapped to system
05-04 05:27:09.387  5185  5185 I AconfigPackage: android.view.accessibility is mapped to system
05-04 05:27:09.388  5185  5185 I AconfigPackage: com.google.wear.sdk is mapped to system
05-04 05:27:09.388  5185  5185 I AconfigPackage: android.media.audio is mapped to system
05-04 05:27:09.388  5185  5185 I AconfigPackage: com.android.server.am is mapped to system
05-04 05:27:09.388  5185  5185 I AconfigPackage: com.android.media.playback.flags is mapped to system
05-04 05:27:09.388  5185  5185 I AconfigPackage: com.android.art.flags is mapped to com.android.art
05-04 05:27:09.388  5185  5185 I AconfigPackage: com.android.libcore is mapped to com.android.art
05-04 05:27:09.388  5185  5185 I AconfigPackage: com.android.media.extractor.flags is mapped to com.android.media
05-04 05:27:09.388  5185  5185 I AconfigPackage: com.android.media.mainline.flags is mapped to com.android.media
05-04 05:27:09.388  5185  5185 I AconfigPackage: com.android.wifi.flags is mapped to com.android.wifi
05-04 05:27:09.388  5185  5185 I AconfigPackage: com.android.org.conscrypt.flags is mapped to com.android.conscrypt
05-04 05:27:09.388  5185  5185 I AconfigPackage: com.android.healthfitness.flags is mapped to com.android.healthfitness
05-04 05:27:09.389  5185  5185 I AconfigPackage: com.google.android.input.twoshay.flags is mapped to vendor
05-04 05:27:09.389  5185  5185 I AconfigPackage: libgooglecamerahal.flags is mapped to vendor
05-04 05:27:09.389  5185  5185 I AconfigPackage: com.android.ipsec.flags is mapped to com.android.ipsec
05-04 05:27:09.389  5185  5185 I AconfigPackage: com.android.nfc.module.flags is mapped to com.android.nfcservices
05-04 05:27:09.389  5185  5185 I AconfigPackage: com.android.adservices.ondevicepersonalization.flags is mapped to com.android.ondevicepersonalization
05-04 05:27:09.389  5185  5185 I AconfigPackage: com.android.bluetooth.flags is mapped to com.android.bt
05-04 05:27:09.389  5185  5185 I AconfigPackage: com.android.devicelock.flags is mapped to com.android.devicelock
05-04 05:27:09.389  5185  5185 I AconfigPackage: android.os.profiling is mapped to com.android.profiling
05-04 05:27:09.389  5185  5185 I AconfigPackage: com.android.os.statsd.flags is mapped to com.android.os.statsd
05-04 05:27:09.390  5185  5185 I AconfigPackage: com.android.cellbroadcastreceiver.flags is mapped to com.android.cellbroadcast
05-04 05:27:09.390  5185  5185 I AconfigPackage: com.android.adservices.flags is mapped to com.android.adservices
05-04 05:27:09.390  5185  5185 I AconfigPackage: com.android.sdksandbox.flags is mapped to com.android.adservices
05-04 05:27:09.390  5185  5185 I AconfigPackage: com.android.uwb.flags is mapped to com.android.uwb
05-04 05:27:09.390  5185  5185 I AconfigPackage: com.android.ranging.flags is mapped to com.android.uwb
05-04 05:27:09.390  5185  5185 I AconfigPackage: android.graphics.pdf.flags is mapped to com.android.mediaprovider
05-04 05:27:09.390  5185  5185 I AconfigPackage: com.android.providers.media.flags is mapped to com.android.mediaprovider
05-04 05:27:09.390  5185  5185 I AconfigPackage: android.graphics.pdf.flags.readonly is mapped to com.android.mediaprovider
05-04 05:27:09.390  5185  5185 I AconfigPackage: com.android.net.ct.flags is mapped to com.android.tethering
05-04 05:27:09.390  5185  5185 I AconfigPackage: com.android.net.flags is mapped to com.android.tethering
05-04 05:27:09.390  5185  5185 I AconfigPackage: android.net.vcn is mapped to com.android.tethering
05-04 05:27:09.390  5185  5185 I AconfigPackage: com.android.nearby.flags is mapped to com.android.tethering
05-04 05:27:09.390  5185  5185 I AconfigPackage: android.net.http is mapped to com.android.tethering
05-04 05:27:09.390  5185  5185 I AconfigPackage: com.android.net.thread.flags is mapped to com.android.tethering
05-04 05:27:09.390  5185  5185 I AconfigPackage: com.android.system.virtualmachine.flags is mapped to com.android.virt
05-04 05:27:09.390  5185  5185 E FeatureFlagsImplExport: android.os.flagging.AconfigStorageReadException: ERROR_PACKAGE_NOT_FOUND: package android.xr cannot be found on the device
05-04 05:27:09.392  5185  5185 D UiAutomationConnection: Created on user UserHandle{0}
05-04 05:27:09.392  5185  5185 I UiAutomation: Initialized for user 0 on display 0
05-04 05:27:09.392  5185  5185 W UiAutomation: Created with deprecatead constructor, assumes DEFAULT_DISPLAY
05-04 05:27:09.393   768  2315 D AccessibilityManagerService: changeCurrentUserForTestAutomationIfNeededLocked(0): ignoring because device doesn't support visible background users
05-04 05:27:09.393   768  2315 I UiAutomationManager: Registering UiTestAutomationService (id=com.android.server.accessibility/UiAutomation, flags=0x0) when called by user 0
05-04 05:27:09.393   768  2315 V AccessibilityManagerService: onUserStateChangedLocked for userId: 0, forceUpdate: false
05-04 05:27:09.394   768  2315 W MagnificationConnectionManager: requestConnection duplicated request: connect=false, mConnectionState=DISCONNECTED
05-04 05:27:09.394  1580  2679 I AiAiEcho: Settings changed for uri: content://settings/secure/accessibility_enabled
05-04 05:27:09.395  1580  2005 I AiAiEcho: Predicting[0]:  [CONTEXT sampling_count=5 ]
05-04 05:27:09.395  1580  2005 I AiAiEcho: EchoTargets: 
05-04 05:27:09.395  1580  2005 I AiAiEcho: Filtered by AiAi flag check: 
05-04 05:27:09.395  1580  2005 I AiAiEcho: [CONTEXT ratelimit_period="10 SECONDS" ]
05-04 05:27:09.395  1580  2005 I AiAiEcho: #remoteViewsTwiddler: feature disabled.
05-04 05:27:09.395   768   768 W IPCThreadState: Sending oneway calls to frozen process.
05-04 05:27:09.396   768   768 W IPCThreadState: Sending oneway calls to frozen process.
05-04 05:27:09.396   768   768 W IPCThreadState: Sending oneway calls to frozen process.
05-04 05:27:09.396  1580  2005 I AiAiEcho: Predicting[0]:  [CONTEXT sampling_count=5 ]
05-04 05:27:09.396   768   768 W IPCThreadState: Sending oneway calls to frozen process.
05-04 05:27:09.396  1580  2005 I AiAiEcho: EchoTargets: 
05-04 05:27:09.396  1580  2005 I AiAiEcho: Filtered by AiAi flag check: 
05-04 05:27:09.396  1580  2005 I AiAiEcho: [CONTEXT ratelimit_period="10 SECONDS" ]
05-04 05:27:09.396   768   768 W IPCThreadState: Sending oneway calls to frozen process.
05-04 05:27:09.396  1580  2005 I AiAiEcho: #remoteViewsTwiddler: feature disabled.
05-04 05:27:09.396  1580  2005 I AiAiEcho: #postPredictionTargets: Sending updates to UISurface lockscreen with targets# 0 (types=[])
05-04 05:27:09.396   768   768 W IPCThreadState: Sending oneway calls to frozen process.
05-04 05:27:09.397  1580  2005 I AiAiEcho: #postPredictionTargets: Sending updates to UISurface home with targets# 0 (types=[])
05-04 05:27:09.397  1022  1022 W PageIndicator: Total number of pages invalid: 0. Assuming 1 page.
05-04 05:27:09.397   768   768 W IPCThreadState: Sending oneway calls to frozen process.
05-04 05:27:09.397   768   768 W IPCThreadState: Sending oneway calls to frozen process.
05-04 05:27:09.397   768   768 W IPCThreadState: Sending oneway calls to frozen process.
05-04 05:27:09.397   768   768 W IPCThreadState: Sending oneway calls to frozen process.
05-04 05:27:09.397   768   768 W IPCThreadState: Sending oneway calls to frozen process.
05-04 05:27:09.398   768   768 W IPCThreadState: Sending oneway calls to frozen process.
05-04 05:27:09.398   768   768 W IPCThreadState: Sending oneway calls to frozen process.
05-04 05:27:09.398   768   768 W IPCThreadState: Sending oneway calls to frozen process.
05-04 05:27:09.398   768   768 W IPCThreadState: Sending oneway calls to frozen process.
05-04 05:27:09.398   768   768 W IPCThreadState: Sending oneway calls to frozen process.
05-04 05:27:09.398   768   768 W IPCThreadState: Sending oneway calls to frozen process.
05-04 05:27:09.399   768   768 W IPCThreadState: Sending oneway calls to frozen process.
05-04 05:27:09.400   768   768 W IPCThreadState: Sending oneway calls to frozen process.
05-04 05:27:09.400   768   768 W IPCThreadState: Sending oneway calls to frozen process.
05-04 05:27:09.400   768  1867 V AccessibilityManagerService: onUserStateChangedLocked for userId: 0, forceUpdate: false
05-04 05:27:09.400   768   768 W IPCThreadState: Sending oneway calls to frozen process.
05-04 05:27:09.401   768   768 D BatterySaverPolicy: accessibility changed to true, updating policy.
05-04 05:27:09.402   768  1867 W MagnificationConnectionManager: requestConnection duplicated request: connect=false, mConnectionState=DISCONNECTED
05-04 05:27:09.402  1580  2679 I AiAiEcho: Settings changed for uri: content://settings/secure/accessibility_enabled
05-04 05:27:09.402  1580  2005 I AiAiEcho: Predicting[0]:  [CONTEXT sampling_count=5 ]
05-04 05:27:09.403  1580  2005 I AiAiEcho: EchoTargets: 
05-04 05:27:09.403  1580  2005 I AiAiEcho: Filtered by AiAi flag check: 
05-04 05:27:09.403  1580  2005 I AiAiEcho: [CONTEXT ratelimit_period="10 SECONDS" ]
05-04 05:27:09.403  1580  2005 I AiAiEcho: #remoteViewsTwiddler: feature disabled.
05-04 05:27:09.403  1580  2005 I AiAiEcho: Predicting[0]:  [CONTEXT sampling_count=5 ]
05-04 05:27:09.403  1580  2005 I AiAiEcho: EchoTargets: 
05-04 05:27:09.403  1580  2005 I AiAiEcho: Filtered by AiAi flag check: 
05-04 05:27:09.403  1580  2005 I AiAiEcho: [CONTEXT ratelimit_period="10 SECONDS" ]
05-04 05:27:09.403   768   768 W IPCThreadState: Sending oneway calls to frozen process.
05-04 05:27:09.404  1580  2005 I AiAiEcho: #remoteViewsTwiddler: feature disabled.
05-04 05:27:09.404   768   768 W IPCThreadState: Sending oneway calls to frozen process.
05-04 05:27:09.404   768   768 W IPCThreadState: Sending oneway calls to frozen process.
05-04 05:27:09.404   768   768 W IPCThreadState: Sending oneway calls to frozen process.
05-04 05:27:09.404  1580  2005 I AiAiEcho: #postPredictionTargets: Sending updates to UISurface lockscreen with targets# 0 (types=[])
05-04 05:27:09.404   768   768 W IPCThreadState: Sending oneway calls to frozen process.
05-04 05:27:09.404   768   768 W IPCThreadState: Sending oneway calls to frozen process.
05-04 05:27:09.405   768   768 W IPCThreadState: Sending oneway calls to frozen process.
05-04 05:27:09.405   768   768 W IPCThreadState: Sending oneway calls to frozen process.
05-04 05:27:09.405   768   768 W IPCThreadState: Sending oneway calls to frozen process.
05-04 05:27:09.405   768   768 W IPCThreadState: Sending oneway calls to frozen process.
05-04 05:27:09.405   768   768 W IPCThreadState: Sending oneway calls to frozen process.
05-04 05:27:09.405  1580  2005 I AiAiEcho: #postPredictionTargets: Sending updates to UISurface home with targets# 0 (types=[])
05-04 05:27:09.405   768   768 W IPCThreadState: Sending oneway calls to frozen process.
05-04 05:27:09.406   768   768 W IPCThreadState: Sending oneway calls to frozen process.
05-04 05:27:09.406   768   768 W IPCThreadState: Sending oneway calls to frozen process.
05-04 05:27:09.407  1022  1022 W PageIndicator: Total number of pages invalid: 0. Assuming 1 page.
05-04 05:27:10.412  1611  1679 W MediaProvider: isAppCloneUserPair for user 0: false
05-04 05:27:10.425  5185  5185 W AccessibilityNodeInfoDumper: Fetch time: 16ms
05-04 05:27:10.427   768  1942 V AccessibilityManagerService: onUserStateChangedLocked for userId: 0, forceUpdate: false
05-04 05:27:10.428   768  1942 W MagnificationConnectionManager: requestConnection duplicated request: connect=false, mConnectionState=DISCONNECTED
05-04 05:27:10.428   768  1942 D AccessibilityManagerService: restoreCurrentUserForTestAutomationIfNeededLocked(): ignoring because device doesn't support visible background users
05-04 05:27:10.428  1580  2679 I AiAiEcho: Settings changed for uri: content://settings/secure/accessibility_enabled
05-04 05:27:10.428   768   768 W IPCThreadState: Sending oneway calls to frozen process.
05-04 05:27:10.428   768   768 W IPCThreadState: Sending oneway calls to frozen process.
05-04 05:27:10.428   768   768 W IPCThreadState: Sending oneway calls to frozen process.
05-04 05:27:10.428   768   768 W IPCThreadState: Sending oneway calls to frozen process.
05-04 05:27:10.428   768   768 W IPCThreadState: Sending oneway calls to frozen process.
05-04 05:27:10.429   768   768 W IPCThreadState: Sending oneway calls to frozen process.
05-04 05:27:10.429  1580  2005 I AiAiEcho: Predicting[0]:  [CONTEXT sampling_count=5 ]
05-04 05:27:10.429   768   768 W IPCThreadState: Sending oneway calls to frozen process.
05-04 05:27:10.429  1580  2005 I AiAiEcho: EchoTargets: 
05-04 05:27:10.429  1580  2005 I AiAiEcho: Filtered by AiAi flag check: 
05-04 05:27:10.429  1580  2005 I AiAiEcho: [CONTEXT ratelimit_period="10 SECONDS" ]
05-04 05:27:10.429  5185  5185 D AndroidRuntime: Shutting down VM
05-04 05:27:10.429   768   768 W IPCThreadState: Sending oneway calls to frozen process.
05-04 05:27:10.429   768   768 W IPCThreadState: Sending oneway calls to frozen process.
05-04 05:27:10.429  5185  5194 W IPCThreadState: call to talkWithDriver in joinThreadPool returned error: -9 (Bad file descriptor), FD: -1
05-04 05:27:10.429   768   768 W IPCThreadState: Sending oneway calls to frozen process.
05-04 05:27:10.429   768   768 W IPCThreadState: Sending oneway calls to frozen process.
05-04 05:27:10.429  5185  5195 W IPCThreadState: call to talkWithDriver in joinThreadPool returned error: -9 (Bad file descriptor), FD: -1
05-04 05:27:10.429  1580  2005 I AiAiEcho: #remoteViewsTwiddler: feature disabled.
05-04 05:27:10.429   768   768 W IPCThreadState: Sending oneway calls to frozen process.
05-04 05:27:10.429  1580  2005 I AiAiEcho: Predicting[0]:  [CONTEXT sampling_count=5 ]
05-04 05:27:10.430  1580  2005 I AiAiEcho: EchoTargets: 
05-04 05:27:10.430  1580  2005 I AiAiEcho: Filtered by AiAi flag check: 
05-04 05:27:10.430  1580  2005 I AiAiEcho: [CONTEXT ratelimit_period="10 SECONDS" ]
05-04 05:27:10.430   768   768 W IPCThreadState: Sending oneway calls to frozen process.
05-04 05:27:10.430   768   768 W IPCThreadState: Sending oneway calls to frozen process.
05-04 05:27:10.430  1580  2005 I AiAiEcho: #remoteViewsTwiddler: feature disabled.
05-04 05:27:10.430   768   768 W IPCThreadState: Sending oneway calls to frozen process.
05-04 05:27:10.430   768   768 W IPCThreadState: Sending oneway calls to frozen process.
05-04 05:27:10.430   768   768 W IPCThreadState: Sending oneway calls to frozen process.
05-04 05:27:10.430  1580  2005 I AiAiEcho: #postPredictionTargets: Sending updates to UISurface lockscreen with targets# 0 (types=[])
05-04 05:27:10.430   768   768 W IPCThreadState: Sending oneway calls to frozen process.
05-04 05:27:10.431   768   768 W IPCThreadState: Sending oneway calls to frozen process.
05-04 05:27:10.431   768   768 W IPCThreadState: Sending oneway calls to frozen process.
05-04 05:27:10.432  1580  2005 I AiAiEcho: #postPredictionTargets: Sending updates to UISurface home with targets# 0 (types=[])
05-04 05:27:10.432   768   768 W IPCThreadState: Sending oneway calls to frozen process.
05-04 05:27:10.432   768   768 D BatterySaverPolicy: accessibility changed to false, updating policy.
05-04 05:27:10.435  1022  1022 W PageIndicator: Total number of pages invalid: 0. Assuming 1 page.
05-04 05:27:10.456   768  1942 D OomAdjuster: Not killing cached processes
05-04 05:27:10.483   768  1942 D ActivityManager: sync unfroze 1727 com.google.android.gms for 6
05-04 05:27:10.483   768  1942 D ActivityManager: sync unfroze 4093 com.google.android.adservices.api for 6
05-04 05:27:10.487  1727  4302 V NativeCrypto: SSL shutdown failed: ssl=0x785e10411158: I/O error during system call, Software caused connection abort
05-04 05:27:10.490   768  2315 W ProcessStats: Tracking association SourceState{c12477 com.google.android.gms.persistent/10145 ImpBg #3200} whose proc state 6 is better than process ProcessState{12a8888 com.google.android.gms/10145 pkg=com.google.android.gms} proc state 14 (3 skipped)
05-04 05:27:10.495  1373  4755 I NetworkScheduler.Stats: (REDACTED) Task %s/%s started execution. cause:%s exec_start_elapsed_seconds: %s
05-04 05:27:10.496  1727  1727 D BoundBrokerSvc: onBind: Intent { act=com.google.android.gms.auth.api.credentials.fido.autoenroll.CryptauthKeyAutoEnrollmentService.ACTION_TASK_READY dat=chimera-action:/... xflg=0x4 cmp=com.google.android.gms/.chimera.GmsInternalBoundBrokerService }
05-04 05:27:10.496  1727  1727 D BoundBrokerSvc: Loading bound service for intent: Intent { act=com.google.android.gms.auth.api.credentials.fido.autoenroll.CryptauthKeyAutoEnrollmentService.ACTION_TASK_READY dat=chimera-action:/... xflg=0x4 cmp=com.google.android.gms/.chimera.GmsInternalBoundBrokerService }
05-04 05:27:10.499  1373  4185 I NetworkScheduler.Stats: (REDACTED) Task %s/%s started execution. cause:%s exec_start_elapsed_seconds: %s
05-04 05:27:10.509  1727  5200 I GmscoreIpa: Starting mediastore instant index [CONTEXT service_id=255 ]
05-04 05:27:10.511  1373  4755 I NetworkScheduler.Stats: (REDACTED) Task %s/%s finished executing. cause:%s result: %s elapsed_millis: %s uptime_millis: %s exec_start_elapsed_seconds: %s
05-04 05:27:10.518  1727  1868 I Auth.Api.Credentials: [ListAccountsWithUsernameOperation] Operation started. [CONTEXT service_id=399 ]
05-04 05:27:10.520  1727  5203 I Auth.Api.Credentials: (REDACTED) [ListAccountsWithUsernameOperation] Operation succeeded with result: %s.
05-04 05:27:10.533  1727  1727 D BoundBrokerSvc: onUnbind: Intent { act=com.google.android.gms.auth.api.credentials.fido.autoenroll.CryptauthKeyAutoEnrollmentService.ACTION_TASK_READY dat=chimera-action:/... xflg=0x4 cmp=com.google.android.gms/.chimera.GmsInternalBoundBrokerService }
05-04 05:27:10.533  1373  5202 I NetworkScheduler.Stats: (REDACTED) Task %s/%s finished executing. cause:%s result: %s elapsed_millis: %s uptime_millis: %s exec_start_elapsed_seconds: %s
05-04 05:27:11.349  1635  2333 I bbax    : (REDACTED) getHotwordActive::active query: %s, watch: %s, devices connected: %s
05-04 05:27:12.684  5207  5207 W dumpsys : Thread Pool max thread count is 0. Cannot cache binder as linkToDeath cannot be implemented. serviceName: accessibility
05-04 05:27:12.694   768  2480 I system_server: AssetManager2(0x785ef04926f8) locale list changing from [] to [en-US]
05-04 05:27:15.941   768   820 D OomAdjuster: Not killing cached processes
05-04 05:27:17.183  1146  1307 D SatelliteController: iisInCarrierRoamingNbIotNtn: satellite is disabled
05-04 05:27:19.409   768   819 W IPCThreadState: Sending oneway calls to frozen process.
05-04 05:27:19.409   768   819 W IPCThreadState: Sending oneway calls to frozen process.
05-04 05:27:19.752  1611  1666 D PickerSyncController: Attempting to enable cloud media queries.
05-04 05:27:19.752  1611  1666 D PickerSyncLockManager: Trying to acquire lock com.android.providers.media.photopicker.sync.CloseableReentrantLock@8e633f9[Unlocked]. Lock Name = CLOUD_SYNC_LOCK. Threads that may be waiting to acquire this lock = [] with timeout.
05-04 05:27:19.752  1611  1666 D CloseableReentrantLock: Successfully acquired lock com.android.providers.media.photopicker.sync.CloseableReentrantLock@8e633f9[Locked by thread com.android.providers.media.internal.modules.utils.BackgroundThread]. Lock Name = CLOUD_SYNC_LOCK. Threads that may be waiting to acquire this lock = []
05-04 05:27:19.752  1611  1666 D PickerSyncLockManager: Trying to acquire lock com.android.providers.media.photopicker.sync.CloseableReentrantLock@70edb0d[Unlocked]. Lock Name = CLOUD_PROVIDER_LOCK. Threads that may be waiting to acquire this lock = [] with timeout.
05-04 05:27:19.753  1611  1666 D CloseableReentrantLock: Successfully acquired lock com.android.providers.media.photopicker.sync.CloseableReentrantLock@70edb0d[Locked by thread com.android.providers.media.internal.modules.utils.BackgroundThread]. Lock Name = CLOUD_PROVIDER_LOCK. Threads that may be waiting to acquire this lock = []
05-04 05:27:19.753  1611  1666 D CloseableReentrantLock: Successfully released lock com.android.providers.media.photopicker.sync.CloseableReentrantLock@70edb0d[Unlocked]. Lock Name = CLOUD_PROVIDER_LOCK. Threads that may be waiting to acquire this lock = []
05-04 05:27:19.753  1611  1666 D PickerSyncLockManager: Trying to acquire lock com.android.providers.media.photopicker.sync.CloseableReentrantLock@70edb0d[Unlocked]. Lock Name = CLOUD_PROVIDER_LOCK. Threads that may be waiting to acquire this lock = [] with timeout.
05-04 05:27:19.753  1611  1666 D CloseableReentrantLock: Successfully acquired lock com.android.providers.media.photopicker.sync.CloseableReentrantLock@70edb0d[Locked by thread com.android.providers.media.internal.modules.utils.BackgroundThread]. Lock Name = CLOUD_PROVIDER_LOCK. Threads that may be waiting to acquire this lock = []
05-04 05:27:19.753  1611  1666 D PickerSyncController: getSyncRequestParams() CLOUD, auth=com.google.android.apps.photos.cloudpicker
05-04 05:27:19.778   768  1942 D ActivityManager: sync unfroze 3637 com.google.android.apps.photos for 7
05-04 05:27:19.779   768   977 D BackgroundInstallControlService: Package event received: 0
05-04 05:27:19.790  3637  4812 W libc    : Access denied finding property "ro.debuggable"
05-04 05:27:19.791  1611  1666 D PickerSyncController:    Latest ID/Gen=null/0
05-04 05:27:19.791  1611  1666 D PickerSyncController:    Cached ID/Gen=null/-1
05-04 05:27:19.791  1611  1666 D CloseableReentrantLock: Successfully released lock com.android.providers.media.photopicker.sync.CloseableReentrantLock@70edb0d[Unlocked]. Lock Name = CLOUD_PROVIDER_LOCK. Threads that may be waiting to acquire this lock = []
05-04 05:27:19.791  1611  1666 D CloseableReentrantLock: Successfully released lock com.android.providers.media.photopicker.sync.CloseableReentrantLock@8e633f9[Unlocked]. Lock Name = CLOUD_SYNC_LOCK. Threads that may be waiting to acquire this lock = []
05-04 05:27:19.788  3637  3637 W binder:3637_6: type=1400 audit(0.0:50): avc:  denied  { read } for  name="u:object_r:userdebug_or_eng_prop:s0" dev="tmpfs" ino=371 scontext=u:r:untrusted_app:s0:c169,c256,c512,c768 tcontext=u:object_r:userdebug_or_eng_prop:s0 tclass=file permissive=0 app=com.google.android.apps.photos
05-04 05:27:19.795  1611  1666 D PickerSyncController: Error occurred, remaining retry count: 1
05-04 05:27:19.795  1611  1666 D PickerSyncController: java.lang.IllegalStateException: Unexpected Latest Media Collection Info: ID/Gen=null/0
05-04 05:27:19.795  1611  1666 D PickerSyncController: 	at com.android.providers.media.photopicker.PickerSyncController.getSyncRequestParamsLocked(PickerSyncController.java:1554)
05-04 05:27:19.795  1611  1666 D PickerSyncController: 	at com.android.providers.media.photopicker.PickerSyncController.getSyncRequestParams(PickerSyncController.java:1514)
05-04 05:27:19.795  1611  1666 D PickerSyncController: 	at com.android.providers.media.photopicker.PickerSyncController.maybeEnableCloudMediaQueries(PickerSyncController.java:355)
05-04 05:27:19.795  1611  1666 D PickerSyncController: 	at com.android.providers.media.photopicker.PickerSyncController.lambda$tryEnablingCloudMediaQueries$0(PickerSyncController.java:286)
05-04 05:27:19.795  1611  1666 D PickerSyncController: 	at com.android.providers.media.photopicker.PickerSyncController.$r8$lambda$igHbLHRBgFxI5G0Bp5TN28PcQJ4(PickerSyncController.java:0)
05-04 05:27:19.795  1611  1666 D PickerSyncController: 	at com.android.providers.media.photopicker.PickerSyncController$$ExternalSyntheticLambda1.run(R8$$SyntheticClass:0)
05-04 05:27:19.795  1611  1666 D PickerSyncController: 	at android.os.Handler.handleCallback(Handler.java:995)
05-04 05:27:19.795  1611  1666 D PickerSyncController: 	at android.os.Handler.dispatchMessage(Handler.java:103)
05-04 05:27:19.795  1611  1666 D PickerSyncController: 	at android.os.Looper.loopOnce(Looper.java:248)
05-04 05:27:19.795  1611  1666 D PickerSyncController: 	at android.os.Looper.loop(Looper.java:338)
05-04 05:27:19.795  1611  1666 D PickerSyncController: 	at android.os.HandlerThread.run(HandlerThread.java:85)
05-04 05:27:19.795  1611  1666 D PickerSyncController: Schedule enable cloud media query task.
05-04 05:27:20.431   768   819 W IPCThreadState: Sending oneway calls to frozen process.
05-04 05:27:20.443   768   807 W JobScheduler: Job didn't exist in JobStore: cf32392 #u0a169/1034 com.google.android.apps.photos/com.google.android.libraries.social.mediamonitor.MediaMonitorJobSchedulerService
05-04 05:27:20.447   768   807 W UriGrantsManagerService: No permission grants found for com.google.android.apps.photos
05-04 05:27:20.447   768   807 W UriGrantsManagerService: No permission grants found for com.google.android.apps.photos
05-04 05:27:20.473   768  1942 W UriGrantsManagerService: No permission grants found for com.google.android.apps.photos
05-04 05:27:20.474   768  1942 W UriGrantsManagerService: No permission grants found for com.google.android.apps.photos
05-04 05:27:20.486   768  1942 W UriGrantsManagerService: No permission grants found for com.google.android.apps.photos
05-04 05:27:20.487   768  1942 W UriGrantsManagerService: No permission grants found for com.google.android.apps.photos
05-04 05:27:22.529   768   933 D InetDiagMessage: Destroyed 0 sockets, proto=IPPROTO_TCP, family=AF_INET, states=14
05-04 05:27:22.529   768   933 D InetDiagMessage: Destroyed 0 sockets, proto=IPPROTO_TCP, family=AF_INET6, states=14
05-04 05:27:22.529   768   933 D InetDiagMessage: Destroyed live tcp sockets for uids={10196} in 1ms
05-04 05:27:22.529   768   933 D InetDiagMessage: Destroyed 0 sockets, proto=IPPROTO_TCP, family=AF_INET, states=14
05-04 05:27:22.529   768   933 D InetDiagMessage: Destroyed 0 sockets, proto=IPPROTO_TCP, family=AF_INET6, states=14
05-04 05:27:22.529   768   933 D InetDiagMessage: Destroyed live tcp sockets for uids={20196} in 0ms
05-04 05:27:24.774   768  2315 D OomAdjuster: Not killing cached processes
05-04 05:27:27.117  5214  5214 W dumpsys : Thread Pool max thread count is 0. Cannot cache binder as linkToDeath cannot be implemented. serviceName: accessibility
05-04 05:27:27.183  1146  1307 D SatelliteController: iisInCarrierRoamingNbIotNtn: satellite is disabled
05-04 05:27:27.562   768   878 D ActivityManager: freezing 1727 com.google.android.gms
05-04 05:27:27.563   768   878 D ActivityManager: freezing 4093 com.google.android.adservices.api
05-04 05:27:27.616   768   933 D InetDiagMessage: Destroyed 0 sockets, proto=IPPROTO_TCP, family=AF_INET, states=14
05-04 05:27:27.616   768   933 D InetDiagMessage: Destroyed 0 sockets, proto=IPPROTO_TCP, family=AF_INET6, states=14
05-04 05:27:27.616   768   933 D InetDiagMessage: Destroyed live tcp sockets for uids={10196} in 1ms
05-04 05:27:30.829   768   933 D InetDiagMessage: Destroyed 0 sockets, proto=IPPROTO_TCP, family=AF_INET, states=14
05-04 05:27:30.830   768   933 D InetDiagMessage: Destroyed 0 sockets, proto=IPPROTO_TCP, family=AF_INET6, states=14
05-04 05:27:30.830   768   933 D InetDiagMessage: Destroyed live tcp sockets for uids={10169} in 1ms
05-04 05:27:30.830   768   933 D InetDiagMessage: Destroyed 0 sockets, proto=IPPROTO_TCP, family=AF_INET, states=14
05-04 05:27:30.830   768   933 D InetDiagMessage: Destroyed 0 sockets, proto=IPPROTO_TCP, family=AF_INET6, states=14
05-04 05:27:30.830   768   933 D InetDiagMessage: Destroyed live tcp sockets for uids={20169} in 0ms
05-04 05:27:37.183  1146  1307 D SatelliteController: iisInCarrierRoamingNbIotNtn: satellite is disabled
05-04 05:27:42.372   768  2315 V SettingsShellCmd: putForUser(userId=0, table=secure, key=enabled_accessibility_services, value=com.google.android.marvin.talkback/com.google.android.marvin.talkback.TalkBackService, tag=null, makeDefault=false, overrideableByRestore=false)
05-04 05:27:42.373  1580  2679 I AiAiEcho: Settings changed for uri: content://settings/secure/enabled_accessibility_services
05-04 05:27:42.374  1580  2005 I AiAiEcho: Predicting[0]:  [CONTEXT sampling_count=5 ]
05-04 05:27:42.374  1580  2005 I AiAiEcho: EchoTargets: 
05-04 05:27:42.374  1580  2005 I AiAiEcho: Filtered by AiAi flag check: 
05-04 05:27:42.374  1580  2005 I AiAiEcho: [CONTEXT ratelimit_period="10 SECONDS" ]
05-04 05:27:42.374   768   768 V AccessibilityManagerService: onUserStateChangedLocked for userId: 0, forceUpdate: false
05-04 05:27:42.374  1580  2005 I AiAiEcho: #remoteViewsTwiddler: feature disabled.
05-04 05:27:42.374  1580  2005 I AiAiEcho: Predicting[0]:  [CONTEXT sampling_count=5 ]
05-04 05:27:42.375  1580  2005 I AiAiEcho: EchoTargets: 
05-04 05:27:42.375  1580  2005 I AiAiEcho: Filtered by AiAi flag check: 
05-04 05:27:42.375  1580  2005 I AiAiEcho: [CONTEXT ratelimit_period="10 SECONDS" ]
05-04 05:27:42.375  1580  2005 I AiAiEcho: #remoteViewsTwiddler: feature disabled.
05-04 05:27:42.376  1580  2005 I AiAiEcho: #postPredictionTargets: Sending updates to UISurface lockscreen with targets# 0 (types=[])
05-04 05:27:42.376   768   977 D BackgroundInstallControlService: Package event received: 0
05-04 05:27:42.376  1580  2005 I AiAiEcho: #postPredictionTargets: Sending updates to UISurface home with targets# 0 (types=[])
05-04 05:27:42.377  1022  1022 W PageIndicator: Total number of pages invalid: 0. Assuming 1 page.
05-04 05:27:42.377   768   768 D OomAdjuster: Not killing cached processes
05-04 05:27:42.405   768   768 D ActivityManager: sync unfroze 3919 com.google.android.marvin.talkback for 6
05-04 05:27:42.406   768   977 D BackgroundInstallControlService: Package event received: 0
05-04 05:27:42.408   768   768 W MagnificationConnectionManager: requestConnection duplicated request: connect=false, mConnectionState=DISCONNECTED
05-04 05:27:42.408  1580  2679 I AiAiEcho: Settings changed for uri: content://settings/secure/accessibility_enabled
05-04 05:27:42.409   768   768 W IPCThreadState: Sending oneway calls to frozen process.
05-04 05:27:42.409   768   768 W IPCThreadState: Sending oneway calls to frozen process.
05-04 05:27:42.409   768   768 W IPCThreadState: Sending oneway calls to frozen process.
05-04 05:27:42.409   768   768 W IPCThreadState: Sending oneway calls to frozen process.
05-04 05:27:42.409   768   768 W IPCThreadState: Sending oneway calls to frozen process.
05-04 05:27:42.409  1580  2005 I AiAiEcho: Predicting[0]:  [CONTEXT sampling_count=5 ]
05-04 05:27:42.410  1580  2005 I AiAiEcho: EchoTargets: 
05-04 05:27:42.410  1580  2005 I AiAiEcho: Filtered by AiAi flag check: 
05-04 05:27:42.410  1580  2005 I AiAiEcho: [CONTEXT ratelimit_period="10 SECONDS" ]
05-04 05:27:42.410  1580  2005 I AiAiEcho: #remoteViewsTwiddler: feature disabled.
05-04 05:27:42.410  1580  2005 I AiAiEcho: Predicting[0]:  [CONTEXT sampling_count=5 ]
05-04 05:27:42.411   768   768 W IPCThreadState: Sending oneway calls to frozen process.
05-04 05:27:42.411   768   768 W IPCThreadState: Sending oneway calls to frozen process.
05-04 05:27:42.411   768   768 W IPCThreadState: Sending oneway calls to frozen process.
05-04 05:27:42.411   768   768 W IPCThreadState: Sending oneway calls to frozen process.
05-04 05:27:42.411   768   768 W IPCThreadState: Sending oneway calls to frozen process.
05-04 05:27:42.411  1580  2005 I AiAiEcho: EchoTargets: 
05-04 05:27:42.411  1580  2005 I AiAiEcho: Filtered by AiAi flag check: 
05-04 05:27:42.411  1580  2005 I AiAiEcho: [CONTEXT ratelimit_period="10 SECONDS" ]
05-04 05:27:42.411   768   768 W IPCThreadState: Sending oneway calls to frozen process.
05-04 05:27:42.411   768   768 W IPCThreadState: Sending oneway calls to frozen process.
05-04 05:27:42.411  1580  2005 I AiAiEcho: #remoteViewsTwiddler: feature disabled.
05-04 05:27:42.412   768   768 D BatterySaverPolicy: accessibility changed to true, updating policy.
05-04 05:27:42.412  1580  2005 I AiAiEcho: #postPredictionTargets: Sending updates to UISurface lockscreen with targets# 0 (types=[])
05-04 05:27:42.413  1580  2005 I AiAiEcho: #postPredictionTargets: Sending updates to UISurface home with targets# 0 (types=[])
05-04 05:27:42.414   768  2480 V SettingsShellCmd: putForUser(userId=0, table=secure, key=accessibility_enabled, value=1, tag=null, makeDefault=false, overrideableByRestore=false)
05-04 05:27:42.414  1580  2679 I AiAiEcho: Settings changed for uri: content://settings/secure/accessibility_enabled
05-04 05:27:42.415  1580  2005 I AiAiEcho: Predicting[0]:  [CONTEXT sampling_count=5 ]
05-04 05:27:42.415  1580  2005 I AiAiEcho: EchoTargets: 
05-04 05:27:42.415  1580  2005 I AiAiEcho: Filtered by AiAi flag check: 
05-04 05:27:42.415  1580  2005 I AiAiEcho: [CONTEXT ratelimit_period="10 SECONDS" ]
05-04 05:27:42.415  1580  2005 I AiAiEcho: #remoteViewsTwiddler: feature disabled.
05-04 05:27:42.415  1580  2005 I AiAiEcho: Predicting[0]:  [CONTEXT sampling_count=5 ]
05-04 05:27:42.415  1580  2005 I AiAiEcho: EchoTargets: 
05-04 05:27:42.415  1580  2005 I AiAiEcho: Filtered by AiAi flag check: 
05-04 05:27:42.415  1580  2005 I AiAiEcho: [CONTEXT ratelimit_period="10 SECONDS" ]
05-04 05:27:42.415  1022  1022 W PageIndicator: Total number of pages invalid: 0. Assuming 1 page.
05-04 05:27:42.415  1580  2005 I AiAiEcho: #remoteViewsTwiddler: feature disabled.
05-04 05:27:42.416  1580  2005 I AiAiEcho: #postPredictionTargets: Sending updates to UISurface lockscreen with targets# 0 (types=[])
05-04 05:27:42.416  1022  1022 W PageIndicator: Total number of pages invalid: 0. Assuming 1 page.
05-04 05:27:42.416  1580  2005 I AiAiEcho: #postPredictionTargets: Sending updates to UISurface home with targets# 0 (types=[])
05-04 05:27:42.485   768  2315 W ProcessStats: Tracking association SourceState{f80aa41 system/1000 BFgs #3222} whose proc state 4 is better than process ProcessState{e2e99c com.google.android.marvin.talkback/10171 pkg=com.google.android.marvin.talkback} proc state 15 (21 skipped)
05-04 05:27:42.486   768   768 V AccessibilityManagerService: onUserStateChangedLocked for userId: 0, forceUpdate: false
05-04 05:27:42.487  1580  2679 I AiAiEcho: Settings changed for uri: content://settings/secure/accessibility_enabled
05-04 05:27:42.488  1580  2005 I AiAiEcho: Predicting[0]:  [CONTEXT sampling_count=5 ]
05-04 05:27:42.488  1580  2005 I AiAiEcho: EchoTargets: 
05-04 05:27:42.488  1580  2005 I AiAiEcho: Filtered by AiAi flag check: 
05-04 05:27:42.488  1580  2005 I AiAiEcho: [CONTEXT ratelimit_period="10 SECONDS" ]
05-04 05:27:42.488  1580  2005 I AiAiEcho: #remoteViewsTwiddler: feature disabled.
05-04 05:27:42.488  1580  2005 I AiAiEcho: Predicting[0]:  [CONTEXT sampling_count=5 ]
05-04 05:27:42.488  1580  2005 I AiAiEcho: EchoTargets: 
05-04 05:27:42.488  1580  2005 I AiAiEcho: Filtered by AiAi flag check: 
05-04 05:27:42.488  1580  2005 I AiAiEcho: [CONTEXT ratelimit_period="10 SECONDS" ]
05-04 05:27:42.488  1580  2005 I AiAiEcho: #remoteViewsTwiddler: feature disabled.
05-04 05:27:42.489  1580  2005 I AiAiEcho: #postPredictionTargets: Sending updates to UISurface lockscreen with targets# 0 (types=[])
05-04 05:27:42.489  1580  2005 I AiAiEcho: #postPredictionTargets: Sending updates to UISurface home with targets# 0 (types=[])
05-04 05:27:42.489  1022  1022 W PageIndicator: Total number of pages invalid: 0. Assuming 1 page.
05-04 05:27:42.492   768   768 W IPCThreadState: Sending oneway calls to frozen process.
05-04 05:27:42.492   768   768 W IPCThreadState: Sending oneway calls to frozen process.
05-04 05:27:42.492   768   768 W IPCThreadState: Sending oneway calls to frozen process.
05-04 05:27:42.492   768   768 W IPCThreadState: Sending oneway calls to frozen process.
05-04 05:27:42.493   768   768 W IPCThreadState: Sending oneway calls to frozen process.
05-04 05:27:42.493   768   768 W IPCThreadState: Sending oneway calls to frozen process.
05-04 05:27:42.497   768   768 W IPCThreadState: Sending oneway calls to frozen process.
05-04 05:27:42.497   768   768 W IPCThreadState: Sending oneway calls to frozen process.
05-04 05:27:42.497   768   768 W IPCThreadState: Sending oneway calls to frozen process.
05-04 05:27:42.497   768   768 W IPCThreadState: Sending oneway calls to frozen process.
05-04 05:27:42.497   768   768 W IPCThreadState: Sending oneway calls to frozen process.
05-04 05:27:42.498   768   768 W IPCThreadState: Sending oneway calls to frozen process.
05-04 05:27:42.498   768   768 W IPCThreadState: Sending oneway calls to frozen process.
05-04 05:27:42.498   768   768 W IPCThreadState: Sending oneway calls to frozen process.
05-04 05:27:42.498   768   768 W IPCThreadState: Sending oneway calls to frozen process.
05-04 05:27:42.498   768   768 W IPCThreadState: Sending oneway calls to frozen process.
05-04 05:27:42.498   768   768 W IPCThreadState: Sending oneway calls to frozen process.
05-04 05:27:42.498   768   768 W IPCThreadState: Sending oneway calls to frozen process.
05-04 05:27:42.535   768   768 I system_server: AssetManager2(0x785ef0494c78) locale list changing from [] to [en-US]
05-04 05:27:42.597  3919  3919 I marvin.talkback: AssetManager2(0x785ef041c138) locale list changing from [] to [en-US]
05-04 05:27:42.601  3919  3919 I TextToSpeech: Sucessfully bound to com.google.android.tts
05-04 05:27:42.602   768  2315 D TextToSpeechManagerPerUserService: Trying to start connection to TTS engine: com.google.android.tts
05-04 05:27:42.602   768   768 D TextToSpeechManagerPerUserService: Connected successfully to TTS engine: com.google.android.tts
05-04 05:27:42.603  3919  3928 I TextToSpeech: Connected to TTS engine
05-04 05:27:42.632  4352  4361 I GoogleTTSServiceImpl: currentLocale = en-US
05-04 05:27:42.641  4352  4361 I GoogleTTSServiceImpl: For default lang en-us is name en-US-language (en-us-x-iog-server)
05-04 05:27:42.641  3919  5243 I TextToSpeech: Setting up the connection to TTS engine...
05-04 05:27:42.732  3919  5246 W MDD     : MDDManager Clearing MDD since FilesMetadata failed or needs migration.
05-04 05:27:42.831   768   977 D BackgroundInstallControlService: Package event received: 0
05-04 05:27:42.833   768   933 W IPCThreadState: Sending oneway calls to frozen process.
05-04 05:27:42.833   768   933 W IPCThreadState: Sending oneway calls to frozen process.
05-04 05:27:42.833   768   933 W IPCThreadState: Sending oneway calls to frozen process.
05-04 05:27:42.833   768   933 W IPCThreadState: Sending oneway calls to frozen process.
05-04 05:27:42.837   768  2315 D ActivityManager: sync unfroze 2183 com.android.vending for 6
05-04 05:27:42.838   768   977 D BackgroundInstallControlService: Package event received: 0
05-04 05:27:42.854   768  2315 D ActivityManager: sync unfroze 1727 com.google.android.gms for 6
05-04 05:27:42.856   768   977 D BackgroundInstallControlService: Package event received: 0
05-04 05:27:42.862   768  2315 D ActivityManager: sync unfroze 2452 com.android.vending:background for 6
05-04 05:27:42.863   768  2315 D ActivityManager: sync unfroze 4093 com.google.android.adservices.api for 6
05-04 05:27:42.864   768   977 D BackgroundInstallControlService: Package event received: 0
05-04 05:27:42.866   768   977 D BackgroundInstallControlService: Package event received: 0
05-04 05:27:42.869  3919  3919 E PackageManagerUtils: Could not find package: com.google.android.aicore
05-04 05:27:42.869   768  2315 W ActivityManager: Unable to start service Intent { xflg=0x4 cmp=com.google.android.aicore/com.google.android.apps.aicore.service.multiuser.AiCoreMultiUserService } U=0: not found
05-04 05:27:42.871   768  2480 W ActivityManager: Unbind failed: could not find connection for android.os.BinderProxy@7af4f5
05-04 05:27:42.873   768  2480 W ActivityManager: Unable to start service Intent { xflg=0x4 cmp=com.google.android.aicore/com.google.android.apps.aicore.service.AiCoreService } U=0: not found
05-04 05:27:42.873  2183  2183 I Finsky  : [2] Memory trim requested to level 40
05-04 05:27:42.873  2183  2429 I PlayCommon: [78] Preparing logs for uploading
05-04 05:27:42.874   768  2480 W ActivityManager: Unbind failed: could not find connection for android.os.BinderProxy@57b228a
05-04 05:27:42.874  2452  2452 I Finsky:background: [2] Memory trim requested to level 40
05-04 05:27:42.877  2183  2183 I Finsky  : [2] Flushing in-memory image cache
05-04 05:27:42.896  2183  2183 I Finsky  : [2] Memory trim requested to level 40
05-04 05:27:42.896  2183  2183 I Finsky  : [2] Flushing in-memory image cache
05-04 05:27:42.896  2452  2452 I Finsky:background: [2] Memory trim requested to level 40
05-04 05:27:42.896  2183  2183 I Finsky  : [2] Memory trim requested to level 40
05-04 05:27:42.896  2183  2183 I Finsky  : [2] Flushing in-memory image cache
05-04 05:27:42.896  2452  2452 I Finsky:background: [2] Memory trim requested to level 40
05-04 05:27:42.899  1727  5255 I GmscoreIpa: Starting mediastore instant index [CONTEXT service_id=255 ]
05-04 05:27:42.903  3919  3919 D AudioSystem: onNewService: media.audio_policy service obtained 0x785f404aa090
05-04 05:27:42.905  3919  3919 D AudioSystem: getService: checking for service media.audio_policy: 0x785f404aa090
05-04 05:27:42.906  2183  2429 W PlayCommon: [78] No account for auth token provided
05-04 05:27:42.920  2183  2429 I PlayCommon: [78] Connecting to server: https://play.googleapis.com/play/log?format=raw&proto_v2=true
05-04 05:27:42.937  2183  2183 I Finsky  : [2] Connecting InstallListener to SplitInstallService broadcaster...
05-04 05:27:42.943  3919  3919 D nativeloader: Load /product/app/talkback/talkback.apk!/lib/x86_64/libbrlttywrap.so using class loader ns product-clns-9 (caller=/product/app/talkback/talkback.apk): ok
05-04 05:27:42.982   768  2480 V AccessibilityManagerService: onUserStateChangedLocked for userId: 0, forceUpdate: false
05-04 05:27:42.983   768  2480 W MagnificationConnectionManager: requestConnection duplicated request: connect=true, mConnectionState=CONNECTED
05-04 05:27:42.986  3790  3790 I ModuleManager: ModuleManager$ModuleInitListener.maybeUnloadModuleOnUnavailable():1350 module gkj is unavailable
05-04 05:27:42.986  3919  3919 W Settings: Setting device_provisioned has moved from android.provider.Settings.Secure to android.provider.Settings.Global.
05-04 05:27:42.988   768   768 W IPCThreadState: Sending oneway calls to frozen process.
05-04 05:27:42.988   768   768 W IPCThreadState: Sending oneway calls to frozen process.
05-04 05:27:42.988   768   768 W IPCThreadState: Sending oneway calls to frozen process.
05-04 05:27:42.989  1580  2679 I AiAiEcho: Settings changed for uri: content://settings/secure/touch_exploration_enabled
05-04 05:27:42.991   768   768 W IPCThreadState: Sending oneway calls to frozen process.
05-04 05:27:42.992   768   768 W IPCThreadState: Sending oneway calls to frozen process.
05-04 05:27:42.992  1580  2005 I AiAiEcho: Predicting[0]:  [CONTEXT sampling_count=5 ]
05-04 05:27:42.993   768   768 W IPCThreadState: Sending oneway calls to frozen process.
05-04 05:27:42.993  1580  2005 I AiAiEcho: EchoTargets: 
05-04 05:27:42.993  1580  2005 I AiAiEcho: Filtered by AiAi flag check: 
05-04 05:27:42.993  1580  2005 I AiAiEcho: [CONTEXT ratelimit_period="10 SECONDS" ]
05-04 05:27:42.993   768   768 W IPCThreadState: Sending oneway calls to frozen process.
05-04 05:27:42.993  1580  2005 I AiAiEcho: #remoteViewsTwiddler: feature disabled.
05-04 05:27:42.993   768   768 W IPCThreadState: Sending oneway calls to frozen process.
05-04 05:27:42.994   768   768 W IPCThreadState: Sending oneway calls to frozen process.
05-04 05:27:42.994  1580  2005 I AiAiEcho: Predicting[0]:  [CONTEXT sampling_count=5 ]
05-04 05:27:42.995   768   768 W IPCThreadState: Sending oneway calls to frozen process.
05-04 05:27:42.995  1580  2005 I AiAiEcho: EchoTargets: 
05-04 05:27:42.995  1580  2005 I AiAiEcho: Filtered by AiAi flag check: 
05-04 05:27:42.995  1580  2005 I AiAiEcho: [CONTEXT ratelimit_period="10 SECONDS" ]
05-04 05:27:42.995  1580  2005 I AiAiEcho: #remoteViewsTwiddler: feature disabled.
05-04 05:27:42.996   768   768 W IPCThreadState: Sending oneway calls to frozen process.
05-04 05:27:42.996   768   768 W IPCThreadState: Sending oneway calls to frozen process.
05-04 05:27:42.996  1580  2005 I AiAiEcho: #postPredictionTargets: Sending updates to UISurface lockscreen with targets# 0 (types=[])
05-04 05:27:42.997   768   768 W IPCThreadState: Sending oneway calls to frozen process.
05-04 05:27:42.997   768   768 W IPCThreadState: Sending oneway calls to frozen process.
05-04 05:27:42.998  1580  2005 I AiAiEcho: #postPredictionTargets: Sending updates to UISurface home with targets# 0 (types=[])
05-04 05:27:42.998   768   768 W IPCThreadState: Sending oneway calls to frozen process.
05-04 05:27:43.005  3919  3919 W Settings: Setting device_provisioned has moved from android.provider.Settings.Secure to android.provider.Settings.Global.
05-04 05:27:43.006  1022  1022 W PageIndicator: Total number of pages invalid: 0. Assuming 1 page.
05-04 05:27:43.043   768  2471 V AccessibilityManagerService: onUserStateChangedLocked for userId: 0, forceUpdate: false
05-04 05:27:43.045   768  2471 W MagnificationConnectionManager: requestConnection duplicated request: connect=true, mConnectionState=CONNECTED
05-04 05:27:43.047   768   768 W IPCThreadState: Sending oneway calls to frozen process.
05-04 05:27:43.047   768   768 W IPCThreadState: Sending oneway calls to frozen process.
05-04 05:27:43.047   768   768 W IPCThreadState: Sending oneway calls to frozen process.
05-04 05:27:43.048   768   768 W IPCThreadState: Sending oneway calls to frozen process.
05-04 05:27:43.048   768   768 W IPCThreadState: Sending oneway calls to frozen process.
05-04 05:27:43.048   768   768 W IPCThreadState: Sending oneway calls to frozen process.
05-04 05:27:43.048   768   768 W IPCThreadState: Sending oneway calls to frozen process.
05-04 05:27:43.049   768   768 W IPCThreadState: Sending oneway calls to frozen process.
05-04 05:27:43.049   768   768 W IPCThreadState: Sending oneway calls to frozen process.
05-04 05:27:43.049   768   768 W IPCThreadState: Sending oneway calls to frozen process.
05-04 05:27:43.056  1091  1441 I BluetoothAdapterServiceBinder: cancelDiscovery: from uid/pid=10171/3919
05-04 05:27:43.058  1091  1220 I bt_btif_dm: system/btif/src/btif_dm.cc:2409 btif_dm_cancel_discovery: Cancel search
05-04 05:27:43.060  1091  1220 I bt_bta_sd: system/bta/dm/bta_dm_device_search.cc:780 bta_dm_search_sm_execute: state:BTA_DM_SEARCH_IDLE, event:BTA_DM_API_SEARCH_CANCEL_EVT[0x1]
05-04 05:27:43.065  3919  3919 E talkback: SpeechControllerImpl: TTS is not ready. Attempted to speak before TTS was initialized. Item: {utteranceId:"", fragments:[{text:TalkBack on, earcons:[], haptics:[], speechParams:Bundle[{pitch=1.0}]nonSpeechParams:Bundle[{}]fragmentStartIndex:0}], uninterruptible:true, isGloballyUninterruptible:false, mCanIgnoreInterrupts:false, flushGlobalTtsQueue:false, flags:62, creationTime:1777872463065}
05-04 05:27:43.065  3919  3919 W Settings: Setting device_provisioned has moved from android.provider.Settings.Secure to android.provider.Settings.Global.
05-04 05:27:43.092   768  2471 V GrammaticalInflectionUtils: AttributionSource: android.content.AttributionSource@56db16f4 does not have READ_SYSTEM_GRAMMATICAL_GENDER permission.
05-04 05:27:43.093   768  2471 W OptProp : Cannot read opt property android.window.PROPERTY_COMPAT_ALLOW_USER_ASPECT_RATIO_OVERRIDE
05-04 05:27:43.093   768  2471 W OptProp : Cannot read opt property android.window.PROPERTY_COMPAT_ALLOW_USER_ASPECT_RATIO_FULLSCREEN_OVERRIDE
05-04 05:27:43.093   768  2471 W OptProp : Cannot read opt property android.window.PROPERTY_COMPAT_ALLOW_RESIZEABLE_ACTIVITY_OVERRIDES
05-04 05:27:43.093   768  2471 W OptProp : Cannot read opt property android.window.PROPERTY_COMPAT_ALLOW_MIN_ASPECT_RATIO_OVERRIDE
05-04 05:27:43.097   768  2471 W OptProp : Cannot read opt property android.window.PROPERTY_COMPAT_ALLOW_ORIENTATION_OVERRIDE
