05-04 05:26:00.883  3870  4165 D WM-Processor: fgy: processing WorkGenerationalId(workSpecId=a89ed8e7-62d2-4fa5-8538-d57164153596, generation=0)
05-04 05:26:00.886  1611  1666 D PickerSyncLockManager: Trying to acquire lock com.android.providers.media.photopicker.sync.CloseableReentrantLock@70edb0d[Unlocked]. Lock Name = CLOUD_PROVIDER_LOCK. Threads that may be waiting to acquire this lock = []
05-04 05:26:00.886  1611  1666 D CloseableReentrantLock: Successfully acquired lock com.android.providers.media.photopicker.sync.CloseableReentrantLock@70edb0d[Locked by thread com.android.providers.media.internal.modules.utils.BackgroundThread]. Lock Name = CLOUD_PROVIDER_LOCK. Threads that may be waiting to acquire this lock = []
05-04 05:26:00.886  3870  3870 D WM-WorkerWrapper: Starting work for com.google.apps.tiktok.contrib.work.TikTokListenableWorker
05-04 05:26:00.887  3870  4142 I DialerSingletonScopedExternalsLogging: com.google.android.dialershared.externals.logging.SingletonScopedExternalsLogging.recordCallMethodInvocation:75 event: TIKTOK_WORK_EXECUTION_MONITOR_ON_WORK_STARTED, function parameters: [89d9d69b-e303-407f-92fc-8d7eb1174c63,com.android.dialer.voicemail.service.impl.VvmTaskWorker], return value: <empty>
05-04 05:26:00.888  1611  1669 D PickerSyncLockManager: Trying to acquire lock com.android.providers.media.photopicker.sync.CloseableReentrantLock@70edb0d[Locked by thread com.android.providers.media.internal.modules.utils.BackgroundThread]. Lock Name = CLOUD_PROVIDER_LOCK. Threads that may be waiting to acquire this lock = []
05-04 05:26:00.890  1611  1666 D CloudProviderUtils: Available CloudMediaProvider-s: [CloudProviderInfo{authority='com.google.android.apps.photos.cloudpicker', pkg='com.google.android.apps.photos', uid=10169}]
05-04 05:26:00.891  1611  1666 I PickerSyncController: Only 1 cloud provider found, hence com.google.android.apps.photos.cloudpicker is the default
05-04 05:26:00.891  1611  1666 D PickerSyncLockManager: Trying to acquire lock com.android.providers.media.photopicker.sync.CloseableReentrantLock@70edb0d[Locked by thread com.android.providers.media.internal.modules.utils.BackgroundThread]. Lock Name = CLOUD_PROVIDER_LOCK. Threads that may be waiting to acquire this lock = [Thread[fg,5,main]]
05-04 05:26:00.891  1611  1666 D CloseableReentrantLock: Successfully acquired lock com.android.providers.media.photopicker.sync.CloseableReentrantLock@70edb0d[Locked by thread com.android.providers.media.internal.modules.utils.BackgroundThread]. Lock Name = CLOUD_PROVIDER_LOCK. Threads that may be waiting to acquire this lock = [Thread[fg,5,main]]
05-04 05:26:00.891  1611  1666 D CloseableReentrantLock: Successfully released lock com.android.providers.media.photopicker.sync.CloseableReentrantLock@70edb0d[Locked by thread com.android.providers.media.internal.modules.utils.BackgroundThread]. Lock Name = CLOUD_PROVIDER_LOCK. Threads that may be waiting to acquire this lock = [Thread[fg,5,main]]
05-04 05:26:00.891  1611  1666 D PickerSyncController: Initialized cloud provider to: com.google.android.apps.photos.cloudpicker
05-04 05:26:00.891  1611  1669 D CloseableReentrantLock: Successfully acquired lock com.android.providers.media.photopicker.sync.CloseableReentrantLock@70edb0d[Locked by thread fg]. Lock Name = CLOUD_PROVIDER_LOCK. Threads that may be waiting to acquire this lock = []
05-04 05:26:00.891  1611  1669 D CloseableReentrantLock: Successfully released lock com.android.providers.media.photopicker.sync.CloseableReentrantLock@70edb0d[Unlocked]. Lock Name = CLOUD_PROVIDER_LOCK. Threads that may be waiting to acquire this lock = []
05-04 05:26:00.891  1611  1666 D CloseableReentrantLock: Successfully released lock com.android.providers.media.photopicker.sync.CloseableReentrantLock@70edb0d[Unlocked]. Lock Name = CLOUD_PROVIDER_LOCK. Threads that may be waiting to acquire this lock = []
05-04 05:26:00.892  3870  3870 D WM-WorkerWrapper: Starting work for com.google.apps.tiktok.contrib.work.TikTokListenableWorker
05-04 05:26:00.894  3870  4142 I DialerSingletonScopedExternalsLogging: com.google.android.dialershared.externals.logging.SingletonScopedExternalsLogging.recordCallMethodInvocation:75 event: TIKTOK_WORK_EXECUTION_MONITOR_ON_WORK_STARTED, function parameters: [a89ed8e7-62d2-4fa5-8538-d57164153596,com.android.dialer.voicemail.service.impl.VvmTaskWorker], return value: <empty>
05-04 05:26:00.896  3870  5036 I DialerVvmCarrierIdentifierImpl: com.android.dialer.voicemail.service.impl.carriermapping.VvmCarrierIdentifierImpl.getVvmCarrierNameBlocking:120 Looking up carrier name for phone account handle: 1 [CONTEXT ratelimit_period="1 MINUTES" skipped=16 ]
05-04 05:26:00.897  3870  4142 I DialerRestVoicemailEnabledFn: com.android.dialer.voicemail.service.impl.vvmclients.rest.RestVoicemailEnabledFn.isEnabled:67 device is supported, enabling. [CONTEXT ratelimit_period="1 MINUTES" skipped=95 ]
05-04 05:26:00.897  1611  1666 I SyncWorkManager: Scheduling periodic proactive syncs
05-04 05:26:00.916   768  1036 E SettingsToPropertiesMapper: key=persist.device_config.storage_native_boot.transcode_compat_manifest value=com.yelp.android,0,com.yy.biu,0,com.groupme.android,0,air.tv.douyu.android,0,com.baidu.mbaby,0,com.vlocker.locker,0,com.znxh.hyhuo,0,com.yixia.xiaokaxiu,0 exceeds system property max length.
05-04 05:26:00.919  1611  1666 I SyncWorkManager: Scheduling periodic picker album data resets
05-04 05:26:00.928  3870  4128 I DialerVvmExecutorImpl: com.android.dialer.voicemail.service.impl.scheduler.VvmExecutorImpl.execute:229 Beginning VVM action: ACTIVATE with retryCount: 3 for ComponentInfo{com.android.phone/com.android.services.telephony.TelephonyConnectionService}, 1, UserHandle{0} [CONTEXT enable_persistent_logger=true ]
05-04 05:26:00.928  1373  5026 I PlatformConfigurator: updateFromConfigurations using legacy put method [CONTEXT service_id=204 ]
05-04 05:26:00.930  1611  1666 I MediaProvider: Changed PhotoPickerGetContentActivity component state to STATE_ENABLED ( 1 )
05-04 05:26:00.930   768   820 V GrammaticalInflectionUtils: AttributionSource: android.content.AttributionSource@90dfdc12 does not have READ_SYSTEM_GRAMMATICAL_GENDER permission.
05-04 05:26:00.931  1611  1666 I MediaProvider: Changed PhotoPickerActivity component state to STATE_ENABLED ( 1 )
05-04 05:26:00.931  1611  1666 I MediaProvider: Changed PhotoPickerUserSelectActivity component state to STATE_ENABLED ( 1 )
05-04 05:26:00.933  1611  1666 I TranscodeHelper: Empty transcode compat stale
05-04 05:26:00.934  1611  1666 I TranscodeHelper: Parsed 0 packages from resource
05-04 05:26:00.934  1611  1666 I TranscodeHelper: Parsed 8 packages from device config
05-04 05:26:00.936  1611  1666 I MediaApplication: PhotoPickerSettingsActivity is now enabled
05-04 05:26:00.941   524   524 D Zygote  : Forked child process 5040
05-04 05:26:00.941   768   821 I ActivityManager: Start proc 5040:com.google.android.photopicker/u0a205 for broadcast {com.google.android.photopicker/com.android.photopicker.PhotopickerDeviceConfigReceiver}
05-04 05:26:00.941   768   821 I ActivityManager: ProcessObserver broadcast disabled
05-04 05:26:00.944  3870  4144 E DialerRestVvmCarrierService: com.android.dialer.voicemail.service.impl.vvmclients.rest.RestVvmCarrierService.getMsisdn:420 Retrieved phone number in an unexpected format: +15551234567 [CONTEXT disable_client_error_logging=true ]
05-04 05:26:00.944  3870  4144 E DialerRestVvmCarrierService: zxo: MEDIUM
05-04 05:26:00.944  3870  4144 E DialerRestVvmCarrierService: 	at a.cN(PG:15)
05-04 05:26:00.944  3870  4144 E DialerRestVvmCarrierService: 	at pxq.apply(PG:489)
05-04 05:26:00.944  3870  4144 E DialerRestVvmCarrierService: 	at zcp.apply(PG:13)
05-04 05:26:00.944  3870  4144 E DialerRestVvmCarrierService: 	at aaka.d(PG:3)
05-04 05:26:00.944  3870  4144 E DialerRestVvmCarrierService: 	at aakb.run(PG:38)
05-04 05:26:00.944  3870  4144 E DialerRestVvmCarrierService: 	at umz.run(PG:7)
05-04 05:26:00.944  3870  4144 E DialerRestVvmCarrierService: 	at aadu.run(PG:44)
05-04 05:26:00.944  3870  4144 E DialerRestVvmCarrierService: 	at tdt.run(PG:78)
05-04 05:26:00.944  3870  4144 E DialerRestVvmCarrierService: 	at cp.run(PG:143)
05-04 05:26:00.944  3870  4144 E DialerRestVvmCarrierService: 	at java.lang.Thread.run(Thread.java:1119)
05-04 05:26:00.944  3870  4144 E DialerRestVvmCarrierService: 	at uoe.run(PG:61)
05-04 05:26:00.949  3870  4144 I DialerVvmActivation: com.android.dialer.voicemail.service.impl.vvmclients.rest.VvmActivation.activate:73 activate
05-04 05:26:00.949  3870  4141 I DialerAndroidAutoStatusLookupImpl: com.android.dialer.androidautostatuslookup.impl.AndroidAutoStatusLookupImpl.isAndroidAutoConnected:97 Android Auto connected in 0 mode [CONTEXT ratelimit_period="1 MINUTES" skipped=5 ]
05-04 05:26:00.952  3870  4128 I DialerLogcatLoggingBindings: com.android.dialer.logging.logcat.LogcatLoggingBindings.logImpression:54 Impression: ANDROID_API_UNEXPECTED_PHONE_NUMBER_FORMAT
05-04 05:26:00.956  3870  4141 W DialerGbaCredentialProvider: com.android.dialer.voicemail.service.impl.vvmclients.rest.GbaCredentialProvider$1.onAuthenticationFailure:93 GBA failed with reason: 1 [CONTEXT disable_client_error_logging=true ]
05-04 05:26:00.956  3870  4144 I DialerSingletonScopedExternalsLogging: com.google.android.dialershared.externals.logging.SingletonScopedExternalsLogging.recordCallMethodInvocation:75 event: TELEPHONY_BOOTSTRAP_AUTHENTICATION_REQUEST, function parameters: [], return value: Default
05-04 05:26:00.957  3870  4144 I DialerVoicemailStatusDataServiceImpl: com.android.dialer.voicemailstatus.dataservice.impl.VoicemailStatusDataServiceImpl.insertOrUpdateVoicemailStatus:247 enter
05-04 05:26:00.959  3870  4142 I DialerLoggingConsentCheckerImpl: com.google.android.dialershared.logging.consent.impl.LoggingConsentCheckerImpl.getConsent:72 timer stop with success, timer present: false
05-04 05:26:00.960  3870  4143 I DialerVoicemailStatusDataMigration: com.android.dialer.voicemailstatus.dataservice.impl.VoicemailStatusDataMigration.migrate:67 enter
05-04 05:26:00.980  5040  5040 I oid.photopicker: Using CollectorTypeCMC GC.
05-04 05:26:00.981  5040  5040 W oid.photopicker: Unexpected CPU variant for x86: x86_64.
05-04 05:26:00.981  5040  5040 W oid.photopicker: Known variants: atom, sandybridge, silvermont, goldmont, goldmont-plus, goldmont-without-sha-xsaves, tremont, kabylake, alderlake, default
05-04 05:26:00.991  1146  1345 I RemoteVvmTaskManager: getRemotePackage: found package null
05-04 05:26:00.994   768  2480 D ActivityManager: sync unfroze 1471 android.process.acore for 7
05-04 05:26:00.996  5040  5040 E oid.photopicker: Not starting debugger since process cannot load the jdwp agent.
05-04 05:26:01.000  5040  5040 D nativeloader: Load libframework-connectivity-tiramisu-jni.so using APEX ns com_android_tethering for caller /apex/com.android.tethering/javalib/framework-connectivity-t.jar: ok
05-04 05:26:01.050  5040  5040 D ApplicationLoaders: Returning zygote-cached class loader: /system_ext/framework/androidx.window.extensions.jar
05-04 05:26:01.050  5040  5040 D ApplicationLoaders: Returning zygote-cached class loader: /system_ext/framework/androidx.window.sidecar.jar
05-04 05:26:01.058  3870  4142 I DialerVoicemailStatusDataMigration: com.android.dialer.voicemailstatus.dataservice.impl.VoicemailStatusDataMigration.migrate:81 no package status to migrate
05-04 05:26:01.066  5040  5040 D nativeloader: Configuring clns-shared-9 for other apk /apex/com.android.mediaprovider/priv-app/PhotopickerGoogle@360526000/PhotopickerGoogle.apk. target_sdk_version=36, uses_libraries=, library_path=/apex/com.android.mediaprovider/priv-app/PhotopickerGoogle@360526000/lib/x86_64:/system/lib64:/system_ext/lib64, permitted_path=/data:/mnt/expand:/data/user/0/com.google.android.photopicker:/apex/com.android.mediaprovider/priv-app/PhotopickerGoogle@360526000:/system/lib64:/system_ext/lib64
05-04 05:26:01.066  5040  5040 D nativeloader: InitApexLibraries:
05-04 05:26:01.066  5040  5040 D nativeloader:   com_android_adservices: libhpke_jni.so:libtflite_support_classifiers_native.so
05-04 05:26:01.066  5040  5040 D nativeloader:   com_android_appsearch: libicing.so
05-04 05:26:01.066  5040  5040 D nativeloader:   com_android_art: libartservice.so
05-04 05:26:01.066  5040  5040 D nativeloader:   com_android_bt: libbluetooth_jni.so
05-04 05:26:01.066  5040  5040 D nativeloader:   com_android_conscrypt: libjavacrypto.so
05-04 05:26:01.066  5040  5040 D nativeloader:   com_android_mediaprovider: libpdfclient.so
05-04 05:26:01.066  5040  5040 D nativeloader:   com_android_nfcservices: libnfc_nci_jni.so
05-04 05:26:01.066  5040  5040 D nativeloader:   com_android_ondevicepersonalization: libfcp_cpp_dep_jni.so:libfcp_hpke_jni.so
05-04 05:26:01.066  5040  5040 D nativeloader:   com_android_os_statsd: libstats_jni.so
05-04 05:26:01.066  5040  5040 D nativeloader:   com_android_tethering: libandroid_net_connectivity_com_android_net_module_util_jni.so:libframework-connectivity-jni.so:libframework-connectivity-tiramisu-jni.so:libmainlinecronet.133.0.6876.3.so:libservice-connectivity.so:libservice-thread-jni.so:stable_cronet_libcrypto.so:stable_cronet_libssl.so
05-04 05:26:01.066  5040  5040 D nativeloader:   com_android_uwb: libuwb_uci_jni_rust.so
05-04 05:26:01.066  5040  5040 D nativeloader:   com_android_virt: libvirtualizationservice_jni.so:libvirtualmachine_jni.so
05-04 05:26:01.066  5040  5040 D nativeloader:   com_android_wifi: libservice-wifi-jni.so
05-04 05:26:01.067  3870  4165 I DialerVoicemailStatusDataMigration: com.android.dialer.voicemailstatus.dataservice.impl.VoicemailStatusDataMigration.cleanup:93 enter
05-04 05:26:01.072  3870  4165 I DialerSingletonScopedExternalsLogging: com.google.android.dialershared.externals.logging.SingletonScopedExternalsLogging.recordCallMethodInvocation:75 event: CONTENT_RESOLVER_DELETE, function parameters: [com.android.voicemail,content://com.android.voicemail/status,(source_package = ?)], return value: <empty>
05-04 05:26:01.078  4313  4854 I TransportRuntime.CctTransportBackend: Status Code: 200
05-04 05:26:01.078  4313  4854 I TransportRuntime.CctTransportBackend: Content-Type: application/json; charset=UTF-8
05-04 05:26:01.078  4313  4854 I TransportRuntime.CctTransportBackend: Content-Encoding: gzip
05-04 05:26:01.078  3870  4165 I DialerSingletonScopedExternalsLogging: com.google.android.dialershared.externals.logging.SingletonScopedExternalsLogging.recordCallMethodInvocation:75 event: CONTENT_RESOLVER_DELETE, function parameters: [com.android.voicemail,content://com.android.voicemail/status,(source_package = ?)], return value: 0
05-04 05:26:01.086  5040  5040 I oid.photopicker: AssetManager2(0x785ef040efd8) locale list changing from [] to [en-US]
05-04 05:26:01.095  5040  5040 V GraphicsEnvironment: Currently set values for:
05-04 05:26:01.095  5040  5040 V GraphicsEnvironment:   angle_gl_driver_selection_pkgs=[]
05-04 05:26:01.095  5040  5040 V GraphicsEnvironment:   angle_gl_driver_selection_values=[]
05-04 05:26:01.095  5040  5040 V GraphicsEnvironment: com.google.android.photopicker is not listed in per-application setting
05-04 05:26:01.095  5040  5040 V GraphicsEnvironment: ANGLE allowlist from config: 
05-04 05:26:01.095  5040  5040 V GraphicsEnvironment: com.google.android.photopicker is not listed in ANGLE allowlist or settings, returning default
05-04 05:26:01.095  5040  5040 V GraphicsEnvironment: Neither updatable production driver nor prerelease driver is supported.
05-04 05:26:01.097   768  2471 D CompatChangeReporter: Compat change id reported: 311208629; UID 10217; state: ENABLED
05-04 05:26:01.128  5040  5040 D PhotopickerDeviceConfigReceiver: onReceive: will evaluate Photopicker components with new DeviceConfig.
05-04 05:26:01.131  5040  5040 D PhotopickerDeviceConfigReceiver: Setting true state for com.android.photopicker.MainActivity
05-04 05:26:01.131  5040  5040 D PhotopickerDeviceConfigReceiver: Setting true state for com.android.photopicker.PhotopickerGetContentActivity
05-04 05:26:01.131  5040  5040 D PhotopickerDeviceConfigReceiver: Setting true state for com.android.photopicker.PhotopickerUserSelectActivity
05-04 05:26:01.140  3870  3960 I .android.dialer: Waiting for a blocking GC ProfileSaver
05-04 05:26:01.170  3870  5036 W Settings: Setting airplane_mode_on has moved from android.provider.Settings.System to android.provider.Settings.Global, returning read-only value.
05-04 05:26:01.172  3870  5036 I DialerVoicemailStatusDataServiceImpl: com.android.dialer.voicemailstatus.dataservice.impl.VoicemailStatusDataServiceImpl.insertOrUpdateVoicemailStatus:261 merged status: # qrp@f832498a
05-04 05:26:01.174  4352  4389 D AudioTrack: stop(20): called with 141916 frames delivered
05-04 05:26:01.174   768  2471 E AppOps  : attributionTag  not declared in manifest of com.google.android.tts
05-04 05:26:01.178  3870  3960 I .android.dialer: WaitForGcToComplete blocked ProfileSaver on Background for 38.521ms
05-04 05:26:01.179  3870  4142 I DialerInternalSemanticEventLoggerImpl: com.android.dialer.cui.impl.InternalSemanticEventLoggerImpl.handleError:297 CUI error: VVM_ACTIVATION_FAILED; uniqueCallId: null
05-04 05:26:01.182  3870  4128 I DialerLogcatLoggingBindings: com.android.dialer.logging.logcat.LogcatLoggingBindings.logImpression:54 Impression: VVM_CLIENT_ERROR_LOGGED
05-04 05:26:01.185  3870  4141 I DialerLoggingConsentCheckerImpl: com.google.android.dialershared.logging.consent.impl.LoggingConsentCheckerImpl.getConsent:72 timer stop with success, timer present: false
05-04 05:26:01.189  3870  4142 E DialerVvmExecutorImpl: com.android.dialer.voicemail.service.impl.scheduler.VvmExecutorImpl.executeWorkOnCarrierService:399 Exception during vvm work for ComponentInfo{com.android.phone/com.android.services.telephony.TelephonyConnectionService}, 1, UserHandle{0} [CONTEXT enable_persistent_logger=true ]
05-04 05:26:01.189  3870  4142 E DialerVvmExecutorImpl: pul: VVM failure reason: 2
05-04 05:26:01.189  3870  4142 E DialerVvmExecutorImpl: 	at qca.onAuthenticationFailure(PG:93)
05-04 05:26:01.189  3870  4142 E DialerVvmExecutorImpl: 	at android.telephony.TelephonyManager$18.lambda$onAuthenticationFailure$1(TelephonyManager.java:18343)
05-04 05:26:01.189  3870  4142 E DialerVvmExecutorImpl: 	at android.telephony.TelephonyManager$18$$ExternalSyntheticLambda0.run(D8$$SyntheticClass:0)
05-04 05:26:01.189  3870  4142 E DialerVvmExecutorImpl: 	at umz.run(PG:7)
05-04 05:26:01.189  3870  4142 E DialerVvmExecutorImpl: 	at aadu.run(PG:44)
05-04 05:26:01.189  3870  4142 E DialerVvmExecutorImpl: 	at tdt.run(PG:78)
05-04 05:26:01.189  3870  4142 E DialerVvmExecutorImpl: 	at cp.run(PG:143)
05-04 05:26:01.189  3870  4142 E DialerVvmExecutorImpl: 	at java.lang.Thread.run(Thread.java:1119)
05-04 05:26:01.189  3870  4142 E DialerVvmExecutorImpl: 	at uoe.run(PG:61)
05-04 05:26:01.190  3870  4141 W DialerVvmExecutorImpl: com.android.dialer.voicemail.service.impl.scheduler.VvmExecutorImpl.execute:294 Recoverable VVM error: [GeneralFailureReason: UNSPECIFIED, RestFailureReason: GBA_AUTHENTICATION_FAILURE_FEATURE_NOT_SUPPORTED, OmtpFailureReason: OMTP_UNSPECIFIED] for ComponentInfo{com.android.phone/com.android.services.telephony.TelephonyConnectionService}, 1, UserHandle{0}
05-04 05:26:01.190  3870  4141 W DialerVvmExecutorImpl: pul: VVM failure reason: 2
05-04 05:26:01.190  3870  4141 W DialerVvmExecutorImpl: 	at qca.onAuthenticationFailure(PG:93)
05-04 05:26:01.190  3870  4141 W DialerVvmExecutorImpl: 	at android.telephony.TelephonyManager$18.lambda$onAuthenticationFailure$1(TelephonyManager.java:18343)
05-04 05:26:01.190  3870  4141 W DialerVvmExecutorImpl: 	at android.telephony.TelephonyManager$18$$ExternalSyntheticLambda0.run(D8$$SyntheticClass:0)
05-04 05:26:01.190  3870  4141 W DialerVvmExecutorImpl: 	at umz.run(PG:7)
05-04 05:26:01.190  3870  4141 W DialerVvmExecutorImpl: 	at aadu.run(PG:44)
05-04 05:26:01.190  3870  4141 W DialerVvmExecutorImpl: 	at tdt.run(PG:78)
05-04 05:26:01.190  3870  4141 W DialerVvmExecutorImpl: 	at cp.run(PG:143)
05-04 05:26:01.190  3870  4141 W DialerVvmExecutorImpl: 	at java.lang.Thread.run(Thread.java:1119)
05-04 05:26:01.190  3870  4141 W DialerVvmExecutorImpl: 	at uoe.run(PG:61)
05-04 05:26:01.190  3870  4141 I DialerVoicemailStatusDataServiceImpl: com.android.dialer.voicemailstatus.dataservice.impl.VoicemailStatusDataServiceImpl.insertOrUpdateVoicemailStatus:247 enter
05-04 05:26:01.190  3870  5036 I DialerVoicemailStatusDataServiceImpl: com.android.dialer.voicemailstatus.dataservice.impl.VoicemailStatusDataServiceImpl.logAndMergeErrors:380 Existing error is lower priority and thus overridden, Existing error: REST_FAILURE_REASON.GBA_AUTHENTICATION_FAILURE_FEATURE_NOT_SUPPORTED, New error: REST_FAILURE_REASON.GBA_AUTHENTICATION_FAILURE_FEATURE_NOT_SUPPORTED
05-04 05:26:01.251  3870  5036 W Settings: Setting airplane_mode_on has moved from android.provider.Settings.System to android.provider.Settings.Global, returning read-only value.
05-04 05:26:01.252  3870  5036 I DialerVoicemailStatusDataServiceImpl: com.android.dialer.voicemailstatus.dataservice.impl.VoicemailStatusDataServiceImpl.insertOrUpdateVoicemailStatus:261 merged status: # qrp@f832498a
05-04 05:26:01.253  3870  4141 I DialerVvmExecutorImpl: com.android.dialer.voicemail.service.impl.scheduler.VvmExecutorImpl.executeWork:194 VvmResult is: # pug@1db0ddb for ComponentInfo{com.android.phone/com.android.services.telephony.TelephonyConnectionService}, 1, UserHandle{0}
05-04 05:26:01.254  1373  1972 I .gms.persistent: AssetManager2(0x785ef042b818) locale list changing from [] to [en-US]
05-04 05:26:01.259  3870  4141 I DialerVvmTaskWorkerDelegate: com.android.dialer.voicemail.service.impl.scheduler.VvmTaskWorker$VvmTaskWorkerDelegate.executeVvmJob:191 Beginning execution of job ID: 2
05-04 05:26:01.260  3870  4144 I DialerSingletonScopedExternalsLogging: com.google.android.dialershared.externals.logging.SingletonScopedExternalsLogging.recordCallMethodInvocation:75 event: TIKTOK_WORK_EXECUTION_MONITOR_ON_WORK_FINISHED, function parameters: [57b57e05-3435-4ee0-8c71-950a5ed64ec5,com.android.dialer.voicemail.service.impl.VvmTaskWorker], return value: Failure
05-04 05:26:01.261  3870  4141 I DialerSingletonScopedExternalsLogging: com.google.android.dialershared.externals.logging.SingletonScopedExternalsLogging.recordCallMethodInvocation:66 event: VVM_TASK_WORKER_EXECUTE_VVM_JOB, function parameters: [2], return value: <empty> [CONTEXT enable_persistent_logger=true ]
05-04 05:26:01.264  3870  4165 I WM-WorkerWrapper: Worker result FAILURE for Work [ id=57b57e05-3435-4ee0-8c71-950a5ed64ec5, tags={ com.google.apps.tiktok.contrib.work.TikTokListenableWorker,1,ACTIVATE,TikTokWorker#com.android.dialer.voicemail.service.impl.VvmTaskWorker } ]
05-04 05:26:01.266  3870  4128 I DialerLoggingConsentCheckerImpl: com.google.android.dialershared.logging.consent.impl.LoggingConsentCheckerImpl.getConsent:72 timer stop with success, timer present: false
05-04 05:26:01.277  3870  3870 D WM-Processor: fgy 57b57e05-3435-4ee0-8c71-950a5ed64ec5 executed; reschedule = false
05-04 05:26:01.277  3870  3870 D WM-GreedyScheduler: Stopping tracking for WorkGenerationalId(workSpecId=57b57e05-3435-4ee0-8c71-950a5ed64ec5, generation=0)
05-04 05:26:01.277  3870  3870 D WM-SystemJobService: 57b57e05-3435-4ee0-8c71-950a5ed64ec5 executed on JobScheduler
05-04 05:26:01.279   768  2471 W ProcessStats: Tracking association SourceState{8fb87e2 com.google.android.dialer/10142 ImpBg #3097} whose proc state 6 is better than process ProcessState{14be773 android.process.acore/10095 pkg=com.android.providers.contacts (sub)} proc state 15 (4 skipped)
05-04 05:26:01.281  3870  4141 I DialerVvmExecutorImpl: com.android.dialer.voicemail.service.impl.scheduler.VvmExecutorImpl.execute:229 Beginning VVM action: SYNC_VOICEMAIL with retryCount: 3 for ComponentInfo{com.android.phone/com.android.services.telephony.TelephonyConnectionService}, 1, UserHandle{0} [CONTEXT enable_persistent_logger=true ]
05-04 05:26:01.283  3870  4143 D WM-GreedyScheduler: Cancelling work ID 57b57e05-3435-4ee0-8c71-950a5ed64ec5
05-04 05:26:01.284  3870  4143 D WM-GreedyScheduler: Ignoring {WorkSpec: 0035ef3f-f857-4c1c-b6f1-739eb843b437}. Requires device idle.
05-04 05:26:01.285  3870  4143 D WM-GreedyScheduler: Ignoring {WorkSpec: 9b014621-6ad5-4a3e-9450-221aa10ef08e}. Requires device idle.
05-04 05:26:01.285  3870  4143 D WM-GreedyScheduler: Ignoring {WorkSpec: af92b70d-5aeb-4cc0-a524-71697b49ac66}. Requires device idle.
05-04 05:26:01.285  3870  4143 D WM-GreedyScheduler: Ignoring {WorkSpec: 76cd41cb-b2f7-45ab-9585-719b05cf2349}. Requires device idle.
05-04 05:26:01.285  3870  4143 D WM-GreedyScheduler: Ignoring {WorkSpec: c0686dab-2da6-468d-9b1d-6939ac8ec7a6}. Requires device idle.
05-04 05:26:01.285  3870  4143 D WM-GreedyScheduler: Ignoring {WorkSpec: 23550ad5-2861-4ce6-80ff-c93d27cb04e0}. Requires device idle.
05-04 05:26:01.285  3870  4143 D WM-GreedyScheduler: Ignoring {WorkSpec: 46dc62df-70d9-45bf-91f1-f5bbc367927a}. Requires device idle.
05-04 05:26:01.285  3870  4144 E DialerRestVvmCarrierService: com.android.dialer.voicemail.service.impl.vvmclients.rest.RestVvmCarrierService.getMsisdn:420 Retrieved phone number in an unexpected format: +15551234567 [CONTEXT disable_client_error_logging=true ]
05-04 05:26:01.285  3870  4144 E DialerRestVvmCarrierService: zxo: MEDIUM
05-04 05:26:01.285  3870  4144 E DialerRestVvmCarrierService: 	at a.cN(PG:15)
05-04 05:26:01.285  3870  4144 E DialerRestVvmCarrierService: 	at pxq.apply(PG:489)
05-04 05:26:01.285  3870  4144 E DialerRestVvmCarrierService: 	at zcp.apply(PG:13)
05-04 05:26:01.285  3870  4144 E DialerRestVvmCarrierService: 	at aaka.d(PG:3)
05-04 05:26:01.285  3870  4144 E DialerRestVvmCarrierService: 	at aakb.run(PG:38)
05-04 05:26:01.285  3870  4144 E DialerRestVvmCarrierService: 	at umz.run(PG:7)
05-04 05:26:01.285  3870  4144 E DialerRestVvmCarrierService: 	at aadu.run(PG:44)
05-04 05:26:01.285  3870  4144 E DialerRestVvmCarrierService: 	at tdt.run(PG:78)
05-04 05:26:01.285  3870  4144 E DialerRestVvmCarrierService: 	at cp.run(PG:143)
05-04 05:26:01.285  3870  4144 E DialerRestVvmCarrierService: 	at java.lang.Thread.run(Thread.java:1119)
05-04 05:26:01.285  3870  4144 E DialerRestVvmCarrierService: 	at uoe.run(PG:61)
05-04 05:26:01.287  3870  4142 I DialerLogcatLoggingBindings: com.android.dialer.logging.logcat.LogcatLoggingBindings.logImpression:54 Impression: ANDROID_API_UNEXPECTED_PHONE_NUMBER_FORMAT
05-04 05:26:01.288  3870  4128 I DialerLogcatLoggingBindings: com.android.dialer.logging.logcat.LogcatLoggingBindings.logImpression:47 Impression: VVM_SYNC_STARTED
05-04 05:26:01.290  3870  4128 I DialerLoggingConsentCheckerImpl: com.google.android.dialershared.logging.consent.impl.LoggingConsentCheckerImpl.getConsent:72 timer stop with success, timer present: false
05-04 05:26:01.291  3870  4141 I DialerSingletonScopedExternalsLogging: com.google.android.dialershared.externals.logging.SingletonScopedExternalsLogging.recordCallMethodInvocation:75 event: TELEPHONY_BOOTSTRAP_AUTHENTICATION_REQUEST, function parameters: [], return value: Default
05-04 05:26:01.291  3870  4128 W DialerGbaCredentialProvider: com.android.dialer.voicemail.service.impl.vvmclients.rest.GbaCredentialProvider$1.onAuthenticationFailure:93 GBA failed with reason: 1 [CONTEXT disable_client_error_logging=true ]
05-04 05:26:01.292  3870  4141 I DialerLoggingConsentCheckerImpl: com.google.android.dialershared.logging.consent.impl.LoggingConsentCheckerImpl.getConsent:72 timer stop with success, timer present: false
05-04 05:26:01.293   768   768 D SdkSandboxManager: Property sdksandbox_next_activity_allowlist is empty.
05-04 05:26:01.293   768   768 D SdkSandboxManager: Property sdksandbox_next_contentprovider_allowlist is empty.
05-04 05:26:01.293   768   768 D SdkSandboxManager: Property sdksandbox_activity_allowlist_per_targetSdkVersion is empty.
05-04 05:26:01.293  3870  4141 W DialerVvmExecutorImpl: com.android.dialer.voicemail.service.impl.scheduler.VvmExecutorImpl.executeWorkOnCarrierService:444 Could not complete vvm work with action: SYNC_VOICEMAIL. Error: [GeneralFailureReason: UNSPECIFIED, RestFailureReason: GBA_AUTHENTICATION_FAILURE_FEATURE_NOT_SUPPORTED, OmtpFailureReason: OMTP_UNSPECIFIED] for ComponentInfo{com.android.phone/com.android.services.telephony.TelephonyConnectionService}, 1, UserHandle{0} [CONTEXT disable_client_error_logging=true enable_persistent_logger=true ]
05-04 05:26:01.293   768   768 D SdkSandboxManager: Property contentprovider_allowlist_per_targetSdkVersion is empty.
05-04 05:26:01.293  3870  4141 I DialerVvmExecutorImpl: com.android.dialer.voicemail.service.impl.scheduler.VvmExecutorImpl.executeWork:194 VvmResult is: # pug@1db0ddb for ComponentInfo{com.android.phone/com.android.services.telephony.TelephonyConnectionService}, 1, UserHandle{0}
05-04 05:26:01.294   768   768 D SdkSandboxManager: Property services_allowlist_per_targetSdkVersion is empty.
05-04 05:26:01.300  3870  4142 I DialerLoggingConsentCheckerImpl: com.google.android.dialershared.logging.consent.impl.LoggingConsentCheckerImpl.getConsent:72 timer stop with success, timer present: false
05-04 05:26:01.303   768   768 D SelinuxAuditLogs: SelinuxAuditLogsService scheduled successfully.
05-04 05:26:01.304  3870  4144 I DialerVvmTaskWorkerDelegate: com.android.dialer.voicemail.service.impl.scheduler.VvmTaskWorker$VvmTaskWorkerDelegate.executeVvmJob:191 Beginning execution of job ID: 3
05-04 05:26:01.305  3870  4144 I DialerSingletonScopedExternalsLogging: com.google.android.dialershared.externals.logging.SingletonScopedExternalsLogging.recordCallMethodInvocation:66 event: VVM_TASK_WORKER_EXECUTE_VVM_JOB, function parameters: [3], return value: <empty> [CONTEXT enable_persistent_logger=true ]
05-04 05:26:01.305  3870  4142 I DialerSingletonScopedExternalsLogging: com.google.android.dialershared.externals.logging.SingletonScopedExternalsLogging.recordCallMethodInvocation:75 event: TIKTOK_WORK_EXECUTION_MONITOR_ON_WORK_FINISHED, function parameters: [57c5ff0e-2c21-4080-94b5-eb68364062fb,com.android.dialer.voicemail.service.impl.VvmTaskWorker], return value: Failure
05-04 05:26:01.308  3870  4069 I WM-WorkerWrapper: Worker result FAILURE for Work [ id=57c5ff0e-2c21-4080-94b5-eb68364062fb, tags={ com.google.apps.tiktok.contrib.work.TikTokListenableWorker,1,SYNC_VOICEMAIL,TikTokWorker#com.android.dialer.voicemail.service.impl.VvmTaskWorker } ]
05-04 05:26:01.308  3870  4144 I DialerLoggingConsentCheckerImpl: com.google.android.dialershared.logging.consent.impl.LoggingConsentCheckerImpl.getConsent:72 timer stop with success, timer present: false
05-04 05:26:01.310  3870  3870 D WM-Processor: fgy 57c5ff0e-2c21-4080-94b5-eb68364062fb executed; reschedule = false
05-04 05:26:01.310  3870  3870 D WM-GreedyScheduler: Stopping tracking for WorkGenerationalId(workSpecId=57c5ff0e-2c21-4080-94b5-eb68364062fb, generation=0)
05-04 05:26:01.310  3870  3870 D WM-SystemJobService: 57c5ff0e-2c21-4080-94b5-eb68364062fb executed on JobScheduler
05-04 05:26:01.316  3870  4069 D WM-GreedyScheduler: Cancelling work ID 57c5ff0e-2c21-4080-94b5-eb68364062fb
05-04 05:26:01.318  3870  4069 D WM-GreedyScheduler: Ignoring {WorkSpec: 0035ef3f-f857-4c1c-b6f1-739eb843b437}. Requires device idle.
05-04 05:26:01.318  3870  4069 D WM-GreedyScheduler: Ignoring {WorkSpec: 9b014621-6ad5-4a3e-9450-221aa10ef08e}. Requires device idle.
05-04 05:26:01.318  3870  4069 D WM-GreedyScheduler: Ignoring {WorkSpec: af92b70d-5aeb-4cc0-a524-71697b49ac66}. Requires device idle.
05-04 05:26:01.318  3870  4069 D WM-GreedyScheduler: Ignoring {WorkSpec: 76cd41cb-b2f7-45ab-9585-719b05cf2349}. Requires device idle.
05-04 05:26:01.319  3870  4069 D WM-GreedyScheduler: Ignoring {WorkSpec: c0686dab-2da6-468d-9b1d-6939ac8ec7a6}. Requires device idle.
05-04 05:26:01.319  3870  4069 D WM-GreedyScheduler: Ignoring {WorkSpec: 23550ad5-2861-4ce6-80ff-c93d27cb04e0}. Requires device idle.
05-04 05:26:01.319  3870  4069 D WM-GreedyScheduler: Ignoring {WorkSpec: 46dc62df-70d9-45bf-91f1-f5bbc367927a}. Requires device idle.
05-04 05:26:01.326  3870  4144 I DialerVvmExecutorImpl: com.android.dialer.voicemail.service.impl.scheduler.VvmExecutorImpl.execute:229 Beginning VVM action: SYNC with retryCount: 2 for ComponentInfo{com.android.phone/com.android.services.telephony.TelephonyConnectionService}, 1, UserHandle{0} [CONTEXT enable_persistent_logger=true ]
05-04 05:26:01.330  3870  4144 E DialerRestVvmCarrierService: com.android.dialer.voicemail.service.impl.vvmclients.rest.RestVvmCarrierService.getMsisdn:420 Retrieved phone number in an unexpected format: +15551234567 [CONTEXT disable_client_error_logging=true ]
05-04 05:26:01.330  3870  4144 E DialerRestVvmCarrierService: zxo: MEDIUM
05-04 05:26:01.330  3870  4144 E DialerRestVvmCarrierService: 	at a.cN(PG:15)
05-04 05:26:01.330  3870  4144 E DialerRestVvmCarrierService: 	at pxq.apply(PG:489)
05-04 05:26:01.330  3870  4144 E DialerRestVvmCarrierService: 	at zcp.apply(PG:13)
05-04 05:26:01.330  3870  4144 E DialerRestVvmCarrierService: 	at aaka.d(PG:3)
05-04 05:26:01.330  3870  4144 E DialerRestVvmCarrierService: 	at aakb.run(PG:38)
05-04 05:26:01.330  3870  4144 E DialerRestVvmCarrierService: 	at umz.run(PG:7)
05-04 05:26:01.330  3870  4144 E DialerRestVvmCarrierService: 	at aadu.run(PG:44)
05-04 05:26:01.330  3870  4144 E DialerRestVvmCarrierService: 	at tdt.run(PG:78)
05-04 05:26:01.330  3870  4144 E DialerRestVvmCarrierService: 	at cp.run(PG:143)
05-04 05:26:01.330  3870  4144 E DialerRestVvmCarrierService: 	at java.lang.Thread.run(Thread.java:1119)
05-04 05:26:01.330  3870  4144 E DialerRestVvmCarrierService: 	at uoe.run(PG:61)
05-04 05:26:01.331  3870  4141 I DialerLogcatLoggingBindings: com.android.dialer.logging.logcat.LogcatLoggingBindings.logImpression:54 Impression: ANDROID_API_UNEXPECTED_PHONE_NUMBER_FORMAT
05-04 05:26:01.332  3870  4142 I DialerLogcatLoggingBindings: com.android.dialer.logging.logcat.LogcatLoggingBindings.logImpression:47 Impression: VVM_SYNC_STARTED
05-04 05:26:01.333  3870  4142 W DialerGbaCredentialProvider: com.android.dialer.voicemail.service.impl.vvmclients.rest.GbaCredentialProvider$1.onAuthenticationFailure:93 GBA failed with reason: 1 [CONTEXT disable_client_error_logging=true ]
05-04 05:26:01.334  3870  4142 I DialerLoggingConsentCheckerImpl: com.google.android.dialershared.logging.consent.impl.LoggingConsentCheckerImpl.getConsent:72 timer stop with success, timer present: false
05-04 05:26:01.335  3870  4142 I DialerLoggingConsentCheckerImpl: com.google.android.dialershared.logging.consent.impl.LoggingConsentCheckerImpl.getConsent:72 timer stop with success, timer present: false
05-04 05:26:01.335  3870  4144 I DialerSingletonScopedExternalsLogging: com.google.android.dialershared.externals.logging.SingletonScopedExternalsLogging.recordCallMethodInvocation:75 event: TELEPHONY_BOOTSTRAP_AUTHENTICATION_REQUEST, function parameters: [], return value: Default
05-04 05:26:01.336  3870  4128 W DialerVvmExecutorImpl: com.android.dialer.voicemail.service.impl.scheduler.VvmExecutorImpl.executeWorkOnCarrierService:444 Could not complete vvm work with action: SYNC. Error: [GeneralFailureReason: UNSPECIFIED, RestFailureReason: GBA_AUTHENTICATION_FAILURE_FEATURE_NOT_SUPPORTED, OmtpFailureReason: OMTP_UNSPECIFIED] for ComponentInfo{com.android.phone/com.android.services.telephony.TelephonyConnectionService}, 1, UserHandle{0} [CONTEXT disable_client_error_logging=true enable_persistent_logger=true ]
05-04 05:26:01.337  3870  4141 I DialerVvmExecutorImpl: com.android.dialer.voicemail.service.impl.scheduler.VvmExecutorImpl.executeWork:194 VvmResult is: # pug@1db0ddb for ComponentInfo{com.android.phone/com.android.services.telephony.TelephonyConnectionService}, 1, UserHandle{0}
05-04 05:26:01.338  3870  4128 I DialerLoggingConsentCheckerImpl: com.google.android.dialershared.logging.consent.impl.LoggingConsentCheckerImpl.getConsent:72 timer stop with success, timer present: false
05-04 05:26:01.342  3870  4144 I DialerVvmTaskWorkerDelegate: com.android.dialer.voicemail.service.impl.scheduler.VvmTaskWorker$VvmTaskWorkerDelegate.executeVvmJob:191 Beginning execution of job ID: 1
05-04 05:26:01.342  3870  4144 I DialerSingletonScopedExternalsLogging: com.google.android.dialershared.externals.logging.SingletonScopedExternalsLogging.recordCallMethodInvocation:66 event: VVM_TASK_WORKER_EXECUTE_VVM_JOB, function parameters: [1], return value: <empty> [CONTEXT enable_persistent_logger=true ]
05-04 05:26:01.346  3870  4142 I DialerSingletonScopedExternalsLogging: com.google.android.dialershared.externals.logging.SingletonScopedExternalsLogging.recordCallMethodInvocation:75 event: TIKTOK_WORK_EXECUTION_MONITOR_ON_WORK_FINISHED, function parameters: [89d9d69b-e303-407f-92fc-8d7eb1174c63,com.android.dialer.voicemail.service.impl.VvmTaskWorker], return value: Retry
05-04 05:26:01.353  3870  4142 I DialerLoggingConsentCheckerImpl: com.google.android.dialershared.logging.consent.impl.LoggingConsentCheckerImpl.getConsent:72 timer stop with success, timer present: false
05-04 05:26:01.357  3870  4164 I WM-WorkerWrapper: Worker result RETRY for Work [ id=89d9d69b-e303-407f-92fc-8d7eb1174c63, tags={ com.google.apps.tiktok.contrib.work.TikTokListenableWorker,1,SYNC,TikTokWorker#com.android.dialer.voicemail.service.impl.VvmTaskWorker } ]
05-04 05:26:01.359  3870  3870 D WM-Processor: fgy 89d9d69b-e303-407f-92fc-8d7eb1174c63 executed; reschedule = true
05-04 05:26:01.359  3870  3870 D WM-GreedyScheduler: Stopping tracking for WorkGenerationalId(workSpecId=89d9d69b-e303-407f-92fc-8d7eb1174c63, generation=0)
05-04 05:26:01.360  3870  4164 D WM-GreedyScheduler: Cancelling work ID 89d9d69b-e303-407f-92fc-8d7eb1174c63
05-04 05:26:01.364  1171  3317 D androidtc: Try to schedule model download work because of device config changes.
05-04 05:26:01.365  3870  4164 D WM-SystemJobScheduler: Scheduling work ID 89d9d69b-e303-407f-92fc-8d7eb1174c63Job ID 120
05-04 05:26:01.369  3870  4164 D WM-GreedyScheduler: Ignoring {WorkSpec: 0035ef3f-f857-4c1c-b6f1-739eb843b437}. Requires device idle.
05-04 05:26:01.369  3870  4164 D WM-GreedyScheduler: Ignoring {WorkSpec: 9b014621-6ad5-4a3e-9450-221aa10ef08e}. Requires device idle.
05-04 05:26:01.369  3870  4164 D WM-GreedyScheduler: Ignoring {WorkSpec: af92b70d-5aeb-4cc0-a524-71697b49ac66}. Requires device idle.
05-04 05:26:01.369  3870  4164 D WM-GreedyScheduler: Ignoring {WorkSpec: 76cd41cb-b2f7-45ab-9585-719b05cf2349}. Requires device idle.
05-04 05:26:01.369  3870  4164 D WM-GreedyScheduler: Ignoring {WorkSpec: c0686dab-2da6-468d-9b1d-6939ac8ec7a6}. Requires device idle.
05-04 05:26:01.369  3870  4164 D WM-GreedyScheduler: Ignoring {WorkSpec: 23550ad5-2861-4ce6-80ff-c93d27cb04e0}. Requires device idle.
05-04 05:26:01.369  3870  4164 D WM-GreedyScheduler: Ignoring {WorkSpec: 46dc62df-70d9-45bf-91f1-f5bbc367927a}. Requires device idle.
05-04 05:26:01.370  3870  4141 I DialerVvmExecutorImpl: com.android.dialer.voicemail.service.impl.scheduler.VvmExecutorImpl.execute:229 Beginning VVM action: UPDATE_STATUS with retryCount: 3 for ComponentInfo{com.android.phone/com.android.services.telephony.TelephonyConnectionService}, 1, UserHandle{0} [CONTEXT enable_persistent_logger=true ]
05-04 05:26:01.374  3870  4128 E DialerRestVvmCarrierService: com.android.dialer.voicemail.service.impl.vvmclients.rest.RestVvmCarrierService.getMsisdn:420 Retrieved phone number in an unexpected format: +15551234567 [CONTEXT disable_client_error_logging=true ]
05-04 05:26:01.374  3870  4128 E DialerRestVvmCarrierService: zxo: MEDIUM
05-04 05:26:01.374  3870  4128 E DialerRestVvmCarrierService: 	at a.cN(PG:15)
05-04 05:26:01.374  3870  4128 E DialerRestVvmCarrierService: 	at pxq.apply(PG:489)
05-04 05:26:01.374  3870  4128 E DialerRestVvmCarrierService: 	at zcp.apply(PG:13)
05-04 05:26:01.374  3870  4128 E DialerRestVvmCarrierService: 	at aaka.d(PG:3)
05-04 05:26:01.374  3870  4128 E DialerRestVvmCarrierService: 	at aakb.run(PG:38)
05-04 05:26:01.374  3870  4128 E DialerRestVvmCarrierService: 	at umz.run(PG:7)
05-04 05:26:01.374  3870  4128 E DialerRestVvmCarrierService: 	at aadu.run(PG:44)
05-04 05:26:01.374  3870  4128 E DialerRestVvmCarrierService: 	at tdt.run(PG:78)
05-04 05:26:01.374  3870  4128 E DialerRestVvmCarrierService: 	at cp.run(PG:143)
05-04 05:26:01.374  3870  4128 E DialerRestVvmCarrierService: 	at java.lang.Thread.run(Thread.java:1119)
05-04 05:26:01.374  3870  4128 E DialerRestVvmCarrierService: 	at uoe.run(PG:61)
05-04 05:26:01.375  3870  4128 I DialerStatusCheck: com.android.dialer.voicemail.service.impl.vvmclients.rest.StatusCheck.updateStatus:55 updateStatus
05-04 05:26:01.375  3870  4141 I DialerLogcatLoggingBindings: com.android.dialer.logging.logcat.LogcatLoggingBindings.logImpression:54 Impression: ANDROID_API_UNEXPECTED_PHONE_NUMBER_FORMAT
05-04 05:26:01.376  3870  4128 I DialerSingletonScopedExternalsLogging: com.google.android.dialershared.externals.logging.SingletonScopedExternalsLogging.recordCallMethodInvocation:75 event: TELEPHONY_BOOTSTRAP_AUTHENTICATION_REQUEST, function parameters: [], return value: Default
05-04 05:26:01.376  3870  4141 W DialerGbaCredentialProvider: com.android.dialer.voicemail.service.impl.vvmclients.rest.GbaCredentialProvider$1.onAuthenticationFailure:93 GBA failed with reason: 1 [CONTEXT disable_client_error_logging=true ]
05-04 05:26:01.377  3870  4144 I DialerLoggingConsentCheckerImpl: com.google.android.dialershared.logging.consent.impl.LoggingConsentCheckerImpl.getConsent:72 timer stop with success, timer present: false
05-04 05:26:01.377  3870  4142 W DialerVvmExecutorImpl: com.android.dialer.voicemail.service.impl.scheduler.VvmExecutorImpl.executeWorkOnCarrierService:444 Could not complete vvm work with action: UPDATE_STATUS. Error: [GeneralFailureReason: UNSPECIFIED, RestFailureReason: GBA_AUTHENTICATION_FAILURE_FEATURE_NOT_SUPPORTED, OmtpFailureReason: OMTP_UNSPECIFIED] for ComponentInfo{com.android.phone/com.android.services.telephony.TelephonyConnectionService}, 1, UserHandle{0} [CONTEXT disable_client_error_logging=true enable_persistent_logger=true ]
05-04 05:26:01.378  3870  4144 I DialerVvmExecutorImpl: com.android.dialer.voicemail.service.impl.scheduler.VvmExecutorImpl.executeWork:194 VvmResult is: # pug@1db0ddb for ComponentInfo{com.android.phone/com.android.services.telephony.TelephonyConnectionService}, 1, UserHandle{0}
05-04 05:26:01.379  3870  4144 I DialerLoggingConsentCheckerImpl: com.google.android.dialershared.logging.consent.impl.LoggingConsentCheckerImpl.getConsent:72 timer stop with success, timer present: false
05-04 05:26:01.385  3870  4128 I DialerSingletonScopedExternalsLogging: com.google.android.dialershared.externals.logging.SingletonScopedExternalsLogging.recordCallMethodInvocation:75 event: TIKTOK_WORK_EXECUTION_MONITOR_ON_WORK_FINISHED, function parameters: [a89ed8e7-62d2-4fa5-8538-d57164153596,com.android.dialer.voicemail.service.impl.VvmTaskWorker], return value: Failure
05-04 05:26:01.386  3870  4165 I WM-WorkerWrapper: Worker result FAILURE for Work [ id=a89ed8e7-62d2-4fa5-8538-d57164153596, tags={ com.google.apps.tiktok.contrib.work.TikTokListenableWorker,1,UPDATE_STATUS,TikTokWorker#com.android.dialer.voicemail.service.impl.VvmTaskWorker } ]
05-04 05:26:01.388  3870  4142 I DialerLoggingConsentCheckerImpl: com.google.android.dialershared.logging.consent.impl.LoggingConsentCheckerImpl.getConsent:72 timer stop with success, timer present: false
05-04 05:26:01.388  3870  3870 D WM-Processor: fgy a89ed8e7-62d2-4fa5-8538-d57164153596 executed; reschedule = false
05-04 05:26:01.388  3870  3870 D WM-GreedyScheduler: Stopping tracking for WorkGenerationalId(workSpecId=a89ed8e7-62d2-4fa5-8538-d57164153596, generation=0)
05-04 05:26:01.389  3870  4165 D WM-GreedyScheduler: Cancelling work ID a89ed8e7-62d2-4fa5-8538-d57164153596
05-04 05:26:01.390  3870  4165 D WM-GreedyScheduler: Ignoring {WorkSpec: 0035ef3f-f857-4c1c-b6f1-739eb843b437}. Requires device idle.
05-04 05:26:01.390  3870  4165 D WM-GreedyScheduler: Ignoring {WorkSpec: 9b014621-6ad5-4a3e-9450-221aa10ef08e}. Requires device idle.
05-04 05:26:01.390  3870  4165 D WM-GreedyScheduler: Ignoring {WorkSpec: af92b70d-5aeb-4cc0-a524-71697b49ac66}. Requires device idle.
05-04 05:26:01.390  3870  4165 D WM-GreedyScheduler: Ignoring {WorkSpec: 76cd41cb-b2f7-45ab-9585-719b05cf2349}. Requires device idle.
05-04 05:26:01.390  3870  4165 D WM-GreedyScheduler: Ignoring {WorkSpec: c0686dab-2da6-468d-9b1d-6939ac8ec7a6}. Requires device idle.
05-04 05:26:01.390  3870  4165 D WM-GreedyScheduler: Ignoring {WorkSpec: 23550ad5-2861-4ce6-80ff-c93d27cb04e0}. Requires device idle.
05-04 05:26:01.390  3870  4165 D WM-GreedyScheduler: Ignoring {WorkSpec: 46dc62df-70d9-45bf-91f1-f5bbc367927a}. Requires device idle.
05-04 05:26:01.391  3870  4165 D WM-NetworkStateTracker: Unregistering network callback
05-04 05:26:01.394  1171  3293 W JobInfo : Requested important-while-foreground flag for job5 is ignored and takes no effect
05-04 05:26:01.394  1171  3293 D WM-SystemJobScheduler: Scheduling work ID a2236013-90f0-4b90-b639-d882d912788bJob ID 5
05-04 05:26:01.399  1171  3293 D WM-GreedyScheduler: Starting tracking for a2236013-90f0-4b90-b639-d882d912788b
05-04 05:26:01.399  1171  3317 D androidtc: Download work scheduled.
05-04 05:26:01.400  1171  1171 D WM-SystemJobService: onStartJob for WorkGenerationalId(workSpecId=a2236013-90f0-4b90-b639-d882d912788b, generation=0)
05-04 05:26:01.401  1171  3293 D WM-Processor: Processor: processing WorkGenerationalId(workSpecId=a2236013-90f0-4b90-b639-d882d912788b, generation=0)
05-04 05:26:01.404  1171  1171 D WM-WorkerWrapper: Starting work for com.android.textclassifier.downloader.ModelDownloadWorker
05-04 05:26:01.404  1171  1171 D androidtc: Start download work...
05-04 05:26:01.404  1171  3293 D WM-ConstraintTracker: BatteryNotLowTracker: initial state = true
05-04 05:26:01.404  1171  3293 D WM-BrdcstRcvrCnstrntTrc: BatteryNotLowTracker: registering receiver
05-04 05:26:01.405  1171  3317 D androidtc: model type: annotator, current locale tag: en-US, best locale tag: en, manifest url: https://www.gstatic.com/android/text_classifier/v904/en.fb.manifest
05-04 05:26:01.406  1171  3293 D WM-ConstraintTracker: StorageNotLowTracker: initial state = true
05-04 05:26:01.406  1171  3293 D WM-BrdcstRcvrCnstrntTrc: StorageNotLowTracker: registering receiver
05-04 05:26:01.407  1171  3317 D androidtc: model type: lang_id, current locale tag: en-US, best locale tag: universal, manifest url: https://www.gstatic.com/android/text_classifier/langid/q/v1/model.smfb.manifest
05-04 05:26:01.407  1171  3317 D androidtc: model type: actions_suggestions, current locale tag: en-US, best locale tag: en, manifest url: https://www.gstatic.com/android/text_classifier/actions/q/v104/en.model.manifest
05-04 05:26:01.408  1171  3317 D androidtc: All Download Tasks Completed
05-04 05:26:01.408  1171  3317 D androidtc: Start to clean up models and update model lookup cache...
05-04 05:26:01.408  1171  3293 D WM-ConstraintTracker: NetworkStateTracker24: initial state = NetworkState(isConnected=true, isValidated=true, isMetered=false, isNotRoaming=true)
05-04 05:26:01.408  1171  3293 D WM-NetworkStateTracker: Registering network callback
05-04 05:26:01.409   768  2471 D ConnectivityService: requestNetwork for uid/pid:10193/1171 activeRequest: null callbackRequest: 203 [NetworkRequest [ REQUEST id=204, [ Capabilities: INTERNET&NOT_RESTRICTED&TRUSTED&NOT_VCN_MANAGED&NOT_BANDWIDTH_CONSTRAINED Uid: 10193 RequestorUid: 10193 RequestorPkg: com.google.android.ext.services UnderlyingNetworks: Null] ]] callback flags: 0 order: 2147483647 isUidTracked: false declaredMethods: AVAIL|LOST|NC
05-04 05:26:01.409   768   768 I AutofillManagerService: Ignoring change on package_deny_list_for_unimportant_view
05-04 05:26:01.410   768   925 D WifiNetworkFactory: got request NetworkRequest [ REQUEST id=204, [ Capabilities: INTERNET&NOT_RESTRICTED&TRUSTED&NOT_VCN_MANAGED&NOT_BANDWIDTH_CONSTRAINED Uid: 10193 RequestorUid: 10193 RequestorPkg: com.google.android.ext.services UnderlyingNetworks: Null] ]
05-04 05:26:01.410   768   933 D ConnectivityService: NetReassign [204 : null → 101] [c 0] [a 0] [i 1]
05-04 05:26:01.411  1171  3321 D WM-NetworkStateTracker: Network capabilities changed: [ Transports: WIFI Capabilities: NOT_METERED&INTERNET&NOT_RESTRICTED&TRUSTED&NOT_VPN&VALIDATED&NOT_ROAMING&FOREGROUND&NOT_CONGESTED&NOT_SUSPENDED&NOT_VCN_MANAGED&NOT_BANDWIDTH_CONSTRAINED LinkUpBandwidth>=12000Kbps LinkDnBandwidth>=30000Kbps TransportInfo: <SSID: <unknown ssid>, BSSID: 02:00:00:00:00:00, MAC: 02:00:00:00:00:00, IP: /10.0.2.16, Security type: 0, Supplicant state: COMPLETED, Wi-Fi standard: legacy, RSSI: -50, Link speed: 1Mbps, Tx Link speed: 1Mbps, Max Supported Tx Link speed: 11Mbps, Rx Link speed: 2Mbps, Max Supported Rx Link speed: 11Mbps, Frequency: 2447MHz, Net ID: -1, Metered hint: false, score: 60, isUsable: true, CarrierMerged: false, SubscriptionId: -1, IsPrimary: -1, Trusted: true, Restricted: false, Ephemeral: false, OEM paid: false, OEM private: false, OSU AP: false, FQDN: <none>, Provider friendly name: <none>, Requesting package name: <none><none>MLO Information: , Is TID-To-Link negotiation supported by the AP: false, AP MLD Address: <none>, AP MLO Link Id: <none>, AP MLO Affiliated links: <none>, Vendor Data: <none>> SignalStrength: -50 UnderlyingNetworks: Null]
05-04 05:26:01.414  1171  3293 D WM-PackageManagerHelper: androidx.work.impl.background.systemalarm.RescheduleReceiver enabled
05-04 05:26:01.415   768   925 D UntrustedWifiNetworkFactory: got request NetworkRequest [ REQUEST id=204, [ Capabilities: INTERNET&NOT_RESTRICTED&TRUSTED&NOT_VCN_MANAGED&NOT_BANDWIDTH_CONSTRAINED Uid: 10193 RequestorUid: 10193 RequestorPkg: com.google.android.ext.services UnderlyingNetworks: Null] ]
