05-04 05:43:35.476   560   859 I AF::PthrPatchRecord: creating track with enforcement level 0
05-04 05:43:35.479   768  2295 E AppOps  : attributionTag  not declared in manifest of com.google.android.marvin.talkback
05-04 05:43:35.480   768  2295 E AppOps  : attributionTag  not declared in manifest of com.google.android.marvin.talkback
05-04 05:43:35.480   768   995 W AS.PlaybackActivityMon: No piid assigned for invalid/internal port id 100
05-04 05:43:36.075  4352  4389 D AudioTrack: stop(99): called with 16320 frames delivered
05-04 05:43:36.075   768  2295 E AppOps  : attributionTag  not declared in manifest of com.google.android.tts
05-04 05:43:36.080  4352  4388 I GoogleTTSServiceImpl: Synthesis request for locale eng-USA and name en-US-language
05-04 05:43:36.081  4352  4388 I GoogleTTSServiceImpl: TTS dispatch: en-us-x-iog-lstm-embedded
05-04 05:43:36.083   560  4792 D NativePermissionController: checkPermission: missing 1 for 10152
05-04 05:43:36.083   560  4792 D NativePermissionController: checkPermission: missing 3 for 10152
05-04 05:43:36.083   560  4792 D NativePermissionController: checkPermission: missing 5 for 10152
05-04 05:43:36.084   560  4792 W AudioFlinger: createTrack_l(): mismatch between requested flags (00000004) and output flags (00000002)
05-04 05:43:36.084   560  4792 D AudioFlinger: Client defaulted notificationFrames to 480 for frameCount 4096
05-04 05:43:36.084   560  4792 I AF::PthrPatchRecord: creating track with enforcement level 0
05-04 05:43:36.089   768   806 E AppOps  : attributionTag  not declared in manifest of com.google.android.tts
05-04 05:43:36.095   560  4792 D NativePermissionController: checkPermission: missing 13 for 10152
05-04 05:43:36.096   768   806 I AS.AudioService: AudioHardening background playback would be muted for com.google.android.tts (10152), level: full
05-04 05:43:36.096   560  4792 D NativePermissionController: checkPermission: missing 13 for 10152
05-04 05:43:36.097   560  4792 D NativePermissionController: checkPermission: missing 13 for 10152
05-04 05:43:36.098   560  4792 D NativePermissionController: checkPermission: missing 13 for 10152
05-04 05:43:36.134   607   726 D BufferPoolAccessor2.0: evictor expired: 1, evicted: 0
05-04 05:43:36.135  3919  5288 D BufferPoolAccessor2.0: evictor expired: 2, evicted: 0
05-04 05:43:36.483   768   806 E AppOps  : attributionTag  not declared in manifest of com.google.android.marvin.talkback
05-04 05:43:36.484   768   806 E AppOps  : attributionTag  not declared in manifest of com.google.android.marvin.talkback
05-04 05:43:36.721  4352  4389 D AudioTrack: stop(101): called with 14520 frames delivered
05-04 05:43:36.721   768   806 E AppOps  : attributionTag  not declared in manifest of com.google.android.tts
05-04 05:43:36.725  4352  4388 I GoogleTTSServiceImpl: Synthesis request for locale eng-USA and name en-US-language
05-04 05:43:36.726  4352  4388 I GoogleTTSServiceImpl: TTS dispatch: en-us-x-iog-lstm-embedded
05-04 05:43:36.728   560   657 D NativePermissionController: checkPermission: missing 1 for 10152
05-04 05:43:36.728   560   657 D NativePermissionController: checkPermission: missing 3 for 10152
05-04 05:43:36.728   560   657 D NativePermissionController: checkPermission: missing 5 for 10152
05-04 05:43:36.728   560   657 W AudioFlinger: createTrack_l(): mismatch between requested flags (00000004) and output flags (00000002)
05-04 05:43:36.728   560   657 D AudioFlinger: Client defaulted notificationFrames to 480 for frameCount 4096
05-04 05:43:36.728   560   657 I AF::PthrPatchRecord: creating track with enforcement level 0
05-04 05:43:36.733   768   806 E AppOps  : attributionTag  not declared in manifest of com.google.android.tts
05-04 05:43:36.753   560   657 D NativePermissionController: checkPermission: missing 13 for 10152
05-04 05:43:36.753   768   806 I AS.AudioService: AudioHardening background playback would be muted for com.google.android.tts (10152), level: full
05-04 05:43:36.753   560   657 D NativePermissionController: checkPermission: missing 13 for 10152
05-04 05:43:36.754   560   657 D NativePermissionController: checkPermission: missing 13 for 10152
05-04 05:43:36.755   560   657 D NativePermissionController: checkPermission: missing 13 for 10152
05-04 05:43:36.989   768  1711 E TaskPersister: File error accessing recents directory (directory doesn't exist?).
05-04 05:43:37.135   607   726 D BufferPoolAccessor2.0: bufferpool2 0x7bd6c7674e78 : 0(0 size) total buffers - 0(0 size) used buffers - 58/61 (recycle/alloc) - 3/60 (fetch/transfer)
05-04 05:43:37.135   607   726 D BufferPoolAccessor2.0: evictor expired: 3, evicted: 1
05-04 05:43:37.135  3919  5288 D BufferPoolAccessor2.0: bufferpool2 0x785d9043f5b8 : 0(0 size) total buffers - 0(0 size) used buffers - 2/7 (recycle/alloc) - 5/126 (fetch/transfer)
05-04 05:43:37.135  3919  5288 D BufferPoolAccessor2.0: evictor expired: 1, evicted: 1
05-04 05:43:37.203  1146  1307 D SatelliteController: iisInCarrierRoamingNbIotNtn: satellite is disabled
05-04 05:43:38.244  4352  4389 D AudioTrack: stop(102): called with 35280 frames delivered
05-04 05:43:38.244   768  2295 E AppOps  : attributionTag  not declared in manifest of com.google.android.tts
05-04 05:43:38.249  4352  4388 I GoogleTTSServiceImpl: Synthesis request for locale eng-USA and name en-US-language
05-04 05:43:38.250  4352  4388 I GoogleTTSServiceImpl: TTS dispatch: en-us-x-iog-lstm-embedded
05-04 05:43:38.252  3919  6618 D MediaCodecList: codecHandlesFormat: no format, so no extra checks
05-04 05:43:38.253  3919  6620 D CCodec  : allocate(c2.android.vorbis.decoder)
05-04 05:43:38.256  3919  6620 I CCodec  : setting up 'default' as default (vendor) store
05-04 05:43:38.257  3919  5289 D BufferPoolAccessor2.0: Destruction - bufferpool2 0x785d9043f5b8 cached: 0/0M, 0/0% in use; allocs: 7, 29% recycled; transfers: 126, 96% unfetched
05-04 05:43:38.258  3919  6620 I CCodec  : Created component [c2.android.vorbis.decoder] for [c2.android.vorbis.decoder]
05-04 05:43:38.258  3919  6620 D CCodecConfig: read media type: audio/vorbis
05-04 05:43:38.265  3919  6620 D ReflectedParamUpdater: extent() != 1 for single value type: algo.buffers.max-count.values
05-04 05:43:38.266  3919  6620 D ReflectedParamUpdater: extent() != 1 for single value type: output.subscribed-indices.values
05-04 05:43:38.266  3919  6620 D ReflectedParamUpdater: extent() != 1 for single value type: input.buffers.allocator-ids.values
05-04 05:43:38.266  3919  6620 D ReflectedParamUpdater: extent() != 1 for single value type: output.buffers.allocator-ids.values
05-04 05:43:38.266  3919  6620 D ReflectedParamUpdater: extent() != 1 for single value type: algo.buffers.allocator-ids.values
05-04 05:43:38.267  3919  6620 D ReflectedParamUpdater: extent() != 1 for single value type: output.buffers.pool-ids.values
05-04 05:43:38.267  3919  6620 D ReflectedParamUpdater: extent() != 1 for single value type: algo.buffers.pool-ids.values
05-04 05:43:38.268  3919  6620 I CCodecConfig: query failed after returning 8 values (BAD_INDEX)
05-04 05:43:38.268  3919  6620 D CCodecConfig: c2 config diff is Dict {
05-04 05:43:38.268  3919  6620 D CCodecConfig:   c2::u32 coded.bitrate.value = 64000
05-04 05:43:38.268  3919  6620 D CCodecConfig:   c2::u32 input.buffers.max-size.value = 32768
05-04 05:43:38.268  3919  6620 D CCodecConfig:   c2::u32 input.delay.value = 0
05-04 05:43:38.268  3919  6620 D CCodecConfig:   string input.media-type.value = "audio/vorbis"
05-04 05:43:38.268  3919  6620 D CCodecConfig:   c2::u32 output.large-frame.max-size = 0
05-04 05:43:38.268  3919  6620 D CCodecConfig:   c2::u32 output.large-frame.threshold-size = 0
05-04 05:43:38.268  3919  6620 D CCodecConfig:   string output.media-type.value = "audio/raw"
05-04 05:43:38.268  3919  6620 D CCodecConfig:   c2::u32 raw.channel-count.value = 1
05-04 05:43:38.268  3919  6620 D CCodecConfig:   c2::u32 raw.sample-rate.value = 48000
05-04 05:43:38.268  3919  6620 D CCodecConfig: }
05-04 05:43:38.270  3919  6618 E MediaCodec: Media Quality Service not found.
05-04 05:43:38.271  3919  6620 D CCodec  : [c2.android.vorbis.decoder] buffers are bound to CCodec for this session
05-04 05:43:38.271  3919  6620 D CCodecConfig: no c2 equivalents for durationUs
05-04 05:43:38.271  3919  6620 D CCodecConfig: no c2 equivalents for track-id
05-04 05:43:38.271  3919  6620 D CCodecConfig: no c2 equivalents for csd-1
05-04 05:43:38.271  3919  6620 D CCodecConfig: no c2 equivalents for flags
05-04 05:43:38.271  3919  6620 D CCodecConfig: c2 config diff is   c2::u32 coded.bitrate.value = 160000
05-04 05:43:38.271  3919  6620 D CCodecConfig:   c2::u32 raw.channel-count.value = 2
05-04 05:43:38.271  3919  6620 D CCodecConfig:   c2::u32 raw.sample-rate.value = 44100
05-04 05:43:38.272  3919  6620 W Codec2Client: query -- param skipped: index = 1107298332.
05-04 05:43:38.272  3919  6620 D CCodec  : encoding statistics level = 0
05-04 05:43:38.272  3919  6620 D CCodec  : setup formats input: AMessage(what = 0x00000000) = {
05-04 05:43:38.272  3919  6620 D CCodec  :   int32_t bitrate = 160000
05-04 05:43:38.272  3919  6620 D CCodec  :   int32_t channel-count = 2
05-04 05:43:38.272  3919  6620 D CCodec  :   int32_t max-input-size = 32768
05-04 05:43:38.272  3919  6620 D CCodec  :   string mime = "audio/vorbis"
05-04 05:43:38.272  3919  6620 D CCodec  :   int32_t sample-rate = 44100
05-04 05:43:38.272  3919  6620 D CCodec  : }
05-04 05:43:38.272  3919  6620 D CCodec  : setup formats output: AMessage(what = 0x00000000) = {
05-04 05:43:38.272  3919  6620 D CCodec  :   int32_t buffer-batch-max-output-size = 0
05-04 05:43:38.272  3919  6620 D CCodec  :   int32_t buffer-batch-threshold-output-size = 0
05-04 05:43:38.272  3919  6620 D CCodec  :   int32_t channel-count = 2
05-04 05:43:38.272  3919  6620 D CCodec  :   string mime = "audio/raw"
05-04 05:43:38.272  3919  6620 D CCodec  :   int32_t sample-rate = 44100
05-04 05:43:38.272  3919  6620 D CCodec  :   int32_t channel-mask = 3
05-04 05:43:38.272  3919  6620 D CCodec  :   int32_t android._config-pcm-encoding = 2
05-04 05:43:38.272  3919  6620 D CCodec  : }
05-04 05:43:38.272  3919  6620 I CCodecConfig: query failed after returning 8 values (BAD_INDEX)
05-04 05:43:38.272  3919  6620 E marvin.talkback: Failed to query component interface for required system resources: 6
05-04 05:43:38.275  3919  6620 W Codec2Client: query -- param skipped: index = 1342179345.
05-04 05:43:38.275  3919  6620 W Codec2Client: query -- param skipped: index = 2415921170.
05-04 05:43:38.276  3919  6620 D CCodecBufferChannel: [c2.android.vorbis.decoder#409] Created input block pool with allocatorID 16 => poolID 35 - OK (0)
05-04 05:43:38.276   607   724 D BufferPoolAccessor2.0: Destruction - bufferpool2 0x7bd6c7674e78 cached: 0/0M, 0/0% in use; allocs: 61, 95% recycled; transfers: 60, 95% unfetched
05-04 05:43:38.278  3919  6620 I CCodecBufferChannel: [c2.android.vorbis.decoder#409] Created output block pool with allocatorID 16 => poolID 72 - OK
05-04 05:43:38.278  3919  6620 D CCodecBufferChannel: [c2.android.vorbis.decoder#409] Configured output block pool ids 72 => OK
05-04 05:43:38.278   607  1086 E Codec2-ComponentInterface: We have a failed config
05-04 05:43:38.278   560   657 D NativePermissionController: checkPermission: missing 1 for 10152
05-04 05:43:38.278   560   657 D NativePermissionController: checkPermission: missing 3 for 10152
05-04 05:43:38.278   560   657 D NativePermissionController: checkPermission: missing 5 for 10152
05-04 05:43:38.278   560   657 W AudioFlinger: createTrack_l(): mismatch between requested flags (00000004) and output flags (00000002)
05-04 05:43:38.279   560   657 D AudioFlinger: Client defaulted notificationFrames to 480 for frameCount 4096
05-04 05:43:38.279   560   657 I AF::PthrPatchRecord: creating track with enforcement level 0
05-04 05:43:38.279   607  6621 D SimpleC2Component: Using output block pool with poolID 72 => got 72 - 0
05-04 05:43:38.284   768   995 E AppOps  : attributionTag  not declared in manifest of com.google.android.tts
05-04 05:43:38.295   768   995 I AS.AudioService: AudioHardening background playback would be muted for com.google.android.tts (10152), level: full
05-04 05:43:38.295   560   657 D NativePermissionController: checkPermission: missing 13 for 10152
05-04 05:43:38.295   560   657 D NativePermissionController: checkPermission: missing 13 for 10152
05-04 05:43:38.296   560   657 D NativePermissionController: checkPermission: missing 13 for 10152
05-04 05:43:38.296   560   657 D NativePermissionController: checkPermission: missing 13 for 10152
05-04 05:43:38.376  3919  6620 D CCodecBufferChannel: [c2.android.vorbis.decoder#409] MediaCodec discarded an unknown buffer
05-04 05:43:38.376  3919  6620 D CCodecBufferChannel: [c2.android.vorbis.decoder#409] MediaCodec discarded an unknown buffer
05-04 05:43:38.376  3919  6620 D CCodecBufferChannel: [c2.android.vorbis.decoder#409] MediaCodec discarded an unknown buffer
05-04 05:43:38.378  3919  6620 I hw-BpHwBinder: onLastStrongRef automatically unlinking death recipients
05-04 05:43:38.378   607  1086 I hw-BpHwBinder: onLastStrongRef automatically unlinking death recipients
05-04 05:43:38.378   607  1086 I hw-BpHwBinder: onLastStrongRef automatically unlinking death recipients
05-04 05:43:38.378   607  1086 D BufferPoolAccessor2.0: Destruction - bufferpool2 0x7bd6c7680778 cached: 0/0M, 0/0% in use; allocs: 0, 0% recycled; transfers: 0, 0% unfetched
05-04 05:43:38.381   560   657 D NativePermissionController: checkPermission: missing 1 for 10171
05-04 05:43:38.381   560   657 D NativePermissionController: checkPermission: missing 3 for 10171
05-04 05:43:38.381   560   657 D NativePermissionController: checkPermission: missing 5 for 10171
05-04 05:43:38.381   560   657 W AudioFlinger: createTrack_l(): mismatch between requested flags (00000004) and output flags (00000002)
05-04 05:43:38.381   560   657 I AF::PthrPatchRecord: creating track with enforcement level 0
05-04 05:43:38.385   768  2295 E AppOps  : attributionTag  not declared in manifest of com.google.android.marvin.talkback
05-04 05:43:38.385   768   995 E AppOps  : attributionTag  not declared in manifest of com.google.android.marvin.talkback
05-04 05:43:38.386   768   995 W AS.PlaybackActivityMon: No piid assigned for invalid/internal port id 104
05-04 05:43:39.305   768   819 W IPCThreadState: Sending oneway calls to frozen process.
05-04 05:43:39.305   768   819 W IPCThreadState: Sending oneway calls to frozen process.
05-04 05:43:39.317   768   819 W IPCThreadState: Sending oneway calls to frozen process.
05-04 05:43:39.324   768   819 W IPCThreadState: Sending oneway calls to frozen process.
05-04 05:43:39.427   768   819 W IPCThreadState: Sending oneway calls to frozen process.
05-04 05:43:39.427   768   819 W IPCThreadState: Sending oneway calls to frozen process.
05-04 05:43:39.474   768  2295 E AppOps  : attributionTag  not declared in manifest of com.google.android.marvin.talkback
05-04 05:43:39.475   768   995 E AppOps  : attributionTag  not declared in manifest of com.google.android.marvin.talkback
05-04 05:43:39.951  4352  4389 D AudioTrack: stop(103): called with 39240 frames delivered
05-04 05:43:39.951   768   806 E AppOps  : attributionTag  not declared in manifest of com.google.android.tts
05-04 05:43:39.954   768   806 I MediaFocusControl: abandonAudioFocus() from uid/pid 10171/3919 clientId=android.media.AudioManager@7ebb9c0com.google.android.accessibility.utils.output.SpeechControllerImpl$5@c76c6f9 callingPack=com.google.android.marvin.talkback
05-04 05:43:41.138  3919  5288 D BufferPoolAccessor2.0: bufferpool2 0x785d90431a08 : 0(0 size) total buffers - 0(0 size) used buffers - 2/7 (recycle/alloc) - 5/98 (fetch/transfer)
05-04 05:43:41.138   607   726 D BufferPoolAccessor2.0: bufferpool2 0x7bd6c7673758 : 0(0 size) total buffers - 0(0 size) used buffers - 45/47 (recycle/alloc) - 2/46 (fetch/transfer)
05-04 05:43:41.138   607   726 D BufferPoolAccessor2.0: evictor expired: 2, evicted: 1
05-04 05:43:41.138  3919  5288 D BufferPoolAccessor2.0: evictor expired: 1, evicted: 1
05-04 05:43:42.953   532  4701 D android.hardware.audio@7.1-impl.ranchu: threadLoop: entering standby, frames: 9516736
05-04 05:43:42.953   532  4701 D android.hardware.audio@7.1-impl.ranchu: ~TinyalsaSink: stopping PCM stream
05-04 05:43:42.954   532  4701 D android.hardware.audio@7.1-impl.ranchu: ~TinyalsaSink: joining consumeThread
05-04 05:43:42.954   532  6579 D android.hardware.audio@7.1-impl.ranchu: consumeThread: exiting
05-04 05:43:44.036   768  2295 D FileUtils: Rounded bytes from 2066784256 to 4000000000
05-04 05:43:44.140   768   878 D ActivityManager: freezing 5691 com.android.keychain
05-04 05:43:44.143  3919  5288 D BufferPoolAccessor2.0: bufferpool2 0x785d9042fbf8 : 0(0 size) total buffers - 0(0 size) used buffers - 2/7 (recycle/alloc) - 5/108 (fetch/transfer)
05-04 05:43:44.143   607   726 D BufferPoolAccessor2.0: bufferpool2 0x7bd6c7674c28 : 0(0 size) total buffers - 0(0 size) used buffers - 50/52 (recycle/alloc) - 2/51 (fetch/transfer)
05-04 05:43:44.143   607   726 D BufferPoolAccessor2.0: evictor expired: 3, evicted: 1
05-04 05:43:44.143  3919  5288 D BufferPoolAccessor2.0: evictor expired: 2, evicted: 1
05-04 05:43:47.204  1146  1307 D SatelliteController: iisInCarrierRoamingNbIotNtn: satellite is disabled
05-04 05:43:49.034  6626  6626 D AndroidRuntime: >>>>>> START com.android.internal.os.RuntimeInit uid 2000 <<<<<<
05-04 05:43:49.039  6626  6626 I AndroidRuntime: Using default boot image
05-04 05:43:49.039  6626  6626 I AndroidRuntime: Leaving lock profiling enabled
05-04 05:43:49.041  6626  6626 I app_process: Using CollectorTypeCMC GC.
05-04 05:43:49.118  6626  6626 D nativeloader: InitDefaultPublicLibraries for_preload=1: libandroid.so:libaaudio.so:libamidi.so:libbinder_ndk.so:libc.so:libcamera2ndk.so:libdl.so:libEGL.so:libGLESv1_CM.so:libGLESv2.so:libGLESv3.so:libicu.so:libicui18n.so:libicuuc.so:libjnigraphics.so:liblog.so:libmediandk.so:libm.so:libnativehelper.so:libnativewindow.so:libOpenMAXAL.so:libOpenSLES.so:libRS.so:libstdc++.so:libsync.so:libvulkan.so:libwebviewchromium_plat_support.so:libz.so
05-04 05:43:49.129  6626  6626 D nativeloader: Load libicu_jni.so using APEX ns com_android_art for caller /apex/com.android.art/javalib/core-oj.jar: ok
05-04 05:43:49.129  6626  6626 D app_process: u_setTimeZoneFilesDirectory("/apex/com.android.tzdata/etc/tz/versioned/9/icu") succeeded. 
05-04 05:43:49.129  6626  6626 D app_process: I18n APEX ICU file found: /apex/com.android.i18n/etc/icu/icudt76l.dat
05-04 05:43:49.130  6626  6626 D nativeloader: Load libjavacore.so using APEX ns com_android_art for caller /apex/com.android.art/javalib/core-oj.jar: ok
05-04 05:43:49.131  6626  6626 D nativeloader: Load libopenjdk.so using APEX ns com_android_art for caller /apex/com.android.art/javalib/core-oj.jar: ok
05-04 05:43:49.132  6626  6626 W app_process: Unexpected CPU variant for x86: x86_64.
05-04 05:43:49.132  6626  6626 W app_process: Known variants: atom, sandybridge, silvermont, goldmont, goldmont-plus, goldmont-without-sha-xsaves, tremont, kabylake, alderlake, default
05-04 05:43:49.132  6626  6626 W app_process: ClassLoaderContext shared library size mismatch. Expected=2, found=0 (PCL[]{PCL[/system/framework/android.test.base.jar*2789897741]#PCL[/system/framework/android.test.mock.jar*3361312393]} | PCL[])
05-04 05:43:49.133  6626  6626 W app_process: ClassLoaderContext classpath size mismatch. expected=0, found=1 (PCL[]{PCL[/system/framework/android.test.runner.jar*895143020]#PCL[/system/framework/android.test.base.jar*2789897741]} | PCL[/system/framework/android.test.runner.jar*895143020])
05-04 05:43:49.150  6626  6626 D nativeloader: Load libframework-connectivity-tiramisu-jni.so using APEX ns com_android_tethering for caller /apex/com.android.tethering/javalib/framework-connectivity-t.jar: ok
05-04 05:43:49.150  6626  6626 D AndroidRuntime: Calling main entry com.android.commands.uiautomator.Launcher
05-04 05:43:49.153  6626  6626 I AconfigPackage: android.media.swcodec.flags is mapped to com.android.media.swcodec
05-04 05:43:49.153  6626  6626 I AconfigPackage: com.google.android.settings.simplemode.flags is mapped to system_ext
05-04 05:43:49.153  6626  6626 I AconfigPackage: com.google.android.systemui is mapped to system_ext
05-04 05:43:49.153  6626  6626 I AconfigPackage: com.google.android.apps.nexuslauncher is mapped to system_ext
05-04 05:43:49.153  6626  6626 I AconfigPackage: com.android.settings.accessibility is mapped to system_ext
05-04 05:43:49.153  6626  6626 I AconfigPackage: com.android.settings.flags is mapped to system_ext
05-04 05:43:49.153  6626  6626 I AconfigPackage: com.google.android.apps.miphone.aiai.matchmaker.overview.ui is mapped to system_ext
05-04 05:43:49.153  6626  6626 I AconfigPackage: com.google.android.settings.flags is mapped to system_ext
05-04 05:43:49.153  6626  6626 I AconfigPackage: com.android.launcher3 is mapped to system_ext
05-04 05:43:49.153  6626  6626 I AconfigPackage: com.android.wallpaper is mapped to system_ext
05-04 05:43:49.153  6626  6626 I AconfigPackage: com.android.settings.media_drm is mapped to system_ext
05-04 05:43:49.153  6626  6626 I AconfigPackage: com.android.systemui.accessibility.accessibilitymenu is mapped to system_ext
05-04 05:43:49.153  6626  6626 I AconfigPackage: com.android.settings.keyboard is mapped to system_ext
05-04 05:43:49.153  6626  6626 I AconfigPackage: com.android.server.policy.feature.flags is mapped to system_ext
05-04 05:43:49.153  6626  6626 I AconfigPackage: com.android.settings.factory_reset is mapped to system_ext
05-04 05:43:49.153  6626  6626 I AconfigPackage: com.google.android.haptics.flags is mapped to system_ext
05-04 05:43:49.153  6626  6626 I AconfigPackage: com.android.permission.flags is mapped to com.android.permission
05-04 05:43:49.153  6626  6626 I AconfigPackage: com.android.icu is mapped to com.android.i18n
05-04 05:43:49.153  6626  6626 I AconfigPackage: com.android.appsearch.flags is mapped to com.android.appsearch
05-04 05:43:49.154  6626  6626 I AconfigPackage: android.uprobestats.mainline.flags is mapped to com.android.uprobestats
05-04 05:43:49.154  6626  6626 I AconfigPackage: android.provider.flags is mapped to com.android.configinfrastructure
05-04 05:43:49.154  6626  6626 I AconfigPackage: com.android.server.deviceconfig is mapped to com.android.configinfrastructure
05-04 05:43:49.154  6626  6626 I AconfigPackage: com.android.nfc.flags is mapped to system
05-04 05:43:49.154  6626  6626 I AconfigPackage: android.app.admin.flags is mapped to system
05-04 05:43:49.154  6626  6626 I AconfigPackage: android.database.sqlite is mapped to system
05-04 05:43:49.154  6626  6626 I AconfigPackage: com.android.providers.calendar is mapped to system
05-04 05:43:49.154  6626  6626 I AconfigPackage: com.android.server.power.feature.flags is mapped to system
05-04 05:43:49.154  6626  6626 I AconfigPackage: com.android.media.performance.flags is mapped to system
05-04 05:43:49.154  6626  6626 I AconfigPackage: android.app.contextualsearch.flags is mapped to system
05-04 05:43:49.154  6626  6626 I AconfigPackage: android.app.ondeviceintelligence.flags is mapped to system
05-04 05:43:49.154  6626  6626 I AconfigPackage: com.android.media.projection.flags is mapped to system
05-04 05:43:49.154  6626  6626 I AconfigPackage: android.companion is mapped to system
05-04 05:43:49.154  6626  6626 I AconfigPackage: android.service.controls.flags is mapped to system
05-04 05:43:49.154  6626  6626 I AconfigPackage: com.android.text.flags is mapped to system
05-04 05:43:49.154  6626  6626 I AconfigPackage: com.android.providers.contactkeys.flags is mapped to system
05-04 05:43:49.154  6626  6626 I AconfigPackage: com.android.intentresolver is mapped to system
05-04 05:43:49.154  6626  6626 I AconfigPackage: android.companion.virtualdevice.flags is mapped to system
05-04 05:43:49.154  6626  6626 I AconfigPackage: android.uprobestats.flags is mapped to system
05-04 05:43:49.154  6626  6626 I AconfigPackage: com.android.net.thread.platform.flags is mapped to system
05-04 05:43:49.154  6626  6626 I AconfigPackage: android.view.contentprotection.flags is mapped to system
05-04 05:43:49.154  6626  6626 I AconfigPackage: com.android.server.dreams is mapped to system
05-04 05:43:49.154  6626  6626 I AconfigPackage: com.android.graphics.surfaceflinger.flags is mapped to system
05-04 05:43:49.154  6626  6626 I AconfigPackage: com.android.hardware.input is mapped to system
05-04 05:43:49.154  6626  6626 I AconfigPackage: android.sdk is mapped to system
05-04 05:43:49.154  6626  6626 I AconfigPackage: com.android.input.flags is mapped to system
05-04 05:43:49.154  6626  6626 I AconfigPackage: android.tracing is mapped to system
05-04 05:43:49.154  6626  6626 I AconfigPackage: com.android.server.biometrics is mapped to system
05-04 05:43:49.154  6626  6626 I AconfigPackage: android.view.contentcapture.flags is mapped to system
05-04 05:43:49.154  6626  6626 I AconfigPackage: android.app.job is mapped to system
05-04 05:43:49.155  6626  6626 I AconfigPackage: android.content.res is mapped to system
05-04 05:43:49.155  6626  6626 I AconfigPackage: android.net.platform.flags is mapped to system
05-04 05:43:49.155  6626  6626 I AconfigPackage: com.android.aconfig.flags is mapped to system
05-04 05:43:49.155  6626  6626 I AconfigPackage: com.android.graphics.flags is mapped to system
05-04 05:43:49.155  6626  6626 I AconfigPackage: android.server.app is mapped to system
05-04 05:43:49.155  6626  6626 I AconfigPackage: android.speech.flags is mapped to system
05-04 05:43:49.155  6626  6626 I AconfigPackage: com.android.server.stats is mapped to system
05-04 05:43:49.155  6626  6626 I AconfigPackage: android.hardware.biometrics is mapped to system
05-04 05:43:49.155  6626  6626 I AconfigPackage: android.car.feature is mapped to system
05-04 05:43:49.155  6626  6626 I AconfigPackage: android.adpf is mapped to system
05-04 05:43:49.155  6626  6626 I AconfigPackage: android.location.flags is mapped to system
05-04 05:43:49.155  6626  6626 I AconfigPackage: com.android.settingslib.flags is mapped to system
05-04 05:43:49.155  6626  6626 I AconfigPackage: com.android.managedprovisioning.flags is mapped to system
05-04 05:43:49.155  6626  6626 I AconfigPackage: android.app.assist.flags is mapped to system
05-04 05:43:49.155  6626  6626 I AconfigPackage: com.android.server.net is mapped to system
05-04 05:43:49.155  6626  6626 I AconfigPackage: com.android.settingslib.widget.flags is mapped to system
05-04 05:43:49.155  6626  6626 I AconfigPackage: com.android.internal.camera.flags is mapped to system
05-04 05:43:49.155  6626  6626 I AconfigPackage: com.android.hardware.libsensor.flags is mapped to system
05-04 05:43:49.155  6626  6626 I AconfigPackage: com.android.internal.jank is mapped to system
05-04 05:43:49.155  6626  6626 I AconfigPackage: com.android.providers.settings is mapped to system
05-04 05:43:49.155  6626  6626 I AconfigPackage: android.multiuser is mapped to system
05-04 05:43:49.155  6626  6626 I AconfigPackage: com.android.server.power.optimization is mapped to system
05-04 05:43:49.155  6626  6626 I AconfigPackage: com.android.calllogbackup is mapped to system
05-04 05:43:49.155  6626  6626 I AconfigPackage: com.android.media.flags is mapped to system
05-04 05:43:49.155  6626  6626 I AconfigPackage: com.android.server.flags is mapped to system
05-04 05:43:49.155  6626  6626 I AconfigPackage: com.android.graphics.libvulkan.flags is mapped to system
05-04 05:43:49.155  6626  6626 I AconfigPackage: android.app.appfunctions.flags is mapped to system
05-04 05:43:49.155  6626  6626 I AconfigPackage: android.app.smartspace.flags is mapped to system
05-04 05:43:49.155  6626  6626 I AconfigPackage: com.android.providers.contacts.flags is mapped to system
05-04 05:43:49.155  6626  6626 I AconfigPackage: com.android.shell.flags is mapped to system
05-04 05:43:49.155  6626  6626 I AconfigPackage: com.android.media.aaudio is mapped to system
05-04 05:43:49.155  6626  6626 I AconfigPackage: android.hardware.radio is mapped to system
05-04 05:43:49.155  6626  6626 I AconfigPackage: com.google.wear.services.infra.flags is mapped to system
05-04 05:43:49.155  6626  6626 I AconfigPackage: suspend_service.flags is mapped to system
05-04 05:43:49.155  6626  6626 I AconfigPackage: android.media.midi is mapped to system
05-04 05:43:49.155  6626  6626 I AconfigPackage: com.android.libcore.readonly is mapped to system
05-04 05:43:49.155  6626  6626 I AconfigPackage: com.android.settingslib.widget.selectorwithwidgetpreference.flags is mapped to system
05-04 05:43:49.155  6626  6626 I AconfigPackage: android.service.notification is mapped to system
05-04 05:43:49.155  6626  6626 I AconfigPackage: com.android.systemui.shared is mapped to system
05-04 05:43:49.155  6626  6626 I AconfigPackage: android.app.jank is mapped to system
05-04 05:43:49.155  6626  6626 I AconfigPackage: android.app.wearable is mapped to system
05-04 05:43:49.155  6626  6626 I AconfigPackage: com.android.media.audio is mapped to system
05-04 05:43:49.155  6626  6626 I AconfigPackage: android.service.chooser is mapped to system
05-04 05:43:49.155  6626  6626 I AconfigPackage: com.android.server.compat is mapped to system
05-04 05:43:49.155  6626  6626 I AconfigPackage: com.android.server.alarm is mapped to system
05-04 05:43:49.155  6626  6626 I AconfigPackage: com.android.apex.flags is mapped to system
05-04 05:43:49.155  6626  6626 I AconfigPackage: android.service.quickaccesswallet is mapped to system
05-04 05:43:49.155  6626  6626 I AconfigPackage: android.app.usage is mapped to system
05-04 05:43:49.155  6626  6626 I AconfigPackage: com.android.server.accessibility is mapped to system
05-04 05:43:49.155  6626  6626 I AconfigPackage: android.app.supervision.flags is mapped to system
05-04 05:43:49.155  6626  6626 I AconfigPackage: com.android.server.utils is mapped to system
05-04 05:43:49.155  6626  6626 I AconfigPackage: android.chre.flags is mapped to system
05-04 05:43:49.155  6626  6626 I AconfigPackage: android.content.flags is mapped to system
05-04 05:43:49.155  6626  6626 I AconfigPackage: android.media.codec is mapped to system
05-04 05:43:49.155  6626  6626 I AconfigPackage: com.android.internal.os is mapped to system
05-04 05:43:49.155  6626  6626 I AconfigPackage: com.android.nfc.nci.flags is mapped to system
05-04 05:43:49.155  6626  6626 I AconfigPackage: android.app is mapped to system
05-04 05:43:49.155  6626  6626 I AconfigPackage: android.security.keystore2 is mapped to system
05-04 05:43:49.155  6626  6626 I AconfigPackage: android.crashrecovery.flags is mapped to system
05-04 05:43:49.155  6626  6626 I AconfigPackage: com.android.tradeinmode.flags is mapped to system
05-04 05:43:49.155  6626  6626 I AconfigPackage: android.hardware.flags is mapped to system
05-04 05:43:49.155  6626  6626 I AconfigPackage: com.android.server.telecom.flags is mapped to system
05-04 05:43:49.155  6626  6626 I AconfigPackage: com.android.settingslib.media.flags is mapped to system
05-04 05:43:49.155  6626  6626 I AconfigPackage: com.android.server.policy is mapped to system
05-04 05:43:49.156  6626  6626 I AconfigPackage: android.media.audiopolicy is mapped to system
05-04 05:43:49.156  6626  6626 I AconfigPackage: com.android.egg.flags is mapped to system
05-04 05:43:49.156  6626  6626 I AconfigPackage: com.android.internal.compat.flags is mapped to system
05-04 05:43:49.156  6626  6626 I AconfigPackage: android.security is mapped to system
05-04 05:43:49.156  6626  6626 I AconfigPackage: android.service.autofill is mapped to system
05-04 05:43:49.156  6626  6626 I AconfigPackage: com.example.android.aconfig.demo.flags is mapped to system
05-04 05:43:49.156  6626  6626 I AconfigPackage: android.view.flags is mapped to system
05-04 05:43:49.156  6626  6626 I AconfigPackage: android.companion.virtual.flags is mapped to system
05-04 05:43:49.156  6626  6626 I AconfigPackage: com.android.aconfig_new_storage is mapped to system
05-04 05:43:49.156  6626  6626 I AconfigPackage: com.android.server.feature.flags is mapped to system
05-04 05:43:49.156  6626  6626 I AconfigPackage: com.android.systemui is mapped to system
05-04 05:43:49.156  6626  6626 I AconfigPackage: com.android.server.power.batterysaver is mapped to system
05-04 05:43:49.156  6626  6626 I AconfigPackage: android.widget.flags is mapped to system
05-04 05:43:49.156  6626  6626 I AconfigPackage: com.android.media.editing.flags is mapped to system
05-04 05:43:49.156  6626  6626 I AconfigPackage: com.android.media.codec.flags is mapped to system
05-04 05:43:49.156  6626  6626 I AconfigPackage: com.android.server.powerstats is mapped to system
05-04 05:43:49.156  6626  6626 I AconfigPackage: com.android.graphics.egl.flags is mapped to system
05-04 05:43:49.156  6626  6626 I AconfigPackage: com.android.media.audioserver is mapped to system
05-04 05:43:49.156  6626  6626 I AconfigPackage: com.android.server.deviceidle is mapped to system
05-04 05:43:49.156  6626  6626 I AconfigPackage: android.nfc is mapped to system
05-04 05:43:49.156  6626  6626 I AconfigPackage: android.permission.flags is mapped to system
05-04 05:43:49.156  6626  6626 I AconfigPackage: android.service.voice.flags is mapped to system
05-04 05:43:49.156  6626  6626 I AconfigPackage: android.content.pm is mapped to system
05-04 05:43:49.156  6626  6626 I AconfigPackage: com.android.server.power.hint is mapped to system
05-04 05:43:49.156  6626  6626 I AconfigPackage: android.os is mapped to system
05-04 05:43:49.156  6626  6626 I AconfigPackage: android.service.dreams is mapped to system
05-04 05:43:49.156  6626  6626 I AconfigPackage: com.android.graphics.libgui.flags is mapped to system
05-04 05:43:49.156  6626  6626 I AconfigPackage: android.hardware.usb.flags is mapped to system
05-04 05:43:49.156  6626  6626 I AconfigPackage: android.provider is mapped to system
05-04 05:43:49.156  6626  6626 I AconfigPackage: com.android.server.job is mapped to system
05-04 05:43:49.156  6626  6626 I AconfigPackage: com.android.internal.foldables.flags is mapped to system
05-04 05:43:49.156  6626  6626 I AconfigPackage: com.android.internal.telephony.flags is mapped to system
05-04 05:43:49.156  6626  6626 I AconfigPackage: android.webkit is mapped to system
05-04 05:43:49.156  6626  6626 I AconfigPackage: android.credentials.flags is mapped to system
05-04 05:43:49.156  6626  6626 I AconfigPackage: com.android.server.display.feature.flags is mapped to system
05-04 05:43:49.156  6626  6626 I AconfigPackage: com.android.server.notification is mapped to system
05-04 05:43:49.156  6626  6626 I AconfigPackage: android.appwidget.flags is mapped to system
05-04 05:43:49.156  6626  6626 I AconfigPackage: com.android.frameworks.sensorservice.flags is mapped to system
05-04 05:43:49.156  6626  6626 I AconfigPackage: com.android.printspooler.flags is mapped to system
05-04 05:43:49.156  6626  6626 I AconfigPackage: com.android.window.flags is mapped to system
05-04 05:43:49.156  6626  6626 I AconfigPackage: android.adaptiveauth is mapped to system
05-04 05:43:49.156  6626  6626 I AconfigPackage: android.net.wifi.flags is mapped to system
05-04 05:43:49.156  6626  6626 I AconfigPackage: android.media.tv.flags is mapped to system
05-04 05:43:49.156  6626  6626 I AconfigPackage: com.android.server.usb.flags is mapped to system
05-04 05:43:49.156  6626  6626 I AconfigPackage: android.os.vibrator is mapped to system
05-04 05:43:49.156  6626  6626 I AconfigPackage: android.hardware.devicestate.feature.flags is mapped to system
05-04 05:43:49.156  6626  6626 I AconfigPackage: com.android.server.usage is mapped to system
05-04 05:43:49.156  6626  6626 I AconfigPackage: android.server is mapped to system
05-04 05:43:49.156  6626  6626 I AconfigPackage: com.android.wm.shell is mapped to system
05-04 05:43:49.156  6626  6626 I AconfigPackage: android.view.inputmethod is mapped to system
05-04 05:43:49.156  6626  6626 I AconfigPackage: com.android.graphics.hwui.flags is mapped to system
05-04 05:43:49.157  6626  6626 I AconfigPackage: com.android.server.backup is mapped to system
05-04 05:43:49.157  6626  6626 I AconfigPackage: com.android.internal.pm.pkg.component.flags is mapped to system
05-04 05:43:49.157  6626  6626 I AconfigPackage: android.view.accessibility is mapped to system
05-04 05:43:49.157  6626  6626 I AconfigPackage: com.google.wear.sdk is mapped to system
05-04 05:43:49.157  6626  6626 I AconfigPackage: android.media.audio is mapped to system
05-04 05:43:49.157  6626  6626 I AconfigPackage: com.android.server.am is mapped to system
05-04 05:43:49.157  6626  6626 I AconfigPackage: com.android.media.playback.flags is mapped to system
05-04 05:43:49.157  6626  6626 I AconfigPackage: com.android.art.flags is mapped to com.android.art
05-04 05:43:49.157  6626  6626 I AconfigPackage: com.android.libcore is mapped to com.android.art
05-04 05:43:49.157  6626  6626 I AconfigPackage: com.android.media.extractor.flags is mapped to com.android.media
05-04 05:43:49.157  6626  6626 I AconfigPackage: com.android.media.mainline.flags is mapped to com.android.media
05-04 05:43:49.157  6626  6626 I AconfigPackage: com.android.wifi.flags is mapped to com.android.wifi
05-04 05:43:49.157  6626  6626 I AconfigPackage: com.android.org.conscrypt.flags is mapped to com.android.conscrypt
05-04 05:43:49.157  6626  6626 I AconfigPackage: com.android.healthfitness.flags is mapped to com.android.healthfitness
05-04 05:43:49.157  6626  6626 I AconfigPackage: com.google.android.input.twoshay.flags is mapped to vendor
05-04 05:43:49.157  6626  6626 I AconfigPackage: libgooglecamerahal.flags is mapped to vendor
05-04 05:43:49.158  6626  6626 I AconfigPackage: com.android.ipsec.flags is mapped to com.android.ipsec
05-04 05:43:49.158  6626  6626 I AconfigPackage: com.android.nfc.module.flags is mapped to com.android.nfcservices
05-04 05:43:49.158  6626  6626 I AconfigPackage: com.android.adservices.ondevicepersonalization.flags is mapped to com.android.ondevicepersonalization
05-04 05:43:49.158  6626  6626 I AconfigPackage: com.android.bluetooth.flags is mapped to com.android.bt
05-04 05:43:49.158  6626  6626 I AconfigPackage: com.android.devicelock.flags is mapped to com.android.devicelock
05-04 05:43:49.158  6626  6626 I AconfigPackage: android.os.profiling is mapped to com.android.profiling
05-04 05:43:49.159  6626  6626 I AconfigPackage: com.android.os.statsd.flags is mapped to com.android.os.statsd
05-04 05:43:49.159  6626  6626 I AconfigPackage: com.android.cellbroadcastreceiver.flags is mapped to com.android.cellbroadcast
05-04 05:43:49.159  6626  6626 I AconfigPackage: com.android.adservices.flags is mapped to com.android.adservices
05-04 05:43:49.159  6626  6626 I AconfigPackage: com.android.sdksandbox.flags is mapped to com.android.adservices
05-04 05:43:49.159  6626  6626 I AconfigPackage: com.android.uwb.flags is mapped to com.android.uwb
05-04 05:43:49.159  6626  6626 I AconfigPackage: com.android.ranging.flags is mapped to com.android.uwb
05-04 05:43:49.159  6626  6626 I AconfigPackage: android.graphics.pdf.flags is mapped to com.android.mediaprovider
05-04 05:43:49.159  6626  6626 I AconfigPackage: com.android.providers.media.flags is mapped to com.android.mediaprovider
05-04 05:43:49.159  6626  6626 I AconfigPackage: android.graphics.pdf.flags.readonly is mapped to com.android.mediaprovider
05-04 05:43:49.159  6626  6626 I AconfigPackage: com.android.net.ct.flags is mapped to com.android.tethering
05-04 05:43:49.159  6626  6626 I AconfigPackage: com.android.net.flags is mapped to com.android.tethering
05-04 05:43:49.159  6626  6626 I AconfigPackage: android.net.vcn is mapped to com.android.tethering
05-04 05:43:49.159  6626  6626 I AconfigPackage: com.android.nearby.flags is mapped to com.android.tethering
05-04 05:43:49.159  6626  6626 I AconfigPackage: android.net.http is mapped to com.android.tethering
05-04 05:43:49.159  6626  6626 I AconfigPackage: com.android.net.thread.flags is mapped to com.android.tethering
05-04 05:43:49.160  6626  6626 I AconfigPackage: com.android.system.virtualmachine.flags is mapped to com.android.virt
05-04 05:43:49.160  6626  6626 E FeatureFlagsImplExport: android.os.flagging.AconfigStorageReadException: ERROR_PACKAGE_NOT_FOUND: package android.xr cannot be found on the device
05-04 05:43:49.162  6626  6626 D UiAutomationConnection: Created on user UserHandle{0}
05-04 05:43:49.162  6626  6626 I UiAutomation: Initialized for user 0 on display 0
05-04 05:43:49.162  6626  6626 W UiAutomation: Created with deprecatead constructor, assumes DEFAULT_DISPLAY
05-04 05:43:49.163   768   995 D AccessibilityManagerService: changeCurrentUserForTestAutomationIfNeededLocked(0): ignoring because device doesn't support visible background users
05-04 05:43:49.163   768   995 I UiAutomationManager: Registering UiTestAutomationService (id=com.android.server.accessibility/UiAutomation, flags=0x0) when called by user 0
05-04 05:43:49.163   768   995 V AccessibilityManagerService: onUserStateChangedLocked for userId: 0, forceUpdate: false
05-04 05:43:49.168  1580  1589 I AiAiEcho: Settings changed for uri: content://settings/secure/touch_exploration_enabled
05-04 05:43:49.168   768  2295 V AccessibilityManagerService: onUserStateChangedLocked for userId: 0, forceUpdate: false
05-04 05:43:49.168  1580  2005 I AiAiEcho: Predicting[0]:  [CONTEXT sampling_count=5 ]
05-04 05:43:49.168  1580  2005 I AiAiEcho: EchoTargets: 
05-04 05:43:49.168  1580  2005 I AiAiEcho: Filtered by AiAi flag check: 
05-04 05:43:49.168  1580  2005 I AiAiEcho: [CONTEXT ratelimit_period="10 SECONDS" ]
05-04 05:43:49.169  1580  2005 I AiAiEcho: #remoteViewsTwiddler: feature disabled.
05-04 05:43:49.169  1580  2005 I AiAiEcho: Predicting[0]:  [CONTEXT sampling_count=5 ]
05-04 05:43:49.169  1580  2005 I AiAiEcho: EchoTargets: 
05-04 05:43:49.169  1580  2005 I AiAiEcho: Filtered by AiAi flag check: 
05-04 05:43:49.169  1580  2005 I AiAiEcho: [CONTEXT ratelimit_period="10 SECONDS" ]
05-04 05:43:49.169  1580  2005 I AiAiEcho: #remoteViewsTwiddler: feature disabled.
05-04 05:43:49.169   768  2295 W MagnificationConnectionManager: requestConnection duplicated request: connect=false, mConnectionState=DISCONNECTING
05-04 05:43:49.170  1580  2005 I AiAiEcho: #postPredictionTargets: Sending updates to UISurface lockscreen with targets# 0 (types=[])
05-04 05:43:49.170  1580  2005 I AiAiEcho: #postPredictionTargets: Sending updates to UISurface home with targets# 0 (types=[])
05-04 05:43:49.170  1022  1022 W PageIndicator: Total number of pages invalid: 0. Assuming 1 page.
05-04 05:43:49.171  1147  1147 D SsBaseTemplateCard: No text view can be set up
05-04 05:43:49.171  1147  1147 D SsBaseTemplateCard: Passed-in item info is null
05-04 05:43:49.171  1147  1147 D SsBaseTemplateCard: Passed-in item info is null
05-04 05:43:49.171  1147  1147 D SsBaseTemplateCard: Passed-in item info is null
05-04 05:43:49.171  1147  1147 I SsBaseTemplateCard: Secondary card pane is null
05-04 05:43:49.171   768  2295 V AccessibilityManagerService: onUserStateChangedLocked for userId: 0, forceUpdate: false
05-04 05:43:49.171   768  2295 W MagnificationConnectionManager: requestConnection duplicated request: connect=false, mConnectionState=DISCONNECTING
05-04 05:43:49.172   768   768 W IPCThreadState: Sending oneway calls to frozen process.
05-04 05:43:49.173   768   768 W IPCThreadState: Sending oneway calls to frozen process.
05-04 05:43:49.173   768   768 W IPCThreadState: Sending oneway calls to frozen process.
05-04 05:43:49.173   768   768 W IPCThreadState: Sending oneway calls to frozen process.
05-04 05:43:49.173   768   768 W IPCThreadState: Sending oneway calls to frozen process.
05-04 05:43:49.175  2730  3061 D AccessibilitySourceService: enabled a11y services count 1
05-04 05:43:49.175  2730  3061 D AccessibilitySourceService: a11y source sending 0 issue to sc
05-04 05:43:49.175   768  2295 D SafetySourceDataValidat: No cert check requested for package com.google.android.permissioncontroller
05-04 05:43:49.175   768   768 W IPCThreadState: Sending oneway calls to frozen process.
05-04 05:43:49.176   768   768 W IPCThreadState: Sending oneway calls to frozen process.
05-04 05:43:49.176   768   768 W IPCThreadState: Sending oneway calls to frozen process.
05-04 05:43:49.176   768   768 W IPCThreadState: Sending oneway calls to frozen process.
05-04 05:43:49.176   768   768 W IPCThreadState: Sending oneway calls to frozen process.
05-04 05:43:49.176   768   995 V AccessibilityManagerService: onUserStateChangedLocked for userId: 0, forceUpdate: false
05-04 05:43:49.176   768   995 W MagnificationConnectionManager: requestConnection duplicated request: connect=false, mConnectionState=DISCONNECTED
05-04 05:43:49.178   768  2295 I MediaFocusControl: requestAudioFocus() from uid/pid 10171/3919 AA=USAGE_ASSISTANCE_ACCESSIBILITY/CONTENT_TYPE_SPEECH clientId=android.media.AudioManager@7ebb9c0com.google.android.accessibility.utils.output.SpeechControllerImpl$5@c76c6f9 callingPack=com.google.android.marvin.talkback req=3 flags=0x0 sdk=36
05-04 05:43:49.178   768   768 W IPCThreadState: Sending oneway calls to frozen process.
05-04 05:43:49.178   768  2295 I AS.FadeOutManager: unfadeOutUid() uid:10171
05-04 05:43:49.178   768   768 W IPCThreadState: Sending oneway calls to frozen process.
05-04 05:43:49.178   768   768 W IPCThreadState: Sending oneway calls to frozen process.
05-04 05:43:49.179   768   768 W IPCThreadState: Sending oneway calls to frozen process.
05-04 05:43:49.179   768   768 W IPCThreadState: Sending oneway calls to frozen process.
05-04 05:43:49.180   768   768 W IPCThreadState: Sending oneway calls to frozen process.
05-04 05:43:49.180   768   768 W IPCThreadState: Sending oneway calls to frozen process.
05-04 05:43:49.181   768   768 W IPCThreadState: Sending oneway calls to frozen process.
05-04 05:43:49.181  4352  4388 I GoogleTTSServiceImpl: Synthesis request for locale eng-USA and name en-US-language
05-04 05:43:49.181   768   768 W IPCThreadState: Sending oneway calls to frozen process.
05-04 05:43:49.181  4352  4388 I GoogleTTSServiceImpl: TTS dispatch: en-us-x-iog-lstm-embedded
05-04 05:43:49.181   768   768 W IPCThreadState: Sending oneway calls to frozen process.
05-04 05:43:49.182   768   768 W IPCThreadState: Sending oneway calls to frozen process.
05-04 05:43:49.183   768   768 W IPCThreadState: Sending oneway calls to frozen process.
05-04 05:43:49.183   768   768 W IPCThreadState: Sending oneway calls to frozen process.
05-04 05:43:49.184   768   768 W IPCThreadState: Sending oneway calls to frozen process.
05-04 05:43:49.184   768   768 W IPCThreadState: Sending oneway calls to frozen process.
05-04 05:43:49.184  2730  3061 D AccessibilitySourceService: enabled a11y services count 1
05-04 05:43:49.184  2730  3061 D AccessibilitySourceService: a11y source sending 0 issue to sc
05-04 05:43:49.184   768   768 W IPCThreadState: Sending oneway calls to frozen process.
05-04 05:43:49.185   768   806 D SafetySourceDataValidat: No cert check requested for package com.google.android.permissioncontroller
05-04 05:43:49.185   768   768 W IPCThreadState: Sending oneway calls to frozen process.
05-04 05:43:49.185   768   768 W IPCThreadState: Sending oneway calls to frozen process.
05-04 05:43:49.185   768   768 W IPCThreadState: Sending oneway calls to frozen process.
05-04 05:43:49.187   560  4792 D NativePermissionController: checkPermission: missing 1 for 10152
05-04 05:43:49.187   560  4792 D NativePermissionController: checkPermission: missing 3 for 10152
05-04 05:43:49.187   560  4792 D NativePermissionController: checkPermission: missing 5 for 10152
05-04 05:43:49.188   560  4792 W AudioFlinger: createTrack_l(): mismatch between requested flags (00000004) and output flags (00000002)
05-04 05:43:49.188   560  4792 D AudioFlinger: Client defaulted notificationFrames to 480 for frameCount 4096
05-04 05:43:49.189   560  4792 I AF::PthrPatchRecord: creating track with enforcement level 0
05-04 05:43:49.189   768   768 W IPCThreadState: Sending oneway calls to frozen process.
05-04 05:43:49.189   768   768 W IPCThreadState: Sending oneway calls to frozen process.
05-04 05:43:49.190   768   768 W IPCThreadState: Sending oneway calls to frozen process.
05-04 05:43:49.190   768   768 W IPCThreadState: Sending oneway calls to frozen process.
05-04 05:43:49.190   768   768 W IPCThreadState: Sending oneway calls to frozen process.
05-04 05:43:49.191   768   768 W IPCThreadState: Sending oneway calls to frozen process.
05-04 05:43:49.192  2730  3061 D AccessibilitySourceService: enabled a11y services count 1
05-04 05:43:49.192  2730  3061 D AccessibilitySourceService: a11y source sending 0 issue to sc
05-04 05:43:49.192   768   995 D SafetySourceDataValidat: No cert check requested for package com.google.android.permissioncontroller
05-04 05:43:49.193   768   768 W IPCThreadState: Sending oneway calls to frozen process.
05-04 05:43:49.194   768   768 W IPCThreadState: Sending oneway calls to frozen process.
05-04 05:43:49.194   768   768 W IPCThreadState: Sending oneway calls to frozen process.
05-04 05:43:49.194   768   768 W IPCThreadState: Sending oneway calls to frozen process.
05-04 05:43:49.194   768   768 W IPCThreadState: Sending oneway calls to frozen process.
05-04 05:43:49.194   768   768 W IPCThreadState: Sending oneway calls to frozen process.
05-04 05:43:49.194   768   768 W IPCThreadState: Sending oneway calls to frozen process.
05-04 05:43:49.194   768   768 W IPCThreadState: Sending oneway calls to frozen process.
05-04 05:43:49.195   768   768 W IPCThreadState: Sending oneway calls to frozen process.
05-04 05:43:49.195   768   768 W IPCThreadState: Sending oneway calls to frozen process.
05-04 05:43:49.196  2730  3061 D AccessibilitySourceService: enabled a11y services count 1
