05-04 05:27:43.098   569   735 I BpBinder: onLastStrongRef automatically unlinking death recipients: 
05-04 05:27:43.103  1022  1287 V WindowManagerShell: Transition requested (#11): android.os.BinderProxy@475f841 TransitionRequestInfo { type = OPEN, triggerTask = TaskInfo{userId=0 taskId=33 effectiveUid=10171 displayId=0 isRunning=true baseIntent=Intent { flg=0x18800020 cmp=com.google.android.marvin.talkback/com.google.android.accessibility.talkback.permission.PermissionRequestActivity } baseActivity=ComponentInfo{com.google.android.marvin.talkback/com.google.android.accessibility.talkback.permission.PermissionRequestActivity} topActivity=ComponentInfo{com.google.android.marvin.talkback/com.google.android.accessibility.talkback.permission.PermissionRequestActivity} origActivity=null realActivity=ComponentInfo{com.google.android.marvin.talkback/com.google.android.accessibility.talkback.permission.PermissionRequestActivity} numActivities=1 lastActiveTime=443718 supportsMultiWindow=true resizeMode=1 isResizeable=true minWidth=-1 minHeight=-1 defaultMinSize=220 token=WCT{android.window.IWindowContainerToken$Stub$Proxy@b24b1e6} topActivityType=1 pictureInPictureParams=null shouldDockBigOverlays=false launchIntoPipHostTaskId=-1 lastParentTaskIdBeforePip=-1 displayCutoutSafeInsets=Rect(0, 0 - 0, 0) topActivityInfo=ActivityInfo{ab80327 com.google.android.accessibility.talkback.permission.PermissionRequestActivity} launchCookies=[] positionInParent=Point(0, 0) parentTaskId=-1 isFocused=false isVisible=false isVisibleRequested=false isTopActivityNoDisplay=false isSleeping=false locusId=null displayAreaFeatureId=1 isTopActivityTransparent=true isActivityStackTransparent=true lastNonFullscreenBounds=Rect(284, 660 - 796, 1740) capturedLink=null capturedLinkTimestamp=0 requestedVisibleTypes=-9 topActivityRequestOpenInBrowserEducationTimestamp=0 appCompatTaskInfo=AppCompatTaskInfo { topActivityInSizeCompat=false eligibleForLetterboxEducation= false isLetterboxEducationEnabled= true isLetterboxDoubleTapEnabled= false eligibleForUserAspectRatioButton= false topActivityBoundsLetterboxed= false isFromLetterboxDoubleTap= false topActivityLetterboxVerticalPosition= -1 topActivityLetterboxHorizontalPosition= -1 topActivityLetterboxWidth=-1 topActivityLetterboxHeight=-1 topActivityAppBounds=Rect(0, 0 - 1080, 2400) isUserFullscreenOverrideEnabled=false isSystemFullscreenOverrideEnabled=false hasMinAspectRatioOverride=false topActivityLetterboxBounds=null cameraCompatTaskInfo=CameraCompatTaskInfo { freeformCameraCompatMode=inactive}} topActivityMainWindowFrame=null}, pipChange = null, remoteTransition = null, displayChange = null, flags = 0, debugId = 11 }
05-04 05:27:43.104   768  2471 I ActivityTaskManager: START u0 {flg=0x18000020 xflg=0x4 cmp=com.google.android.marvin.talkback/com.google.android.accessibility.talkback.permission.PermissionRequestActivity (has extras)} with LAUNCH_MULTIPLE from uid 10171 (BAL_ALLOW_TOKEN) result code=0
05-04 05:27:43.104  1022  1287 D ShellSplitScreen: logExit: no-op, mLoggerSessionId is null
05-04 05:27:43.110   768  2480 W OptProp : Cannot read opt property android.window.PROPERTY_COMPAT_ENABLE_FAKE_FOCUS
05-04 05:27:43.114   768   977 D BackgroundInstallControlService: Package event received: 0
05-04 05:27:43.114   768  2471 V AccessibilityManagerService: onUserStateChangedLocked for userId: 0, forceUpdate: false
05-04 05:27:43.116   768  2471 W MagnificationConnectionManager: requestConnection duplicated request: connect=true, mConnectionState=CONNECTED
05-04 05:27:43.118  3919  3919 I marvin.talkback: AssetManager2(0x785ef041d0d8) locale list changing from [] to [en-US]
05-04 05:27:43.119   768   768 W IPCThreadState: Sending oneway calls to frozen process.
05-04 05:27:43.119   768   768 W IPCThreadState: Sending oneway calls to frozen process.
05-04 05:27:43.119   768   768 W IPCThreadState: Sending oneway calls to frozen process.
05-04 05:27:43.120   768   768 W IPCThreadState: Sending oneway calls to frozen process.
05-04 05:27:43.120   768   768 W IPCThreadState: Sending oneway calls to frozen process.
05-04 05:27:43.120   768   768 W IPCThreadState: Sending oneway calls to frozen process.
05-04 05:27:43.120   768   768 W IPCThreadState: Sending oneway calls to frozen process.
05-04 05:27:43.121   768   768 W IPCThreadState: Sending oneway calls to frozen process.
05-04 05:27:43.121   768   768 W IPCThreadState: Sending oneway calls to frozen process.
05-04 05:27:43.121   768   768 W IPCThreadState: Sending oneway calls to frozen process.
05-04 05:27:43.125   768   977 D BackgroundInstallControlService: Package event received: 0
05-04 05:27:43.125   768   977 D BackgroundInstallControlService: Package event received: 0
05-04 05:27:43.128   768   869 V Configuration: Updating configuration, locales updated from [] to [en_US]
05-04 05:27:43.128   768   869 V Configuration: Updating configuration, locales updated from [] to [en_US]
05-04 05:27:43.128   768   869 V Configuration: Updating configuration, locales updated from [] to [en_US]
05-04 05:27:43.128   768   869 V Configuration: Updating configuration, locales updated from [] to [en_US]
05-04 05:27:43.128   768   869 V Configuration: Updating configuration, locales updated from [] to [en_US]
05-04 05:27:43.128   768   869 V Configuration: Updating configuration, locales updated from [] to [en_US]
05-04 05:27:43.129   768   869 V Configuration: Updating configuration, locales updated from [] to [en_US]
05-04 05:27:43.129   768   869 V Configuration: Updating configuration, locales updated from [] to [en_US]
05-04 05:27:43.129   768   869 D IntervalStats: Unable to parse usage stats packages: [233]
05-04 05:27:43.129   768   869 D IntervalStats: Unable to parse event packages: [233]
05-04 05:27:43.130   768   869 V Configuration: Updating configuration, locales updated from [] to [en_US]
05-04 05:27:43.130   768   869 V Configuration: Updating configuration, locales updated from [] to [en_US]
05-04 05:27:43.130   768   869 V Configuration: Updating configuration, locales updated from [] to [en_US]
05-04 05:27:43.130   768   869 D IntervalStats: Unable to parse usage stats packages: [233]
05-04 05:27:43.131   768   869 V Configuration: Updating configuration, locales updated from [] to [en_US]
05-04 05:27:43.131   768   869 V Configuration: Updating configuration, locales updated from [] to [en_US]
05-04 05:27:43.131   768   869 V Configuration: Updating configuration, locales updated from [] to [en_US]
05-04 05:27:43.131   768   869 V Configuration: Updating configuration, locales updated from [] to [en_US]
05-04 05:27:43.132   768   869 V Configuration: Updating configuration, locales updated from [] to [en_US]
05-04 05:27:43.134  3919  3919 V A11yInputMethod: startInput(): editor=android.view.inputmethod.EditorInfo@2e485eb
05-04 05:27:43.134  3919  3919 V A11yInputMethod: CALL: onStartInput
05-04 05:27:43.135   569   569 I BpBinder: onLastStrongRef automatically unlinking death recipients: 
05-04 05:27:43.142  3919  5265 I DisplayManager: Choreographer implicitly registered for the refresh rate.
05-04 05:27:43.145  3919  3919 I marvin.talkback: AssetManager2(0x785ef0419bb8) locale list changing from [] to [en-US]
05-04 05:27:43.164  2183  2201 I Finsky  : [38] getSessionStates for package: com.google.android.marvin.talkback
05-04 05:27:43.174  3919  3919 D CompatChangeReporter: Compat change id reported: 377864165; UID 10171; state: ENABLED
05-04 05:27:43.180  3919  3919 D DesktopModeFlags: Toggle override initialized to: OVERRIDE_UNSET
05-04 05:27:43.193   768  2315 D FileUtils: Rounded bytes from 2066784256 to 4000000000
05-04 05:27:43.197   768  2315 D CompatChangeReporter: Compat change id reported: 358129114; UID 10171; state: ENABLED
05-04 05:27:43.200   768  2315 W OptProp : Cannot read opt property android.window.PROPERTY_COMPAT_ALLOW_USER_ASPECT_RATIO_OVERRIDE
05-04 05:27:43.200   768  2315 W OptProp : Cannot read opt property android.window.PROPERTY_COMPAT_ALLOW_USER_ASPECT_RATIO_FULLSCREEN_OVERRIDE
05-04 05:27:43.200   768  2315 W OptProp : Cannot read opt property android.window.PROPERTY_COMPAT_ALLOW_MIN_ASPECT_RATIO_OVERRIDE
05-04 05:27:43.201   768  2315 W OptProp : Cannot read opt property android.window.PROPERTY_COMPAT_ALLOW_ORIENTATION_OVERRIDE
05-04 05:27:43.201   768  2315 W OptProp : Cannot read opt property android.window.PROPERTY_COMPAT_ALLOW_RESIZEABLE_ACTIVITY_OVERRIDES
05-04 05:27:43.205   768  2315 I ActivityTaskManager: START u0 {act=android.content.pm.action.REQUEST_PERMISSIONS xflg=0x4 pkg=com.google.android.permissioncontroller cmp=com.google.android.permissioncontroller/com.android.permissioncontroller.permission.ui.GrantPermissionsActivity (has extras)} with LAUNCH_MULTIPLE from uid 10171 (rr=76659705) (BAL_ALLOW_VISIBLE_WINDOW) result code=0
05-04 05:27:43.206  2183  2183 I Finsky  : [2] Memory trim requested to level 40
05-04 05:27:43.206  2183  2183 I Finsky  : [2] Flushing in-memory image cache
05-04 05:27:43.209  2452  2452 I Finsky:background: [2] Memory trim requested to level 40
05-04 05:27:43.218  3919  5265 I EGL_emulation: Opening libGLESv1_CM_emulation.so
05-04 05:27:43.218  3919  5265 I EGL_emulation: Opening libGLESv2_emulation.so
05-04 05:27:43.220  3919  3919 W HWUI    : Unknown dataspace 0
05-04 05:27:43.225  3919  5265 W HWUI    : Failed to choose config with EGL_SWAP_BEHAVIOR_PRESERVED, retrying without...
05-04 05:27:43.225  3919  5265 W HWUI    : Failed to initialize 101010-2 format, error = EGL_SUCCESS
05-04 05:27:43.271  2183  2429 I PlayCommon: [78] Successfully uploaded logs.
05-04 05:27:43.333  4352  4391 I GoogleTTSServiceImpl: currentLocale = en-US
05-04 05:27:43.334  4352  4361 I GoogleTTSServiceImpl: currentLocale = en-US
05-04 05:27:43.338  4352  4361 I GoogleTTSServiceImpl: For default lang en-us is name en-US-language (en-us-x-iog-server)
05-04 05:27:43.340  4352  4391 I GoogleTTSServiceImpl: currentLocale = en-US
05-04 05:27:43.358  4352  4388 I PipelineReaderImpl: Initializing en-us-x-hol-seanet-embedded from disk
05-04 05:27:43.383  3919  3925 I BpBinder: onLastStrongRef automatically unlinking death recipients: 
05-04 05:27:43.415   768  2315 I MediaFocusControl: requestAudioFocus() from uid/pid 10171/3919 AA=USAGE_ASSISTANCE_ACCESSIBILITY/CONTENT_TYPE_SPEECH clientId=android.media.AudioManager@7d3f9bcom.google.android.accessibility.utils.output.SpeechControllerImpl$5@b977f38 callingPack=com.google.android.marvin.talkback req=3 flags=0x0 sdk=36
05-04 05:27:43.420   768  2315 I AS.FadeOutManager: unfadeOutUid() uid:10171
05-04 05:27:43.426   768   977 D BackgroundInstallControlService: Package event received: 0
05-04 05:27:43.426   768  2315 W OptProp : Cannot read opt property android.window.PROPERTY_COMPAT_ENABLE_FAKE_FOCUS
05-04 05:27:43.426   768  2315 W IPCThreadState: Sending oneway calls to frozen process.
05-04 05:27:43.427   768  2315 D ActivityManager: quick sync unfreeze 2730 for 1
05-04 05:27:43.430   768   814 D ActivityManager: sync unfroze 2730 com.google.android.permissioncontroller for 1
05-04 05:27:43.434   768  2315 D CoreBackPreview: Window{a99284d u0 com.google.android.marvin.talkback/com.google.android.accessibility.talkback.permission.PermissionRequestActivity}: Setting back callback OnBackInvokedCallbackInfo{mCallback=android.window.IOnBackInvokedCallback$Stub$Proxy@2ad237c, mPriority=0, mIsAnimationCallback=false, mOverrideBehavior=0}
05-04 05:27:43.436  2730  4803 I EGL_emulation: Opening libGLESv1_CM_emulation.so
05-04 05:27:43.440  2730  4803 I EGL_emulation: Opening libGLESv2_emulation.so
05-04 05:27:43.443   768   977 D BackgroundInstallControlService: Package event received: 0
05-04 05:27:43.443   768   977 D BackgroundInstallControlService: Package event received: 0
05-04 05:27:43.443   768   977 D BackgroundInstallControlService: Package event received: 0
05-04 05:27:43.444  2730  3061 D AccessibilitySourceService: enabled a11y services count 1
05-04 05:27:43.444  2730  3061 D AccessibilitySourceService: a11y source sending 0 issue to sc
05-04 05:27:43.445   768  1942 D SafetySourceDataValidat: No cert check requested for package com.google.android.permissioncontroller
05-04 05:27:43.447  2730  4803 W HWUI    : Failed to choose config with EGL_SWAP_BEHAVIOR_PRESERVED, retrying without...
05-04 05:27:43.447  2730  4803 W HWUI    : Failed to initialize 101010-2 format, error = EGL_SUCCESS
05-04 05:27:43.448  2730  3061 D AccessibilitySourceService: enabled a11y services count 1
05-04 05:27:43.448  2730  3061 D AccessibilitySourceService: a11y source sending 0 issue to sc
05-04 05:27:43.448   768  1942 D SafetySourceDataValidat: No cert check requested for package com.google.android.permissioncontroller
05-04 05:27:43.449  2730  3061 D AccessibilitySourceService: enabled a11y services count 1
05-04 05:27:43.449  2730  3061 D AccessibilitySourceService: a11y source sending 0 issue to sc
05-04 05:27:43.450   768  1942 D SafetySourceDataValidat: No cert check requested for package com.google.android.permissioncontroller
05-04 05:27:43.454  2730  3067 D AccessibilitySourceService: enabled a11y services count 1
05-04 05:27:43.454  2730  3067 D AccessibilitySourceService: a11y source sending 0 issue to sc
05-04 05:27:43.454   768  1942 D SafetySourceDataValidat: No cert check requested for package com.google.android.permissioncontroller
05-04 05:27:43.457  2730  3067 D AccessibilitySourceService: enabled a11y services count 1
05-04 05:27:43.458  2730  3067 D AccessibilitySourceService: a11y source sending 0 issue to sc
05-04 05:27:43.458   768  1942 D SafetySourceDataValidat: No cert check requested for package com.google.android.permissioncontroller
05-04 05:27:43.475   569   701 W ServiceManagerCppClient: Permission failure: android.permission.ACCESS_SURFACE_FLINGER from uid=10171 pid=0
05-04 05:27:43.475   569   701 D PermissionCache: checking android.permission.ACCESS_SURFACE_FLINGER for uid=10171 => denied (824 us)
05-04 05:27:43.475   569   735 W ServiceManagerCppClient: Permission failure: android.permission.ACCESS_SURFACE_FLINGER from uid=10171 pid=3919
05-04 05:27:43.475   569   735 D PermissionCache: checking android.permission.ACCESS_SURFACE_FLINGER for uid=10171 => denied (512 us)
05-04 05:27:43.475   569   735 W ServiceManagerCppClient: Permission failure: android.permission.ROTATE_SURFACE_FLINGER from uid=10171 pid=3919
05-04 05:27:43.475   569   735 D PermissionCache: checking android.permission.ROTATE_SURFACE_FLINGER for uid=10171 => denied (149 us)
05-04 05:27:43.476   569   735 W ServiceManagerCppClient: Permission failure: android.permission.INTERNAL_SYSTEM_WINDOW from uid=10171 pid=3919
05-04 05:27:43.476   569   735 D PermissionCache: checking android.permission.INTERNAL_SYSTEM_WINDOW for uid=10171 => denied (564 us)
05-04 05:27:43.478   569   701 W ServiceManagerCppClient: Permission failure: android.permission.ROTATE_SURFACE_FLINGER from uid=10171 pid=0
05-04 05:27:43.478   569   701 D PermissionCache: checking android.permission.ROTATE_SURFACE_FLINGER for uid=10171 => denied (2930 us)
05-04 05:27:43.509   768  1942 W ServiceManagerCppClient: Permission failure: android.permission.ACCESS_SURFACE_FLINGER from uid=10171 pid=0
05-04 05:27:43.510   768  1942 D PermissionCache: checking android.permission.ACCESS_SURFACE_FLINGER for uid=10171 => denied (348 us)
05-04 05:27:43.510   768  1942 W ServiceManagerCppClient: Permission failure: android.permission.ROTATE_SURFACE_FLINGER from uid=10171 pid=0
05-04 05:27:43.510   768  1942 D PermissionCache: checking android.permission.ROTATE_SURFACE_FLINGER for uid=10171 => denied (95 us)
05-04 05:27:43.510   768  1942 W ServiceManagerCppClient: Permission failure: android.permission.INTERNAL_SYSTEM_WINDOW from uid=10171 pid=0
05-04 05:27:43.510   768  1942 D PermissionCache: checking android.permission.INTERNAL_SYSTEM_WINDOW for uid=10171 => denied (91 us)
05-04 05:27:43.517   768   814 W IPCThreadState: Sending oneway calls to frozen process.
05-04 05:27:43.517   768   814 W IPCThreadState: Sending oneway calls to frozen process.
05-04 05:27:43.517   768   814 W IPCThreadState: Sending oneway calls to frozen process.
05-04 05:27:43.517   768   814 W IPCThreadState: Sending oneway calls to frozen process.
05-04 05:27:43.518   768   814 W IPCThreadState: Sending oneway calls to frozen process.
05-04 05:27:43.519   768   814 W IPCThreadState: Sending oneway calls to frozen process.
05-04 05:27:43.519   768   814 W IPCThreadState: Sending oneway calls to frozen process.
05-04 05:27:43.519   768   814 W IPCThreadState: Sending oneway calls to frozen process.
05-04 05:27:43.520   768   814 W IPCThreadState: Sending oneway calls to frozen process.
05-04 05:27:43.520   768   814 W IPCThreadState: Sending oneway calls to frozen process.
05-04 05:27:43.521   768   814 W IPCThreadState: Sending oneway calls to frozen process.
05-04 05:27:43.521   768   814 W IPCThreadState: Sending oneway calls to frozen process.
05-04 05:27:43.521   768   814 W IPCThreadState: Sending oneway calls to frozen process.
05-04 05:27:43.521   768   814 W IPCThreadState: Sending oneway calls to frozen process.
05-04 05:27:43.521   768   814 W IPCThreadState: Sending oneway calls to frozen process.
05-04 05:27:43.521   768   814 W IPCThreadState: Sending oneway calls to frozen process.
05-04 05:27:43.521   768   814 W IPCThreadState: Sending oneway calls to frozen process.
05-04 05:27:43.521   768   814 W IPCThreadState: Sending oneway calls to frozen process.
05-04 05:27:43.521   768   814 W IPCThreadState: Sending oneway calls to frozen process.
05-04 05:27:43.522   768   814 W IPCThreadState: Sending oneway calls to frozen process.
05-04 05:27:43.522   768   814 W IPCThreadState: Sending oneway calls to frozen process.
05-04 05:27:43.522   768   814 W IPCThreadState: Sending oneway calls to frozen process.
05-04 05:27:43.522   768   814 W IPCThreadState: Sending oneway calls to frozen process.
05-04 05:27:43.522   768   814 W IPCThreadState: Sending oneway calls to frozen process.
05-04 05:27:43.522   768   814 W IPCThreadState: Sending oneway calls to frozen process.
05-04 05:27:43.553   768  2480 D CoreBackPreview: Window{251bebd u0 com.google.android.permissioncontroller/com.android.permissioncontroller.permission.ui.GrantPermissionsActivity}: Setting back callback OnBackInvokedCallbackInfo{mCallback=android.window.IOnBackInvokedCallback$Stub$Proxy@52bcf80, mPriority=-1, mIsAnimationCallback=false, mOverrideBehavior=0}
05-04 05:27:43.581  1022  1325 V WindowManagerShell: onTransitionReady(transaction=3298534884016)
05-04 05:27:43.582  1022  1287 V WindowManagerShell: onTransitionReady (#11) android.os.BinderProxy@475f841: {id=11 t=OPEN f=0x0 trk=0 r=[0@Point(0, 0)] c=[
05-04 05:27:43.582  1022  1287 V WindowManagerShell:         {m=OPEN f=TRANSLUCENT leash=Surface(name=Task=33)/@0x87969d4 sb=Rect(0, 0 - 1080, 2400) eb=Rect(0, 0 - 1080, 2400) epz=Point(1080, 2400) d=0 taskParent=-1}
05-04 05:27:43.582  1022  1287 V WindowManagerShell:     ]}
05-04 05:27:43.582  1022  1287 V WindowManagerShell: Playing animation for (#11) android.os.BinderProxy@475f841@0
05-04 05:27:43.582  1022  1287 V ShellRecents: RecentsTransitionHandler.startAnimation: no controller found
05-04 05:27:43.583  1022  1287 V WindowManagerShell: Transition doesn't have explicit remote, search filters for match for {id=11 t=OPEN f=0x0 trk=0 r=[0@Point(0, 0)] c=[{m=OPEN f=TRANSLUCENT leash=Surface(name=Task=33)/@0x87969d4 sb=Rect(0, 0 - 1080, 2400) eb=Rect(0, 0 - 1080, 2400) epz=Point(1080, 2400) d=0 taskParent=-1}]}
05-04 05:27:43.583  1022  1287 V WindowManagerShell:  Checking filter Pair{{types=[] flags=0x0] notFlags=0x0 checks=[{atype=undefined independent=true modes=[CLOSE,TO_BACK] flags=IN_TASK_WITH_EMBEDDED_ACTIVITY mustBeTask=false order=ANY topActivity=null launchCookie=null taskFragmentToken=android.os.BinderProxy@b17aac3 windowingMode=undefined}]} RemoteTransition { remoteTransition = android.window.IRemoteTransition$Stub$Proxy@4ed4f40, appThread = android.app.IApplicationThread$Stub$Proxy@2b06e79, debugName = overlayBackTransition }}
05-04 05:27:43.583  1022  1287 V WindowManagerShell:  Checking filter Pair{{types=[] flags=0x0] notFlags=0x0 checks=[{atype=dream independent=true modes=[OPEN,TO_FRONT] flags=NONE mustBeTask=false order=ANY topActivity=null launchCookie=null windowingMode=undefined},{atype=home independent=true modes=[CLOSE,TO_BACK] flags=NONE mustBeTask=false order=ANY topActivity=null launchCookie=null windowingMode=undefined}]} RemoteTransition { remoteTransition = android.window.IRemoteTransition$Stub$Proxy@15e17be, appThread = android.app.IApplicationThread$Stub$Proxy@b40301f, debugName = LauncherToDream }}
05-04 05:27:43.584  1022  1287 V WindowManagerShell:  Checking filter Pair{{types=[] flags=0x0] notFlags=0x100 checks=[{atype=home independent=true modes=[OPEN,TO_FRONT] flags=NONE mustBeTask=false order=TOP topActivity=ComponentInfo{com.google.android.apps.nexuslauncher/com.google.android.apps.nexuslauncher.NexusLauncherActivity} launchCookie=null windowingMode=undefined},{atype=standard independent=true modes=[CLOSE,TO_BACK] flags=NONE mustBeTask=false order=ANY topActivity=null launchCookie=null windowingMode=undefined},{NOT atype=undefined independent=true modes=[] flags=NONE mustBeTask=true order=ANY topActivity=null launchCookie=null customAnim=true windowingMode=undefined}]} RemoteTransition { remoteTransition = android.window.IRemoteTransition$Stub$Proxy@ff81f6c, appThread = android.app.IApplicationThread$Stub$Proxy@fc07935, debugName = QuickstepLaunchHome }}
05-04 05:27:43.584  1022  1287 V WindowManagerShell:  Delegate animation for (#11) to null
05-04 05:27:43.584  1022  1287 V WindowManagerShell: start default transition animation, info = {id=11 t=OPEN f=0x0 trk=0 r=[0@Point(0, 0)] c=[{m=OPEN f=TRANSLUCENT leash=Surface(name=Task=33)/@0x87969d4 sb=Rect(0, 0 - 1080, 2400) eb=Rect(0, 0 - 1080, 2400) epz=Point(1080, 2400) d=0 taskParent=-1}]}
05-04 05:27:43.586  1022  1287 V WindowManagerShell: loadAnimation: anim=android.view.animation.AnimationSet@1fdc658 animAttr=0x4 type=OPEN isEntrance=true
05-04 05:27:43.591  1022  1287 V WindowManagerShell:  animated by com.android.wm.shell.transition.DefaultTransitionHandler@ae86511
05-04 05:27:43.595   768   811 I ActivityTaskManager: Displayed com.google.android.permissioncontroller/com.android.permissioncontroller.permission.ui.GrantPermissionsActivity for user 0: +491ms
05-04 05:27:43.595   768   811 V WindowManager: Sent Transition (#11) createdAt=05-04 05:27:43.093 via request=TransitionRequestInfo { type = OPEN, triggerTask = TaskInfo{userId=0 taskId=33 effectiveUid=10171 displayId=0 isRunning=true baseIntent=Intent { flg=0x18800020 cmp=com.google.android.marvin.talkback/com.google.android.accessibility.talkback.permission.PermissionRequestActivity } baseActivity=ComponentInfo{com.google.android.marvin.talkback/com.google.android.accessibility.talkback.permission.PermissionRequestActivity} topActivity=ComponentInfo{com.google.android.marvin.talkback/com.google.android.accessibility.talkback.permission.PermissionRequestActivity} origActivity=null realActivity=ComponentInfo{com.google.android.marvin.talkback/com.google.android.accessibility.talkback.permission.PermissionRequestActivity} numActivities=1 lastActiveTime=443718 supportsMultiWindow=true resizeMode=1 isResizeable=true minWidth=-1 minHeight=-1 defaultMinSize=220 token=WCT{RemoteToken{6bcb6f1 Task{4e9173e #33 type=standard A=10171:com.google.android.marvin.talkback}}} topActivityType=1 pictureInPictureParams=null shouldDockBigOverlays=false launchIntoPipHostTaskId=-1 lastParentTaskIdBeforePip=-1 displayCutoutSafeInsets=Rect(0, 0 - 0, 0) topActivityInfo=ActivityInfo{d7d82d6 com.google.android.accessibility.talkback.permission.PermissionRequestActivity} launchCookies=[] positionInParent=Point(0, 0) parentTaskId=-1 isFocused=false isVisible=false isVisibleRequested=false isTopActivityNoDisplay=false isSleeping=false locusId=null displayAreaFeatureId=1 isTopActivityTransparent=true isActivityStackTransparent=true lastNonFullscreenBounds=Rect(284, 660 - 796, 1740) capturedLink=null capturedLinkTimestamp=0 requestedVisibleTypes=-9 topActivityRequestOpenInBrowserEducationTimestamp=0 appCompatTaskInfo=AppCompatTaskInfo { topActivityInSizeCompat=false eligibleForLetterboxEducation= false isLetterboxEducationEnabled= true isLetterboxDoubleTapEnabled= false eligibleForUserAspectRatioButton= false topActivityBoundsLetterboxed= false isFromLetterboxDoubleTap= false topActivityLetterboxVerticalPosition= -1 topActivityLetterboxHorizontalPosition= -1 topActivityLetterboxWidth=-1 topActivityLetterboxHeight=-1 topActivityAppBounds=Rect(0, 0 - 1080, 2400) isUserFullscreenOverrideEnabled=false isSystemFullscreenOverrideEnabled=false hasMinAspectRatioOverride=false topActivityLetterboxBounds=null cameraCompatTaskInfo=CameraCompatTaskInfo { freeformCameraCompatMode=inactive}} topActivityMainWindowFrame=null}, pipChange = null, remoteTransition = null, displayChange = null, flags = 0, debugId = 11 }
05-04 05:27:43.595   768   811 V WindowManager:     startWCT=WindowContainerTransaction { changes= {} hops= [] errorCallbackToken=null taskFragmentOrganizer=null }
05-04 05:27:43.595   768   811 V WindowManager:     info={id=11 t=OPEN f=0x0 trk=0 r=[0@Point(0, 0)] c=[
05-04 05:27:43.595   768   811 V WindowManager:         {WCT{RemoteToken{6bcb6f1 Task{4e9173e #33 type=standard A=10171:com.google.android.marvin.talkback}}} m=OPEN f=TRANSLUCENT leash=Surface(name=Task=33)/@0xf40700a sb=Rect(0, 0 - 1080, 2400) eb=Rect(0, 0 - 1080, 2400) epz=Point(1080, 2400) d=0 taskParent=-1}
05-04 05:27:43.595   768   811 V WindowManager:     ]}
05-04 05:27:43.600  2730  2730 I ssioncontroller: AssetManager2(0x785ef0417318) locale list changing from [] to [en-US]
05-04 05:27:43.656  3919  3928 E AccessibilityService: bindInput must be paired with unbindInput.
05-04 05:27:43.659  3790  3790 I GoogleInputMethodService: GoogleInputMethodService.onFinishInput():2043 
05-04 05:27:43.660   768  2471 I ImeTracker: system_server:91d103d5: onRequestHide at ORIGIN_SERVER reason IME_REQUESTED_CHANGED_LISTENER fromUser false
05-04 05:27:43.663   768   814 I ImeTracker: system_server:91d103d5: onCancelled at PHASE_SERVER_SHOULD_HIDE
05-04 05:27:43.663  3790  3790 I Module  : DeviceLockedStatusModuleProvider$Module.updateDeviceLockedStatus():100 repeatCheckTimes = 0, locked = false
05-04 05:27:43.666  3790  3790 I GoogleInputMethodService: GoogleInputMethodService.onStartInput():1293 onStartInput(EditorInfo{EditorInfo{packageName=com.google.android.permissioncontroller, inputType=0, inputTypeString=NULL, enableLearning=false, autoCorrection=false, autoComplete=false, imeOptions=0, privateImeOptions=null, actionName=UNSPECIFIED, actionLabel=null, initialSelStart=-1, initialSelEnd=-1, initialCapsMode=0, label=null, fieldId=0, fieldName=null, extras=null, hintText=null, hintLocales=[]}}, false)
05-04 05:27:43.668  3790  3790 I Module  : DeviceLockedStatusModuleProvider$Module.updateDeviceLockedStatus():100 repeatCheckTimes = 1, locked = false
05-04 05:27:43.670  3790  3790 I EmojiCompatManager: EmojiCompatManager.getEmojiCompatIfLoaded():343 EmojiCompat.init() was never called.
05-04 05:27:43.670  3790  3790 I EmojiCompatManager: java.lang.IllegalStateException: EmojiCompat is not initialized. Please call EmojiCompat.init() first
05-04 05:27:43.670  3790  3790 I EmojiCompatManager: 	at asx.p(PG:6)
05-04 05:27:43.670  3790  3790 I EmojiCompatManager: 	at axb.b(PG:13)
05-04 05:27:43.670  3790  3790 I EmojiCompatManager: 	at jnr.b(PG:2)
05-04 05:27:43.670  3790  3790 I EmojiCompatManager: 	at jnr.c(PG:4)
05-04 05:27:43.670  3790  3790 I EmojiCompatManager: 	at jnr.f(PG:3)
05-04 05:27:43.670  3790  3790 I EmojiCompatManager: 	at jnx.c(PG:3)
05-04 05:27:43.670  3790  3790 I EmojiCompatManager: 	at kif.cz(PG:47)
05-04 05:27:43.670  3790  3790 I EmojiCompatManager: 	at lhl.run(PG:1025)
05-04 05:27:43.670  3790  3790 I EmojiCompatManager: 	at jaf.execute(PG:12)
05-04 05:27:43.670  3790  3790 I EmojiCompatManager: 	at nco.v(PG:13)
05-04 05:27:43.670  3790  3790 I EmojiCompatManager: 	at lhn.m(PG:96)
05-04 05:27:43.670  3790  3790 I EmojiCompatManager: 	at lhn.k(PG:25)
05-04 05:27:43.670  3790  3790 I EmojiCompatManager: 	at kgn.onStartInput(PG:250)
05-04 05:27:43.670  3790  3790 I EmojiCompatManager: 	at android.inputmethodservice.InputMethodService.doStartInput(InputMethodService.java:3521)
05-04 05:27:43.670  3790  3790 I EmojiCompatManager: 	at android.inputmethodservice.InputMethodService$InputMethodImpl.startInput(InputMethodService.java:879)
05-04 05:27:43.670  3790  3790 I EmojiCompatManager: 	at android.inputmethodservice.InputMethodService$InputMethodImpl.dispatchStartInput(InputMethodService.java:908)
05-04 05:27:43.670  3790  3790 I EmojiCompatManager: 	at android.inputmethodservice.IInputMethodWrapper.executeMessage(IInputMethodWrapper.java:201)
05-04 05:27:43.670  3790  3790 I EmojiCompatManager: 	at com.android.internal.os.HandlerCaller$MyHandler.handleMessage(HandlerCaller.java:44)
05-04 05:27:43.670  3790  3790 I EmojiCompatManager: 	at android.os.Handler.dispatchMessage(Handler.java:110)
05-04 05:27:43.670  3790  3790 I EmojiCompatManager: 	at android.os.Looper.loopOnce(Looper.java:248)
05-04 05:27:43.670  3790  3790 I EmojiCompatManager: 	at android.os.Looper.loop(Looper.java:338)
05-04 05:27:43.670  3790  3790 I EmojiCompatManager: 	at android.app.ActivityThread.main(ActivityThread.java:9067)
05-04 05:27:43.670  3790  3790 I EmojiCompatManager: 	at java.lang.reflect.Method.invoke(Native Method)
05-04 05:27:43.670  3790  3790 I EmojiCompatManager: 	at com.android.internal.os.RuntimeInit$MethodAndArgsCaller.run(RuntimeInit.java:593)
05-04 05:27:43.670  3790  3790 I EmojiCompatManager: 	at com.android.internal.os.ZygoteInit.main(ZygoteInit.java:932)
05-04 05:27:43.674   768  2471 W PackageConfigPersister: App-specific configuration not found for packageName: com.google.android.permissioncontroller and userId: 0
05-04 05:27:43.677   271   271 I lowmemorykiller: Kill 'com.google.android.projection.gearhead:car' (3579), uid 10133, oom_score_adj 985 to free 45492kB rss, 38828kB swap; reason: low watermark is breached
05-04 05:27:43.689   768  2471 I ActivityManager: Process com.google.android.projection.gearhead:car (pid 3579) has died: cch+85 CEM 
05-04 05:27:43.690   524   524 I Zygote  : Process 3579 exited due to signal 9 (Killed)
05-04 05:27:43.698   571   571 I adbd    : Remote process closed the socket (on MSG_PEEK)
05-04 05:27:43.703   271   276 W lowmemorykiller: Failed to open /proc/3579/task; errno=2: process pid(3579) might have died
05-04 05:27:43.703   271   276 E lowmemorykiller: process_mrelease 3579 failed: No such process
05-04 05:27:43.703   768   822 I libprocessgroup: Removed cgroup /sys/fs/cgroup/apps/uid_10133/pid_3579
05-04 05:27:43.718  3919  3919 V A11yInputMethod: startInput(): editor=android.view.inputmethod.EditorInfo@174016f
05-04 05:27:43.718  3919  3919 V A11yInputMethod: CALL: doFinishInput
05-04 05:27:43.718  3919  3919 V A11yInputMethod: CALL: onFinishInput
05-04 05:27:43.812  3919  5282 D MediaCodecList: codecHandlesFormat: no format, so no extra checks
05-04 05:27:43.841  3919  5283 D CCodec  : allocate(c2.android.vorbis.decoder)
05-04 05:27:43.855  3919  5283 I ApexCodecsLazy: Failed to load libcom.android.media.swcodec.apexcodecs.so: dlopen failed: library "libcom.android.media.swcodec.apexcodecs.so" not found
05-04 05:27:43.855  3919  5283 I Codec2Client: Available Codec2 services: "default" "software"
05-04 05:27:43.856  3919  3919 I marvin.talkback: AssetManager2(0x785ef041d718) locale list changing from [] to [en-US]
05-04 05:27:43.893  3919  5283 I CCodec  : setting up 'default' as default (vendor) store
05-04 05:27:43.904  1022  1287 V WindowManagerShell: Transition animation finished (aborted=false), notifying core (#11) android.os.BinderProxy@475f841@0
05-04 05:27:43.907   768   811 V WindowManager: Finish Transition (#11): created at 05-04 05:27:43.093 collect-started=0.036ms request-sent=8.519ms started=12.878ms ready=336.303ms sent=484.484ms commit=27.583ms finished=812.795ms
05-04 05:27:43.910  4352  4388 E tflite  : third_party/tensorflow/lite/core/subgraph.cc:1062 tensor.data.raw != nullptr was not true.
05-04 05:27:43.911  1022  1287 V WindowManagerShell: Track 0 became idle
05-04 05:27:43.911  1022  1287 V WindowManagerShell: All active transition animations finished
05-04 05:27:43.971   768  1127 D BufferPoolAccessor2.0: bufferpool2 0x785d90465a88 : 0(0 size) total buffers - 0(0 size) used buffers - 2/7 (recycle/alloc) - 5/18 (fetch/transfer)
05-04 05:27:43.972   768  1079 D BufferPoolAccessor2.0: bufferpool2 0x785d9045dda8 : 0(0 size) total buffers - 0(0 size) used buffers - 2/7 (recycle/alloc) - 5/24 (fetch/transfer)
05-04 05:27:43.972   768  1079 D BufferPoolAccessor2.0: Destruction - bufferpool2 0x785d9045dda8 cached: 0/0M, 0/0% in use; allocs: 7, 29% recycled; transfers: 24, 79% unfetched
05-04 05:27:43.972   768  1127 D BufferPoolAccessor2.0: Destruction - bufferpool2 0x785d90465a88 cached: 0/0M, 0/0% in use; allocs: 7, 29% recycled; transfers: 18, 72% unfetched
05-04 05:27:43.972   768   889 D BufferPoolAccessor2.0: bufferpool2 0x785d9045a628 : 0(0 size) total buffers - 0(0 size) used buffers - 2/7 (recycle/alloc) - 5/34 (fetch/transfer)
05-04 05:27:43.972  1022  1474 D BufferPoolAccessor2.0: bufferpool2 0x785d9042e978 : 0(0 size) total buffers - 0(0 size) used buffers - 2/7 (recycle/alloc) - 5/36 (fetch/transfer)
05-04 05:27:43.972  1022  1474 D BufferPoolAccessor2.0: Destruction - bufferpool2 0x785d9042e978 cached: 0/0M, 0/0% in use; allocs: 7, 29% recycled; transfers: 36, 86% unfetched
05-04 05:27:43.972   768   889 D BufferPoolAccessor2.0: Destruction - bufferpool2 0x785d9045a628 cached: 0/0M, 0/0% in use; allocs: 7, 29% recycled; transfers: 34, 85% unfetched
05-04 05:27:43.973   768   889 D BufferPoolAccessor2.0: bufferpool2 0x785d9045cb28 : 0(0 size) total buffers - 0(0 size) used buffers - 2/7 (recycle/alloc) - 5/34 (fetch/transfer)
05-04 05:27:43.973   768   889 D BufferPoolAccessor2.0: Destruction - bufferpool2 0x785d9045cb28 cached: 0/0M, 0/0% in use; allocs: 7, 29% recycled; transfers: 34, 85% unfetched
05-04 05:27:43.973   768  1111 D BufferPoolAccessor2.0: bufferpool2 0x785d90459848 : 0(0 size) total buffers - 0(0 size) used buffers - 2/7 (recycle/alloc) - 5/26 (fetch/transfer)
05-04 05:27:43.973   768  1111 D BufferPoolAccessor2.0: Destruction - bufferpool2 0x785d90459848 cached: 0/0M, 0/0% in use; allocs: 7, 29% recycled; transfers: 26, 81% unfetched
05-04 05:27:43.973   768  1111 D BufferPoolAccessor2.0: bufferpool2 0x785d9045aac8 : 0(0 size) total buffers - 0(0 size) used buffers - 2/7 (recycle/alloc) - 5/24 (fetch/transfer)
05-04 05:27:43.973  1022  1474 D BufferPoolAccessor2.0: bufferpool2 0x785d90432348 : 0(0 size) total buffers - 0(0 size) used buffers - 2/7 (recycle/alloc) - 6/38 (fetch/transfer)
05-04 05:27:43.974   768  1111 D BufferPoolAccessor2.0: Destruction - bufferpool2 0x785d9045aac8 cached: 0/0M, 0/0% in use; allocs: 7, 29% recycled; transfers: 24, 79% unfetched
05-04 05:27:43.974  1022  1474 D BufferPoolAccessor2.0: Destruction - bufferpool2 0x785d90432348 cached: 0/0M, 0/0% in use; allocs: 7, 29% recycled; transfers: 38, 84% unfetched
05-04 05:27:43.974  3919  5283 I CCodec  : Created component [c2.android.vorbis.decoder] for [c2.android.vorbis.decoder]
05-04 05:27:43.974  1022  1474 D BufferPoolAccessor2.0: bufferpool2 0x785d90428608 : 0(0 size) total buffers - 0(0 size) used buffers - 2/7 (recycle/alloc) - 5/18 (fetch/transfer)
05-04 05:27:43.975  1022  1474 D BufferPoolAccessor2.0: Destruction - bufferpool2 0x785d90428608 cached: 0/0M, 0/0% in use; allocs: 7, 29% recycled; transfers: 18, 72% unfetched
05-04 05:27:43.976  3919  5283 D CCodecConfig: read media type: audio/vorbis
05-04 05:27:43.979   768   768 W AccessibilityManagerService:  wait for adding window timeout: 101
05-04 05:27:43.980  3919  5283 D ReflectedParamUpdater: extent() != 1 for single value type: algo.buffers.max-count.values
05-04 05:27:43.980  3919  5283 D ReflectedParamUpdater: extent() != 1 for single value type: output.subscribed-indices.values
05-04 05:27:43.980  3919  5283 D ReflectedParamUpdater: extent() != 1 for single value type: input.buffers.allocator-ids.values
05-04 05:27:43.980  3919  5283 D ReflectedParamUpdater: extent() != 1 for single value type: output.buffers.allocator-ids.values
05-04 05:27:43.980  3919  5283 D ReflectedParamUpdater: extent() != 1 for single value type: algo.buffers.allocator-ids.values
05-04 05:27:43.980  3919  5283 D ReflectedParamUpdater: extent() != 1 for single value type: output.buffers.pool-ids.values
05-04 05:27:43.980  3919  5283 D ReflectedParamUpdater: extent() != 1 for single value type: algo.buffers.pool-ids.values
05-04 05:27:43.982  3919  5283 I CCodecConfig: query failed after returning 8 values (BAD_INDEX)
05-04 05:27:43.982  3919  5283 D CCodecConfig: c2 config diff is Dict {
05-04 05:27:43.982  3919  5283 D CCodecConfig:   c2::u32 coded.bitrate.value = 64000
05-04 05:27:43.982  3919  5283 D CCodecConfig:   c2::u32 input.buffers.max-size.value = 32768
05-04 05:27:43.982  3919  5283 D CCodecConfig:   c2::u32 input.delay.value = 0
05-04 05:27:43.982  3919  5283 D CCodecConfig:   string input.media-type.value = "audio/vorbis"
05-04 05:27:43.982  3919  5283 D CCodecConfig:   c2::u32 output.large-frame.max-size = 0
05-04 05:27:43.982  3919  5283 D CCodecConfig:   c2::u32 output.large-frame.threshold-size = 0
05-04 05:27:43.982  3919  5283 D CCodecConfig:   string output.media-type.value = "audio/raw"
05-04 05:27:43.982  3919  5283 D CCodecConfig:   c2::u32 raw.channel-count.value = 1
05-04 05:27:43.982  3919  5283 D CCodecConfig:   c2::u32 raw.sample-rate.value = 48000
05-04 05:27:43.982  3919  5283 D CCodecConfig: }
05-04 05:27:43.982   768   901 V AccessibilityManagerService: onUserStateChangedLocked for userId: 0, forceUpdate: false
05-04 05:27:43.988   768   976 D ShortcutService: received package broadcast intent: Intent { act=android.intent.action.PACKAGE_CHANGED dat=package: flg=0x45000010 (has extras) }
05-04 05:27:43.988   768   976 D ShortcutService: changing package: com.google.android.marvin.talkback userId=0
05-04 05:27:43.988   768   819 W IPCThreadState: Sending oneway calls to frozen process.
05-04 05:27:43.990  1147  1176 D PackageUpdatedTask: Package updated: mOp=UPDATE packages=[com.google.android.marvin.talkback], user=UserHandle{0}
05-04 05:27:43.993   768   880 I RoleService: Granting default roles...
05-04 05:27:43.993   768   901 W MagnificationConnectionManager: requestConnection duplicated request: connect=true, mConnectionState=CONNECTED
05-04 05:27:43.993  1147  1176 W AllAppsList: updatePackage: no Activities matched updated package, removing any AppInfo with package=com.google.android.marvin.talkback, user=UserHandle{0}
05-04 05:27:43.998  1146  1146 D CarrierSvcBindHelper: onPackageModified: com.google.android.marvin.talkback
05-04 05:27:43.999  3919  5282 E MediaCodec: Media Quality Service not found.
05-04 05:27:43.999  3919  5283 D CCodec  : [c2.android.vorbis.decoder] buffers are bound to CCodec for this session
05-04 05:27:44.000  3919  5283 D CCodecConfig: no c2 equivalents for durationUs
05-04 05:27:44.000  3919  5283 D CCodecConfig: no c2 equivalents for track-id
05-04 05:27:44.000  3919  5283 D CCodecConfig: no c2 equivalents for csd-1
05-04 05:27:44.000  3919  5283 D CCodecConfig: no c2 equivalents for flags
05-04 05:27:44.000  1146  1307 I SatelliteAppTracker: onPackageModified : com.google.android.marvin.talkback
05-04 05:27:44.000  3919  5283 D CCodecConfig: c2 config diff is   c2::u32 coded.bitrate.value = 88000
05-04 05:27:44.000  3919  5283 D CCodecConfig:   c2::u32 raw.channel-count.value = 2
05-04 05:27:44.000  3919  5283 D CCodecConfig:   c2::u32 raw.sample-rate.value = 22050
05-04 05:27:44.001  3919  5283 W Codec2Client: query -- param skipped: index = 1107298332.
05-04 05:27:44.001  3919  5283 D CCodec  : encoding statistics level = 0
05-04 05:27:44.001  3919  5283 D CCodec  : setup formats input: AMessage(what = 0x00000000) = {
05-04 05:27:44.001  3919  5283 D CCodec  :   int32_t bitrate = 88000
05-04 05:27:44.001  3919  5283 D CCodec  :   int32_t channel-count = 2
05-04 05:27:44.001  3919  5283 D CCodec  :   int32_t max-input-size = 32768
05-04 05:27:44.001  3919  5283 D CCodec  :   string mime = "audio/vorbis"
05-04 05:27:44.001  3919  5283 D CCodec  :   int32_t sample-rate = 22050
05-04 05:27:44.001  3919  5283 D CCodec  : }
05-04 05:27:44.001  3919  5283 D CCodec  : setup formats output: AMessage(what = 0x00000000) = {
05-04 05:27:44.001  3919  5283 D CCodec  :   int32_t buffer-batch-max-output-size = 0
05-04 05:27:44.001  3919  5283 D CCodec  :   int32_t buffer-batch-threshold-output-size = 0
05-04 05:27:44.001  3919  5283 D CCodec  :   int32_t channel-count = 2
05-04 05:27:44.001  3919  5283 D CCodec  :   string mime = "audio/raw"
05-04 05:27:44.001  3919  5283 D CCodec  :   int32_t sample-rate = 22050
05-04 05:27:44.001  3919  5283 D CCodec  :   int32_t channel-mask = 3
05-04 05:27:44.001  3919  5283 D CCodec  :   int32_t android._config-pcm-encoding = 2
05-04 05:27:44.001  3919  5283 D CCodec  : }
05-04 05:27:44.001  3919  5283 I CCodecConfig: query failed after returning 8 values (BAD_INDEX)
05-04 05:27:44.001  3919  5283 E marvin.talkback: Failed to query component interface for required system resources: 6
05-04 05:27:44.008  3919  5283 W Codec2Client: query -- param skipped: index = 1342179345.
05-04 05:27:44.008  3919  5283 W Codec2Client: query -- param skipped: index = 2415921170.
05-04 05:27:44.009  3919  5283 D C2Store : Using DMABUF Heaps
05-04 05:27:44.010  1022  1022 D ControlsListingControllerImpl: ServiceConfig reloaded, count: 0
05-04 05:27:44.012  1146  1146 D CarrierSvcBindHelper: No carrier app for: 0
05-04 05:27:44.017  3919  5283 D CCodecBufferChannel: [c2.android.vorbis.decoder#196] Created input block pool with allocatorID 16 => poolID 17 - OK (0)
05-04 05:27:44.018   768   768 W IPCThreadState: Sending oneway calls to frozen process.
05-04 05:27:44.020  3919  5283 I CCodecBufferChannel: [c2.android.vorbis.decoder#196] Created output block pool with allocatorID 16 => poolID 36 - OK
05-04 05:27:44.020  3919  5283 D CCodecBufferChannel: [c2.android.vorbis.decoder#196] Configured output block pool ids 36 => OK
05-04 05:27:44.020   768   768 W IPCThreadState: Sending oneway calls to frozen process.
05-04 05:27:44.022   768   768 W IPCThreadState: Sending oneway calls to frozen process.
05-04 05:27:44.024   607  1497 E Codec2-ComponentInterface: We have a failed config
05-04 05:27:44.025  3919  5283 I DMABUFHEAPS: Using DMA-BUF heap named: system
05-04 05:27:44.027   607  5290 D SimpleC2Component: Using output block pool with poolID 36 => got 36 - 0
05-04 05:27:44.028   768  2480 D ActivityManager: sync unfroze 4445 com.google.android.googlequicksearchbox:search for 6
05-04 05:27:44.037   768  4085 W SignedPackage: Package doesn't have required signing certificate: com.google.android.retaildemo
05-04 05:27:44.038   768  4085 E RoleControllerServiceImpl: Default/fallback role holder package doesn't qualify for the role, package: com.google.android.gms.supervision, role: android.app.role.SYSTEM_SUPERVISION
05-04 05:27:44.041   768  4085 W SignedPackage: Package doesn't have required signing certificate: com.google.android.apps.work.clouddpc
05-04 05:27:44.043   768   977 D BackgroundInstallControlService: Package event received: 0
05-04 05:27:44.043   768   977 D BackgroundInstallControlService: Package event received: 0
05-04 05:27:44.049   768   933 D ConnectivityService: releasing NetworkRequest [ REQUEST id=205, [ Transports: CELLULAR Capabilities: INTERNET&NOT_RESTRICTED&TRUSTED&NOT_VPN&NOT_VCN_MANAGED&NOT_BANDWIDTH_CONSTRAINED Uid: 10149 RequestorUid: 10149 RequestorPkg: com.google.android.googlequicksearchbox UnderlyingNetworks: Null] ] (release request)
05-04 05:27:44.049   768   933 I ConnectivityService: Update capabilities for net 100 : -FOREGROUND
05-04 05:27:44.058  2730  2741 I PermissionControllerServiceImpl: Updating user sensitive for uid 10171
05-04 05:27:44.059   768   977 D BackgroundInstallControlService: Package event received: 0
05-04 05:27:44.066  1580  5293 I AiAiEcho: AppIndexer Package:[com.google.android.marvin.talkback] UserProfile:[0] Enabled:[true].
05-04 05:27:44.067  1580  5293 I AiAiEcho: AppFetcherImplV2 updateApps package:[com.google.android.marvin.talkback], userId:[0], reason:[package is updated.].
05-04 05:27:44.071  1146  1146 E SmsApplication: com.google.android.apps.messaging lost android:read_cell_broadcasts:  (fixing)
05-04 05:27:44.071   768  1865 W AppOpService: Ignored setUidMode call for runtime permission app op: uid = 10146, code = READ_CELL_BROADCASTS, mode = allow, callingUid = 1001, oldMode = allow
05-04 05:27:44.080  5291  5291 I idmap2d : Starting
05-04 05:27:44.090  5291  5291 W idmap2d : Thread Pool max thread count is 0. Cannot cache binder as linkToDeath cannot be implemented. serviceName: idmap
05-04 05:27:44.091   768   933 W IPCThreadState: Sending oneway calls to frozen process.
05-04 05:27:44.093   768   933 W IPCThreadState: Sending oneway calls to frozen process.
05-04 05:27:44.094   768  2315 W AppOpService: Ignored setUidMode call for runtime permission app op: uid = 1001, code = READ_SMS, mode = allow, callingUid = 1001, oldMode = allow
05-04 05:27:44.100   768   807 W AppOpService: Ignored setUidMode call for runtime permission app op: uid = 1001, code = RECEIVE_SMS, mode = allow, callingUid = 1001, oldMode = allow
05-04 05:27:44.103   768  2471 W AppOpService: Ignored setUidMode call for runtime permission app op: uid = 1001, code = RECEIVE_WAP_PUSH, mode = allow, callingUid = 1001, oldMode = allow
05-04 05:27:44.107   768   807 W AppOpService: Ignored setUidMode call for runtime permission app op: uid = 1001, code = SEND_SMS, mode = allow, callingUid = 1001, oldMode = allow
05-04 05:27:44.109   768   807 W AppOpService: Ignored setUidMode call for runtime permission app op: uid = 1001, code = READ_CELL_BROADCASTS, mode = allow, callingUid = 1001, oldMode = allow
05-04 05:27:44.112   768  4085 I Role    : com.g