05-04 05:26:01.875   768   855 W IPCThreadState: Sending oneway calls to frozen process.
05-04 05:26:01.875   768   855 W IPCThreadState: Sending oneway calls to frozen process.
05-04 05:26:01.875   768   855 W IPCThreadState: Sending oneway calls to frozen process.
05-04 05:26:01.875   768   811 V WindowManager: Finish Transition (#8): created at 05-04 05:26:01.610 collect-started=0.091ms request-sent=3.016ms started=32.357ms ready=257.019ms sent=257.364ms commit=2.709ms finished=264.732ms
05-04 05:26:01.875   768   855 W IPCThreadState: Sending oneway calls to frozen process.
05-04 05:26:01.875   768   855 W IPCThreadState: Sending oneway calls to frozen process.
05-04 05:26:01.876   768   855 W IPCThreadState: Sending oneway calls to frozen process.
05-04 05:26:01.876  1022  1287 V WindowManagerShell: Track 0 became idle
05-04 05:26:01.876  1022  1287 V WindowManagerShell: All active transition animations finished
05-04 05:26:01.876  1022  1287 V WindowManagerShell: Transition requested (#9): android.os.BinderProxy@f0a6854 TransitionRequestInfo { type = CHANGE, triggerTask = null, pipChange = null, remoteTransition = RemoteTransition { remoteTransition = android.window.IRemoteTransition$Stub$Proxy@83033fd, appThread = null, debugName = TaskFragmentComponent }, displayChange = null, flags = 0, debugId = 9 }
05-04 05:26:01.876   768   855 W IPCThreadState: Sending oneway calls to frozen process.
05-04 05:26:01.876  1022  1287 V WindowManagerShell: RemoteTransition directly requested for (#9) android.os.BinderProxy@f0a6854: RemoteTransition { remoteTransition = android.window.IRemoteTransition$Stub$Proxy@83033fd, appThread = null, debugName = TaskFragmentComponent }
05-04 05:26:01.876  1022  1287 V WindowManagerShell: Transition (#9): request handled by RemoteTransitionHandler
05-04 05:26:01.876   768   855 W IPCThreadState: Sending oneway calls to frozen process.
05-04 05:26:01.876   768   855 W IPCThreadState: Sending oneway calls to frozen process.
05-04 05:26:01.876   768   855 W IPCThreadState: Sending oneway calls to frozen process.
05-04 05:26:01.876   768   855 W IPCThreadState: Sending oneway calls to frozen process.
05-04 05:26:01.876   768   855 W IPCThreadState: Sending oneway calls to frozen process.
05-04 05:26:01.876   768   855 W IPCThreadState: Sending oneway calls to frozen process.
05-04 05:26:01.876   768   855 W IPCThreadState: Sending oneway calls to frozen process.
05-04 05:26:01.877  1022  1491 V WindowManagerShell: onTransitionReady(transaction=3298534883914)
05-04 05:26:01.877   768   811 V WindowManager: Sent Transition (#9) createdAt=05-04 05:26:01.785 via request=TransitionRequestInfo { type = CHANGE, triggerTask = null, pipChange = null, remoteTransition = RemoteTransition { remoteTransition = android.window.IRemoteTransition$Stub$Proxy@b271c70, appThread = null, debugName = TaskFragmentComponent }, displayChange = null, flags = 0, debugId = 9 }
05-04 05:26:01.877   768   811 V WindowManager:     startWCT=WindowContainerTransaction { changes= {} hops= [] errorCallbackToken=null taskFragmentOrganizer=null }
05-04 05:26:01.877   768   811 V WindowManager:     info={id=9 t=CHANGE f=0x0 trk=1 r=[] c=[]}
05-04 05:26:01.877  1022  1287 V WindowManagerShell: onTransitionReady (#9) android.os.BinderProxy@f0a6854: {id=9 t=CHANGE f=0x0 trk=1 r=[] c=[]}
05-04 05:26:01.877  1022  1287 V WindowManagerShell: No transition roots in (#9) android.os.BinderProxy@f0a6854@1 so abort
05-04 05:26:01.877  1022  1287 V WindowManagerShell: Transition animation finished (aborted=true), notifying core (#9) android.os.BinderProxy@f0a6854@1
05-04 05:26:01.879   768   811 V WindowManager: Finish Transition (#9): created at 05-04 05:26:01.785 collect-started=83.183ms request-sent=85.773ms started=91.226ms ready=91.216ms sent=91.613ms finished=93.867ms
05-04 05:26:01.879  1022  1287 V WindowManagerShell: Track 1 became idle
05-04 05:26:01.879  1022  1287 V WindowManagerShell: All active transition animations finished
05-04 05:26:01.879  1022  1287 V WindowManagerShell: Transition requested (#10): android.os.BinderProxy@f0b68f2 TransitionRequestInfo { type = CLOSE, triggerTask = null, pipChange = null, remoteTransition = RemoteTransition { remoteTransition = android.window.IRemoteTransition$Stub$Proxy@f019b43, appThread = null, debugName = TaskFragmentComponent }, displayChange = null, flags = 0, debugId = 10 }
05-04 05:26:01.879  1022  1287 V WindowManagerShell: RemoteTransition directly requested for (#10) android.os.BinderProxy@f0b68f2: RemoteTransition { remoteTransition = android.window.IRemoteTransition$Stub$Proxy@f019b43, appThread = null, debugName = TaskFragmentComponent }
05-04 05:26:01.879  1022  1287 V WindowManagerShell: Transition (#10): request handled by RemoteTransitionHandler
05-04 05:26:01.880  1022  1491 V WindowManagerShell: onTransitionReady(transaction=3298534883920)
05-04 05:26:01.880  1022  1287 V WindowManagerShell: onTransitionReady (#10) android.os.BinderProxy@f0b68f2: {id=10 t=CLOSE f=0x0 trk=2 r=[] c=[]}
05-04 05:26:01.880  1022  1287 V WindowManagerShell: No transition roots in (#10) android.os.BinderProxy@f0b68f2@2 so abort
05-04 05:26:01.880   768   811 V WindowManager: Sent Transition (#10) createdAt=05-04 05:26:01.872 via request=TransitionRequestInfo { type = CLOSE, triggerTask = null, pipChange = null, remoteTransition = RemoteTransition { remoteTransition = android.window.IRemoteTransition$Stub$Proxy@8f16be9, appThread = null, debugName = TaskFragmentComponent }, displayChange = null, flags = 0, debugId = 10 }
05-04 05:26:01.880   768   811 V WindowManager:     startWCT=WindowContainerTransaction { changes= {} hops= [] errorCallbackToken=null taskFragmentOrganizer=null }
05-04 05:26:01.880   768   811 V WindowManager:     info={id=10 t=CLOSE f=0x0 trk=2 r=[] c=[]}
05-04 05:26:01.880  1022  1287 V WindowManagerShell: Transition animation finished (aborted=true), notifying core (#10) android.os.BinderProxy@f0b68f2@2
05-04 05:26:01.881   768   811 V WindowManager: Finish Transition (#10): created at 05-04 05:26:01.872 collect-started=4.663ms request-sent=6.527ms started=7.367ms ready=7.359ms sent=7.62ms finished=8.54ms
05-04 05:26:01.881  1022  1287 V WindowManagerShell: Track 2 became idle
05-04 05:26:01.881  1022  1287 V WindowManagerShell: All active transition animations finished
05-04 05:26:01.881   569   735 I BpBinder: onLastStrongRef automatically unlinking death recipients: 
05-04 05:26:02.418   768   870 I system_server: AssetManager2(0x785ef049c658) locale list changing from [] to [en-US]
05-04 05:26:02.420   768   819 W IPCThreadState: Sending oneway calls to frozen process.
05-04 05:26:02.421  1147  1176 D PackageUpdatedTask: Package updated: mOp=UPDATE packages=[com.google.android.ext.services], user=UserHandle{0}
05-04 05:26:02.422  1580  5076 I AiAiEcho: AppIndexer Package:[com.google.android.ext.services] UserProfile:[0] Enabled:[true].
05-04 05:26:02.423  1580  5076 I AiAiEcho: AppFetcherImplV2 updateApps package:[com.google.android.ext.services], userId:[0], reason:[package is updated.].
05-04 05:26:02.427   768   976 D ShortcutService: received package broadcast intent: Intent { act=android.intent.action.PACKAGE_CHANGED dat=package: flg=0x45000010 pkg=android (has extras) }
05-04 05:26:02.427   768   976 D ShortcutService: changing package: com.google.android.ext.services userId=0
05-04 05:26:02.435   768   977 D BackgroundInstallControlService: Package event received: 0
05-04 05:26:02.439  1091  1254 W ScanManager: Moving filtered scan client to downgraded scan (scannerId 1)
05-04 05:26:02.452   768   901 I system_server: AssetManager2(0x785ef04907b8) locale list changing from [] to [en-US]
05-04 05:26:02.460  1091  1254 I bt_shim_scanner: system/main/shim/le_scanning_manager.cc:147 Scan: in shim layer stopped
05-04 05:26:02.461   768  1004 D ActivityManager: sync unfroze 2730 com.google.android.permissioncontroller for 6
05-04 05:26:02.464   768   814 I system_server: AssetManager2(0x785ef0445498) locale list changing from [] to [en-US]
05-04 05:26:02.467   768   977 D BackgroundInstallControlService: Package event received: 0
05-04 05:26:02.490  1091  1225 I bluetooth: system/gd/hci/le_address_manager.cc:278 unregister_client: Client unregistered
05-04 05:26:02.490  1091  1225 I bluetooth: system/gd/hci/le_address_manager.cc:293 unregister_client: Cancelled address rotation alarm
05-04 05:26:02.491  1147  1176 W AllAppsList: updatePackage: no Activities matched updated package, removing any AppInfo with package=com.google.android.ext.services, user=UserHandle{0}
05-04 05:26:02.500  1091  1254 I bt_shim_scanner: system/main/shim/le_scanning_manager.cc:311 SetScanParameters: in shim layer, scannerId1m=1, scannerIdCoded=0
05-04 05:26:02.500  1091  1254 I bt_shim_scanner: system/main/shim/le_scanning_manager.cc:147 Scan: in shim layer started
05-04 05:26:02.515  1091  1225 I bluetooth: system/gd/hci/le_scanning_manager.cc:601 stop_scan: Scanning already stopped, return!
05-04 05:26:02.515  2730  3064 D AccessibilitySourceService: enabled a11y services count 0
05-04 05:26:02.516  2730  3064 D AccessibilitySourceService: a11y source sending 0 issue to sc
05-04 05:26:02.516   768   855 D SafetySourceDataValidat: No cert check requested for package com.google.android.permissioncontroller
05-04 05:26:02.517  2730  5089 I PermissionControllerServiceImpl: Updating user sensitive for uid 10193
05-04 05:26:02.522   768   898 I system_server: AssetManager2(0x785ef048eb98) locale list changing from [] to [en-US]
05-04 05:26:02.526  2730  3064 D AccessibilitySourceService: enabled a11y services count 0
05-04 05:26:02.526  2730  3064 D AccessibilitySourceService: a11y source sending 0 issue to sc
05-04 05:26:02.526   768  2480 D SafetySourceDataValidat: No cert check requested for package com.google.android.permissioncontroller
05-04 05:26:02.529  2730  3064 D AccessibilitySourceService: enabled a11y services count 0
05-04 05:26:02.529  2730  3064 D AccessibilitySourceService: a11y source sending 0 issue to sc
05-04 05:26:02.530   768  1867 D SafetySourceDataValidat: No cert check requested for package com.google.android.permissioncontroller
05-04 05:26:02.534  1091  1225 I bluetooth: system/gd/hci/le_address_manager.cc:576 GetNextPrivateAddressIntervalRange: client=LeAddressManager, nonwake=7m57s, wake=13m19s
05-04 05:26:02.534  1091  1225 I bluetooth: system/gd/hci/le_address_manager.cc:259 register_client: Scheduled address rotation for first client registered
05-04 05:26:02.534  1091  1225 I bluetooth: system/gd/hci/le_address_manager.cc:263 register_client: Client registered
05-04 05:26:02.590   768   898 I system_server: AssetManager2(0x785ef0493378) locale list changing from [] to [en-US]
05-04 05:26:02.591   768   901 I system_server: AssetManager2(0x785ef04955d8) locale list changing from [] to [en-US]
05-04 05:26:02.608   768   901 V AccessibilityManagerService: onUserStateChangedLocked for userId: 0, forceUpdate: false
05-04 05:26:02.610   768   901 W MagnificationConnectionManager: requestConnection duplicated request: connect=false, mConnectionState=DISCONNECTED
05-04 05:26:02.610  1580  2679 I AiAiEcho: Settings changed for uri: content://settings/secure/accessibility_enabled
05-04 05:26:02.610   768   768 W IPCThreadState: Sending oneway calls to frozen process.
05-04 05:26:02.610   768   768 W IPCThreadState: Sending oneway calls to frozen process.
05-04 05:26:02.610   768   768 W IPCThreadState: Sending oneway calls to frozen process.
05-04 05:26:02.611   768   768 W IPCThreadState: Sending oneway calls to frozen process.
05-04 05:26:02.611  1580  2005 I AiAiEcho: Predicting[0]:  [CONTEXT sampling_count=5 ]
05-04 05:26:02.611   768   768 W IPCThreadState: Sending oneway calls to frozen process.
05-04 05:26:02.611  1580  2005 I AiAiEcho: EchoTargets: 
05-04 05:26:02.611  1580  2005 I AiAiEcho: Filtered by AiAi flag check: 
05-04 05:26:02.611  1580  2005 I AiAiEcho: [CONTEXT ratelimit_period="10 SECONDS" ]
05-04 05:26:02.612  1580  2005 I AiAiEcho: #remoteViewsTwiddler: feature disabled.
05-04 05:26:02.612  1580  2005 I AiAiEcho: Predicting[0]:  [CONTEXT sampling_count=5 ]
05-04 05:26:02.612  1580  2005 I AiAiEcho: EchoTargets: 
05-04 05:26:02.612  1580  2005 I AiAiEcho: Filtered by AiAi flag check: 
05-04 05:26:02.612  1580  2005 I AiAiEcho: [CONTEXT ratelimit_period="10 SECONDS" ]
05-04 05:26:02.612  1580  2005 I AiAiEcho: #remoteViewsTwiddler: feature disabled.
05-04 05:26:02.613  1580  2005 I AiAiEcho: #postPredictionTargets: Sending updates to UISurface lockscreen with targets# 0 (types=[])
05-04 05:26:02.613  1580  2005 I AiAiEcho: #postPredictionTargets: Sending updates to UISurface home with targets# 0 (types=[])
05-04 05:26:02.613  1022  1022 W PageIndicator: Total number of pages invalid: 0. Assuming 1 page.
05-04 05:26:02.626   768   819 I system_server: AssetManager2(0x785ef048f1d8) locale list changing from [] to [en-US]
05-04 05:26:02.687   768   819 I system_server: AssetManager2(0x785ef0491a78) locale list changing from [] to [en-US]
05-04 05:26:02.710   768   819 I system_server: AssetManager2(0x785ef048e878) locale list changing from [] to [en-US]
05-04 05:26:04.162   532  4701 D android.hardware.audio@7.1-impl.ranchu: threadLoop: entering standby, frames: 1672256
05-04 05:26:04.162   532  4701 D android.hardware.audio@7.1-impl.ranchu: ~TinyalsaSink: stopping PCM stream
05-04 05:26:04.162   532  4701 D android.hardware.audio@7.1-impl.ranchu: ~TinyalsaSink: joining consumeThread
05-04 05:26:04.162   532  5022 W android.hardware.audio@7.1-impl.ranchu: pcmWrite:259 pcm_writei failed with 'cannot read/write stream data: File descriptor in bad state' (-1)
05-04 05:26:04.162   532  5022 E android.hardware.audio@7.1-impl.ranchu: pcmWrite:260 failure: -1
05-04 05:26:04.162   532  5022 D android.hardware.audio@7.1-impl.ranchu: consumeThread: exiting
05-04 05:26:04.519   768   933 D InetDiagMessage: Destroyed 0 sockets, proto=IPPROTO_TCP, family=AF_INET, states=14
05-04 05:26:04.520   768   933 D InetDiagMessage: Destroyed 0 sockets, proto=IPPROTO_TCP, family=AF_INET6, states=14
05-04 05:26:04.520   768   933 D InetDiagMessage: Destroyed live tcp sockets for uids={10169} in 1ms
05-04 05:26:04.520   768   933 D InetDiagMessage: Destroyed 0 sockets, proto=IPPROTO_TCP, family=AF_INET, states=14
05-04 05:26:04.520   768   933 D InetDiagMessage: Destroyed 0 sockets, proto=IPPROTO_TCP, family=AF_INET6, states=14
05-04 05:26:04.520   768   933 D InetDiagMessage: Destroyed live tcp sockets for uids={20169} in 0ms
05-04 05:26:06.320   768   933 D InetDiagMessage: Destroyed 0 sockets, proto=IPPROTO_TCP, family=AF_INET, states=14
05-04 05:26:06.320   768   933 D InetDiagMessage: Destroyed 0 sockets, proto=IPPROTO_TCP, family=AF_INET6, states=14
05-04 05:26:06.320   768   933 D InetDiagMessage: Destroyed live tcp sockets for uids={10142} in 1ms
05-04 05:26:06.321   768   933 D InetDiagMessage: Destroyed 0 sockets, proto=IPPROTO_TCP, family=AF_INET, states=14
05-04 05:26:06.321   768   933 D InetDiagMessage: Destroyed 0 sockets, proto=IPPROTO_TCP, family=AF_INET6, states=14
05-04 05:26:06.321   768   933 D InetDiagMessage: Destroyed live tcp sockets for uids={20142} in 1ms
05-04 05:26:06.954   768   830 E BluetoothPowerStatsCollector: Cannot acquire BluetoothActivityEnergyInfo
05-04 05:26:06.954   768   830 E BluetoothPowerStatsCollector: java.util.concurrent.ExecutionException: java.lang.RuntimeException: error: 11
05-04 05:26:06.954   768   830 E BluetoothPowerStatsCollector: 	at java.util.concurrent.CompletableFuture.reportGet(CompletableFuture.java:372)
05-04 05:26:06.954   768   830 E BluetoothPowerStatsCollector: 	at java.util.concurrent.CompletableFuture.get(CompletableFuture.java:2072)
05-04 05:26:06.954   768   830 E BluetoothPowerStatsCollector: 	at com.android.server.power.stats.BluetoothPowerStatsCollector.collectBluetoothActivityInfo(BluetoothPowerStatsCollector.java:192)
05-04 05:26:06.954   768   830 E BluetoothPowerStatsCollector: 	at com.android.server.power.stats.BluetoothPowerStatsCollector.collectStats(BluetoothPowerStatsCollector.java:155)
05-04 05:26:06.954   768   830 E BluetoothPowerStatsCollector: 	at com.android.server.power.stats.PowerStatsCollector.collectAndDeliverStats(PowerStatsCollector.java:176)
05-04 05:26:06.954   768   830 E BluetoothPowerStatsCollector: 	at com.android.server.power.stats.PowerStatsCollector$$ExternalSyntheticLambda0.run(R8$$SyntheticClass:0)
05-04 05:26:06.954   768   830 E BluetoothPowerStatsCollector: 	at android.os.Handler.handleCallback(Handler.java:995)
05-04 05:26:06.954   768   830 E BluetoothPowerStatsCollector: 	at android.os.Handler.dispatchMessage(Handler.java:103)
05-04 05:26:06.954   768   830 E BluetoothPowerStatsCollector: 	at android.os.Looper.loopOnce(Looper.java:248)
05-04 05:26:06.954   768   830 E BluetoothPowerStatsCollector: 	at android.os.Looper.loop(Looper.java:338)
05-04 05:26:06.954   768   830 E BluetoothPowerStatsCollector: 	at android.os.HandlerThread.run(HandlerThread.java:85)
05-04 05:26:06.954   768   830 E BluetoothPowerStatsCollector: Caused by: java.lang.RuntimeException: error: 11
05-04 05:26:06.954   768   830 E BluetoothPowerStatsCollector: 	at com.android.server.power.stats.BluetoothPowerStatsCollector$1.onBluetoothActivityEnergyInfoError(BluetoothPowerStatsCollector.java:181)
05-04 05:26:06.954   768   830 E BluetoothPowerStatsCollector: 	at android.bluetooth.BluetoothAdapter$OnBluetoothActivityEnergyInfoProxy.lambda$onBluetoothActivityEnergyInfoAvailable$0(BluetoothAdapter.java:1037)
05-04 05:26:06.954   768   830 E BluetoothPowerStatsCollector: 	at android.bluetooth.BluetoothAdapter$OnBluetoothActivityEnergyInfoProxy$$ExternalSyntheticLambda1.run(D8$$SyntheticClass:0)
05-04 05:26:06.954   768   830 E BluetoothPowerStatsCollector: 	at android.bluetooth.BluetoothUtils.lambda$executeFromBinder$0(BluetoothUtils.java:343)
05-04 05:26:06.954   768   830 E BluetoothPowerStatsCollector: 	at android.bluetooth.BluetoothUtils$$ExternalSyntheticLambda1.run(D8$$SyntheticClass:0)
05-04 05:26:06.954   768   830 E BluetoothPowerStatsCollector: 	at com.android.server.SystemServerInitThreadPool$$ExternalSyntheticLambda0.execute(R8$$SyntheticClass:0)
05-04 05:26:06.954   768   830 E BluetoothPowerStatsCollector: 	at android.bluetooth.BluetoothUtils.executeFromBinder(BluetoothUtils.java:343)
05-04 05:26:06.954   768   830 E BluetoothPowerStatsCollector: 	at android.bluetooth.BluetoothAdapter$OnBluetoothActivityEnergyInfoProxy.onBluetoothActivityEnergyInfoAvailable(BluetoothAdapter.java:1035)
05-04 05:26:06.954   768   830 E BluetoothPowerStatsCollector: 	at android.bluetooth.IBluetoothActivityEnergyInfoListener$Stub.onTransact(IBluetoothActivityEnergyInfoListener.java:98)
05-04 05:26:06.954   768   830 E BluetoothPowerStatsCollector: 	at android.os.Binder.execTransactInternal(Binder.java:1426)
05-04 05:26:06.954   768   830 E BluetoothPowerStatsCollector: 	at android.os.Binder.execTransact(Binder.java:1365)
05-04 05:26:07.183  1146  1307 D SatelliteController: iisInCarrierRoamingNbIotNtn: satellite is disabled
05-04 05:26:07.362   768   819 D OomAdjuster: Not killing cached processes
05-04 05:26:07.582   598   674 I Camera2ClientBase: ~Camera2ClientBase: Client object's dtor for Camera Id 0 completed. Client was: com.ojoclaro.android (PID 4313, UID 10217)
05-04 05:26:07.582   598   674 I Camera3-Device: disconnectImpl: E
05-04 05:26:07.582   598   674 I Camera3DeviceInjectionMethods: injectionDisconnectImpl: Injection camera disconnect
05-04 05:26:07.921  1039  5095 D android.hardware.gnss-service.ranchu: GnssHwConn:workerThread:70
05-04 05:26:07.921  1039  5095 D android.hardware.gnss-service.ranchu: GnssHwListener:consume:87 sz=64
05-04 05:26:07.926  1039  5095 D android.hardware.gnss-service.ranchu: GnssHwListener:consume:87 sz=64
05-04 05:26:07.927  1039  5095 D android.hardware.gnss-service.ranchu: Gnss:onGnssLocationCb:311
05-04 05:26:07.927  1039  5095 D android.hardware.gnss-service.ranchu: Gnss:onGnssLocationCb:321
05-04 05:26:07.927  1039  5095 D android.hardware.gnss-service.ranchu: GnssHwListener:consume:87 sz=64
05-04 05:26:07.928  1039  5095 D android.hardware.gnss-service.ranchu: GnssHwListener:consume:87 sz=64
05-04 05:26:07.928  1039  5095 D android.hardware.gnss-service.ranchu: Gnss:onGnssLocationCb:311
05-04 05:26:07.928  1039  5095 D android.hardware.gnss-service.ranchu: Gnss:onGnssLocationCb:321
05-04 05:26:07.928  1039  5095 D android.hardware.gnss-service.ranchu: GnssHwListener:consume:87 sz=64
05-04 05:26:07.930  1039  5095 D android.hardware.gnss-service.ranchu: GnssHwListener:consume:87 sz=64
05-04 05:26:07.930  1039  5095 D android.hardware.gnss-service.ranchu: Gnss:onGnssLocationCb:311
05-04 05:26:07.930  1039  5095 D android.hardware.gnss-service.ranchu: Gnss:onGnssLocationCb:321
05-04 05:26:07.930  1039  5095 D android.hardware.gnss-service.ranchu: GnssHwListener:consume:87 sz=64
05-04 05:26:07.932  1039  5095 D android.hardware.gnss-service.ranchu: GnssHwListener:consume:87 sz=64
05-04 05:26:07.932  1039  5095 D android.hardware.gnss-service.ranchu: Gnss:onGnssLocationCb:311
05-04 05:26:07.932  1039  5095 D android.hardware.gnss-service.ranchu: Gnss:onGnssLocationCb:321
05-04 05:26:07.932  1039  5095 D android.hardware.gnss-service.ranchu: GnssHwListener:consume:87 sz=64
05-04 05:26:07.933  1039  5095 D android.hardware.gnss-service.ranchu: GnssHwListener:consume:87 sz=64
05-04 05:26:07.933  1039  5095 D android.hardware.gnss-service.ranchu: Gnss:onGnssLocationCb:311
05-04 05:26:07.933  1039  5095 D android.hardware.gnss-service.ranchu: Gnss:onGnssLocationCb:321
05-04 05:26:07.933  1039  5095 D android.hardware.gnss-service.ranchu: GnssHwListener:consume:87 sz=64
05-04 05:26:07.934  1039  5095 D android.hardware.gnss-service.ranchu: GnssHwListener:consume:87 sz=64
05-04 05:26:07.935  1039  5095 D android.hardware.gnss-service.ranchu: Gnss:onGnssLocationCb:311
05-04 05:26:07.935  1039  5095 D android.hardware.gnss-service.ranchu: Gnss:onGnssLocationCb:321
05-04 05:26:07.935  1039  5095 D android.hardware.gnss-service.ranchu: GnssHwListener:consume:87 sz=64
05-04 05:26:07.936  1039  5095 D android.hardware.gnss-service.ranchu: GnssHwListener:consume:87 sz=64
05-04 05:26:07.937  1039  5095 D android.hardware.gnss-service.ranchu: Gnss:onGnssLocationCb:311
05-04 05:26:07.937  1039  5095 D android.hardware.gnss-service.ranchu: Gnss:onGnssLocationCb:321
05-04 05:26:07.937  1039  5095 D android.hardware.gnss-service.ranchu: GnssHwListener:consume:87 sz=64
05-04 05:26:07.938  1039  5095 D android.hardware.gnss-service.ranchu: GnssHwListener:consume:87 sz=64
05-04 05:26:07.939  1039  5095 D android.hardware.gnss-service.ranchu: Gnss:onGnssLocationCb:311
05-04 05:26:07.939  1039  5095 D android.hardware.gnss-service.ranchu: Gnss:onGnssLocationCb:321
05-04 05:26:07.939  1039  5095 D android.hardware.gnss-service.ranchu: GnssHwListener:consume:87 sz=64
05-04 05:26:07.942  1039  5095 D android.hardware.gnss-service.ranchu: GnssHwListener:consume:87 sz=64
05-04 05:26:07.942  1039  5095 D android.hardware.gnss-service.ranchu: Gnss:onGnssLocationCb:311
05-04 05:26:07.942  1039  5095 D android.hardware.gnss-service.ranchu: Gnss:onGnssLocationCb:321
05-04 05:26:07.942  1039  5095 D android.hardware.gnss-service.ranchu: GnssHwListener:consume:87 sz=64
05-04 05:26:07.944  1039  5095 D android.hardware.gnss-service.ranchu: GnssHwListener:consume:87 sz=64
05-04 05:26:07.944  1039  5095 D android.hardware.gnss-service.ranchu: Gnss:onGnssLocationCb:311
05-04 05:26:07.944  1039  5095 D android.hardware.gnss-service.ranchu: Gnss:onGnssLocationCb:321
05-04 05:26:07.944  1039  5095 D android.hardware.gnss-service.ranchu: GnssHwListener:consume:87 sz=64
05-04 05:26:07.946  1039  5095 D android.hardware.gnss-service.ranchu: GnssHwListener:consume:87 sz=64
05-04 05:26:07.946  1039  5095 D android.hardware.gnss-service.ranchu: Gnss:onGnssLocationCb:311
05-04 05:26:07.946  1039  5095 D android.hardware.gnss-service.ranchu: Gnss:onGnssLocationCb:321
05-04 05:26:07.946  1039  5095 D android.hardware.gnss-service.ranchu: GnssHwListener:consume:87 sz=64
05-04 05:26:07.947  1039  5095 D android.hardware.gnss-service.ranchu: GnssHwListener:consume:87 sz=64
05-04 05:26:07.947  1039  5095 D android.hardware.gnss-service.ranchu: Gnss:onGnssLocationCb:311
05-04 05:26:07.947  1039  5095 D android.hardware.gnss-service.ranchu: Gnss:onGnssLocationCb:321
05-04 05:26:07.947  1039  5095 D android.hardware.gnss-service.ranchu: GnssHwListener:consume:87 sz=64
05-04 05:26:07.948  1039  5095 D android.hardware.gnss-service.ranchu: GnssHwListener:consume:87 sz=64
05-04 05:26:07.949  1039  5095 D android.hardware.gnss-service.ranchu: Gnss:onGnssLocationCb:311
05-04 05:26:07.949  1039  5095 D android.hardware.gnss-service.ranchu: Gnss:onGnssLocationCb:321
05-04 05:26:07.949  1039  5095 D android.hardware.gnss-service.ranchu: GnssHwListener:consume:87 sz=64
05-04 05:26:07.949  1039  5095 D android.hardware.gnss-service.ranchu: GnssHwListener:consume:87 sz=64
05-04 05:26:07.949  1039  5095 D android.hardware.gnss-service.ranchu: Gnss:onGnssLocationCb:311
05-04 05:26:07.949  1039  5095 D android.hardware.gnss-service.ranchu: Gnss:onGnssLocationCb:321
05-04 05:26:07.949  1039  5095 D android.hardware.gnss-service.ranchu: GnssHwListener:consume:87 sz=64
05-04 05:26:07.952  1039  5095 D android.hardware.gnss-service.ranchu: GnssHwListener:consume:87 sz=64
05-04 05:26:07.952  1039  5095 D android.hardware.gnss-service.ranchu: Gnss:onGnssLocationCb:311
05-04 05:26:07.952  1039  5095 D android.hardware.gnss-service.ranchu: Gnss:onGnssLocationCb:321
05-04 05:26:07.952  1039  5095 D android.hardware.gnss-service.ranchu: GnssHwListener:consume:87 sz=64
05-04 05:26:07.953  1039  5095 D android.hardware.gnss-service.ranchu: GnssHwListener:consume:87 sz=64
05-04 05:26:07.953  1039  5095 D android.hardware.gnss-service.ranchu: Gnss:onGnssLocationCb:311
05-04 05:26:07.953  1039  5095 D android.hardware.gnss-service.ranchu: Gnss:onGnssLocationCb:321
05-04 05:26:07.953  1039  5095 D android.hardware.gnss-service.ranchu: GnssHwListener:consume:87 sz=64
05-04 05:26:07.953  1039  5095 D android.hardware.gnss-service.ranchu: GnssHwListener:consume:87 sz=64
05-04 05:26:07.954  1039  5095 D android.hardware.gnss-service.ranchu: Gnss:onGnssLocationCb:311
05-04 05:26:07.954  1039  5095 D android.hardware.gnss-service.ranchu: Gnss:onGnssLocationCb:321
05-04 05:26:07.954  1039  5095 D android.hardware.gnss-service.ranchu: GnssHwListener:consume:87 sz=64
05-04 05:26:07.956  1039  5095 D android.hardware.gnss-service.ranchu: GnssHwListener:consume:87 sz=64
05-04 05:26:07.956  1039  5095 D android.hardware.gnss-service.ranchu: Gnss:onGnssLocationCb:311
05-04 05:26:07.956  1039  5095 D android.hardware.gnss-service.ranchu: Gnss:onGnssLocationCb:321
05-04 05:26:07.956  1039  5095 D android.hardware.gnss-service.ranchu: GnssHwListener:consume:87 sz=64
05-04 05:26:07.958  1039  5095 D android.hardware.gnss-service.ranchu: GnssHwListener:consume:87 sz=64
05-04 05:26:07.958  1039  5095 D android.hardware.gnss-service.ranchu: Gnss:onGnssLocationCb:311
05-04 05:26:07.958  1039  5095 D android.hardware.gnss-service.ranchu: Gnss:onGnssLocationCb:321
05-04 05:26:07.958  1039  5095 D android.hardware.gnss-service.ranchu: GnssHwListener:consume:87 sz=64
05-04 05:26:07.960  1039  5095 D android.hardware.gnss-service.ranchu: GnssHwListener:consume:87 sz=64
05-04 05:26:07.960  1039  5095 D android.hardware.gnss-service.ranchu: Gnss:onGnssLocationCb:311
05-04 05:26:07.960  1039  5095 D android.hardware.gnss-service.ranchu: Gnss:onGnssLocationCb:321
05-04 05:26:07.960  1039  5095 D android.hardware.gnss-service.ranchu: GnssHwListener:consume:87 sz=64
05-04 05:26:07.962  1039  5095 D android.hardware.gnss-service.ranchu: GnssHwListener:consume:87 sz=64
05-04 05:26:07.962  1039  5095 D android.hardware.gnss-service.ranchu: Gnss:onGnssLocationCb:311
05-04 05:26:07.962  1039  5095 D android.hardware.gnss-service.ranchu: Gnss:onGnssLocationCb:321
05-04 05:26:07.962  1039  5095 D android.hardware.gnss-service.ranchu: GnssHwListener:consume:87 sz=64
05-04 05:26:07.963  1039  5095 D android.hardware.gnss-service.ranchu: GnssHwListener:consume:87 sz=64
05-04 05:26:07.964  1039  5095 D android.hardware.gnss-service.ranchu: Gnss:onGnssLocationCb:311
05-04 05:26:07.964  1039  5095 D android.hardware.gnss-service.ranchu: Gnss:onGnssLocationCb:321
05-04 05:26:07.964  1039  5095 D android.hardware.gnss-service.ranchu: GnssHwListener:consume:87 sz=64
05-04 05:26:07.965  1039  5095 D android.hardware.gnss-service.ranchu: GnssHwListener:consume:87 sz=64
05-04 05:26:07.965  1039  5095 D android.hardware.gnss-service.ranchu: Gnss:onGnssLocationCb:311
05-04 05:26:07.966  1039  5095 D android.hardware.gnss-service.ranchu: Gnss:onGnssLocationCb:321
05-04 05:26:07.966  1039  5095 D android.hardware.gnss-service.ranchu: GnssHwListener:consume:87 sz=64
05-04 05:26:07.967  1039  5095 D android.hardware.gnss-service.ranchu: GnssHwListener:consume:87 sz=64
05-04 05:26:07.967  1039  5095 D android.hardware.gnss-service.ranchu: Gnss:onGnssLocationCb:311
05-04 05:26:07.967  1039  5095 D android.hardware.gnss-service.ranchu: Gnss:onGnssLocationCb:321
05-04 05:26:07.967  1039  5095 D android.hardware.gnss-service.ranchu: GnssHwListener:consume:87 sz=64
05-04 05:26:07.968  1039  5095 D android.hardware.gnss-service.ranchu: GnssHwListener:consume:87 sz=64
05-04 05:26:07.968  1039  5095 D android.hardware.gnss-service.ranchu: Gnss:onGnssLocationCb:311
05-04 05:26:07.968  1039  5095 D android.hardware.gnss-service.ranchu: Gnss:onGnssLocationCb:321
05-04 05:26:07.968  1039  5095 D android.hardware.gnss-service.ranchu: GnssHwListener:consume:87 sz=64
05-04 05:26:07.969  1039  5095 D android.hardware.gnss-service.ranchu: GnssHwListener:consume:87 sz=64
05-04 05:26:07.969  1039  5095 D android.hardware.gnss-service.ranchu: Gnss:onGnssLocationCb:311
05-04 05:26:07.970  1039  5095 D android.hardware.gnss-service.ranchu: Gnss:onGnssLocationCb:321
05-04 05:26:07.970  1039  5095 D android.hardware.gnss-service.ranchu: GnssHwListener:consume:87 sz=64
05-04 05:26:07.971  1039  5095 D android.hardware.gnss-service.ranchu: GnssHwListener:consume:87 sz=64
05-04 05:26:07.971  1039  5095 D android.hardware.gnss-service.ranchu: Gnss:onGnssLocationCb:311
05-04 05:26:07.971  1039  5095 D android.hardware.gnss-service.ranchu: Gnss:onGnssLocationCb:321
05-04 05:26:07.971  1039  5095 D android.hardware.gnss-service.ranchu: GnssHwListener:consume:87 sz=64
05-04 05:26:07.973  1039  5095 D android.hardware.gnss-service.ranchu: GnssHwListener:consume:87 sz=64
05-04 05:26:07.973  1039  5095 D android.hardware.gnss-service.ranchu: Gnss:onGnssLocationCb:311
05-04 05:26:07.973  1039  5095 D android.hardware.gnss-service.ranchu: Gnss:onGnssLocationCb:321
05-04 05:26:07.973  1039  5095 D android.hardware.gnss-service.ranchu: GnssHwListener:consume:87 sz=64
05-04 05:26:07.975  1039  5095 D android.hardware.gnss-service.ranchu: GnssHwListener:consume:87 sz=64
05-04 05:26:07.975  1039  5095 D android.hardware.gnss-service.ranchu: Gnss:onGnssLocationCb:311
05-04 05:26:07.975  1039  5095 D android.hardware.gnss-service.ranchu: Gnss:onGnssLocationCb:321
05-04 05:26:07.975  1039  5095 D android.hardware.gnss-service.ranchu: GnssHwListener:consume:87 sz=64
05-04 05:26:07.977  1039  5095 D android.hardware.gnss-service.ranchu: GnssHwListener:consume:87 sz=64
05-04 05:26:07.977  1039  5095 D android.hardware.gnss-service.ranchu: Gnss:onGnssLocationCb:311
05-04 05:26:07.977  1039  5095 D android.hardware.gnss-service.ranchu: Gnss:onGnssLocationCb:321
05-04 05:26:07.977  1039  5095 D android.hardware.gnss-service.ranchu: GnssHwListener:consume:87 sz=64
05-04 05:26:07.978  1039  5095 D android.hardware.gnss-service.ranchu: GnssHwListener:consume:87 sz=64
05-04 05:26:07.978  1039  5095 D android.hardware.gnss-service.ranchu: Gnss:onGnssLocationCb:311
05-04 05:26:07.978  1039  5095 D android.hardware.gnss-service.ranchu: Gnss:onGnssLocationCb:321
05-04 05:26:07.978  1039  5095 D android.hardware.gnss-service.ranchu: GnssHwListener:consume:87 sz=64
05-04 05:26:07.981  1039  5095 D android.hardware.gnss-service.ranchu: GnssHwListener:consume:87 sz=64
05-04 05:26:07.981  1039  5095 D android.hardware.gnss-service.ranchu: Gnss:onGnssLocationCb:311
05-04 05:26:07.981  1039  5095 D android.hardware.gnss-service.ranchu: Gnss:onGnssLocationCb:321
05-04 05:26:07.981  1039  5095 D android.hardware.gnss-service.ranchu: GnssHwListener:consume:87 sz=64
05-04 05:26:07.982  1039  5095 D android.hardware.gnss-service.ranchu: GnssHwListener:consume:87 sz=64
05-04 05:26:07.982  1039  5095 D android.hardware.gnss-service.ranchu: Gnss:onGnssLocationCb:311
05-04 05:26:07.982  1039  5095 D android.hardware.gnss-service.ranchu: Gnss:onGnssLocationCb:321
05-04 05:26:07.982  1039  5095 D android.hardware.gnss-service.ranchu: GnssHwListener:consume:87 sz=64
05-04 05:26:07.984  1039  5095 D android.hardware.gnss-service.ranchu: GnssHwListener:consume:87 sz=64
05-04 05:26:07.984  1039  5095 D android.hardware.gnss-service.ranchu: Gnss:onGnssLocationCb:311
05-04 05:26:07.984  1039  5095 D android.hardware.gnss-service.ranchu: Gnss:onGnssLocationCb:321
05-04 05:26:07.984  1039  5095 D android.hardware.gnss-service.ranchu: GnssHwListener:consume:87 sz=64
05-04 05:26:07.985  1039  5095 D android.hardware.gnss-service.ranchu: GnssHwListener:consume:87 sz=64
05-04 05:26:07.985  1039  5095 D android.hardware.gnss-service.ranchu: Gnss:onGnssLocationCb:311
05-04 05:26:07.985  1039  5095 D android.hardware.gnss-service.ranchu: Gnss:onGnssLocationCb:321
05-04 05:26:07.985  1039  5095 D android.hardware.gnss-service.ranchu: GnssHwListener:consume:87 sz=64
05-04 05:26:07.987  1039  5095 D android.hardware.gnss-service.ranchu: GnssHwListener:consume:87 sz=64
05-04 05:26:07.987  1039  5095 D android.hardware.gnss-service.ranchu: Gnss:onGnssLocationCb:311
05-04 05:26:07.987  1039  5095 D android.hardware.gnss-service.ranchu: Gnss:onGnssLocationCb:321
05-04 05:26:07.987  1039  5095 D android.hardware.gnss-service.ranchu: GnssHwListener:consume:87 sz=64
05-04 05:26:07.990  1039  5095 D android.hardware.gnss-service.ranchu: GnssHwListener:consume:87 sz=64
05-04 05:26:07.990  1039  5095 D android.hardware.gnss-service.ranchu: Gnss:onGnssLocationCb:311
05-04 05:26:07.990  1039  5095 D android.hardware.gnss-service.ranchu: Gnss:onGnssLocationCb:321
05-04 05:26:07.990  1039  5095 D android.hardware.gnss-service.ranchu: GnssHwListener:consume:87 sz=64
05-04 05:26:07.993  1039  5095 D android.hardware.gnss-service.ranchu: GnssHwListener:consume:87 sz=64
05-04 05:26:07.993  1039  5095 D android.hardware.gnss-service.ranchu: Gnss:onGnssLocationCb:311
05-04 05:26:07.993  1039  5095 D android.hardware.gnss-service.ranchu: Gnss:onGnssLocationCb:321
05-04 05:26:07.993  1039  5095 D android.hardware.gnss-service.ranchu: GnssHwListener:consume:87 sz=64
05-04 05:26:07.994  1039  5095 D android.hardware.gnss-service.ranchu: GnssHwListener:consume:87 sz=64
05-04 05:26:07.994  1039  5095 D android.hardware.gnss-service.ranchu: Gnss:onGnssLocationCb:311
05-04 05:26:07.994  1039  5095 D android.hardware.gnss-service.ranchu: Gnss:onGnssLocationCb:321
05-04 05:26:07.994  1039  5095 D android.hardware.gnss-service.ranchu: GnssHwListener:consume:87 sz=64
05-04 05:26:07.996  1039  5095 D android.hardware.gnss-service.ranchu: GnssHwListener:consume:87 sz=64
05-04 05:26:07.996  1039  5095 D android.hardware.gnss-service.ranchu: Gnss:onGnssLocationCb:311
05-04 05:26:07.996  1039  5095 D android.hardware.gnss-service.ranchu: Gnss:onGnssLocationCb:321
05-04 05:26:07.996  1039  5095 D android.hardware.gnss-service.ranchu: GnssHwListener:consume:87 sz=64
05-04 05:26:07.997  1039  5095 D android.hardware.gnss-service.ranchu: GnssHwListener:consume:87 sz=64
05-04 05:26:07.997  1039  5095 D android.hardware.gnss-service.ranchu: Gnss:onGnssLocationCb:311
05-04 05:26:07.997  1039  5095 D android.hardware.gnss-service.ranchu: Gnss:onGnssLocationCb:321
05-04 05:26:07.997  1039  5095 D android.hardware.gnss-service.ranchu: GnssHwListener:consume:87 sz=64
05-04 05:26:07.999  1039  5095 D android.hardware.gnss-service.ranchu: GnssHwListener:consume:87 sz=64
05-04 05:26:07.999  1039  5095 D android.hardware.gnss-service.ranchu: Gnss:onGnssLocationCb:311
05-04 05:26:07.999  1039  5095 D android.hardware.gnss-service.ranchu: Gnss:onGnssLocationCb:321
05-04 05:26:07.999  1039  5095 D android.hardware.gnss-service.ranchu: GnssHwListener:consume:87 sz=64
05-04 05:26:08.001  1039  5095 D android.hardware.gnss-service.ranchu: GnssHwListener:consume:87 sz=64
05-04 05:26:08.001  1039  5095 D android.hardware.gnss-service.ranchu: Gnss:onGnssLocationCb:311
05-04 05:26:08.001  1039  5095 D android.hardware.gnss-service.ranchu: Gnss:onGnssLocationCb:321
05-04 05:26:08.001  1039  5095 D android.hardware.gnss-service.ranchu: GnssHwListener:consume:87 sz=64
05-04 05:26:08.005  1039  5095 D android.hardware.gnss-service.ranchu: GnssHwListener:consume:87 sz=64
05-04 05:26:08.005  1039  5095 D android.hardware.gnss-service.ranchu: Gnss:onGnssLocationCb:311
05-04 05:26:08.005  1039  5095 D android.hardware.gnss-service.ranchu: Gnss:onGnssLocationCb:321
05-04 05:26:08.005  1039  5095 D android.hardware.gnss-service.ranchu: GnssHwListener:consume:87 sz=64
05-04 05:26:08.009  1039  5095 D android.hardware.gnss-service.ranchu: GnssHwListener:consume:87 sz=64
05-04 05:26:08.009  1039  5095 D android.hardware.gnss-service.ranchu: Gnss:onGnssLocationCb:311
05-04 05:26:08.009  1039  5095 D android.hardware.gnss-service.ranchu: Gnss:onGnssLocationCb:321
05-04 05:26:08.009  1039  5095 D android.hardware.gnss-service.ranchu: GnssHwListener:consume:87 sz=64
05-04 05:26:08.011  1039  5095 D android.hardware.gnss-service.ranchu: GnssHwListener:consume:87 sz=64
05-04 05:26:08.011  1039  5095 D android.hardware.gnss-service.ranchu: Gnss:onGnssLocationCb:311
05-04 05:26:08.011  1039  5095 D android.hardware.gnss-service.ranchu: Gnss:onGnssLocationCb:321
05-04 05:26:08.011  1039  5095 D android.hardware.gnss-service.ranchu: GnssHwListener:consume:87 sz=64
05-04 05:26:08.013  1039  5095 D android.hardware.gnss-service.ranchu: GnssHwListener:consume:87 sz=64
05-04 05:26:08.013  1039  5095 D android.hardware.gnss-service.ranchu: Gnss:onGnssLocationCb:311
05-04 05:26:08.013  1039  5095 D android.hardware.gnss-service.ranchu: Gnss:onGnssLocationCb:321
05-04 05:26:08.013  1039  5095 D android.hardware.gnss-service.ranchu: GnssHwListener:consume:87 sz=64
05-04 05:26:08.015  1039  5095 D android.hardware.gnss-service.ranchu: GnssHwListener:consume:87 sz=64
05-04 05:26:08.015  1039  5095 D android.hardware.gnss-service.ranchu: Gnss:onGnssLocationCb:311
05-04 05:26:08.015  1039  5095 D android.hardware.gnss-service.ranchu: Gnss:onGnssLocationCb:321
05-04 05:26:08.015  1039  5095 D android.hardware.gnss-service.ranchu: GnssHwListener:consume:87 sz=64
05-04 05:26:08.018  1039  5095 D android.hardware.gnss-service.ranchu: GnssHwListener:consume:87 sz=64
05-04 05:26:08.018  1039  5095 D android.hardware.gnss-service.ranchu: Gnss:onGnssLocationCb:311
05-04 05:26:08.018  1039  5095 D android.hardware.gnss-service.ranchu: Gnss:onGnssLocationCb:321
05-04 05:26:08.018  1039  5095 D android.hardware.gnss-service.ranchu: GnssHwListener:consume:87 sz=64
05-04 05:26:08.020  1039  5095 D android.hardware.gnss-service.ranchu: GnssHwListener:consume:87 sz=64
05-04 05:26:08.020  1039  5095 D android.hardware.gnss-service.ranchu: Gnss:onGnssLocationCb:311
05-04 05:26:08.020  1039  5095 D android.hardware.gnss-service.ranchu: Gnss:onGnssLocationCb:321
05-04 05:26:08.020  1039  5095 D android.hardware.gnss-service.ranchu: GnssHwListener:consume:87 sz=64
05-04 05:26:08.023  1039  5095 D android.hardware.gnss-service.ranchu: GnssHwListener:consume:87 sz=64
05-04 05:26:08.023  1039  5095 D android.hardware.gnss-service.ranchu: Gnss:onGnssLocationCb:311
05-04 05:26:08.023  1039  5095 D android.hardware.gnss-service.ranchu: Gnss:onGnssLocationCb:321
05-04 05:26:08.023  1039  5095 D android.hardware.gnss-service.ranchu: GnssHwListener:consume:87 sz=64
05-04 05:26:08.025  1039  5095 D android.hardware.gnss-service.ranchu: GnssHwListener:consume:87 sz=64
05-04 05:26:08.026  1039  5095 D android.hardware.gnss-service.ranchu: Gnss:onGnssLocationCb:311
05-04 05:26:08.026  1039  5095 D android.hardware.gnss-service.ranchu: Gnss:onGnssLocationCb:321
05-04 05:26:08.026  1039  5095 D android.hardware.gnss-service.ranchu: GnssHwListener:consume:87 sz=64
05-04 05:26:08.028  1039  5095 D android.hardware.gnss-service.ranchu: GnssHwListener:consume:87 sz=64
05-04 05:26:08.028  1039  5095 D android.hardware.gnss-service.ranchu: Gnss:onGnssLocationCb:311
05-04 05:26:08.028  1039  5095 D android.hardware.gnss-service.ranchu: Gnss:onGnssLocationCb:321
05-04 05:26:08.028  1039  5095 D android.hardware.gnss-service.ranchu: GnssHwListener:consume:87 sz=64
05-04 05:26:08.029  1039  5095 D android.hardware.gnss-service.ranchu: GnssHwListener:consume:87 sz=64
05-04 05:26:08.030  1039  5095 D android.hardware.gnss-service.ranchu: Gnss:onGnssLocationCb:311
05-04 05:26:08.030  1039  5095 D android.hardware.gnss-service.ranchu: Gnss:onGnssLocationCb:321
05-04 05:26:08.030  1039  5095 D android.hardware.gnss-service.ranchu: GnssHwListener:consume:87 sz=64
05-04 05:26:08.032  1039  5095 D android.hardware.gnss-service.ranchu: GnssHwListener:consume:87 sz=64
05-04 05:26:08.032  1039  5095 D android.hardware.gnss-service.ranchu: Gnss:onGnssLocationCb:311
05-04 05:26:08.032  1039  5095 D android.hardware.gnss-service.ranchu: Gnss:onGnssLocationCb:321
05-04 05:26:08.032  1039  5095 D android.hardware.gnss-service.ranchu: GnssHwListener:consume:87 sz=64
05-04 05:26:08.035  1039  5095 D android.hardware.gnss-service.ranchu: GnssHwListener:consume:87 sz=64
05-04 05:26:08.035  1039  5095 D android.hardware.gnss-service.ranchu: Gnss:onGnssLocationCb:311
05-04 05:26:08.035  1039  5095 D android.hardware.gnss-service.ranchu: Gnss:onGnssLocationCb:321
05-04 05:26:08.035  1039  5095 D android.hardware.gnss-service.ranchu: GnssHwListener:consume:87 sz=64
05-04 05:26:08.037  1039  5095 D android.hardware.gnss-service.ranchu: GnssHwListener:consume:87 sz=64
05-04 05:26:08.038  1039  5095 D android.hardware.gnss-service.ranchu: Gnss:onGnssLocationCb:311
05-04 05:26:08.038  1039  5095 D android.hardware.gnss-service.ranchu: Gnss:onGnssLocationCb:321
05-04 05:26:08.038  1039  5095 D android.hardware.gnss-service.ranchu: GnssHwListener:consume:87 sz=64
05-04 05:26:08.043  1039  5095 D android.hardware.gnss-service.ranchu: GnssHwListener:consume:87 sz=64
05-04 05:26:08.044  1039  5095 D android.hardware.gnss-service.ranchu: Gnss:onGnssLocationCb:311
05-04 05:26:08.044  1039  5095 D android.hardware.gnss-service.ranchu: Gnss:onGnssLocationCb:321
05-04 05:26:08.044  1039  5095 D android.hardware.gnss-service.ranchu: GnssHwListener:consume:87 sz=64
05-04 05:26:08.045  1039  5095 D android.hardware.gnss-service.ranchu: GnssHwListener:consume:87 sz=64
05-04 05:26:08.045  1039  5095 D android.hardware.gnss-service.ranchu: Gnss:onGnssLocationCb:311
05-04 05:26:08.045  1039  5095 D android.hardware.gnss-service.ranchu: Gnss:onGnssLocationCb:321
05-04 05:26:08.045  1039  5095 D android.hardware.gnss-service.ranchu: GnssHwListener:consume:87 sz=64
05-04 05:26:08.048  1039  5095 D android.hardware.gnss-service.ranchu: GnssHwListener:consume:87 sz=64
05-04 05:26:08.048  1039  5095 D android.hardware.gnss-service.ranchu: Gnss:onGnssLocationCb:311
05-04 05:26:08.048  1039  5095 D android.hardware.gnss-service.ranchu: Gnss:onGnssLocationCb:321
05-04 05:26:08.048  1039  5095 D android.hardware.gnss-service.ranchu: GnssHwListener:consume:87 sz=64
05-04 05:26:08.049  1039  5095 D android.hardware.gnss-service.ranchu: GnssHwListener:consume:87 sz=64
05-04 05:26:08.050  1039  5095 D android.hardware.gnss-service.ranchu: Gnss:onGnssLocationCb:311
05-04 05:26:08.050  1039  5095 D android.hardware.gnss-service.ranchu: Gnss:onGnssLocationCb:321
05-04 05:26:08.050  1039  5095 D android.hardware.gnss-service.ranchu: GnssHwListener:consume:87 sz=64
05-04 05:26:08.052  1039  5095 D android.hardware.gnss-service.ranchu: GnssHwListener:consume:87 sz=64
05-04 05:26:08.052  1039  5095 D android.hardware.gnss-service.ranchu: Gnss:onGnssLocationCb:311
05-04 05:26:08.052  1039  5095 D android.hardware.gnss-service.ranchu: Gnss:onGnssLocationCb:321
05-04 05:26:08.052  1039  5095 D android.hardware.gnss-service.ranchu: GnssHwListener:consume:87 sz=64
05-04 05:26:08.058  1039  5095 D android.hardware.gnss-service.ranchu: GnssHwListener:consume:87 sz=64
05-04 05:26:08.058  1039  5095 D android.hardware.gnss-service.ranchu: Gnss:onGnssLocationCb:311
05-04 05:26:08.058  1039  5095 D android.hardware.gnss-service.ranchu: Gnss:onGnssLocationCb:321
05-04 05:26:08.058  1039  5095 D android.hardware.gnss-service.ranchu: GnssHwListener:consume:87 sz=64
05-04 05:26:08.061  1039  5095 D android.hardware.gnss-service.ranchu: GnssHwListener:consume:87 sz=64
05-04 05:26:08.061  1039  5095 D android.hardware.gnss-service.ranchu: Gnss:onGnssLocationCb:311
05-04 05:26:08.061  1039  5095 D android.hardware.gnss-service.ranchu: Gnss:onGnssLocationCb:321
05-04 05:26:08.061  1039  5095 D android.hardware.gnss-service.ranchu: GnssHwListener:consume:87 sz=64
05-04 05:26:08.062  1039  5095 D android.hardware.gnss-service.ranchu: GnssHwListener:consume:87 sz=64
05-04 05:26:08.062  1039  5095 D android.hardware.gnss-service.ranchu: Gnss:onGnssLocationCb:311
05-04 05:26:08.062  1039  5095 D android.hardware.gnss-service.ranchu: Gnss:onGnssLocationCb:321
05-04 05:26:08.062  1039  5095 D android.hardware.gnss-service.ranchu: GnssHwListener:consume:87 sz=64
05-04 05:26:08.064  1039  5095 D android.hardware.gnss-service.ranchu: GnssHwListener:consume:87 sz=64
05-04 05:26:08.064  1039  5095 D android.hardware.gnss-service.ranchu: Gnss:onGnssLocationCb:311
05-04 05:26:08.064  1039  5095 D android.hardware.gnss-service.ranchu: Gnss:onGnssLocationCb:321
05-04 05:26:08.064  1039  5095 D android.hardware.gnss-service.ranchu: GnssHwListener:consume:87 sz=64
05-04 05:26:08.066  1039  5095 D android.hardware.gnss-service.ranchu: GnssHwListener:consume:87 sz=64
05-04 05:26:08.066  1039  5095 D android.hardware.gnss-service.ranchu: Gnss:onGnssLocationCb:311
05-04 05:26:08.066  1039  5095 D android.hardware.gnss-service.ranchu: Gnss:onGnssLocationCb:321
05-04 05:26:08.066  1039  5095 D android.hardware.gnss-service.ranchu: GnssHwListener:consume:87 sz=64
05-04 05:26:08.068  1039  5095 D android.hardware.gnss-service.ranchu: GnssHwListener:consume:87 sz=64
05-04 05:26:08.069  1039  5095 D android.hardware.gnss-service.ranchu: Gnss:onGnssLocationCb:311
05-04 05:26:08.069  1039  5095 D android.hardware.gnss-service.ranchu: Gnss:onGnssLocationCb:321
05-04 05:26:08.069  1039  5095 D android.hardware.gnss-service.ranchu: GnssHwListener:consume:87 sz=64
05-04 05:26:08.070  1039  5095 D android.hardware.gnss-service.ranchu: GnssHwListener:consume:87 sz=64
05-04 05:26:08.070  1039  5095 D android.hardware.gnss-service.ranchu: Gnss:onGnssLocationCb:311
05-04 05:26:08.070  1039  5095 D android.hardware.gnss-service.ranchu: Gnss:onGnssLocationCb:321
05-04 05:26:08.070  1039  5095 D android.hardware.gnss-service.ranchu: GnssHwListener:consume:87 sz=64
05-04 05:26:08.072  1039  5095 D android.hardware.gnss-service.ranchu: GnssHwListener:consume:87 sz=64
05-04 05:26:08.072  1039  5095 D android.hardware.gnss-service.ranchu: Gnss:onGnssLocationCb:311
05-04 05:26:08.072  1039  5095 D android.hardware.gnss-service.ranchu: Gnss:onGnssLocationCb:321
05-04 05:26:08.072  1039  5095 D android.hardware.gnss-service.ranchu: GnssHwListener:consume:87 sz=64
05-04 05:26:08.074  1039  5095 D android.hardware.gnss-service.ranchu: GnssHwListener:consume:87 sz=64
05-04 05:26:08.074  1039  5095 D android.hardware.gnss-service.ranchu: Gnss:onGnssLocationCb:311
05-04 05:26:08.074  1039  5095 D android.hardware.gnss-service.ranchu: Gnss:onGnssLocationCb:321
05-04 05:26:08.074  1039  5095 D android.hardware.gnss-service.ranchu: GnssHwListener:consume:87 sz=64
05-04 05:26:08.078  1039  5095 D android.hardware.gnss-service.ranchu: GnssHwListener:consume:87 sz=64
05-04 05:26:08.078  1039  5095 D android.hardware.gnss-service.ranchu: Gnss:onGnssLocationCb:311
05-04 05:26:08.078  1039  5095 D android.hardware.gnss-service.ranchu: Gnss:onGnssLocationCb:321
05-04 05:26:08.078  1039  5095 D android.hardware.gnss-service.ranchu: GnssHwListener:consume:87 sz=64
05-04 05:26:08.080  1039  5095 D android.hardware.gnss-service.ranchu: GnssHwListener:consume:87 sz=64
05-04 05:26:08.080  1039  5095 D android.hardware.gnss-service.ranchu: Gnss:onGnssLocationCb:311
05-04 05:26:08.080  1039  5095 D android.hardware.gnss-service.ranchu: Gnss:onGnssLocationCb:321
05-04 05:26:08.080  1039  5095 D android.hardware.gnss-service.ranchu: GnssHwListener:consume:87 sz=64
05-04 05:26:08.082  1039  5095 D android.hardware.gnss-service.ranchu: GnssHwListener:consume:87 sz=64
05-04 05:26:08.082  1039  5095 D android.hardware.gnss-service.ranchu: Gnss:onGnssLocationCb:311
05-04 05:26:08.082  1039  5095 D android.hardware.gnss-service.ranchu: Gnss:onGnssLocationCb:321
05-04 05:26:08.082  1039  5095 D android.hardware.gnss-service.ranchu: GnssHwListener:consume:87 sz=64
05-04 05:26:08.084  1039  5095 D android.hardware.gnss-service.ranchu: GnssHwListener:consume:87 sz=64
05-04 05:26:08.084  1039  5095 D android.hardware.gnss-service.ranchu: Gnss:onGnssLocationCb:311
05-04 05:26:08.084  1039  5095 D android.hardware.gnss-service.ranchu: Gnss:onGnssLocationCb:321
05-04 05:26:08.084  1039  5095 D android.hardware.gnss-service.ranchu: GnssHwListener:consume:87 sz=64
05-04 05:26:08.089  1039  5095 D android.hardware.gnss-service.ranchu: GnssHwListener:consume:87 sz=64
05-04 05:26:08.089  1039  5095 D android.hardware.gnss-service.ranchu: Gnss:onGnssLocationCb:311
