05-05 00:07:03.916  6370  6370 I AconfigPackage: android.nfc is mapped to system
05-05 00:07:03.916  6370  6370 I AconfigPackage: android.permission.flags is mapped to system
05-05 00:07:03.916  6370  6370 I AconfigPackage: android.service.voice.flags is mapped to system
05-05 00:07:03.916  6370  6370 I AconfigPackage: android.content.pm is mapped to system
05-05 00:07:03.916  6370  6370 I AconfigPackage: com.android.server.power.hint is mapped to system
05-05 00:07:03.916  6370  6370 I AconfigPackage: android.os is mapped to system
05-05 00:07:03.916  6370  6370 I AconfigPackage: android.service.dreams is mapped to system
05-05 00:07:03.916  6370  6370 I AconfigPackage: com.android.graphics.libgui.flags is mapped to system
05-05 00:07:03.916  6370  6370 I AconfigPackage: android.hardware.usb.flags is mapped to system
05-05 00:07:03.916  6370  6370 I AconfigPackage: android.provider is mapped to system
05-05 00:07:03.916  6370  6370 I AconfigPackage: com.android.server.job is mapped to system
05-05 00:07:03.916  6370  6370 I AconfigPackage: com.android.internal.foldables.flags is mapped to system
05-05 00:07:03.916  6370  6370 I AconfigPackage: com.android.internal.telephony.flags is mapped to system
05-05 00:07:03.916  6370  6370 I AconfigPackage: android.webkit is mapped to system
05-05 00:07:03.916  6370  6370 I AconfigPackage: android.credentials.flags is mapped to system
05-05 00:07:03.916  6370  6370 I AconfigPackage: com.android.server.display.feature.flags is mapped to system
05-05 00:07:03.916  6370  6370 I AconfigPackage: com.android.server.notification is mapped to system
05-05 00:07:03.916  6370  6370 I AconfigPackage: android.appwidget.flags is mapped to system
05-05 00:07:03.916  6370  6370 I AconfigPackage: com.android.frameworks.sensorservice.flags is mapped to system
05-05 00:07:03.916  6370  6370 I AconfigPackage: com.android.printspooler.flags is mapped to system
05-05 00:07:03.916  6370  6370 I AconfigPackage: com.android.window.flags is mapped to system
05-05 00:07:03.916  6370  6370 I AconfigPackage: android.adaptiveauth is mapped to system
05-05 00:07:03.916  6370  6370 I AconfigPackage: android.net.wifi.flags is mapped to system
05-05 00:07:03.916  6370  6370 I AconfigPackage: android.media.tv.flags is mapped to system
05-05 00:07:03.916  6370  6370 I AconfigPackage: com.android.server.usb.flags is mapped to system
05-05 00:07:03.916  6370  6370 I AconfigPackage: android.os.vibrator is mapped to system
05-05 00:07:03.916  6370  6370 I AconfigPackage: android.hardware.devicestate.feature.flags is mapped to system
05-05 00:07:03.916  6370  6370 I AconfigPackage: com.android.server.usage is mapped to system
05-05 00:07:03.916  6370  6370 I AconfigPackage: android.server is mapped to system
05-05 00:07:03.917  6370  6370 I AconfigPackage: com.android.wm.shell is mapped to system
05-05 00:07:03.917  6370  6370 I AconfigPackage: android.view.inputmethod is mapped to system
05-05 00:07:03.917  6370  6370 I AconfigPackage: com.android.graphics.hwui.flags is mapped to system
05-05 00:07:03.917  6370  6370 I AconfigPackage: com.android.server.backup is mapped to system
05-05 00:07:03.917  6370  6370 I AconfigPackage: com.android.internal.pm.pkg.component.flags is mapped to system
05-05 00:07:03.917  6370  6370 I AconfigPackage: android.view.accessibility is mapped to system
05-05 00:07:03.917  6370  6370 I AconfigPackage: com.google.wear.sdk is mapped to system
05-05 00:07:03.917  6370  6370 I AconfigPackage: android.media.audio is mapped to system
05-05 00:07:03.917  6370  6370 I AconfigPackage: com.android.server.am is mapped to system
05-05 00:07:03.917  6370  6370 I AconfigPackage: com.android.media.playback.flags is mapped to system
05-05 00:07:03.917  6370  6370 I AconfigPackage: com.android.art.flags is mapped to com.android.art
05-05 00:07:03.917  6370  6370 I AconfigPackage: com.android.libcore is mapped to com.android.art
05-05 00:07:03.917  6370  6370 I AconfigPackage: com.android.media.extractor.flags is mapped to com.android.media
05-05 00:07:03.917  6370  6370 I AconfigPackage: com.android.media.mainline.flags is mapped to com.android.media
05-05 00:07:03.917  6370  6370 I AconfigPackage: com.android.wifi.flags is mapped to com.android.wifi
05-05 00:07:03.918  6370  6370 I AconfigPackage: com.android.org.conscrypt.flags is mapped to com.android.conscrypt
05-05 00:07:03.918  6370  6370 I AconfigPackage: com.android.healthfitness.flags is mapped to com.android.healthfitness
05-05 00:07:03.918  6370  6370 I AconfigPackage: com.google.android.input.twoshay.flags is mapped to vendor
05-05 00:07:03.918  6370  6370 I AconfigPackage: libgooglecamerahal.flags is mapped to vendor
05-05 00:07:03.918  6370  6370 I AconfigPackage: com.android.ipsec.flags is mapped to com.android.ipsec
05-05 00:07:03.918  6370  6370 I AconfigPackage: com.android.nfc.module.flags is mapped to com.android.nfcservices
05-05 00:07:03.918  6370  6370 I AconfigPackage: com.android.adservices.ondevicepersonalization.flags is mapped to com.android.ondevicepersonalization
05-05 00:07:03.919  6370  6370 I AconfigPackage: com.android.bluetooth.flags is mapped to com.android.bt
05-05 00:07:03.919  6370  6370 I AconfigPackage: com.android.devicelock.flags is mapped to com.android.devicelock
05-05 00:07:03.919  6370  6370 I AconfigPackage: android.os.profiling is mapped to com.android.profiling
05-05 00:07:03.919  6370  6370 I AconfigPackage: com.android.os.statsd.flags is mapped to com.android.os.statsd
05-05 00:07:03.919  6370  6370 I AconfigPackage: com.android.cellbroadcastreceiver.flags is mapped to com.android.cellbroadcast
05-05 00:07:03.920  6370  6370 I AconfigPackage: com.android.adservices.flags is mapped to com.android.adservices
05-05 00:07:03.920  6370  6370 I AconfigPackage: com.android.sdksandbox.flags is mapped to com.android.adservices
05-05 00:07:03.920  6370  6370 I AconfigPackage: com.android.uwb.flags is mapped to com.android.uwb
05-05 00:07:03.920  6370  6370 I AconfigPackage: com.android.ranging.flags is mapped to com.android.uwb
05-05 00:07:03.920  6370  6370 I AconfigPackage: android.graphics.pdf.flags is mapped to com.android.mediaprovider
05-05 00:07:03.920  6370  6370 I AconfigPackage: com.android.providers.media.flags is mapped to com.android.mediaprovider
05-05 00:07:03.920  6370  6370 I AconfigPackage: android.graphics.pdf.flags.readonly is mapped to com.android.mediaprovider
05-05 00:07:03.920  6370  6370 I AconfigPackage: com.android.net.ct.flags is mapped to com.android.tethering
05-05 00:07:03.920  6370  6370 I AconfigPackage: com.android.net.flags is mapped to com.android.tethering
05-05 00:07:03.920  6370  6370 I AconfigPackage: android.net.vcn is mapped to com.android.tethering
05-05 00:07:03.920  6370  6370 I AconfigPackage: com.android.nearby.flags is mapped to com.android.tethering
05-05 00:07:03.920  6370  6370 I AconfigPackage: android.net.http is mapped to com.android.tethering
05-05 00:07:03.920  6370  6370 I AconfigPackage: com.android.net.thread.flags is mapped to com.android.tethering
05-05 00:07:03.921  6370  6370 I AconfigPackage: com.android.system.virtualmachine.flags is mapped to com.android.virt
05-05 00:07:03.921  6370  6370 E FeatureFlagsImplExport: android.os.flagging.AconfigStorageReadException: ERROR_PACKAGE_NOT_FOUND: package android.xr cannot be found on the device
05-05 00:07:03.923  6370  6370 D UiAutomationConnection: Created on user UserHandle{0}
05-05 00:07:03.923  6370  6370 I UiAutomation: Initialized for user 0 on display 0
05-05 00:07:03.923  6370  6370 W UiAutomation: Created with deprecatead constructor, assumes DEFAULT_DISPLAY
05-05 00:07:03.924   738   781 D AccessibilityManagerService: changeCurrentUserForTestAutomationIfNeededLocked(0): ignoring because device doesn't support visible background users
05-05 00:07:03.925   738   781 I UiAutomationManager: Registering UiTestAutomationService (id=com.android.server.accessibility/UiAutomation, flags=0x0) when called by user 0
05-05 00:07:03.925   738   781 V AccessibilityManagerService: onUserStateChangedLocked for userId: 0, forceUpdate: false
05-05 00:07:03.926   738   781 W MagnificationConnectionManager: requestConnection duplicated request: connect=false, mConnectionState=DISCONNECTED
05-05 00:07:03.926  1677  1690 I AiAiEcho: Settings changed for uri: content://settings/secure/accessibility_enabled
05-05 00:07:03.927  1677  2066 I AiAiEcho: Predicting[0]:  [CONTEXT sampling_count=5 ]
05-05 00:07:03.927  1677  2066 I AiAiEcho: EchoTargets: 
05-05 00:07:03.927  1677  2066 I AiAiEcho: Filtered by AiAi flag check: 
05-05 00:07:03.927  1677  2066 I AiAiEcho: [CONTEXT ratelimit_period="10 SECONDS" ]
05-05 00:07:03.927  1677  2066 I AiAiEcho: #remoteViewsTwiddler: feature disabled.
05-05 00:07:03.927  1677  2066 I AiAiEcho: Predicting[0]:  [CONTEXT sampling_count=5 ]
05-05 00:07:03.927   738   738 W IPCThreadState: Sending oneway calls to frozen process.
05-05 00:07:03.927  1677  2066 I AiAiEcho: EchoTargets: 
05-05 00:07:03.927  1677  2066 I AiAiEcho: Filtered by AiAi flag check: 
05-05 00:07:03.927  1677  2066 I AiAiEcho: [CONTEXT ratelimit_period="10 SECONDS" ]
05-05 00:07:03.927   738   738 W IPCThreadState: Sending oneway calls to frozen process.
05-05 00:07:03.928   738   738 W IPCThreadState: Sending oneway calls to frozen process.
05-05 00:07:03.928  1677  2066 I AiAiEcho: #remoteViewsTwiddler: feature disabled.
05-05 00:07:03.928  1677  2066 I AiAiEcho: #postPredictionTargets: Sending updates to UISurface lockscreen with targets# 0 (types=[])
05-05 00:07:03.928   738   738 W IPCThreadState: Sending oneway calls to frozen process.
05-05 00:07:03.928   738   738 W IPCThreadState: Sending oneway calls to frozen process.
05-05 00:07:03.928  1677  2066 I AiAiEcho: #postPredictionTargets: Sending updates to UISurface home with targets# 0 (types=[])
05-05 00:07:03.929   998   998 W PageIndicator: Total number of pages invalid: 0. Assuming 1 page.
05-05 00:07:03.929   738   738 W IPCThreadState: Sending oneway calls to frozen process.
05-05 00:07:03.929   738   738 W IPCThreadState: Sending oneway calls to frozen process.
05-05 00:07:03.929   738   738 W IPCThreadState: Sending oneway calls to frozen process.
05-05 00:07:03.929   738   738 W IPCThreadState: Sending oneway calls to frozen process.
05-05 00:07:03.930  1124  1124 D SsBaseTemplateCard: No text view can be set up
05-05 00:07:03.930  1124  1124 D SsBaseTemplateCard: Passed-in item info is null
05-05 00:07:03.930  1124  1124 D SsBaseTemplateCard: Passed-in item info is null
05-05 00:07:03.930   738   781 V AccessibilityManagerService: onUserStateChangedLocked for userId: 0, forceUpdate: false
05-05 00:07:03.930  1124  1124 D SsBaseTemplateCard: Passed-in item info is null
05-05 00:07:03.930  1124  1124 I SsBaseTemplateCard: Secondary card pane is null
05-05 00:07:03.930   738   738 W IPCThreadState: Sending oneway calls to frozen process.
05-05 00:07:03.930   738   781 W MagnificationConnectionManager: requestConnection duplicated request: connect=false, mConnectionState=DISCONNECTED
05-05 00:07:03.931  1677  1690 I AiAiEcho: Settings changed for uri: content://settings/secure/accessibility_enabled
05-05 00:07:03.931   738   738 W IPCThreadState: Sending oneway calls to frozen process.
05-05 00:07:03.931   738   738 W IPCThreadState: Sending oneway calls to frozen process.
05-05 00:07:03.931   738   738 W IPCThreadState: Sending oneway calls to frozen process.
05-05 00:07:03.931  1677  2066 I AiAiEcho: Predicting[0]:  [CONTEXT sampling_count=5 ]
05-05 00:07:03.931  1677  2066 I AiAiEcho: EchoTargets: 
05-05 00:07:03.931  1677  2066 I AiAiEcho: Filtered by AiAi flag check: 
05-05 00:07:03.931  1677  2066 I AiAiEcho: [CONTEXT ratelimit_period="10 SECONDS" ]
05-05 00:07:03.931   738   738 W IPCThreadState: Sending oneway calls to frozen process.
05-05 00:07:03.931   738   738 W IPCThreadState: Sending oneway calls to frozen process.
05-05 00:07:03.932  1677  2066 I AiAiEcho: #remoteViewsTwiddler: feature disabled.
05-05 00:07:03.932  1677  2066 I AiAiEcho: Predicting[0]:  [CONTEXT sampling_count=5 ]
05-05 00:07:03.932  1677  2066 I AiAiEcho: EchoTargets: 
05-05 00:07:03.932  1677  2066 I AiAiEcho: Filtered by AiAi flag check: 
05-05 00:07:03.932  1677  2066 I AiAiEcho: [CONTEXT ratelimit_period="10 SECONDS" ]
05-05 00:07:03.932   738   738 W IPCThreadState: Sending oneway calls to frozen process.
05-05 00:07:03.932  1677  2066 I AiAiEcho: #remoteViewsTwiddler: feature disabled.
05-05 00:07:03.932   738   738 W IPCThreadState: Sending oneway calls to frozen process.
05-05 00:07:03.932   738   738 W IPCThreadState: Sending oneway calls to frozen process.
05-05 00:07:03.932  1677  2066 I AiAiEcho: #postPredictionTargets: Sending updates to UISurface lockscreen with targets# 0 (types=[])
05-05 00:07:03.933   738   738 W IPCThreadState: Sending oneway calls to frozen process.
05-05 00:07:03.933   738   738 W IPCThreadState: Sending oneway calls to frozen process.
05-05 00:07:03.933  1677  2066 I AiAiEcho: #postPredictionTargets: Sending updates to UISurface home with targets# 0 (types=[])
05-05 00:07:03.933   738   738 W IPCThreadState: Sending oneway calls to frozen process.
05-05 00:07:03.933   738   738 W IPCThreadState: Sending oneway calls to frozen process.
05-05 00:07:03.933   738   738 W IPCThreadState: Sending oneway calls to frozen process.
05-05 00:07:03.933   738   738 W IPCThreadState: Sending oneway calls to frozen process.
05-05 00:07:03.933   738   738 W IPCThreadState: Sending oneway calls to frozen process.
05-05 00:07:03.933   738   738 D BatterySaverPolicy: accessibility changed to true, updating policy.
05-05 00:07:03.938  1124  1124 D SsBaseTemplateCard: No text view can be set up
05-05 00:07:03.938  1124  1124 D SsBaseTemplateCard: Passed-in item info is null
05-05 00:07:03.938  1124  1124 D SsBaseTemplateCard: Passed-in item info is null
05-05 00:07:03.938  1124  1124 D SsBaseTemplateCard: Passed-in item info is null
05-05 00:07:03.938  1124  1124 I SsBaseTemplateCard: Secondary card pane is null
05-05 00:07:03.938   998   998 W PageIndicator: Total number of pages invalid: 0. Assuming 1 page.
05-05 00:07:04.377   564   668 D AudioFlinger: mixer(0x7b37ef4a3770) throttle end: throttle time(17)
05-05 00:07:04.943  1626  1813 W MediaProvider: isAppCloneUserPair for user 0: false
05-05 00:07:04.955  6370  6370 W AccessibilityNodeInfoDumper: Fetch time: 14ms
05-05 00:07:04.957   738   781 V AccessibilityManagerService: onUserStateChangedLocked for userId: 0, forceUpdate: false
05-05 00:07:04.959  1677  1690 I AiAiEcho: Settings changed for uri: content://settings/secure/accessibility_enabled
05-05 00:07:04.959   738   781 W MagnificationConnectionManager: requestConnection duplicated request: connect=false, mConnectionState=DISCONNECTED
05-05 00:07:04.959   738   781 D AccessibilityManagerService: restoreCurrentUserForTestAutomationIfNeededLocked(): ignoring because device doesn't support visible background users
05-05 00:07:04.960  1677  2066 I AiAiEcho: Predicting[0]:  [CONTEXT sampling_count=5 ]
05-05 00:07:04.960   738   738 W IPCThreadState: Sending oneway calls to frozen process.
05-05 00:07:04.960  1677  2066 I AiAiEcho: EchoTargets: 
05-05 00:07:04.960  1677  2066 I AiAiEcho: Filtered by AiAi flag check: 
05-05 00:07:04.960  1677  2066 I AiAiEcho: [CONTEXT ratelimit_period="10 SECONDS" ]
05-05 00:07:04.960   738   738 W IPCThreadState: Sending oneway calls to frozen process.
05-05 00:07:04.961   738   738 W IPCThreadState: Sending oneway calls to frozen process.
05-05 00:07:04.961  1677  2066 I AiAiEcho: #remoteViewsTwiddler: feature disabled.
05-05 00:07:04.961  1677  2066 I AiAiEcho: Predicting[0]:  [CONTEXT sampling_count=5 ]
05-05 00:07:04.961  1677  2066 I AiAiEcho: EchoTargets: 
05-05 00:07:04.961  1677  2066 I AiAiEcho: Filtered by AiAi flag check: 
05-05 00:07:04.961  1677  2066 I AiAiEcho: [CONTEXT ratelimit_period="10 SECONDS" ]
05-05 00:07:04.961   738   738 W IPCThreadState: Sending oneway calls to frozen process.
05-05 00:07:04.962  6370  6370 D AndroidRuntime: Shutting down VM
05-05 00:07:04.962   738   738 W IPCThreadState: Sending oneway calls to frozen process.
05-05 00:07:04.962   738   738 W IPCThreadState: Sending oneway calls to frozen process.
05-05 00:07:04.962   738   738 W IPCThreadState: Sending oneway calls to frozen process.
05-05 00:07:04.962  1677  2066 I AiAiEcho: #remoteViewsTwiddler: feature disabled.
05-05 00:07:04.962  6370  6380 W IPCThreadState: call to talkWithDriver in joinThreadPool returned error: -9 (Bad file descriptor), FD: -1
05-05 00:07:04.962   738   738 W IPCThreadState: Sending oneway calls to frozen process.
05-05 00:07:04.963  6370  6379 W IPCThreadState: call to talkWithDriver in joinThreadPool returned error: -9 (Bad file descriptor), FD: -1
05-05 00:07:04.963  1677  2066 I AiAiEcho: #postPredictionTargets: Sending updates to UISurface lockscreen with targets# 0 (types=[])
05-05 00:07:04.963   738   738 W IPCThreadState: Sending oneway calls to frozen process.
05-05 00:07:04.963   738   738 W IPCThreadState: Sending oneway calls to frozen process.
05-05 00:07:04.964  1677  2066 I AiAiEcho: #postPredictionTargets: Sending updates to UISurface home with targets# 0 (types=[])
05-05 00:07:04.964   738   738 W IPCThreadState: Sending oneway calls to frozen process.
05-05 00:07:04.964   738   738 W IPCThreadState: Sending oneway calls to frozen process.
05-05 00:07:04.964   738   738 W IPCThreadState: Sending oneway calls to frozen process.
05-05 00:07:04.964   738   738 W IPCThreadState: Sending oneway calls to frozen process.
05-05 00:07:04.965   738   738 W IPCThreadState: Sending oneway calls to frozen process.
05-05 00:07:04.965   738   738 D BatterySaverPolicy: accessibility changed to false, updating policy.
05-05 00:07:04.967  1124  1124 D SsBaseTemplateCard: No text view can be set up
05-05 00:07:04.967  1124  1124 D SsBaseTemplateCard: Passed-in item info is null
05-05 00:07:04.967  1124  1124 D SsBaseTemplateCard: Passed-in item info is null
05-05 00:07:04.967  1124  1124 D SsBaseTemplateCard: Passed-in item info is null
05-05 00:07:04.967  1124  1124 I SsBaseTemplateCard: Secondary card pane is null
05-05 00:07:04.969   998   998 W PageIndicator: Total number of pages invalid: 0. Assuming 1 page.
05-05 00:07:05.038   738  3831 D ActivityManager: sync unfroze 1646 com.google.android.gms for 6
05-05 00:07:05.039   738  3831 D ActivityManager: sync unfroze 3981 com.google.android.adservices.api for 6
05-05 00:07:05.044   738  3831 W ProcessStats: Tracking association SourceState{bfb950e com.google.android.gms/10145 ImpBg #3966} whose proc state 6 is better than process ProcessState{5c36db2 com.google.android.adservices.api/10196 pkg=com.google.android.adservices.api} proc state 14 (6 skipped)
05-05 00:07:05.050  1360  5992 I NetworkScheduler.Stats: (REDACTED) Task %s/%s started execution. cause:%s exec_start_elapsed_seconds: %s
05-05 00:07:05.060  1360  6080 I NetworkScheduler.Stats: (REDACTED) Task %s/%s finished executing. cause:%s result: %s elapsed_millis: %s uptime_millis: %s exec_start_elapsed_seconds: %s
05-05 00:07:05.060  1646  6385 I GmscoreIpa: Starting mediastore instant index [CONTEXT service_id=255 ]
05-05 00:07:06.845   592   684 I Camera2ClientBase: ~Camera2ClientBase: Client object's dtor for Camera Id 10 completed. Client was: com.ojoclaro.android (PID 6106, UID 10217)
05-05 00:07:06.845   592   684 I Camera3-Device: disconnectImpl: E
05-05 00:07:06.845   592   684 I Camera3DeviceInjectionMethods: injectionDisconnectImpl: Injection camera disconnect
05-05 00:07:08.077   564   668 D AudioFlinger: mixer(0x7b37ef4a3770) throttle end: throttle time(1)
05-05 00:07:12.345  1350  2960 D AudioTrack: stop(95): called with 326823 frames delivered
05-05 00:07:12.346   738   837 E AppOps  : attributionTag  not declared in manifest of com.google.android.tts
05-05 00:07:13.736  1112  1321 D SatelliteController: iisInCarrierRoamingNbIotNtn: satellite is disabled
05-05 00:07:14.002   738   859 D ActivityManager: freezing 4978 com.android.keychain
05-05 00:07:14.002   738   859 D ActivityManager: freezing 4782 com.android.settings
05-05 00:07:15.027   738   851 D ActivityManager: sync unfroze 5066 com.google.android.apps.photos for 6
05-05 00:07:15.047   738  2041 W JobScheduler: Job didn't exist in JobStore: 8fa0b8a #u0a169/1034 com.google.android.apps.photos/com.google.android.libraries.social.mediamonitor.MediaMonitorJobSchedulerService
05-05 00:07:15.054   738  2041 W UriGrantsManagerService: No permission grants found for com.google.android.apps.photos
05-05 00:07:15.054   738  2041 W UriGrantsManagerService: No permission grants found for com.google.android.apps.photos
05-05 00:07:15.083   738  2041 W UriGrantsManagerService: No permission grants found for com.google.android.apps.photos
05-05 00:07:15.083   738  2041 W UriGrantsManagerService: No permission grants found for com.google.android.apps.photos
05-05 00:07:15.094   738  2041 W UriGrantsManagerService: No permission grants found for com.google.android.apps.photos
05-05 00:07:15.096   738  2041 W UriGrantsManagerService: No permission grants found for com.google.android.apps.photos
05-05 00:07:15.324   529  2252 D android.hardware.audio@7.1-impl.ranchu: threadLoop: entering standby, frames: 8437440
05-05 00:07:15.324   529  2252 D android.hardware.audio@7.1-impl.ranchu: ~TinyalsaSink: stopping PCM stream
05-05 00:07:15.324   529  6367 W android.hardware.audio@7.1-impl.ranchu: pcmWrite:259 pcm_writei failed with 'cannot read/write stream data: File descriptor in bad state' (-1)
05-05 00:07:15.324   529  2252 D android.hardware.audio@7.1-impl.ranchu: ~TinyalsaSink: joining consumeThread
05-05 00:07:15.324   529  6367 E android.hardware.audio@7.1-impl.ranchu: pcmWrite:260 failure: -1
05-05 00:07:15.324   529  6367 D android.hardware.audio@7.1-impl.ranchu: consumeThread: exiting
05-05 00:07:17.088   738   911 D InetDiagMessage: Destroyed 0 sockets, proto=IPPROTO_TCP, family=AF_INET, states=14
05-05 00:07:17.088   738   911 D InetDiagMessage: Destroyed 0 sockets, proto=IPPROTO_TCP, family=AF_INET6, states=14
05-05 00:07:17.088   738   911 D InetDiagMessage: Destroyed live tcp sockets for uids={10196} in 0ms
05-05 00:07:17.088   738   911 D InetDiagMessage: Destroyed 0 sockets, proto=IPPROTO_TCP, family=AF_INET, states=14
05-05 00:07:17.089   738   911 D InetDiagMessage: Destroyed 0 sockets, proto=IPPROTO_TCP, family=AF_INET6, states=14
05-05 00:07:17.089   738   911 D InetDiagMessage: Destroyed live tcp sockets for uids={20196} in 1ms
05-05 00:07:20.062   738   911 D InetDiagMessage: Destroyed 0 sockets, proto=IPPROTO_TCP, family=AF_INET, states=14
05-05 00:07:20.062   738   911 D InetDiagMessage: Destroyed 0 sockets, proto=IPPROTO_TCP, family=AF_INET6, states=14
05-05 00:07:20.062   738   911 D InetDiagMessage: Destroyed live tcp sockets for uids={10169} in 0ms
05-05 00:07:20.062   738   911 D InetDiagMessage: Destroyed 0 sockets, proto=IPPROTO_TCP, family=AF_INET, states=14
05-05 00:07:20.063   738   911 D InetDiagMessage: Destroyed 0 sockets, proto=IPPROTO_TCP, family=AF_INET6, states=14
05-05 00:07:20.063   738   911 D InetDiagMessage: Destroyed live tcp sockets for uids={20169} in 1ms
05-05 00:07:22.117   738   859 D ActivityManager: freezing 1646 com.google.android.gms
05-05 00:07:22.119   738   859 D ActivityManager: freezing 3981 com.google.android.adservices.api
05-05 00:07:22.156   738   911 D InetDiagMessage: Destroyed 0 sockets, proto=IPPROTO_TCP, family=AF_INET, states=14
05-05 00:07:22.156   738   911 D InetDiagMessage: Destroyed 0 sockets, proto=IPPROTO_TCP, family=AF_INET6, states=14
05-05 00:07:22.156   738   911 D InetDiagMessage: Destroyed live tcp sockets for uids={10196} in 0ms
05-05 00:07:23.740  1112  1321 D SatelliteController: iisInCarrierRoamingNbIotNtn: satellite is disabled
05-05 00:07:25.071   738   859 D ActivityManager: freezing 5066 com.google.android.apps.photos
05-05 00:07:25.072   738   911 D InetDiagMessage: Destroyed 0 sockets, proto=IPPROTO_TCP, family=AF_INET, states=14
05-05 00:07:25.073   738   911 D InetDiagMessage: Destroyed 0 sockets, proto=IPPROTO_TCP, family=AF_INET6, states=14
05-05 00:07:25.073   738   911 D InetDiagMessage: Destroyed live tcp sockets for uids={10169} in 1ms
05-05 00:07:33.745  1112  1321 D SatelliteController: iisInCarrierRoamingNbIotNtn: satellite is disabled
05-05 00:07:35.734  6397  6397 D AndroidRuntime: >>>>>> START com.android.internal.os.RuntimeInit uid 2000 <<<<<<
05-05 00:07:35.738  6397  6397 I AndroidRuntime: Using default boot image
05-05 00:07:35.738  6397  6397 I AndroidRuntime: Leaving lock profiling enabled
05-05 00:07:35.740  6397  6397 I app_process: Using CollectorTypeCMC GC.
05-05 00:07:35.803  6397  6397 D nativeloader: InitDefaultPublicLibraries for_preload=1: libandroid.so:libaaudio.so:libamidi.so:libbinder_ndk.so:libc.so:libcamera2ndk.so:libdl.so:libEGL.so:libGLESv1_CM.so:libGLESv2.so:libGLESv3.so:libicu.so:libicui18n.so:libicuuc.so:libjnigraphics.so:liblog.so:libmediandk.so:libm.so:libnativehelper.so:libnativewindow.so:libOpenMAXAL.so:libOpenSLES.so:libRS.so:libstdc++.so:libsync.so:libvulkan.so:libwebviewchromium_plat_support.so:libz.so
05-05 00:07:35.815  6397  6397 D nativeloader: Load libicu_jni.so using APEX ns com_android_art for caller /apex/com.android.art/javalib/core-oj.jar: ok
05-05 00:07:35.815  6397  6397 D app_process: u_setTimeZoneFilesDirectory("/apex/com.android.tzdata/etc/tz/versioned/9/icu") succeeded. 
05-05 00:07:35.815  6397  6397 D app_process: I18n APEX ICU file found: /apex/com.android.i18n/etc/icu/icudt76l.dat
05-05 00:07:35.816  6397  6397 D nativeloader: Load libjavacore.so using APEX ns com_android_art for caller /apex/com.android.art/javalib/core-oj.jar: ok
05-05 00:07:35.817  6397  6397 D nativeloader: Load libopenjdk.so using APEX ns com_android_art for caller /apex/com.android.art/javalib/core-oj.jar: ok
05-05 00:07:35.818  6397  6397 W app_process: Unexpected CPU variant for x86: x86_64.
05-05 00:07:35.818  6397  6397 W app_process: Known variants: atom, sandybridge, silvermont, goldmont, goldmont-plus, goldmont-without-sha-xsaves, tremont, kabylake, alderlake, default
05-05 00:07:35.819  6397  6397 W app_process: ClassLoaderContext shared library size mismatch. Expected=2, found=0 (PCL[]{PCL[/system/framework/android.test.base.jar*2789897741]#PCL[/system/framework/android.test.mock.jar*3361312393]} | PCL[])
05-05 00:07:35.820  6397  6397 W app_process: ClassLoaderContext classpath size mismatch. expected=0, found=1 (PCL[]{PCL[/system/framework/android.test.runner.jar*895143020]#PCL[/system/framework/android.test.base.jar*2789897741]} | PCL[/system/framework/android.test.runner.jar*895143020])
05-05 00:07:35.834  6397  6397 D nativeloader: Load libframework-connectivity-tiramisu-jni.so using APEX ns com_android_tethering for caller /apex/com.android.tethering/javalib/framework-connectivity-t.jar: ok
05-05 00:07:35.835  6397  6397 D AndroidRuntime: Calling main entry com.android.commands.uiautomator.Launcher
05-05 00:07:35.837  6397  6397 I AconfigPackage: android.media.swcodec.flags is mapped to com.android.media.swcodec
05-05 00:07:35.837  6397  6397 I AconfigPackage: com.google.android.settings.simplemode.flags is mapped to system_ext
05-05 00:07:35.837  6397  6397 I AconfigPackage: com.google.android.systemui is mapped to system_ext
05-05 00:07:35.837  6397  6397 I AconfigPackage: com.google.android.apps.nexuslauncher is mapped to system_ext
05-05 00:07:35.837  6397  6397 I AconfigPackage: com.android.settings.accessibility is mapped to system_ext
05-05 00:07:35.837  6397  6397 I AconfigPackage: com.android.settings.flags is mapped to system_ext
05-05 00:07:35.837  6397  6397 I AconfigPackage: com.google.android.apps.miphone.aiai.matchmaker.overview.ui is mapped to system_ext
05-05 00:07:35.837  6397  6397 I AconfigPackage: com.google.android.settings.flags is mapped to system_ext
05-05 00:07:35.837  6397  6397 I AconfigPackage: com.android.launcher3 is mapped to system_ext
05-05 00:07:35.837  6397  6397 I AconfigPackage: com.android.wallpaper is mapped to system_ext
05-05 00:07:35.837  6397  6397 I AconfigPackage: com.android.settings.media_drm is mapped to system_ext
05-05 00:07:35.837  6397  6397 I AconfigPackage: com.android.systemui.accessibility.accessibilitymenu is mapped to system_ext
05-05 00:07:35.837  6397  6397 I AconfigPackage: com.android.settings.keyboard is mapped to system_ext
05-05 00:07:35.837  6397  6397 I AconfigPackage: com.android.server.policy.feature.flags is mapped to system_ext
05-05 00:07:35.837  6397  6397 I AconfigPackage: com.android.settings.factory_reset is mapped to system_ext
05-05 00:07:35.837  6397  6397 I AconfigPackage: com.google.android.haptics.flags is mapped to system_ext
05-05 00:07:35.838  6397  6397 I AconfigPackage: com.android.permission.flags is mapped to com.android.permission
05-05 00:07:35.838  6397  6397 I AconfigPackage: com.android.icu is mapped to com.android.i18n
05-05 00:07:35.838  6397  6397 I AconfigPackage: com.android.appsearch.flags is mapped to com.android.appsearch
05-05 00:07:35.838  6397  6397 I AconfigPackage: android.uprobestats.mainline.flags is mapped to com.android.uprobestats
05-05 00:07:35.838  6397  6397 I AconfigPackage: android.provider.flags is mapped to com.android.configinfrastructure
05-05 00:07:35.838  6397  6397 I AconfigPackage: com.android.server.deviceconfig is mapped to com.android.configinfrastructure
05-05 00:07:35.839  6397  6397 I AconfigPackage: com.android.nfc.flags is mapped to system
05-05 00:07:35.839  6397  6397 I AconfigPackage: android.app.admin.flags is mapped to system
05-05 00:07:35.839  6397  6397 I AconfigPackage: android.database.sqlite is mapped to system
05-05 00:07:35.839  6397  6397 I AconfigPackage: com.android.providers.calendar is mapped to system
05-05 00:07:35.839  6397  6397 I AconfigPackage: com.android.server.power.feature.flags is mapped to system
05-05 00:07:35.839  6397  6397 I AconfigPackage: com.android.media.performance.flags is mapped to system
05-05 00:07:35.839  6397  6397 I AconfigPackage: android.app.contextualsearch.flags is mapped to system
05-05 00:07:35.839  6397  6397 I AconfigPackage: android.app.ondeviceintelligence.flags is mapped to system
05-05 00:07:35.839  6397  6397 I AconfigPackage: com.android.media.projection.flags is mapped to system
05-05 00:07:35.839  6397  6397 I AconfigPackage: android.companion is mapped to system
05-05 00:07:35.839  6397  6397 I AconfigPackage: android.service.controls.flags is mapped to system
05-05 00:07:35.839  6397  6397 I AconfigPackage: com.android.text.flags is mapped to system
05-05 00:07:35.839  6397  6397 I AconfigPackage: com.android.providers.contactkeys.flags is mapped to system
05-05 00:07:35.839  6397  6397 I AconfigPackage: com.android.intentresolver is mapped to system
05-05 00:07:35.839  6397  6397 I AconfigPackage: android.companion.virtualdevice.flags is mapped to system
05-05 00:07:35.839  6397  6397 I AconfigPackage: android.uprobestats.flags is mapped to system
05-05 00:07:35.839  6397  6397 I AconfigPackage: com.android.net.thread.platform.flags is mapped to system
05-05 00:07:35.839  6397  6397 I AconfigPackage: android.view.contentprotection.flags is mapped to system
05-05 00:07:35.839  6397  6397 I AconfigPackage: com.android.server.dreams is mapped to system
05-05 00:07:35.839  6397  6397 I AconfigPackage: com.android.graphics.surfaceflinger.flags is mapped to system
05-05 00:07:35.839  6397  6397 I AconfigPackage: com.android.hardware.input is mapped to system
05-05 00:07:35.839  6397  6397 I AconfigPackage: android.sdk is mapped to system
05-05 00:07:35.839  6397  6397 I AconfigPackage: com.android.input.flags is mapped to system
05-05 00:07:35.839  6397  6397 I AconfigPackage: android.tracing is mapped to system
05-05 00:07:35.839  6397  6397 I AconfigPackage: com.android.server.biometrics is mapped to system
05-05 00:07:35.839  6397  6397 I AconfigPackage: android.view.contentcapture.flags is mapped to system
05-05 00:07:35.839  6397  6397 I AconfigPackage: android.app.job is mapped to system
05-05 00:07:35.839  6397  6397 I AconfigPackage: android.content.res is mapped to system
05-05 00:07:35.839  6397  6397 I AconfigPackage: android.net.platform.flags is mapped to system
05-05 00:07:35.839  6397  6397 I AconfigPackage: com.android.aconfig.flags is mapped to system
05-05 00:07:35.839  6397  6397 I AconfigPackage: com.android.graphics.flags is mapped to system
05-05 00:07:35.839  6397  6397 I AconfigPackage: android.server.app is mapped to system
05-05 00:07:35.839  6397  6397 I AconfigPackage: android.speech.flags is mapped to system
05-05 00:07:35.840  6397  6397 I AconfigPackage: com.android.server.stats is mapped to system
05-05 00:07:35.840  6397  6397 I AconfigPackage: android.hardware.biometrics is mapped to system
05-05 00:07:35.840  6397  6397 I AconfigPackage: android.car.feature is mapped to system
05-05 00:07:35.840  6397  6397 I AconfigPackage: android.adpf is mapped to system
05-05 00:07:35.840  6397  6397 I AconfigPackage: android.location.flags is mapped to system
05-05 00:07:35.840  6397  6397 I AconfigPackage: com.android.settingslib.flags is mapped to system
05-05 00:07:35.840  6397  6397 I AconfigPackage: com.android.managedprovisioning.flags is mapped to system
05-05 00:07:35.840  6397  6397 I AconfigPackage: android.app.assist.flags is mapped to system
05-05 00:07:35.840  6397  6397 I AconfigPackage: com.android.server.net is mapped to system
05-05 00:07:35.840  6397  6397 I AconfigPackage: com.android.settingslib.widget.flags is mapped to system
05-05 00:07:35.840  6397  6397 I AconfigPackage: com.android.internal.camera.flags is mapped to system
05-05 00:07:35.840  6397  6397 I AconfigPackage: com.android.hardware.libsensor.flags is mapped to system
05-05 00:07:35.840  6397  6397 I AconfigPackage: com.android.internal.jank is mapped to system
05-05 00:07:35.840  6397  6397 I AconfigPackage: com.android.providers.settings is mapped to system
05-05 00:07:35.840  6397  6397 I AconfigPackage: android.multiuser is mapped to system
05-05 00:07:35.840  6397  6397 I AconfigPackage: com.android.server.power.optimization is mapped to system
05-05 00:07:35.840  6397  6397 I AconfigPackage: com.android.calllogbackup is mapped to system
05-05 00:07:35.840  6397  6397 I AconfigPackage: com.android.media.flags is mapped to system
05-05 00:07:35.840  6397  6397 I AconfigPackage: com.android.server.flags is mapped to system
05-05 00:07:35.840  6397  6397 I AconfigPackage: com.android.graphics.libvulkan.flags is mapped to system
05-05 00:07:35.840  6397  6397 I AconfigPackage: android.app.appfunctions.flags is mapped to system
05-05 00:07:35.840  6397  6397 I AconfigPackage: android.app.smartspace.flags is mapped to system
05-05 00:07:35.840  6397  6397 I AconfigPackage: com.android.providers.contacts.flags is mapped to system
05-05 00:07:35.840  6397  6397 I AconfigPackage: com.android.shell.flags is mapped to system
05-05 00:07:35.840  6397  6397 I AconfigPackage: com.android.media.aaudio is mapped to system
05-05 00:07:35.840  6397  6397 I AconfigPackage: android.hardware.radio is mapped to system
05-05 00:07:35.840  6397  6397 I AconfigPackage: com.google.wear.services.infra.flags is mapped to system
05-05 00:07:35.840  6397  6397 I AconfigPackage: suspend_service.flags is mapped to system
05-05 00:07:35.840  6397  6397 I AconfigPackage: android.media.midi is mapped to system
05-05 00:07:35.840  6397  6397 I AconfigPackage: com.android.libcore.readonly is mapped to system
05-05 00:07:35.840  6397  6397 I AconfigPackage: com.android.settingslib.widget.selectorwithwidgetpreference.flags is mapped to system
05-05 00:07:35.840  6397  6397 I AconfigPackage: android.service.notification is mapped to system
05-05 00:07:35.840  6397  6397 I AconfigPackage: com.android.systemui.shared is mapped to system
05-05 00:07:35.840  6397  6397 I AconfigPackage: android.app.jank is mapped to system
05-05 00:07:35.840  6397  6397 I AconfigPackage: android.app.wearable is mapped to system
05-05 00:07:35.840  6397  6397 I AconfigPackage: com.android.media.audio is mapped to system
05-05 00:07:35.840  6397  6397 I AconfigPackage: android.service.chooser is mapped to system
05-05 00:07:35.840  6397  6397 I AconfigPackage: com.android.server.compat is mapped to system
05-05 00:07:35.840  6397  6397 I AconfigPackage: com.android.server.alarm is mapped to system
05-05 00:07:35.840  6397  6397 I AconfigPackage: com.android.apex.flags is mapped to system
05-05 00:07:35.841  6397  6397 I AconfigPackage: android.service.quickaccesswallet is mapped to system
05-05 00:07:35.841  6397  6397 I AconfigPackage: android.app.usage is mapped to system
05-05 00:07:35.841  6397  6397 I AconfigPackage: com.android.server.accessibility is mapped to system
05-05 00:07:35.841  6397  6397 I AconfigPackage: android.app.supervision.flags is mapped to system
05-05 00:07:35.841  6397  6397 I AconfigPackage: com.android.server.utils is mapped to system
05-05 00:07:35.841  6397  6397 I AconfigPackage: android.chre.flags is mapped to system
05-05 00:07:35.841  6397  6397 I AconfigPackage: android.content.flags is mapped to system
05-05 00:07:35.841  6397  6397 I AconfigPackage: android.media.codec is mapped to system
05-05 00:07:35.841  6397  6397 I AconfigPackage: com.android.internal.os is mapped to system
05-05 00:07:35.841  6397  6397 I AconfigPackage: com.android.nfc.nci.flags is mapped to system
05-05 00:07:35.841  6397  6397 I AconfigPackage: android.app is mapped to system
05-05 00:07:35.841  6397  6397 I AconfigPackage: android.security.keystore2 is mapped to system
05-05 00:07:35.841  6397  6397 I AconfigPackage: android.crashrecovery.flags is mapped to system
05-05 00:07:35.841  6397  6397 I AconfigPackage: com.android.tradeinmode.flags is mapped to system
05-05 00:07:35.841  6397  6397 I AconfigPackage: android.hardware.flags is mapped to system
05-05 00:07:35.841  6397  6397 I AconfigPackage: com.android.server.telecom.flags is mapped to system
05-05 00:07:35.841  6397  6397 I AconfigPackage: com.android.settingslib.media.flags is mapped to system
05-05 00:07:35.841  6397  6397 I AconfigPackage: com.android.server.policy is mapped to system
05-05 00:07:35.841  6397  6397 I AconfigPackage: android.media.audiopolicy is mapped to system
05-05 00:07:35.841  6397  6397 I AconfigPackage: com.android.egg.flags is mapped to system
05-05 00:07:35.841  6397  6397 I AconfigPackage: com.android.internal.compat.flags is mapped to system
05-05 00:07:35.841  6397  6397 I AconfigPackage: android.security is mapped to system
05-05 00:07:35.841  6397  6397 I AconfigPackage: android.service.autofill is mapped to system
05-05 00:07:35.841  6397  6397 I AconfigPackage: com.example.android.aconfig.demo.flags is mapped to system
05-05 00:07:35.841  6397  6397 I AconfigPackage: android.view.flags is mapped to system
05-05 00:07:35.841  6397  6397 I AconfigPackage: android.companion.virtual.flags is mapped to system
05-05 00:07:35.841  6397  6397 I AconfigPackage: com.android.aconfig_new_storage is mapped to system
05-05 00:07:35.841  6397  6397 I AconfigPackage: com.android.server.feature.flags is mapped to system
05-05 00:07:35.841  6397  6397 I AconfigPackage: com.android.systemui is mapped to system
05-05 00:07:35.841  6397  6397 I AconfigPackage: com.android.server.power.batterysaver is mapped to system
05-05 00:07:35.841  6397  6397 I AconfigPackage: android.widget.flags is mapped to system
05-05 00:07:35.841  6397  6397 I AconfigPackage: com.android.media.editing.flags is mapped to system
05-05 00:07:35.841  6397  6397 I AconfigPackage: com.android.media.codec.flags is mapped to system
05-05 00:07:35.841  6397  6397 I AconfigPackage: com.android.server.powerstats is mapped to system
05-05 00:07:35.842  6397  6397 I AconfigPackage: com.android.graphics.egl.flags is mapped to system
05-05 00:07:35.842  6397  6397 I AconfigPackage: com.android.media.audioserver is mapped to system
05-05 00:07:35.842  6397  6397 I AconfigPackage: com.android.server.deviceidle is mapped to system
05-05 00:07:35.842  6397  6397 I AconfigPackage: android.nfc is mapped to system
05-05 00:07:35.842  6397  6397 I AconfigPackage: android.permission.flags is mapped to system
05-05 00:07:35.842  6397  6397 I AconfigPackage: android.service.voice.flags is mapped to system
05-05 00:07:35.842  6397  6397 I AconfigPackage: android.content.pm is mapped to system
05-05 00:07:35.842  6397  6397 I AconfigPackage: com.android.server.power.hint is mapped to system
05-05 00:07:35.842  6397  6397 I AconfigPackage: android.os is mapped to system
05-05 00:07:35.842  6397  6397 I AconfigPackage: android.service.dreams is mapped to system
05-05 00:07:35.842  6397  6397 I AconfigPackage: com.android.graphics.libgui.flags is mapped to system
05-05 00:07:35.842  6397  6397 I AconfigPackage: android.hardware.usb.flags is mapped to system
05-05 00:07:35.842  6397  6397 I AconfigPackage: android.provider is mapped to system
05-05 00:07:35.842  6397  6397 I AconfigPackage: com.android.server.job is mapped to system
05-05 00:07:35.843  6397  6397 I AconfigPackage: com.android.internal.foldables.flags is mapped to system
05-05 00:07:35.843  6397  6397 I AconfigPackage: com.android.internal.telephony.flags is mapped to system
05-05 00:07:35.843  6397  6397 I AconfigPackage: android.webkit is mapped to system
05-05 00:07:35.843  6397  6397 I AconfigPackage: android.credentials.flags is mapped to system
05-05 00:07:35.843  6397  6397 I AconfigPackage: com.android.server.display.feature.flags is mapped to system
05-05 00:07:35.843  6397  6397 I AconfigPackage: com.android.server.notification is mapped to system
05-05 00:07:35.843  6397  6397 I AconfigPackage: android.appwidget.flags is mapped to system
05-05 00:07:35.843  6397  6397 I AconfigPackage: com.android.frameworks.sensorservice.flags is mapped to system
05-05 00:07:35.843  6397  6397 I AconfigPackage: com.android.printspooler.flags is mapped to system
05-05 00:07:35.843  6397  6397 I AconfigPackage: com.android.window.flags is mapped to system
05-05 00:07:35.843  6397  6397 I AconfigPackage: android.adaptiveauth is mapped to system
05-05 00:07:35.843  6397  6397 I AconfigPackage: android.net.wifi.flags is mapped to system
05-05 00:07:35.843  6397  6397 I AconfigPackage: android.media.tv.flags is mapped to system
05-05 00:07:35.843  6397  6397 I AconfigPackage: com.android.server.usb.flags is mapped to system
05-05 00:07:35.843  6397  6397 I AconfigPackage: android.os.vibrator is mapped to system
05-05 00:07:35.843  6397  6397 I AconfigPackage: android.hardware.devicestate.feature.flags is mapped to system
05-05 00:07:35.843  6397  6397 I AconfigPackage: com.android.server.usage is mapped to system
05-05 00:07:35.843  6397  6397 I AconfigPackage: android.server is mapped to system
05-05 00:07:35.843  6397  6397 I AconfigPackage: com.android.wm.shell is mapped to system
05-05 00:07:35.843  6397  6397 I AconfigPackage: android.view.inputmethod is mapped to system
05-05 00:07:35.843  6397  6397 I AconfigPackage: com.android.graphics.hwui.flags is mapped to system
05-05 00:07:35.843  6397  6397 I AconfigPackage: com.android.server.backup is mapped to system
05-05 00:07:35.843  6397  6397 I AconfigPackage: com.android.internal.pm.pkg.component.flags is mapped to system
05-05 00:07:35.843  6397  6397 I AconfigPackage: android.view.accessibility is mapped to system
05-05 00:07:35.843  6397  6397 I AconfigPackage: com.google.wear.sdk is mapped to system
05-05 00:07:35.843  6397  6397 I AconfigPackage: android.media.audio is mapped to system
05-05 00:07:35.843  6397  6397 I AconfigPackage: com.android.server.am is mapped to system
05-05 00:07:35.843  6397  6397 I AconfigPackage: com.android.media.playback.flags is mapped to system
05-05 00:07:35.843  6397  6397 I AconfigPackage: com.android.art.flags is mapped to com.android.art
05-05 00:07:35.843  6397  6397 I AconfigPackage: com.android.libcore is mapped to com.android.art
05-05 00:07:35.844  6397  6397 I AconfigPackage: com.android.media.extractor.flags is mapped to com.android.media
05-05 00:07:35.844  6397  6397 I AconfigPackage: com.android.media.mainline.flags is mapped to com.android.media
05-05 00:07:35.844  6397  6397 I AconfigPackage: com.android.wifi.flags is mapped to com.android.wifi
05-05 00:07:35.844  6397  6397 I AconfigPackage: com.android.org.conscrypt.flags is mapped to com.android.conscrypt
05-05 00:07:35.844  6397  6397 I AconfigPackage: com.android.healthfitness.flags is mapped to com.android.healthfitness
05-05 00:07:35.844  6397  6397 I AconfigPackage: com.google.android.input.twoshay.flags is mapped to vendor
05-05 00:07:35.844  6397  6397 I AconfigPackage: libgooglecamerahal.flags is mapped to vendor
05-05 00:07:35.845  6397  6397 I AconfigPackage: com.android.ipsec.flags is mapped to com.android.ipsec
05-05 00:07:35.845  6397  6397 I AconfigPackage: com.android.nfc.module.flags is mapped to com.android.nfcservices
05-05 00:07:35.845  6397  6397 I AconfigPackage: com.android.adservices.ondevicepersonalization.flags is mapped to com.android.ondevicepersonalization
05-05 00:07:35.845  6397  6397 I AconfigPackage: com.android.bluetooth.flags is mapped to com.android.bt
05-05 00:07:35.845  6397  6397 I AconfigPackage: com.android.devicelock.flags is mapped to com.android.devicelock
05-05 00:07:35.845  6397  6397 I AconfigPackage: android.os.profiling is mapped to com.android.profiling
05-05 00:07:35.846  6397  6397 I AconfigPackage: com.android.os.statsd.flags is mapped to com.android.os.statsd
05-05 00:07:35.846  6397  6397 I AconfigPackage: com.android.cellbroadcastreceiver.flags is mapped to com.android.cellbroadcast
05-05 00:07:35.846  6397  6397 I AconfigPackage: com.android.adservices.flags is mapped to com.android.adservices
05-05 00:07:35.846  6397  6397 I AconfigPackage: com.android.sdksandbox.flags is mapped to com.android.adservices
05-05 00:07:35.846  6397  6397 I AconfigPackage: com.android.uwb.flags is mapped to com.android.uwb
05-05 00:07:35.846  6397  6397 I AconfigPackage: com.android.ranging.flags is mapped to com.android.uwb
05-05 00:07:35.846  6397  6397 I AconfigPackage: android.graphics.pdf.flags is mapped to com.android.mediaprovider
05-05 00:07:35.847  6397  6397 I AconfigPackage: com.android.providers.media.flags is mapped to com.android.mediaprovider
05-05 00:07:35.847  6397  6397 I AconfigPackage: android.graphics.pdf.flags.readonly is mapped to com.android.mediaprovider
05-05 00:07:35.847  6397  6397 I AconfigPackage: com.android.net.ct.flags is mapped to com.android.tethering
05-05 00:07:35.847  6397  6397 I AconfigPackage: com.android.net.flags is mapped to com.android.tethering
05-05 00:07:35.847  6397  6397 I AconfigPackage: android.net.vcn is mapped to com.android.tethering
05-05 00:07:35.847  6397  6397 I AconfigPackage: com.android.nearby.flags is mapped to com.android.tethering
05-05 00:07:35.847  6397  6397 I AconfigPackage: android.net.http is mapped to com.android.tethering
05-05 00:07:35.847  6397  6397 I AconfigPackage: com.android.net.thread.flags is mapped to com.android.tethering
05-05 00:07:35.847  6397  6397 I AconfigPackage: com.android.system.virtualmachine.flags is mapped to com.android.virt
05-05 00:07:35.847  6397  6397 E FeatureFlagsImplExport: android.os.flagging.AconfigStorageReadException: ERROR_PACKAGE_NOT_FOUND: package android.xr cannot be found on the device
05-05 00:07:35.849  6397  6397 D UiAutomationConnection: Created on user UserHandle{0}
05-05 00:07:35.849  6397  6397 I UiAutomation: Initialized for user 0 on display 0
05-05 00:07:35.849  6397  6397 W UiAutomation: Created with deprecatead constructor, assumes DEFAULT_DISPLAY
05-05 00:07:35.850   738  2041 D AccessibilityManagerService: changeCurrentUserForTestAutomationIfNeededLocked(0): ignoring because device doesn't support visible background users
05-05 00:07:35.850   738  2041 I UiAutomationManager: Registering UiTestAutomationService (id=com.android.server.accessibility/UiAutomation, flags=0x0) when called by user 0
05-05 00:07:35.850   738  2041 V AccessibilityManagerService: onUserStateChangedLocked for userId: 0, forceUpdate: false
05-05 00:07:35.852  1677  2713 I AiAiEcho: Settings changed for uri: content://settings/secure/accessibility_enabled
05-05 00:07:35.852   738  2041 W MagnificationConnectionManager: requestConnection duplicated request: connect=false, mConnectionState=DISCONNECTED
05-05 00:07:35.852  1677  2066 I AiAiEcho: Predicting[0]:  [CONTEXT sampling_count=5 ]
05-05 00:07:35.852  1677  2066 I AiAiEcho: EchoTargets: 
05-05 00:07:35.852  1677  2066 I AiAiEcho: Filtered by AiAi flag check: 
05-05 00:07:35.852  1677  2066 I AiAiEcho: [CONTEXT ratelimit_period="10 SECONDS" ]
05-05 00:07:35.853  1677  2066 I AiAiEcho: #remoteViewsTwiddler: feature disabled.
05-05 00:07:35.853  1677  2066 I AiAiEcho: Predicting[0]:  [CONTEXT sampling_count=5 ]
05-05 00:07:35.854   738   738 W IPCThreadState: Sending oneway calls to frozen process.
05-05 00:07:35.854  1677  2066 I AiAiEcho: EchoTargets: 
05-05 00:07:35.854  1677  2066 I AiAiEcho: Filtered by AiAi flag check: 
05-05 00:07:35.854  1677  2066 I AiAiEcho: [CONTEXT ratelimit_period="10 SECONDS" ]
05-05 00:07:35.854   738   738 W IPCThreadState: Sending oneway calls to frozen process.
05-05 00:07:35.854   738   738 W IPCThreadState: Sending oneway calls to frozen process.
05-05 00:07:35.854  1677  2066 I AiAiEcho: #remoteViewsTwiddler: feature disabled.
05-05 00:07:35.854   738   738 W IPCThreadState: Sending oneway calls to frozen process.
05-05 00:07:35.854  1677  2066 I AiAiEcho: #postPredictionTargets: Sending updates to UISurface lockscreen with targets# 0 (types=[])
05-05 00:07:35.854   738   738 W IPCThreadState: Sending oneway calls to frozen process.
05-05 00:07:35.854   738   738 W IPCThreadState: Sending oneway calls to frozen process.
