05-05 00:05:53.119  1360  1360 D BoundBrokerSvc: onUnbind: Intent { act=com.google.android.gms.common.telemetry.service.START dat=chimera-action:/... xflg=0x4 cmp=com.google.android.gms/.chimera.PersistentApiService }
05-05 00:05:53.119   738   738 W IPCThreadState: Sending oneway calls to frozen process.
05-05 00:05:53.119   738   738 W IPCThreadState: Sending oneway calls to frozen process.
05-05 00:05:53.119  1677  2066 I AiAiEcho: #remoteViewsTwiddler: feature disabled.
05-05 00:05:53.120  1677  2066 I AiAiEcho: #postPredictionTargets: Sending updates to UISurface lockscreen with targets# 0 (types=[])
05-05 00:05:53.124   998   998 W PageIndicator: Total number of pages invalid: 0. Assuming 1 page.
05-05 00:05:53.124   738   738 W IPCThreadState: Sending oneway calls to frozen process.
05-05 00:05:53.125   738   738 W IPCThreadState: Sending oneway calls to frozen process.
05-05 00:05:53.125  1677  2066 I AiAiEcho: #postPredictionTargets: Sending updates to UISurface home with targets# 0 (types=[])
05-05 00:05:53.126   738   738 W IPCThreadState: Sending oneway calls to frozen process.
05-05 00:05:53.126   738   738 W IPCThreadState: Sending oneway calls to frozen process.
05-05 00:05:53.126   738   738 W IPCThreadState: Sending oneway calls to frozen process.
05-05 00:05:53.126   738   738 W IPCThreadState: Sending oneway calls to frozen process.
05-05 00:05:53.126  1124  1124 D SsBaseTemplateCard: No text view can be set up
05-05 00:05:53.126   738  2845 V AccessibilityManagerService: onUserStateChangedLocked for userId: 0, forceUpdate: false
05-05 00:05:53.126  1124  1124 D SsBaseTemplateCard: Passed-in item info is null
05-05 00:05:53.126  1124  1124 D SsBaseTemplateCard: Passed-in item info is null
05-05 00:05:53.126  1124  1124 D SsBaseTemplateCard: Passed-in item info is null
05-05 00:05:53.126  1124  1124 I SsBaseTemplateCard: Secondary card pane is null
05-05 00:05:53.128   529  6233 W android.hardware.audio@7.1-impl.ranchu: pcmWrite:259 pcm_writei failed with 'cannot read/write stream data: I/O error' (-1)
05-05 00:05:53.128   529  6233 E android.hardware.audio@7.1-impl.ranchu: pcmWrite:260 failure: -1
05-05 00:05:53.128   738  2845 W MagnificationConnectionManager: requestConnection duplicated request: connect=false, mConnectionState=DISCONNECTED
05-05 00:05:53.129  1677  1690 I AiAiEcho: Settings changed for uri: content://settings/secure/accessibility_enabled
05-05 00:05:53.129  1677  2066 I AiAiEcho: Predicting[0]:  [CONTEXT sampling_count=5 ]
05-05 00:05:53.130  1677  2066 I AiAiEcho: EchoTargets: 
05-05 00:05:53.130  1677  2066 I AiAiEcho: Filtered by AiAi flag check: 
05-05 00:05:53.130  1677  2066 I AiAiEcho: [CONTEXT ratelimit_period="10 SECONDS" ]
05-05 00:05:53.130  1677  2066 I AiAiEcho: #remoteViewsTwiddler: feature disabled.
05-05 00:05:53.131   738   738 W IPCThreadState: Sending oneway calls to frozen process.
05-05 00:05:53.131   738   738 W IPCThreadState: Sending oneway calls to frozen process.
05-05 00:05:53.132   738   738 W IPCThreadState: Sending oneway calls to frozen process.
05-05 00:05:53.132   738   738 W IPCThreadState: Sending oneway calls to frozen process.
05-05 00:05:53.132   738   738 W IPCThreadState: Sending oneway calls to frozen process.
05-05 00:05:53.132   738   738 W IPCThreadState: Sending oneway calls to frozen process.
05-05 00:05:53.132   738   738 W IPCThreadState: Sending oneway calls to frozen process.
05-05 00:05:53.134   738   738 W IPCThreadState: Sending oneway calls to frozen process.
05-05 00:05:53.134   738   738 W IPCThreadState: Sending oneway calls to frozen process.
05-05 00:05:53.132  1677  2066 I AiAiEcho: Predicting[0]:  [CONTEXT sampling_count=5 ]
05-05 00:05:53.134   738   738 W IPCThreadState: Sending oneway calls to frozen process.
05-05 00:05:53.134   738   738 W IPCThreadState: Sending oneway calls to frozen process.
05-05 00:05:53.134   738   738 W IPCThreadState: Sending oneway calls to frozen process.
05-05 00:05:53.134   738   738 W IPCThreadState: Sending oneway calls to frozen process.
05-05 00:05:53.134   738   738 W IPCThreadState: Sending oneway calls to frozen process.
05-05 00:05:53.135   738   738 W IPCThreadState: Sending oneway calls to frozen process.
05-05 00:05:53.135   738   738 W IPCThreadState: Sending oneway calls to frozen process.
05-05 00:05:53.134  1677  2066 I AiAiEcho: EchoTargets: 
05-05 00:05:53.134  1677  2066 I AiAiEcho: Filtered by AiAi flag check: 
05-05 00:05:53.134  1677  2066 I AiAiEcho: [CONTEXT ratelimit_period="10 SECONDS" ]
05-05 00:05:53.135   738   738 W IPCThreadState: Sending oneway calls to frozen process.
05-05 00:05:53.136   738   738 D BatterySaverPolicy: accessibility changed to true, updating policy.
05-05 00:05:53.136  1677  2066 I AiAiEcho: #remoteViewsTwiddler: feature disabled.
05-05 00:05:53.136  1677  2066 I AiAiEcho: #postPredictionTargets: Sending updates to UISurface lockscreen with targets# 0 (types=[])
05-05 00:05:53.144   998   998 W PageIndicator: Total number of pages invalid: 0. Assuming 1 page.
05-05 00:05:53.144  1677  2066 I AiAiEcho: #postPredictionTargets: Sending updates to UISurface home with targets# 0 (types=[])
05-05 00:05:53.145  1124  1124 D SsBaseTemplateCard: No text view can be set up
05-05 00:05:53.145  1124  1124 D SsBaseTemplateCard: Passed-in item info is null
05-05 00:05:53.145  1124  1124 D SsBaseTemplateCard: Passed-in item info is null
05-05 00:05:53.145  1124  1124 D SsBaseTemplateCard: Passed-in item info is null
05-05 00:05:53.145  1124  1124 I SsBaseTemplateCard: Secondary card pane is null
05-05 00:05:53.169  6106  6261 I tflite  : Replacing 44 out of 46 node(s) with delegate (TfLiteXNNPackDelegate) node, yielding 3 partitions for the whole graph.
05-05 00:05:53.178  6106  6261 I tflite  : Replacing 44 out of 46 node(s) with delegate (TfLiteXNNPackDelegate) node, yielding 3 partitions for the whole graph.
05-05 00:05:53.228  6106  6243 D PipelineManager: OCR process succeeded via visionkit pipeline.
05-05 00:05:53.231   529  6233 W android.hardware.audio@7.1-impl.ranchu: pcmWrite:259 pcm_writei failed with 'cannot read/write stream data: I/O error' (-1)
05-05 00:05:53.231   529  6233 E android.hardware.audio@7.1-impl.ranchu: pcmWrite:260 failure: -1
05-05 00:05:53.231  6106  6254 D PipelineManager: Start process YUV
05-05 00:05:53.286  6106  6254 D PipelineManager: OCR process succeeded via visionkit pipeline.
05-05 00:05:53.308  6106  6287 D PipelineManager: Start process YUV
05-05 00:05:53.343   529  6233 W android.hardware.audio@7.1-impl.ranchu: pcmWrite:259 pcm_writei failed with 'cannot read/write stream data: I/O error' (-1)
05-05 00:05:53.344   529  6233 E android.hardware.audio@7.1-impl.ranchu: pcmWrite:260 failure: -1
05-05 00:05:53.388  6106  6287 D PipelineManager: OCR process succeeded via visionkit pipeline.
05-05 00:05:53.407  6106  6288 D PipelineManager: Start process YUV
05-05 00:05:53.439  6106  6288 D PipelineManager: OCR process succeeded via visionkit pipeline.
05-05 00:05:53.441  6106  6289 D PipelineManager: Start process YUV
05-05 00:05:53.447   529  6233 W android.hardware.audio@7.1-impl.ranchu: pcmWrite:259 pcm_writei failed with 'cannot read/write stream data: I/O error' (-1)
05-05 00:05:53.447   529  6233 E android.hardware.audio@7.1-impl.ranchu: pcmWrite:260 failure: -1
05-05 00:05:53.471  6106  6289 D PipelineManager: OCR process succeeded via visionkit pipeline.
05-05 00:05:53.473  6106  6290 D PipelineManager: Start process YUV
05-05 00:05:53.499  6106  6290 D PipelineManager: OCR process succeeded via visionkit pipeline.
05-05 00:05:53.504  6106  6243 D PipelineManager: Start process YUV
05-05 00:05:53.537  6106  6243 D PipelineManager: OCR process succeeded via visionkit pipeline.
05-05 00:05:53.538  6106  6254 D PipelineManager: Start process YUV
05-05 00:05:53.556   529  6233 W android.hardware.audio@7.1-impl.ranchu: pcmWrite:259 pcm_writei failed with 'cannot read/write stream data: I/O error' (-1)
05-05 00:05:53.556   529  6233 E android.hardware.audio@7.1-impl.ranchu: pcmWrite:260 failure: -1
05-05 00:05:53.616  6106  6254 D PipelineManager: OCR process succeeded via visionkit pipeline.
05-05 00:05:53.625  6106  6287 D PipelineManager: Start process YUV
05-05 00:05:53.657   529  6233 W android.hardware.audio@7.1-impl.ranchu: pcmWrite:259 pcm_writei failed with 'cannot read/write stream data: I/O error' (-1)
05-05 00:05:53.658   529  6233 E android.hardware.audio@7.1-impl.ranchu: pcmWrite:260 failure: -1
05-05 00:05:53.673  6106  6287 D PipelineManager: OCR process succeeded via visionkit pipeline.
05-05 00:05:53.676  6106  6288 D PipelineManager: Start process YUV
05-05 00:05:53.707  1112  1321 D SatelliteController: iisInCarrierRoamingNbIotNtn: satellite is disabled
05-05 00:05:53.733  6106  6288 D PipelineManager: OCR process succeeded via visionkit pipeline.
05-05 00:05:53.737  6106  6289 D PipelineManager: Start process YUV
05-05 00:05:53.766   529  6233 W android.hardware.audio@7.1-impl.ranchu: pcmWrite:259 pcm_writei failed with 'cannot read/write stream data: I/O error' (-1)
05-05 00:05:53.766   529  6233 E android.hardware.audio@7.1-impl.ranchu: pcmWrite:260 failure: -1
05-05 00:05:53.787  6106  6289 D PipelineManager: OCR process succeeded via visionkit pipeline.
05-05 00:05:53.798  6106  6290 D PipelineManager: Start process YUV
05-05 00:05:53.830  6106  6290 D PipelineManager: OCR process succeeded via visionkit pipeline.
05-05 00:05:53.843  1350  2956 I GoogleTTSServiceImpl: Synthesis request for locale spa-USA and name es-US-language
05-05 00:05:53.843  1350  2956 I GoogleTTSServiceImpl: TTS dispatch: es-us-x-esc-seanet-embedded
05-05 00:05:53.851  6106  6243 D PipelineManager: Start process YUV
05-05 00:05:53.881   529  6233 W android.hardware.audio@7.1-impl.ranchu: pcmWrite:259 pcm_writei failed with 'cannot read/write stream data: I/O error' (-1)
05-05 00:05:53.881   529  6233 E android.hardware.audio@7.1-impl.ranchu: pcmWrite:260 failure: -1
05-05 00:05:53.902   564   610 D NativePermissionController: checkPermission: missing 1 for 10152
05-05 00:05:53.902   564   610 D NativePermissionController: checkPermission: missing 3 for 10152
05-05 00:05:53.902   564   610 D NativePermissionController: checkPermission: missing 5 for 10152
05-05 00:05:53.903   564   610 W AudioFlinger: createTrack_l(): mismatch between requested flags (00000008) and output flags (00000002)
05-05 00:05:53.903   564   610 D AudioFlinger: Client defaulted notificationFrames to 2048 for frameCount 4096
05-05 00:05:53.903   564   610 I AF::PthrPatchRecord: creating track with enforcement level 0
05-05 00:05:53.925   738  2845 E AppOps  : attributionTag  not declared in manifest of com.google.android.tts
05-05 00:05:53.930   738  1977 I AS.AudioService: AudioHardening background playback would be muted for com.google.android.tts (10152), level: full
05-05 00:05:53.936   564   610 D NativePermissionController: checkPermission: missing 13 for 10152
05-05 00:05:53.939   564   610 D NativePermissionController: checkPermission: missing 13 for 10152
05-05 00:05:53.940   564   610 D NativePermissionController: checkPermission: missing 13 for 10152
05-05 00:05:53.941   564  3357 D NativePermissionController: checkPermission: missing 13 for 10152
05-05 00:05:53.976  6106  6243 D PipelineManager: OCR process succeeded via visionkit pipeline.
05-05 00:05:53.977  6106  6254 D PipelineManager: Start process YUV
05-05 00:05:53.993   529  6233 W android.hardware.audio@7.1-impl.ranchu: pcmWrite:259 pcm_writei failed with 'cannot read/write stream data: I/O error' (-1)
05-05 00:05:53.993   529  6233 E android.hardware.audio@7.1-impl.ranchu: pcmWrite:260 failure: -1
05-05 00:05:54.002  6106  6254 D PipelineManager: OCR process succeeded via visionkit pipeline.
05-05 00:05:54.016  6106  6287 D PipelineManager: Start process YUV
05-05 00:05:54.031   564   668 D AudioFlinger: mixer(0x7b37ef4a3770) throttle end: throttle time(14)
05-05 00:05:54.065   564   668 D AudioFlinger: mixer(0x7b37ef4a3770) throttle end: throttle time(4)
05-05 00:05:54.073  6106  6287 D PipelineManager: OCR process succeeded via visionkit pipeline.
05-05 00:05:54.092  6106  6288 D PipelineManager: Start process YUV
05-05 00:05:54.105   529  6233 W android.hardware.audio@7.1-impl.ranchu: pcmWrite:259 pcm_writei failed with 'cannot read/write stream data: I/O error' (-1)
05-05 00:05:54.105   529  6233 E android.hardware.audio@7.1-impl.ranchu: pcmWrite:260 failure: -1
05-05 00:05:54.137  6106  6288 D PipelineManager: OCR process succeeded via visionkit pipeline.
05-05 00:05:54.138  6106  6289 D PipelineManager: Start process YUV
05-05 00:05:54.179  1626  1814 W MediaProvider: isAppCloneUserPair for user 0: false
05-05 00:05:54.210   529  6233 W android.hardware.audio@7.1-impl.ranchu: pcmWrite:259 pcm_writei failed with 'cannot read/write stream data: I/O error' (-1)
05-05 00:05:54.210   529  6233 E android.hardware.audio@7.1-impl.ranchu: pcmWrite:260 failure: -1
05-05 00:05:54.217  6293  6293 I AccessibilityNodeInfoDumper: Skipping invisible child: android.view.accessibility.AccessibilityNodeInfo@a197; boundsInParent: Rect(0, 0 - 1080, 2400); boundsInScreen: Rect(0, 0 - 1080, 2400); boundsInWindow: Rect(0, 0 - 1080, 2400); packageName: com.ojoclaro.android; className: android.view.View; text: null; error: null; maxTextLength: -1; stateDescription: null; contentDescription: null; tooltipText: null; containerTitle: null; viewIdResName: null; uniqueId: null; checkable: false; checked: false; focusable: false; focused: false; selected: false; clickable: false; longClickable: false; contextClickable: false; enabled: true; password: false; scrollable: false; granularScrollingSupported: false; importantForAccessibility: false; visible: false; actions: [AccessibilityAction: ACTION_SELECT - null, AccessibilityAction: ACTION_CLEAR_SELECTION - null, AccessibilityAction: ACTION_ACCESSIBILITY_FOCUS - null, AccessibilityAction: ACTION_SHOW_ON_SCREEN - null]; isTextSelectable: false
05-05 00:05:54.222  6293  6293 W AccessibilityNodeInfoDumper: Fetch time: 46ms
05-05 00:05:54.222   738  1977 V AccessibilityManagerService: onUserStateChangedLocked for userId: 0, forceUpdate: false
05-05 00:05:54.223   738  1977 W MagnificationConnectionManager: requestConnection duplicated request: connect=false, mConnectionState=DISCONNECTED
05-05 00:05:54.223   738  1977 D AccessibilityManagerService: restoreCurrentUserForTestAutomationIfNeededLocked(): ignoring because device doesn't support visible background users
05-05 00:05:54.224  1677  1690 I AiAiEcho: Settings changed for uri: content://settings/secure/accessibility_enabled
05-05 00:05:54.224  6293  6305 W IPCThreadState: call to talkWithDriver in joinThreadPool returned error: -9 (Bad file descriptor), FD: -1
05-05 00:05:54.224  6293  6322 W IPCThreadState: call to talkWithDriver in joinThreadPool returned error: -9 (Bad file descriptor), FD: -1
05-05 00:05:54.225  6293  6306 W IPCThreadState: call to talkWithDriver in joinThreadPool returned error: -9 (Bad file descriptor), FD: -1
05-05 00:05:54.225  1677  2066 I AiAiEcho: Predicting[0]:  [CONTEXT sampling_count=5 ]
05-05 00:05:54.225  1677  2066 I AiAiEcho: EchoTargets: 
05-05 00:05:54.225  1677  2066 I AiAiEcho: Filtered by AiAi flag check: 
05-05 00:05:54.225  1677  2066 I AiAiEcho: [CONTEXT ratelimit_period="10 SECONDS" ]
05-05 00:05:54.225  1677  2066 I AiAiEcho: #remoteViewsTwiddler: feature disabled.
05-05 00:05:54.225  1677  2066 I AiAiEcho: Predicting[0]:  [CONTEXT sampling_count=5 ]
05-05 00:05:54.225  1677  2066 I AiAiEcho: EchoTargets: 
05-05 00:05:54.225  1677  2066 I AiAiEcho: Filtered by AiAi flag check: 
05-05 00:05:54.225  1677  2066 I AiAiEcho: [CONTEXT ratelimit_period="10 SECONDS" ]
05-05 00:05:54.226  1677  2066 I AiAiEcho: #remoteViewsTwiddler: feature disabled.
05-05 00:05:54.226  1677  2066 I AiAiEcho: #postPredictionTargets: Sending updates to UISurface lockscreen with targets# 0 (types=[])
05-05 00:05:54.226  1677  2066 I AiAiEcho: #postPredictionTargets: Sending updates to UISurface home with targets# 0 (types=[])
05-05 00:05:54.226  6293  6293 D AndroidRuntime: Shutting down VM
05-05 00:05:54.226   998   998 W PageIndicator: Total number of pages invalid: 0. Assuming 1 page.
05-05 00:05:54.231  1124  1124 D SsBaseTemplateCard: No text view can be set up
05-05 00:05:54.231   738   738 W IPCThreadState: Sending oneway calls to frozen process.
05-05 00:05:54.231  1124  1124 D SsBaseTemplateCard: Passed-in item info is null
05-05 00:05:54.231   738   738 W IPCThreadState: Sending oneway calls to frozen process.
05-05 00:05:54.231  1124  1124 D SsBaseTemplateCard: Passed-in item info is null
05-05 00:05:54.231  1124  1124 D SsBaseTemplateCard: Passed-in item info is null
05-05 00:05:54.231  1124  1124 I SsBaseTemplateCard: Secondary card pane is null
05-05 00:05:54.231   738   738 W IPCThreadState: Sending oneway calls to frozen process.
05-05 00:05:54.240   738   738 W IPCThreadState: Sending oneway calls to frozen process.
05-05 00:05:54.240   738   738 W IPCThreadState: Sending oneway calls to frozen process.
05-05 00:05:54.240   738   738 W IPCThreadState: Sending oneway calls to frozen process.
05-05 00:05:54.240   738   738 W IPCThreadState: Sending oneway calls to frozen process.
05-05 00:05:54.241   738   738 W IPCThreadState: Sending oneway calls to frozen process.
05-05 00:05:54.241   738   738 W IPCThreadState: Sending oneway calls to frozen process.
05-05 00:05:54.241   738   738 W IPCThreadState: Sending oneway calls to frozen process.
05-05 00:05:54.241   738   738 W IPCThreadState: Sending oneway calls to frozen process.
05-05 00:05:54.243   738   738 W IPCThreadState: Sending oneway calls to frozen process.
05-05 00:05:54.244   564   668 D AudioFlinger: mixer(0x7b37ef4a3770) throttle end: throttle time(1)
05-05 00:05:54.245   738   738 W IPCThreadState: Sending oneway calls to frozen process.
05-05 00:05:54.250   738   738 W IPCThreadState: Sending oneway calls to frozen process.
05-05 00:05:54.250   738   738 W IPCThreadState: Sending oneway calls to frozen process.
05-05 00:05:54.250   738   738 D BatterySaverPolicy: accessibility changed to false, updating policy.
05-05 00:05:54.257  6106  6289 D PipelineManager: OCR process succeeded via visionkit pipeline.
05-05 00:05:54.258  6106  6290 D PipelineManager: Start process YUV
05-05 00:05:54.313   529  6233 W android.hardware.audio@7.1-impl.ranchu: pcmWrite:259 pcm_writei failed with 'cannot read/write stream data: I/O error' (-1)
05-05 00:05:54.313   529  6233 E android.hardware.audio@7.1-impl.ranchu: pcmWrite:260 failure: -1
05-05 00:05:54.323  6106  6290 D PipelineManager: OCR process succeeded via visionkit pipeline.
05-05 00:05:54.341  6106  6243 D PipelineManager: Start process YUV
05-05 00:05:54.377  6106  6243 D PipelineManager: OCR process succeeded via visionkit pipeline.
05-05 00:05:54.382  6106  6254 D PipelineManager: Start process YUV
05-05 00:05:54.387   738  2845 D ActivityManager: sync unfroze 1646 com.google.android.gms for 6
05-05 00:05:54.389   738  2845 D ActivityManager: sync unfroze 3981 com.google.android.adservices.api for 6
05-05 00:05:54.407   738  1436 W ProcessStats: Tracking association SourceState{bfb950e com.google.android.gms/10145 ImpBg #3919} whose proc state 6 is better than process ProcessState{5c36db2 com.google.android.adservices.api/10196 pkg=com.google.android.adservices.api} proc state 14 (8 skipped)
05-05 00:05:54.417   529  6233 W android.hardware.audio@7.1-impl.ranchu: pcmWrite:259 pcm_writei failed with 'cannot read/write stream data: I/O error' (-1)
05-05 00:05:54.417   529  6233 E android.hardware.audio@7.1-impl.ranchu: pcmWrite:260 failure: -1
05-05 00:05:54.440  1360  5992 I NetworkScheduler.Stats: (REDACTED) Task %s/%s started execution. cause:%s exec_start_elapsed_seconds: %s
05-05 00:05:54.444  6106  6254 D PipelineManager: OCR process succeeded via visionkit pipeline.
05-05 00:05:54.450  6106  6287 D PipelineManager: Start process YUV
05-05 00:05:54.453  1646  6323 I GmscoreIpa: Starting mediastore instant index [CONTEXT service_id=255 ]
05-05 00:05:54.481  1360  6003 I NetworkScheduler.Stats: (REDACTED) Task %s/%s finished executing. cause:%s result: %s elapsed_millis: %s uptime_millis: %s exec_start_elapsed_seconds: %s
05-05 00:05:54.521  6106  6287 D PipelineManager: OCR process succeeded via visionkit pipeline.
05-05 00:05:54.522   529  6233 W android.hardware.audio@7.1-impl.ranchu: pcmWrite:259 pcm_writei failed with 'cannot read/write stream data: I/O error' (-1)
05-05 00:05:54.522   529  6233 E android.hardware.audio@7.1-impl.ranchu: pcmWrite:260 failure: -1
05-05 00:05:54.538  6106  6288 D PipelineManager: Start process YUV
05-05 00:05:54.557  6106  6288 D PipelineManager: OCR process succeeded via visionkit pipeline.
05-05 00:05:54.558  6106  6289 D PipelineManager: Start process YUV
05-05 00:05:54.588  6106  6289 D PipelineManager: OCR process succeeded via visionkit pipeline.
05-05 00:05:54.589  6106  6290 D PipelineManager: Start process YUV
05-05 00:05:54.619  6106  6290 D PipelineManager: OCR process succeeded via visionkit pipeline.
05-05 00:05:54.620  6106  6243 D PipelineManager: Start process YUV
05-05 00:05:54.635   529  6233 W android.hardware.audio@7.1-impl.ranchu: pcmWrite:259 pcm_writei failed with 'cannot read/write stream data: I/O error' (-1)
05-05 00:05:54.635   529  6233 E android.hardware.audio@7.1-impl.ranchu: pcmWrite:260 failure: -1
05-05 00:05:54.652  6106  6243 D PipelineManager: OCR process succeeded via visionkit pipeline.
05-05 00:05:54.655  6106  6254 D PipelineManager: Start process YUV
05-05 00:05:54.678   564   668 D AudioFlinger: mixer(0x7b37ef4a3770) throttle end: throttle time(1)
05-05 00:05:54.683  6106  6254 D PipelineManager: OCR process succeeded via visionkit pipeline.
05-05 00:05:54.684  6106  6287 D PipelineManager: Start process YUV
05-05 00:05:54.709  6106  6287 D PipelineManager: OCR process succeeded via visionkit pipeline.
05-05 00:05:54.712  6106  6288 D PipelineManager: Start process YUV
05-05 00:05:54.729  6106  6288 D PipelineManager: OCR process succeeded via visionkit pipeline.
05-05 00:05:54.739   529  6233 W android.hardware.audio@7.1-impl.ranchu: pcmWrite:259 pcm_writei failed with 'cannot read/write stream data: I/O error' (-1)
05-05 00:05:54.739   529  6233 E android.hardware.audio@7.1-impl.ranchu: pcmWrite:260 failure: -1
05-05 00:05:54.756  6106  6289 D PipelineManager: Start process YUV
05-05 00:05:54.790  6106  6289 D PipelineManager: OCR process succeeded via visionkit pipeline.
05-05 00:05:54.818  6106  6290 D PipelineManager: Start process YUV
05-05 00:05:54.843   529  6233 W android.hardware.audio@7.1-impl.ranchu: pcmWrite:259 pcm_writei failed with 'cannot read/write stream data: I/O error' (-1)
05-05 00:05:54.843   529  6233 E android.hardware.audio@7.1-impl.ranchu: pcmWrite:260 failure: -1
05-05 00:05:54.850  6106  6290 D PipelineManager: OCR process succeeded via visionkit pipeline.
05-05 00:05:54.852  6106  6243 D PipelineManager: Start process YUV
05-05 00:05:54.870  6106  6243 D PipelineManager: OCR process succeeded via visionkit pipeline.
05-05 00:05:54.906  6106  6254 D PipelineManager: Start process YUV
05-05 00:05:54.925  6106  6254 D PipelineManager: OCR process succeeded via visionkit pipeline.
05-05 00:05:54.937   564   668 D AF::Track: interceptBuffer: took 11354us to intercept 0 tracks
05-05 00:05:54.941  6106  6287 D PipelineManager: Start process YUV
05-05 00:05:54.946   529  6233 W android.hardware.audio@7.1-impl.ranchu: pcmWrite:259 pcm_writei failed with 'cannot read/write stream data: I/O error' (-1)
05-05 00:05:54.946   529  6233 E android.hardware.audio@7.1-impl.ranchu: pcmWrite:260 failure: -1
05-05 00:05:54.959  6106  6287 D PipelineManager: OCR process succeeded via visionkit pipeline.
05-05 00:05:54.985  6106  6288 D PipelineManager: Start process YUV
05-05 00:05:55.013  6106  6288 D PipelineManager: OCR process succeeded via visionkit pipeline.
05-05 00:05:55.014  6106  6289 D PipelineManager: Start process YUV
05-05 00:05:55.032  6106  6289 D PipelineManager: OCR process succeeded via visionkit pipeline.
05-05 00:05:55.051   529  6233 W android.hardware.audio@7.1-impl.ranchu: pcmWrite:259 pcm_writei failed with 'cannot read/write stream data: I/O error' (-1)
05-05 00:05:55.051   529  6233 E android.hardware.audio@7.1-impl.ranchu: pcmWrite:260 failure: -1
05-05 00:05:55.055  6106  6290 D PipelineManager: Start process YUV
05-05 00:05:55.111  6106  6290 D PipelineManager: OCR process succeeded via visionkit pipeline.
05-05 00:05:55.113  6106  6243 D PipelineManager: Start process YUV
05-05 00:05:55.163   529  6233 W android.hardware.audio@7.1-impl.ranchu: pcmWrite:259 pcm_writei failed with 'cannot read/write stream data: I/O error' (-1)
05-05 00:05:55.163   529  6233 E android.hardware.audio@7.1-impl.ranchu: pcmWrite:260 failure: -1
05-05 00:05:55.168  6106  6243 D PipelineManager: OCR process succeeded via visionkit pipeline.
05-05 00:05:55.180  6106  6254 D PipelineManager: Start process YUV
05-05 00:05:55.194   564   668 D AudioFlinger: mixer(0x7b37ef4a3770) throttle end: throttle time(6)
05-05 00:05:55.213  6106  6254 D PipelineManager: OCR process succeeded via visionkit pipeline.
05-05 00:05:55.214  6106  6287 D PipelineManager: Start process YUV
05-05 00:05:55.232  6106  6287 D PipelineManager: OCR process succeeded via visionkit pipeline.
05-05 00:05:55.257  6106  6288 D PipelineManager: Start process YUV
05-05 00:05:55.271   529  6233 W android.hardware.audio@7.1-impl.ranchu: pcmWrite:259 pcm_writei failed with 'cannot read/write stream data: I/O error' (-1)
05-05 00:05:55.271   529  6233 E android.hardware.audio@7.1-impl.ranchu: pcmWrite:260 failure: -1
05-05 00:05:55.281  6106  6288 D PipelineManager: OCR process succeeded via visionkit pipeline.
05-05 00:05:55.288  6106  6289 D PipelineManager: Start process YUV
05-05 00:05:55.321  6106  6289 D PipelineManager: OCR process succeeded via visionkit pipeline.
05-05 00:05:55.348  6106  6290 D PipelineManager: Start process YUV
05-05 00:05:55.382   529  6233 W android.hardware.audio@7.1-impl.ranchu: pcmWrite:259 pcm_writei failed with 'cannot read/write stream data: I/O error' (-1)
05-05 00:05:55.382   529  6233 E android.hardware.audio@7.1-impl.ranchu: pcmWrite:260 failure: -1
05-05 00:05:55.409  6106  6290 D PipelineManager: OCR process succeeded via visionkit pipeline.
05-05 00:05:55.410  6106  6243 D PipelineManager: Start process YUV
05-05 00:05:55.493   529  6233 W android.hardware.audio@7.1-impl.ranchu: pcmWrite:259 pcm_writei failed with 'cannot read/write stream data: I/O error' (-1)
05-05 00:05:55.497   529  6233 E android.hardware.audio@7.1-impl.ranchu: pcmWrite:260 failure: -1
05-05 00:05:55.511  6106  6243 D PipelineManager: OCR process succeeded via visionkit pipeline.
05-05 00:05:55.517  6106  6254 D PipelineManager: Start process YUV
05-05 00:05:55.556  6106  6254 D PipelineManager: OCR process succeeded via visionkit pipeline.
05-05 00:05:55.558  6106  6287 D PipelineManager: Start process YUV
05-05 00:05:55.562  1350  2960 D AudioTrack: stop(94): called with 39013 frames delivered
05-05 00:05:55.566   738  2845 E AppOps  : attributionTag  not declared in manifest of com.google.android.tts
05-05 00:05:55.584  6106  6287 D PipelineManager: OCR process succeeded via visionkit pipeline.
05-05 00:05:55.592  6106  6288 D PipelineManager: Start process YUV
05-05 00:05:55.597   529  6233 W android.hardware.audio@7.1-impl.ranchu: pcmWrite:259 pcm_writei failed with 'cannot read/write stream data: I/O error' (-1)
05-05 00:05:55.597   529  6233 E android.hardware.audio@7.1-impl.ranchu: pcmWrite:260 failure: -1
05-05 00:05:55.661  6106  6288 D PipelineManager: OCR process succeeded via visionkit pipeline.
05-05 00:05:55.697  6106  6289 D PipelineManager: Start process YUV
05-05 00:05:55.713   529  6233 W android.hardware.audio@7.1-impl.ranchu: pcmWrite:259 pcm_writei failed with 'cannot read/write stream data: I/O error' (-1)
05-05 00:05:55.713   529  6233 E android.hardware.audio@7.1-impl.ranchu: pcmWrite:260 failure: -1
05-05 00:05:55.722  6106  6289 D PipelineManager: OCR process succeeded via visionkit pipeline.
05-05 00:05:55.723  6106  6290 D PipelineManager: Start process YUV
05-05 00:05:55.789  6106  6290 D PipelineManager: OCR process succeeded via visionkit pipeline.
05-05 00:05:55.791  6106  6243 D PipelineManager: Start process YUV
05-05 00:05:55.826   529  6233 W android.hardware.audio@7.1-impl.ranchu: pcmWrite:259 pcm_writei failed with 'cannot read/write stream data: I/O error' (-1)
05-05 00:05:55.837   529  6233 E android.hardware.audio@7.1-impl.ranchu: pcmWrite:260 failure: -1
05-05 00:05:55.858  6106  6243 D PipelineManager: OCR process succeeded via visionkit pipeline.
05-05 00:05:55.884  6106  6254 D PipelineManager: Start process YUV
05-05 00:05:55.931   529  6233 W android.hardware.audio@7.1-impl.ranchu: pcmWrite:259 pcm_writei failed with 'cannot read/write stream data: I/O error' (-1)
05-05 00:05:55.931   529  6233 E android.hardware.audio@7.1-impl.ranchu: pcmWrite:260 failure: -1
05-05 00:05:55.935  6106  6254 D PipelineManager: OCR process succeeded via visionkit pipeline.
05-05 00:05:55.948  6106  6287 D PipelineManager: Start process YUV
05-05 00:05:55.950   738  2845 D TelephonyManager: requestModemActivityInfo: Sending result to app: ModemActivityInfo{ mTimestamp=3230211 mSleepTimeMs=420 mIdleTimeMs=140 mActivityStatsTechSpecificInfo=[{mRat=UNKNOWN,mFrequencyRange=UNKNOWN,mTxTimeMs[]=[10, 30, 60, 80, 90],mRxTimeMs=90}]}
05-05 00:05:55.965  6106  6287 D PipelineManager: OCR process succeeded via visionkit pipeline.
05-05 00:05:55.993  6106  6288 D PipelineManager: Start process YUV
05-05 00:05:56.016  6106  6288 D PipelineManager: OCR process succeeded via visionkit pipeline.
05-05 00:05:56.024  6106  6289 D PipelineManager: Start process YUV
05-05 00:05:56.042   529  6233 W android.hardware.audio@7.1-impl.ranchu: pcmWrite:259 pcm_writei failed with 'cannot read/write stream data: I/O error' (-1)
05-05 00:05:56.042   529  6233 E android.hardware.audio@7.1-impl.ranchu: pcmWrite:260 failure: -1
05-05 00:05:56.057  6106  6289 D PipelineManager: OCR process succeeded via visionkit pipeline.
05-05 00:05:56.080  6106  6290 D PipelineManager: Start process YUV
05-05 00:05:56.103  6106  6290 D PipelineManager: OCR process succeeded via visionkit pipeline.
05-05 00:05:56.114  6106  6243 D PipelineManager: Start process YUV
05-05 00:05:56.136  6106  6243 D PipelineManager: OCR process succeeded via visionkit pipeline.
05-05 00:05:56.146   529  6233 W android.hardware.audio@7.1-impl.ranchu: pcmWrite:259 pcm_writei failed with 'cannot read/write stream data: I/O error' (-1)
05-05 00:05:56.146   529  6233 E android.hardware.audio@7.1-impl.ranchu: pcmWrite:260 failure: -1
05-05 00:05:56.146  6106  6254 D PipelineManager: Start process YUV
05-05 00:05:56.172  6106  6254 D PipelineManager: OCR process succeeded via visionkit pipeline.
05-05 00:05:56.182  6106  6287 D PipelineManager: Start process YUV
05-05 00:05:56.207  6106  6287 D PipelineManager: OCR process succeeded via visionkit pipeline.
05-05 00:05:56.212  6106  6288 D PipelineManager: Start process YUV
05-05 00:05:56.234  6106  6288 D PipelineManager: OCR process succeeded via visionkit pipeline.
05-05 00:05:56.246  6106  6289 D PipelineManager: Start process YUV
05-05 00:05:56.262  6106  6289 D PipelineManager: OCR process succeeded via visionkit pipeline.
05-05 00:05:56.263   529  6233 W android.hardware.audio@7.1-impl.ranchu: pcmWrite:259 pcm_writei failed with 'cannot read/write stream data: I/O error' (-1)
05-05 00:05:56.264   529  6233 E android.hardware.audio@7.1-impl.ranchu: pcmWrite:260 failure: -1
05-05 00:05:56.283  6106  6290 D PipelineManager: Start process YUV
05-05 00:05:56.327  6106  6290 D PipelineManager: OCR process succeeded via visionkit pipeline.
05-05 00:05:56.344  6106  6243 D PipelineManager: Start process YUV
05-05 00:05:56.367  6106  6243 D PipelineManager: OCR process succeeded via visionkit pipeline.
05-05 00:05:56.370   529  6233 W android.hardware.audio@7.1-impl.ranchu: pcmWrite:259 pcm_writei failed with 'cannot read/write stream data: I/O error' (-1)
05-05 00:05:56.370   529  6233 E android.hardware.audio@7.1-impl.ranchu: pcmWrite:260 failure: -1
05-05 00:05:56.381  6106  6254 D PipelineManager: Start process YUV
05-05 00:05:56.414  6106  6254 D PipelineManager: OCR process succeeded via visionkit pipeline.
05-05 00:05:56.415  6106  6287 D PipelineManager: Start process YUV
05-05 00:05:56.436  6106  6287 D PipelineManager: OCR process succeeded via visionkit pipeline.
05-05 00:05:56.449  6106  6288 D PipelineManager: Start process YUV
05-05 00:05:56.478   529  6233 W android.hardware.audio@7.1-impl.ranchu: pcmWrite:259 pcm_writei failed with 'cannot read/write stream data: I/O error' (-1)
05-05 00:05:56.478   529  6233 E android.hardware.audio@7.1-impl.ranchu: pcmWrite:260 failure: -1
05-05 00:05:56.528  6106  6288 D PipelineManager: OCR process succeeded via visionkit pipeline.
05-05 00:05:56.546  6106  6289 D PipelineManager: Start process YUV
05-05 00:05:56.581   529  6233 W android.hardware.audio@7.1-impl.ranchu: pcmWrite:259 pcm_writei failed with 'cannot read/write stream data: I/O error' (-1)
05-05 00:05:56.581   529  6233 E android.hardware.audio@7.1-impl.ranchu: pcmWrite:260 failure: -1
05-05 00:05:56.582  6106  6289 D PipelineManager: OCR process succeeded via visionkit pipeline.
05-05 00:05:56.583  6106  6290 D PipelineManager: Start process YUV
05-05 00:05:56.602  6106  6290 D PipelineManager: OCR process succeeded via visionkit pipeline.
05-05 00:05:56.613  6106  6243 D PipelineManager: Start process YUV
05-05 00:05:56.646  6106  6243 D PipelineManager: OCR process succeeded via visionkit pipeline.
05-05 00:05:56.648  6106  6254 D PipelineManager: Start process YUV
05-05 00:05:56.687   529  6233 W android.hardware.audio@7.1-impl.ranchu: pcmWrite:259 pcm_writei failed with 'cannot read/write stream data: I/O error' (-1)
05-05 00:05:56.687   529  6233 E android.hardware.audio@7.1-impl.ranchu: pcmWrite:260 failure: -1
05-05 00:05:56.716  6106  6254 D PipelineManager: OCR process succeeded via visionkit pipeline.
05-05 00:05:56.717  6106  6287 D PipelineManager: Start process YUV
05-05 00:05:56.737  6106  6287 D PipelineManager: OCR process succeeded via visionkit pipeline.
05-05 00:05:56.747  6106  6288 D PipelineManager: Start process YUV
05-05 00:05:56.789  6106  6288 D PipelineManager: OCR process succeeded via visionkit pipeline.
05-05 00:05:56.790   529  6233 W android.hardware.audio@7.1-impl.ranchu: pcmWrite:259 pcm_writei failed with 'cannot read/write stream data: I/O error' (-1)
05-05 00:05:56.791   529  6233 E android.hardware.audio@7.1-impl.ranchu: pcmWrite:260 failure: -1
05-05 00:05:56.794  6106  6289 D PipelineManager: Start process YUV
05-05 00:05:56.855  6106  6289 D PipelineManager: OCR process succeeded via visionkit pipeline.
05-05 00:05:56.859  6106  6290 D PipelineManager: Start process YUV
05-05 00:05:56.893   529  6233 W android.hardware.audio@7.1-impl.ranchu: pcmWrite:259 pcm_writei failed with 'cannot read/write stream data: I/O error' (-1)
05-05 00:05:56.893   529  6233 E android.hardware.audio@7.1-impl.ranchu: pcmWrite:260 failure: -1
05-05 00:05:56.932  6106  6290 D PipelineManager: OCR process succeeded via visionkit pipeline.
05-05 00:05:56.949  6106  6243 D PipelineManager: Start process YUV
05-05 00:05:56.991  6106  6243 D PipelineManager: OCR process succeeded via visionkit pipeline.
05-05 00:05:57.007   529  6233 W android.hardware.audio@7.1-impl.ranchu: pcmWrite:259 pcm_writei failed with 'cannot read/write stream data: I/O error' (-1)
05-05 00:05:57.007   529  6233 E android.hardware.audio@7.1-impl.ranchu: pcmWrite:260 failure: -1
05-05 00:05:57.016  6106  6254 D PipelineManager: Start process YUV
05-05 00:05:57.048  6106  6254 D PipelineManager: OCR process succeeded via visionkit pipeline.
05-05 00:05:57.049  6106  6287 D PipelineManager: Start process YUV
05-05 00:05:57.097  6106  6287 D PipelineManager: OCR process succeeded via visionkit pipeline.
05-05 00:05:57.112   529  6233 W android.hardware.audio@7.1-impl.ranchu: pcmWrite:259 pcm_writei failed with 'cannot read/write stream data: I/O error' (-1)
05-05 00:05:57.112   529  6233 E android.hardware.audio@7.1-impl.ranchu: pcmWrite:260 failure: -1
05-05 00:05:57.122  6106  6288 D PipelineManager: Start process YUV
05-05 00:05:57.159  6106  6288 D PipelineManager: OCR process succeeded via visionkit pipeline.
05-05 00:05:57.169  6106  6289 D PipelineManager: Start process YUV
05-05 00:05:57.212  6106  6289 D PipelineManager: OCR process succeeded via visionkit pipeline.
05-05 00:05:57.214  6106  6290 D PipelineManager: Start process YUV
05-05 00:05:57.215   529  6233 W android.hardware.audio@7.1-impl.ranchu: pcmWrite:259 pcm_writei failed with 'cannot read/write stream data: I/O error' (-1)
05-05 00:05:57.215   529  6233 E android.hardware.audio@7.1-impl.ranchu: pcmWrite:260 failure: -1
05-05 00:05:57.232  6106  6290 D PipelineManager: OCR process succeeded via visionkit pipeline.
05-05 00:05:57.258  6106  6243 D PipelineManager: Start process YUV
05-05 00:05:57.305  6106  6243 D PipelineManager: OCR process succeeded via visionkit pipeline.
05-05 00:05:57.314  6106  6254 D PipelineManager: Start process YUV
05-05 00:05:57.327   529  6233 W android.hardware.audio@7.1-impl.ranchu: pcmWrite:259 pcm_writei failed with 'cannot read/write stream data: I/O error' (-1)
05-05 00:05:57.327   529  6233 E android.hardware.audio@7.1-impl.ranchu: pcmWrite:260 failure: -1
05-05 00:05:57.403  6106  6254 D PipelineManager: OCR process succeeded via visionkit pipeline.
05-05 00:05:57.413  6106  6287 D PipelineManager: Start process YUV
05-05 00:05:57.436   529  6233 W android.hardware.audio@7.1-impl.ranchu: pcmWrite:259 pcm_writei failed with 'cannot read/write stream data: I/O error' (-1)
05-05 00:05:57.436   529  6233 E android.hardware.audio@7.1-impl.ranchu: pcmWrite:260 failure: -1
05-05 00:05:57.444  6106  6287 D PipelineManager: OCR process succeeded via visionkit pipeline.
05-05 00:05:57.448  6106  6288 D PipelineManager: Start process YUV
05-05 00:05:57.464  6106  6288 D PipelineManager: OCR process succeeded via visionkit pipeline.
05-05 00:05:57.490  6106  6289 D PipelineManager: Start process YUV
05-05 00:05:57.550   529  6233 W android.hardware.audio@7.1-impl.ranchu: pcmWrite:259 pcm_writei failed with 'cannot read/write stream data: I/O error' (-1)
05-05 00:05:57.550   529  6233 E android.hardware.audio@7.1-impl.ranchu: pcmWrite:260 failure: -1
05-05 00:05:57.557  6106  6289 D PipelineManager: OCR process succeeded via visionkit pipeline.
05-05 00:05:57.558  6106  6290 D PipelineManager: Start process YUV
05-05 00:05:57.611  6106  6290 D PipelineManager: OCR process succeeded via visionkit pipeline.
05-05 00:05:57.654   529  6233 W android.hardware.audio@7.1-impl.ranchu: pcmWrite:259 pcm_writei failed with 'cannot read/write stream data: I/O error' (-1)
05-05 00:05:57.655   529  6233 E android.hardware.audio@7.1-impl.ranchu: pcmWrite:260 failure: -1
05-05 00:05:57.656  6106  6243 D PipelineManager: Start process YUV
05-05 00:05:57.696  6106  6243 D PipelineManager: OCR process succeeded via visionkit pipeline.
05-05 00:05:57.697  6106  6254 D PipelineManager: Start process YUV
05-05 00:05:57.735  6106  6254 D PipelineManager: OCR process succeeded via visionkit pipeline.
05-05 00:05:57.737  6106  6287 D PipelineManager: Start process YUV
05-05 00:05:57.758   529  6233 W android.hardware.audio@7.1-impl.ranchu: pcmWrite:259 pcm_writei failed with 'cannot read/write stream data: I/O error' (-1)
05-05 00:05:57.758   529  6233 E android.hardware.audio@7.1-impl.ranchu: pcmWrite:260 failure: -1
05-05 00:05:57.767  6106  6287 D PipelineManager: OCR process succeeded via visionkit pipeline.
05-05 00:05:57.788  6106  6288 D PipelineManager: Start process YUV
05-05 00:05:57.808  6106  6288 D PipelineManager: OCR process succeeded via visionkit pipeline.
05-05 00:05:57.809  6106  6289 D PipelineManager: Start process YUV
05-05 00:05:57.857  6106  6289 D PipelineManager: OCR process succeeded via visionkit pipeline.
05-05 00:05:57.858  6106  6290 D PipelineManager: Start process YUV
05-05 00:05:57.863   529  6233 W android.hardware.audio@7.1-impl.ranchu: pcmWrite:259 pcm_writei failed with 'cannot read/write stream data: I/O error' (-1)
05-05 00:05:57.863   529  6233 E android.hardware.audio@7.1-impl.ranchu: pcmWrite:260 failure: -1
05-05 00:05:57.886  6106  6290 D PipelineManager: OCR process succeeded via visionkit pipeline.
05-05 00:05:57.892  6106  6243 D PipelineManager: Start process YUV
05-05 00:05:57.921  6106  6243 D PipelineManager: OCR process succeeded via visionkit pipeline.
05-05 00:05:57.936  6106  6254 D PipelineManager: Start process YUV
05-05 00:05:57.958  6106  6254 D PipelineManager: OCR process succeeded via visionkit pipeline.
05-05 00:05:57.959  6106  6287 D PipelineManager: Start process YUV
05-05 00:05:57.974   529  6233 W android.hardware.audio@7.1-impl.ranchu: pcmWrite:259 pcm_writei failed with 'cannot read/write stream data: I/O error' (-1)
05-05 00:05:57.974   529  6233 E android.hardware.audio@7.1-impl.ranchu: pcmWrite:260 failure: -1
05-05 00:05:57.988  6106  6287 D PipelineManager: OCR process succeeded via visionkit pipeline.
05-05 00:05:57.991  6106  6288 D PipelineManager: Start process YUV
05-05 00:05:58.021  6106  6288 D PipelineManager: OCR process succeeded via visionkit pipeline.
05-05 00:05:58.047  6106  6289 D PipelineManager: Start process YUV
05-05 00:05:58.068  6106  6289 D PipelineManager: OCR process succeeded via visionkit pipeline.
05-05 00:05:58.085   529  6233 W android.hardware.audio@7.1-impl.ranchu: pcmWrite:259 pcm_writei failed with 'cannot read/write stream data: I/O error' (-1)
05-05 00:05:58.085   529  6233 E android.hardware.audio@7.1-impl.ranchu: pcmWrite:260 failure: -1
05-05 00:05:58.088  6106  6290 D PipelineManager: Start process YUV
05-05 00:05:58.115  6106  6290 D PipelineManager: OCR process succeeded via visionkit pipeline.
05-05 00:05:58.120  6106  6243 D PipelineManager: Start process YUV
05-05 00:05:58.189  6106  6243 D PipelineManager: OCR process succeeded via visionkit pipeline.
05-05 00:05:58.190  6106  6254 D PipelineManager: Start process YUV
05-05 00:05:58.206   529  6233 W android.hardware.audio@7.1-impl.ranchu: pcmWrite:259 pcm_writei failed with 'cannot read/write stream data: I/O error' (-1)
05-05 00:05:58.206   529  6233 E android.hardware.audio@7.1-impl.ranchu: pcmWrite:260 failure: -1
05-05 00:05:58.238  6106  6254 D PipelineManager: OCR process succeeded via visionkit pipeline.
05-05 00:05:58.251  6106  6287 D PipelineManager: Start process YUV
05-05 00:05:58.272  6106  6287 D PipelineManager: OCR process succeeded via visionkit pipeline.
05-05 00:05:58.295  6106  6288 D PipelineManager: Start process YUV
05-05 00:05:58.306   529  6233 W android.hardware.audio@7.1-impl.ranchu: pcmWrite:259 pcm_writei failed with 'cannot read/write stream data: I/O error' (-1)
05-05 00:05:58.306   529  6233 E android.hardware.audio@7.1-impl.ranchu: pcmWrite:260 failure: -1
05-05 00:05:58.317  6106  6288 D PipelineManager: OCR process succeeded via visionkit pipeline.
05-05 00:05:58.353  6106  6289 D PipelineManager: Start process YUV
05-05 00:05:58.371  6106  6289 D PipelineManager: OCR process succeeded via visionkit pipeline.
05-05 00:05:58.372  6106  6290 D PipelineManager: Start process YUV
05-05 00:05:58.414   529  6233 W android.hardware.audio@7.1-impl.ranchu: pcmWrite:259 pcm_writei failed with 'cannot read/write stream data: I/O error' (-1)
05-05 00:05:58.414   529  6233 E android.hardware.audio@7.1-impl.ranchu: pcmWrite:260 failure: -1
05-05 00:05:58.418  6106  6290 D PipelineManager: OCR process succeeded via visionkit pipeline.
05-05 00:05:58.431  6106  6243 D PipelineManager: Start process YUV
05-05 00:05:58.459  6106  6243 D PipelineManager: OCR process succeeded via visionkit pipeline.
05-05 00:05:58.460  6106  6254 D PipelineManager: Start process YUV
05-05 00:05:58.483  6106  6254 D PipelineManager: OCR process succeeded via visionkit pipeline.
05-05 00:05:58.499  6106  6287 D PipelineManager: Start process YUV
05-05 00:05:58.517   529  6233 W android.hardware.audio@7.1-impl.ranchu: pcmWrite:259 pcm_writei failed with 'cannot read/write stream data: I/O error' (-1)
05-05 00:05:58.517   529  6233 E android.hardware.audio@7.1-impl.ranchu: pcmWrite:260 failure: -1
05-05 00:05:58.522  6106  6287 D PipelineManager: OCR process succeeded via visionkit pipeline.
05-05 00:05:58.523  6106  6288 D PipelineManager: Start process YUV
05-05 00:05:58.561   529  2252 D android.hardware.audio@7.1-impl.ranchu: threadLoop: entering standby, frames: 7638848
05-05 00:05:58.561   529  2252 D android.hardware.audio@7.1-impl.ranchu: ~TinyalsaSink: stopping PCM stream
05-05 00:05:58.563   529  2252 D android.hardware.audio@7.1-impl.ranchu: ~TinyalsaSink: joining consumeThread
05-05 00:05:58.563   529  6233 W android.hardware.audio@7.1-impl.ranchu: pcmWrite:259 pcm_writei failed with 'cannot read/write stream data: File descriptor in bad state' (-1)
05-05 00:05:58.563   529  6233 E android.hardware.audio@7.1-impl.ranchu: pcmWrite:260 failure: -1
05-05 00:05:58.563   529  6233 D android.hardware.audio@7.1-impl.ranchu: consumeThread: exiting
05-05 00:05:58.579  6106  6288 D PipelineManager: OCR process succeeded via visionkit pipeline.
05-05 00:05:58.595  6106  6289 D PipelineManager: Start process YUV
05-05 00:05:58.619  6106  6289 D PipelineManager: OCR process succeeded via visionkit pipeline.
05-05 00:05:58.632  6106  6290 D PipelineManager: Start process YUV
05-05 00:05:58.662  6106  6290 D PipelineManager: OCR process succeeded via visionkit pipeline.
05-05 00:05:58.665  6106  6243 D PipelineManager: Start process YUV
05-05 00:05:58.729  6106  6243 D PipelineManager: OCR process succeeded via visionkit pipeline.
05-05 00:05:58.731  6106  6254 D PipelineManager: Start process YUV
05-05 00:05:58.815  6106  6254 D PipelineManager: OCR process succeeded via visionkit pipeline.
05-05 00:05:58.836  6106  6287 D PipelineManager: Start process YUV
05-05 00:05:58.893  6106  6287 D PipelineManager: OCR process succeeded via visionkit pipeline.
05-05 00:05:58.909  6106  6288 D PipelineManager: Start process YUV
05-05 00:05:58.938  6106  6288 D PipelineManager: OCR process succeeded via visionkit pipeline.
05-05 00:05:58.940  6106  6289 D PipelineManager: Start process YUV
05-05 00:05:58.997  6106  6289 D PipelineManager: OCR process succeeded via visionkit pipeline.
05-05 00:05:59.004  6106  6290 D PipelineManager: Start process YUV
05-05 00:05:59.051  6106  6290 D PipelineManager: OCR process succeeded via visionkit pipeline.
05-05 00:05:59.053  6106  6243 D PipelineManager: Start process YUV
05-05 00:05:59.074  6106  6243 D PipelineManager: OCR process succeeded via visionkit pipeline.
05-05 00:05:59.075  6106  6254 D PipelineManager: Start process YUV
05-05 00:05:59.095  6106  6254 D PipelineManager: OCR process succeeded via visionkit pipeline.
05-05 00:05:59.109  6106  6287 D PipelineManager: Start process YUV
05-05 00:05:59.137  6106  6287 D PipelineManager: OCR process succeeded via visionkit pipeline.
05-05 00:05:59.138  6106  6288 D PipelineManager: Start process YUV
05-05 00:05:59.163  6106  6288 D PipelineManager: OCR process succeeded via visionkit pipeline.
05-05 00:05:59.180  6106  6289 D PipelineManager: Start process YUV
05-05 00:05:59.210  6106  6289 D PipelineManager: OCR process succeeded via visionkit pipeline.
05-05 00:05:59.234  6106  6290 D PipelineManager: Start process YUV
05-05 00:05:59.297  6106  6290 D PipelineManager: OCR process succeeded via visionkit pipeline.
05-05 00:05:59.298  6106  6243 D PipelineManager: Start process YUV
05-05 00:05:59.351  6106  6243 D PipelineManager: OCR process succeeded via visionkit pipeline.
05-05 00:05:59.367  6106  6254 D PipelineManager: Start process YUV
05-05 00:05:59.477  6106  6254 D PipelineManager: OCR process succeeded via visionkit pipeline.
05-05 00:05:59.485  6106  6287 D PipelineManager: Start process YUV
05-05 00:05:59.576  6106  6287 D PipelineManager: OCR process succeeded via visionkit pipeline.
05-05 00:05:59.578  6106  6288 D PipelineManager: Start process YUV
05-05 00:05:59.620  6106  6288 D PipelineManager: OCR process succeeded via visionkit pipeline.
05-05 00:05:59.637  6106  6289 D PipelineManager: Start process YUV
05-05 00:05:59.683  6106  6289 D PipelineManager: OCR process succeeded via visionkit pipeline.
05-05 00:05:59.692  6106  6290 D PipelineManager: Start process YUV
05-05 00:05:59.729  6106  6290 D PipelineManager: OCR process succeeded via visionkit pipeline.
05-05 00:05:59.731  6106  6243 D PipelineManager: Start process YUV
05-05 00:05:59.752  6106  6243 D PipelineManager: OCR process succeeded via visionkit pipeline.
05-05 00:05:59.778  6106  6254 D PipelineManager: Start process YUV
05-05 00:05:59.803  6106  6254 D PipelineManager: OCR process succeeded via visionkit pipeline.
05-05 00:05:59.805  6106  6287 D PipelineManager: Start process YUV
05-05 00:05:59.839  6106  6287 D PipelineManager: OCR process succeeded via visionkit pipeline.
05-05 00:05:59.841  6106  6288 D PipelineManager: Start process YUV
05-05 00:05:59.867  6106  6288 D PipelineManager: OCR process succeeded via visionkit pipeline.
05-05 00:05:59.876  6106  6289 D PipelineManager: Start process YUV
05-05 00:05:59.901  6106  6289 D PipelineManager: OCR process succeeded via visionkit pipeline.
05-05 00:05:59.907  6106  6290 D PipelineManager: Start process YUV
05-05 00:05:59.960  6106  6290 D PipelineManager: OCR process succeeded via visionkit pipeline.
05-05 00:05:59.965  6106  6243 D PipelineManager: Start process YUV
05-05 00:05:59.996  6106  6243 D PipelineManager: OCR process succeeded via visionkit pipeline.
05-05 00:05:59.998  6106  6254 D PipelineManager: Start process YUV
