05-04 21:30:06.499  3255  8941 D GraphicsStatsService: requestRenderEngineFor(com.ojoclaro.android)
05-04 21:30:06.500 15006 15006 D ActivityThread: com.ojoclaro.android will use render engine as VK
05-04 21:30:06.500 15006 15006 D HWUI    : HWUI - treat SMPTE_170M as sRGB
05-04 21:30:06.501 15006 15021 I DisplayManager: Choreographer implicitly registered for the refresh rate.
05-04 21:30:06.501  3255  3565 V Configuration: Updating configuration, locales updated from [] to [es_US,es_AR]
05-04 21:30:06.502 15006 15021 D HWUI    : CacheManager constructor. deviceInfo=(1080, 1920)
05-04 21:30:06.502  3255  3565 V Configuration: Updating configuration, locales updated from [] to [es_US,es_AR]
05-04 21:30:06.503 15006 15021 I AdrenoGLES-0: QUALCOMM build                   : dc3d4da3a2, Idd45c2c082
05-04 21:30:06.503 15006 15021 I AdrenoGLES-0: Build Date                       : 05/30/25
05-04 21:30:06.503 15006 15021 I AdrenoGLES-0: OpenGL ES Shader Compiler Version: E031.41.03.62
05-04 21:30:06.503 15006 15021 I AdrenoGLES-0: Local Branch                     : 
05-04 21:30:06.503 15006 15021 I AdrenoGLES-0: Remote Branch                    : refs/tags/AU_LINUX_ANDROID_LA.VENDOR.13.2.0.11.00.00.856.062
05-04 21:30:06.503 15006 15021 I AdrenoGLES-0: Remote Branch                    : NONE
05-04 21:30:06.503 15006 15021 I AdrenoGLES-0: Reconstruct Branch               : NOTHING
05-04 21:30:06.503 15006 15021 I AdrenoGLES-0: Build Config                     : S P 14.1.4 AArch64
05-04 21:30:06.503 15006 15021 I AdrenoGLES-0: Driver Path                      : /vendor/lib64/egl/libGLESv2_adreno.so
05-04 21:30:06.503 15006 15021 I AdrenoGLES-0: Driver Version                   : 0676.73
05-04 21:30:06.503  3255  3565 D EnterpriseDeviceManagerService: isMdmAdminPresentInternal() : MDM Admin Found - com.samsung.knox.securefolder
05-04 21:30:06.503  3255  4789 D BackgroundInstallControlService: Package event received: 0
05-04 21:30:06.504  3255  3565 D SGM:FgCheckThread: noteResumeComponent(), received pkgName: com.ojoclaro.android, userId: 0
05-04 21:30:06.504  8560 22132 I SDHMS:k : handleResumeComponent : put = com.ojoclaro.android, userid = 0 instanceid =216304738
05-04 21:30:06.504  3255  4780 I CocktailBarManagerServiceContainer: handleMessage: entry what = 5
05-04 21:30:06.504  3255  4497 D SGM:FgCheckThread: onLooperPrepared(), msg: MSG_APP_RESUME, pkgName: com.ojoclaro.android, userid: 0
05-04 21:30:06.504  3255  4497 D SGM:FgCheckThread: handleResume().
05-04 21:30:06.504  3255  4497 D SGM:SystemHelper: callReleaseBlock needReleaseBlock:false
05-04 21:30:06.504  3255  4497 D SGM:FgCheckThread:   handleResume(). device is locked yet. ignore
05-04 21:30:06.504  5612  5612 I HoneySpace.EdgePanel.CocktailHostRepositoryImpl: onNoteResume
05-04 21:30:06.504  5612  5612 I HoneySpace.EdgePanel.EdgePanelContainerViewModel: cocktailHostRepository.edgePanelOperation NoteResumeComponent(componentName=ComponentInfo{com.ojoclaro.android/com.ojoclaro.android.MainActivity})
05-04 21:30:06.504  5612  5612 I HoneySpace.EdgePanel.ActivityUtils: HomePackage : com.sec.android.app.launcher, resumePackageName : com.ojoclaro.android, className : com.ojoclaro.android.MainActivity
05-04 21:30:06.505  3255  3565 D SGM:GameManager: identifyGamePackage. com.ojoclaro.android, mCurrentUserId: 0, callingMethodInfo: com.samsung.android.game.SemGameManager.isGamePackage(SemGameManager.java:106)
05-04 21:30:06.505  3255  3565 D SGM:SemGameManager: isGamePackage(), pkgName=com.ojoclaro.android, ret=false
05-04 21:30:06.505  3255  4789 D BackgroundInstallControlService: Package event received: 0
05-04 21:30:06.507 15006 15021 I AdrenoGLES-0: PFP: 0x01740181, ME: 0x00000000
05-04 21:30:06.512  1023  1023 I hwservicemanager: getTransport: Cannot find entry vendor.qti.qspmhal@1.0::IQspmhal/default in either framework or device VINTF manifest.
05-04 21:30:06.512 15006 15021 W Adreno-AppProfiles: Could not find QSPM HAL service. Skipping adreno profile processing.
05-04 21:30:06.514 15006 15021 I AdrenoUtils: <ReadGpuID:407>: Reading chip ID through GSL
05-04 21:30:06.515 15006 15006 E ashmem  : Pinning is deprecated since Android Q. Please use trim or other methods.
05-04 21:30:06.527 15006 15006 D CompatChangeReporter: Compat change id reported: 309578419; UID 10488; state: ENABLED
05-04 21:30:06.528 15006 15006 D DesktopModeFlags: Toggle override initialized to: OVERRIDE_UNSET
05-04 21:30:06.530 15006 15006 I DecorView: setWindowBackground: isPopOver=false color=fffafafa d=android.graphics.drawable.ColorDrawable@487a91b
05-04 21:30:06.554 15006 15006 D CompatChangeReporter: Compat change id reported: 352594277; UID 10488; state: ENABLED
05-04 21:30:06.559 15006 15006 D ViewRootImpl: desktopMode is false
05-04 21:30:06.559 15006 15006 D CompatChangeReporter: Compat change id reported: 349153669; UID 10488; state: ENABLED
05-04 21:30:06.560 15006 15006 I ViewRootImpl: dVRR is disabled
05-04 21:30:06.560 15006 15006 D HardwareRenderer: onDisplayChanged. displayId=0 current wxh=1080x2340 mLargest wxh=0x0
05-04 21:30:06.561 15006 15006 D HardwareRenderer: Set largestWidth and largestHeight as logical resolution. (1080x2340)
05-04 21:30:06.561 15006 15021 D HWUI    : setMaxSurfaceArea requested wxh=(1080,2340) requestedSurfaceArea(2527200) mMaxSurfaceArea(2073600)
05-04 21:30:06.561 15006 15021 D NativeCustomFrequencyManager: [NativeCFMS] BpCustomFrequencyManager::BpCustomFrequencyManager()
05-04 21:30:06.564  3255  8600 D InputTransport: Input channel constructed: '88a71d0', fd=1360
05-04 21:30:06.564  3255  8600 D InputTransport: Input channel constructed: '88a71d0', fd=1362
05-04 21:30:06.564  3255  8600 D InputTransport: Input channel constructed: '88a71d0', fd=1363
05-04 21:30:06.564  3255  8600 D InputTransport: Input channel destroyed: '88a71d0', fd=1362
05-04 21:30:06.564  3255  8600 D WindowManager: prepareSync <SYNC_STATE_WAITING_FOR_DRAW>, mPrepareSyncSeqId=0, win=Window{88a71d0 u0 com.ojoclaro.android/com.ojoclaro.android.MainActivity}
05-04 21:30:06.565  2249  4540 I SurfaceFlinger: id=22399 createSurf, flag=84004, 88a71d0 com.ojoclaro.android/com.ojoclaro.android.MainActivity#22399
05-04 21:30:06.565  3255  8600 D RestrictionPolicy: isScreenCaptureEnabled : ret=true userId=0
05-04 21:30:06.565  3255  8600 D RestrictionPolicy: isScreenCaptureEnabled : ret=true userId=0
05-04 21:30:06.566  3255  8600 V WindowManager: Collecting in transition 1996: ActivityRecord{267237590 u0 com.ojoclaro.android/.MainActivity t2754}, caller=com.android.server.wm.TransitionController.collect:7 com.android.server.wm.ActivityRecord.setVisibility:132 com.android.server.wm.ActivityRecord.makeInvisible:32 com.android.server.wm.EnsureActivitiesVisibleHelper.process:542 com.android.server.wm.TaskFragment.updateActivityVisibilities:12 
05-04 21:30:06.567  3255  8600 D InputTransport: Input channel destroyed: '88a71d0', fd=1363
05-04 21:30:06.567 15006 15006 D InputTransport: Input channel constructed: '88a71d0', fd=120
05-04 21:30:06.568 15006 15006 I InsetsController: onStateChanged: host=com.ojoclaro.android/com.ojoclaro.android.MainActivity, from=android.view.ViewRootImpl.onInsetsStateChanged:3026, state=InsetsState: {mDisplayFrame=Rect(0, 0 - 0, 0), mDisplayCutout=DisplayCutout{insets=Rect(0, 0 - 0, 0) waterfall=Insets{left=0, top=0, right=0, bottom=0} boundingRect={Bounds=[Rect(0, 0 - 0, 0), Rect(0, 0 - 0, 0), Rect(0, 0 - 0, 0), Rect(0, 0 - 0, 0)]} cutoutPathParserInfo={CutoutPathParserInfo{displayWidth=0 displayHeight=0 physicalDisplayWidth=0 physicalDisplayHeight=0 density={0.0} cutoutSpec={} rotation={0} scale={0.0} physicalPixelDisplaySizeRatio={0.0}}} sideOverrides=null}, mRoundedCorners=RoundedCorners{[RoundedCorner{position=TopLeft, radius=0, center=Point(0, 0)}, RoundedCorner{position=TopRight, radius=0, center=Point(0, 0)}, RoundedCorner{position=BottomRight, radius=0, center=Point(0, 0)}, RoundedCorner{position=BottomLeft, radius=0, center=Point(0, 0)}]}  mRoundedCornerFrame=Rect(0, 0 - 1080, 2340), mPrivacyIndicatorBounds=PrivacyIndicatorBounds {static bounds=null rotation=0}, mDisplayShape=DisplayShape{ spec=0 displayWidth=0 displayHeight=0 physicalPixelDisplaySizeRatio=0.0 rotation=0 offsetX=0 offsetY=0 scale=1.0}, mSources= {  }
05-04 21:30:06.568 15006 15006 I VRI[MainActivity]@8ebd4cf: synced displayState. AttachInfo displayState=2
05-04 21:30:06.569 15006 15006 I VRI[MainActivity]@8ebd4cf: setView = com.android.internal.policy.DecorView@b7aeeeb IsHRR=false mFlingFrameRateChange=0 TM=true
05-04 21:30:06.570 15006 15006 I IDS_TAG : Starting IDS observe window
05-04 21:30:06.570 15006 15006 I IDS_TAG : Getting Shared Preference for android.app.Application@647010f uid = 10488
05-04 21:30:06.572  2249  2249 I SurfaceFlinger: [88a71d0 com.ojoclaro.android/com.ojoclaro.android.MainActivity#22399] attach to parent LayerHierarchy{RequestedLayerState{ActivityRecord{267237590 u0 com.ojoclaro.android/.MainActivity t2754}#22396 parentId=22395} 2 children}
05-04 21:30:06.573 15006 15006 I IDS_TAG : App android.app.Application@647010f has not finished training
05-04 21:30:06.574  3255  3699 D AnalyticsContainerHandler: handleMessage : { when=0 what=1 target=com.android.server.knox.KnoxAnalyticsContainer$AnalyticsHandler }
05-04 21:30:06.574 15006 15021 D HWUI    : HWUI - treat SMPTE_170M as sRGB
05-04 21:30:06.574  3255  3699 D AnalyticsContainerHandler: handleMessage : { when=0 what=2 target=com.android.server.knox.KnoxAnalyticsContainer$AnalyticsHandler }
05-04 21:30:06.574 15006 15006 I IDS_TAG : Closing IDS observe window
05-04 21:30:06.574 15006 15006 I IDS_TAG : Getting Shared Preference for android.app.Application@647010f uid = 10488
05-04 21:30:06.575 15006 15006 I IDS_TAG : IDS count updated to 2 for android.app.Application@647010f
05-04 21:30:06.697 15006 15011 I joclaro.android: Compiler allocated 5066KB to compile void android.view.ViewRootImpl.performTraversals()
05-04 21:30:06.703  3255  3255 W AccessibilityManagerService:  wait for adding window timeout: 1994
05-04 21:30:06.709 15006 15006 W System.err: SLF4J(W): No SLF4J providers were found.
05-04 21:30:06.709 15006 15006 W System.err: SLF4J(W): Defaulting to no-operation (NOP) logger implementation
05-04 21:30:06.710 15006 15006 W System.err: SLF4J(W): See https://www.slf4j.org/codes.html#noProviders for further details.
05-04 21:30:06.714  3255  5852 D ActivityManager: unpendingScheduleServiceRestart: u=10479, drop=false
05-04 21:30:06.724 15006 15006 I TextToSpeech: Create TextToSpeech : caller process id[15006] / name[com.ojoclaro.android] / target[null]
05-04 21:30:06.729  3255  4789 D BackgroundInstallControlService: Package event received: 0
05-04 21:30:06.735 13024 13119 I SamsungTTS: com.ojoclaro.android is invalid package.
05-04 21:30:06.735 13024 13119 I SamsungTTS: [check_allowed_package] com.ojoclaro.android is not allowed. [-4]
05-04 21:30:06.737 15006 15006 I TextToSpeech: com.ojoclaro.android is not allowed to bind to private engine.
05-04 21:30:06.737 15006 15006 I TextToSpeech: getHighestRankedPublicEngineName = com.google.android.tts
05-04 21:30:06.739 15006 15006 I TextToSpeech: Sucessfully bound to com.google.android.tts
05-04 21:30:06.739  3255  8600 D TextToSpeechManagerPerUserService: Trying to start connection to TTS engine: com.google.android.tts
05-04 21:30:06.740  3255  3255 I ActivityManager: Changes in 10274 19 to 5, 0 to 184
05-04 21:30:06.741  3255  4789 D BackgroundInstallControlService: Package event received: 0
05-04 21:30:06.741 20215 20317 I eija    : (REDACTED) HDM. appOpsListener %s %s
05-04 21:30:06.741 20215 20317 I eija    : (REDACTED) HDM. Ignoring irrelevant audio permission changes for package %s
05-04 21:30:06.742  3255  4789 D BackgroundInstallControlService: Package event received: 0
05-04 21:30:06.743 10678 10678 I GoogleTtsServicePeer: Creating Google TTS service, version googletts.google-speech-apk_20260331.04_p0.892709386
05-04 21:30:06.743 10678 10678 I ExoPlayerImpl: Init f8da190 [AndroidXMedia3/1.10.0] [dm2q, SM-S916B, samsung, 36]
05-04 21:30:06.743 10678 10678 I ExoPlayerImpl: Init be7da89 [AndroidXMedia3/1.10.0] [dm2q, SM-S916B, samsung, 36]
05-04 21:30:06.744 10678 10678 I VoiceDataManager: checkData: Refreshing list of all available voices...
05-04 21:30:06.749 10678 10765 I VoiceDataDownloader: getAvailableVoicesInfo en-us
05-04 21:30:06.749 10678 10765 I VoiceDataDownloader: getAvailableVoicesInfo es-us
05-04 21:30:06.749 10678 10765 I VoiceDataDownloader: getAvailableVoicesInfo es-es
05-04 21:30:06.750 10678 10765 I VoiceGenerator: Cache cleared
05-04 21:30:06.750 10678 10765 I VoiceDataManager: Calling onVoicesDataChange: updated voices
05-04 21:30:06.750 10678 10765 I VoiceDataManager: Calling onVoicesDataChange: updated voices
05-04 21:30:06.750 10678 10765 I VoiceDataManager: Calling onVoicesDataChange: updated voices
05-04 21:30:06.751 15006 15006 W joclaro.android: Method boolean androidx.compose.runtime.snapshots.SnapshotStateList.conditionalUpdate(boolean, kotlin.jvm.functions.Function1) failed lock verification and will run slower.
05-04 21:30:06.751 15006 15006 W joclaro.android: Common causes for lock verification issues are non-optimized dex code
05-04 21:30:06.751 15006 15006 W joclaro.android: and incorrect proguard optimizations.
05-04 21:30:06.751 15006 15006 W joclaro.android: Method boolean androidx.compose.runtime.snapshots.SnapshotStateList.conditionalUpdate$default(androidx.compose.runtime.snapshots.SnapshotStateList, boolean, kotlin.jvm.functions.Function1, int, java.lang.Object) failed lock verification and will run slower.
05-04 21:30:06.751 15006 15006 W joclaro.android: Method java.lang.Object androidx.compose.runtime.snapshots.SnapshotStateList.mutate(kotlin.jvm.functions.Function1) failed lock verification and will run slower.
05-04 21:30:06.752 15006 15006 W joclaro.android: Method void androidx.compose.runtime.snapshots.SnapshotStateList.update(boolean, kotlin.jvm.functions.Function1) failed lock verification and will run slower.
05-04 21:30:06.752 15006 15006 W joclaro.android: Method void androidx.compose.runtime.snapshots.SnapshotStateList.update$default(androidx.compose.runtime.snapshots.SnapshotStateList, boolean, kotlin.jvm.functions.Function1, int, java.lang.Object) failed lock verification and will run slower.
05-04 21:30:06.774  3255  8600 D CoreBackPreview: Window{88a71d0 u0 com.ojoclaro.android/com.ojoclaro.android.MainActivity}: Setting back callback OnBackInvokedCallbackInfo{mCallback=android.window.IOnBackInvokedCallback$Stub$Proxy@f943032, mPriority=0, mIsAnimationCallback=false, mOverrideBehavior=0}
05-04 21:30:06.793  3255  8600 I WindowManager: Relayout Window{88a71d0 u0 com.ojoclaro.android/com.ojoclaro.android.MainActivity}: viewVisibility=0 req=1080x2340 ty=1 d0
05-04 21:30:06.793  2249  4540 I SurfaceFlinger: id=22400 createSurf, flag=44004, com.ojoclaro.android/com.ojoclaro.android.MainActivity$_15006#22400
05-04 21:30:06.794  3255  8600 D WindowManager: makeSurface duration=1 name=com.ojoclaro.android/com.ojoclaro.android.MainActivity$_15006
05-04 21:30:06.795  3255  8600 D SurfaceComposerClient: setCornerRadius ## 5de25e4 com.android.dreams.basic/android.service.dreams.DreamActivity#22383 cornerRadius=0.000000
05-04 21:30:06.795  3255  8600 D SurfaceComposerClient: setCornerRadius ## 88a71d0 com.ojoclaro.android/com.ojoclaro.android.MainActivity#22399 cornerRadius=0.000000
05-04 21:30:06.795  3255  8600 D SurfaceComposerClient: setCornerRadius ## 5de25e4 com.android.dreams.basic/android.service.dreams.DreamActivity#22383 cornerRadius=0.000000
05-04 21:30:06.795  3255  8600 D BLASTSyncEngine: SyncGroup 1996:  Unfinished container: ActivityRecord{267237590 u0 com.ojoclaro.android/.MainActivity t2754} mSyncState=2
05-04 21:30:06.795  3255  8600 D SurfaceComposerClient: setCornerRadius ## 5de25e4 com.android.dreams.basic/android.service.dreams.DreamActivity#22383 cornerRadius=0.000000
05-04 21:30:06.795  3255  8600 V WindowManager: SyncGroup 1996: Finished!
05-04 21:30:06.796  3255  8600 D WindowManagerServiceExt: updateTaskbarTargetIfNeeded: reset
05-04 21:30:06.796  3255  8600 D ChangeTransitionController: onTransactionReady: TransitionRecord{49404f1 id=1996 type=OPEN flags=0x0 c=[
05-04 21:30:06.796  3255  8600 D ChangeTransitionController:    ChangeInfo{9830cae container=DefaultTaskDisplayArea_d0@5520231 flags=0x0}
05-04 21:30:06.796  3255  8600 D ChangeTransitionController:    ChangeInfo{73d9a4f container=Display{#0 state=ON size=1080x2340 ROTATION_0} flags=0x0}
05-04 21:30:06.796  3255  8600 D ChangeTransitionController:    ChangeInfo{258f5dc container=Task{e52ff2d #2754 type=standard A=10488:com.ojoclaro.android} flags=0x0}
05-04 21:30:06.796  3255  8600 D ChangeTransitionController:    ChangeInfo{ef1e6e5 container=ActivityRecord{267237590 u0 com.ojoclaro.android/.MainActivity t2754} flags=0x0}
05-04 21:30:06.796  3255  8600 D ChangeTransitionController: ]
05-04 21:30:06.796  3255  8600 D ChangeTransitionController: }
05-04 21:30:06.796  3255  8600 V WindowManager: Start calculating TransitionInfo based on participants: {Task{e52ff2d #2754 type=standard A=10488:com.ojoclaro.android}, ActivityRecord{267237590 u0 com.ojoclaro.android/.MainActivity t2754}}
05-04 21:30:06.796  3255  8600 V WindowManager:   Final targets: []
05-04 21:30:06.796  3255  8600 V WindowManager: Calling onTransitionReady: {id=1996 t=OPEN f=0x40 trk=0 r=[] c=[]}
05-04 21:30:06.796  3255  8600 D PowerManagerService: [api] setPowerBoost(L) boost:0, durationMs:0, caller (uid: 1000 pid: 3255) <- m() in com.android.server.display.DisplayManagerService$BinderService$$ExternalSyntheticOutline0:1
05-04 21:30:06.797  3255  3562 V WindowManager: Sent Transition (#1996) createdAt=05-04 21:30:06.158 via request=TransitionRequestInfo { type = OPEN, triggerTask = TaskInfo{userId=0 taskId=2754 effectiveUid=10488 displayId=0 isRunning=true baseIntent=Intent { flg=0x10000000 cmp=com.ojoclaro.android/.MainActivity } baseActivity=ComponentInfo{com.ojoclaro.android/com.ojoclaro.android.MainActivity} topActivity=ComponentInfo{com.ojoclaro.android/com.ojoclaro.android.MainActivity} origActivity=null realActivity=ComponentInfo{com.ojoclaro.android/com.ojoclaro.android.MainActivity} numActivities=1 lastActiveTime=379486829 supportsMultiWindow=true resizeMode=1 isResizeable=true minWidth=-1 minHeight=-1 maxWidth=-1 maxHeight=-1 defaultMinSize=220 desktopDefaultMinSize=304 token=WCT{RemoteToken{173f183 Task{e52ff2d #2754 type=standard A=10488:com.ojoclaro.android}}} topActivityType=1 pictureInPictureParams=null shouldDockBigOverlays=false launchIntoPipHostTaskId=-1 lastParentTaskIdBeforePip=-1 displayCutoutSafeInsets=Rect(0, 74 - 0, 0) topActivityInfo=ActivityInfo{45ef00 com.ojoclaro.android.MainActivity} launchCookies=[] positionInParent=Point(0, 0) parentTaskId=-1 isFocused=false isVisible=false isVisibleRequested=false isTopActivityNoDisplay=false isSleeping=false locusId=null displayAreaFeatureId=1 isTopActivityTransparent=false isActivityStackTransparent=false lastNonFullscreenBounds=Rect(81, 550 - 999, 1720) capturedLink=null capturedLinkTimestamp=0 requestedVisibleTypes=-9 topActivityRequestOpenInBrowserEducationTimestamp=0 appCompatTaskInfo=AppCompatTaskInfo { topActivityInSizeCompat=false eligibleForLetterboxEducation= false isLetterboxEducationEnabled= false isLetterboxDoubleTapEnabled= false eligibleForUserAspectRatioButton= false topActivityBoundsLetterboxed= false isFromLetterboxDoubleTap= false topActivityLetterboxVerticalPosition= -1 topActivityLetterboxHorizontalPosition= -1 topActivityLetterboxWidth=-1 topActivityLetterboxHeight=-1 topActivityAppBounds=Rect(0, 0 - 1080, 2340) isUserFullscreenOverrideEnabled=false isSystemFullscreenOverrideEnabled=false hasMinAspectRatioOverride=false topActivityLetterboxBounds=null cameraCompatTaskInfo=CameraCompatTaskInfo { freeformCameraCompatMode=inactive} topActivityBounds=null topActivityInDisplayCompat=false singleTapFromLetterbox=false} topActivityMainWindowFrame=null originallySupportedMultiWindow=true hasWallpaper=false rootAffinity=10488:com.ojoclaro.android isTopTaskInStage=false CoverLauncherWidgetTask=false LaunchedFromAppsCoverLauncherTask=false LaunchedFromMultistarCoverLauncherTask=false isAllowedSeamlessRotation=false isTopTransparentActivity=false isAliasManaged=false hasConfigChanged=false snappingGuideBounds=null isAiKeyRemoveAppTask=false lastDesktopWindowingBounds=null lastExternalDesktopWindowingBounds=null safeCutoutInsets=null}, pipChange = null, remoteTransition = null, displayChange = null, flags = 0, debugId = 1996 }
05-04 21:30:06.797  3255  3562 V WindowManager:     startWCT=WindowContainerTransaction { changes= {} hops= [] errorCallbackToken=null taskFragmentOrganizer=null }
05-04 21:30:06.797  3255  3562 V WindowManager:     info={id=1996 t=OPEN f=0x40 trk=0 r=[] c=[]}
05-04 21:30:06.797  3255  8600 I WindowManager: Relayout hash=88a71d0, pid=15006, syncId=-1: mAttrs={(0,0)(fillxfill) sim={adjust=pan forwardNavigation} layoutInDisplayCutoutMode=always ty=BASE_APPLICATION wanim=0x1030317
05-04 21:30:06.797  3255  8600 I WindowManager:   fl=81810100
05-04 21:30:06.797  3255  8600 I WindowManager:   pfl=100088c0
05-04 21:30:06.797  3255  8600 I WindowManager:   bhv=1
05-04 21:30:06.797  3255  8600 I WindowManager:   fitSides=0
05-04 21:30:06.797  3255  8600 I WindowManager:   frameRateBoostOnTouch=true
05-04 21:30:06.797  3255  8600 I WindowManager:   dvrrWindowFrameRateHint=true naviIconColor=0}
05-04 21:30:06.797  4974  5017 V WindowManagerShell: onTransitionReady(transaction=13980118684394)
05-04 21:30:06.797  4974  5177 V WindowManagerShell: onTransitionReady (#1996) android.os.BinderProxy@5462cb3: {id=1996 t=OPEN f=0x40 trk=0 r=[] c=[]}
05-04 21:30:06.797  4974  5177 V ShellDesktopMode: DesktopModeLogger: taskInfo map after processing changes 0
05-04 21:30:06.797  4974  5177 V WindowManagerShell: No transition roots in (#1996) android.os.BinderProxy@5462cb3@0 so abort
05-04 21:30:06.797  4974  5177 I SurfaceControlRegistry: apply, t=StartTransaction_SyncId<1996>, caller=android.view.SurfaceControl$Transaction.apply:3459 android.view.SurfaceControl$Transaction.apply:3447 android.view.SurfaceControl$Transaction.apply:3397 com.android.wm.shell.transition.Transitions.processReadyQueue:196 com.android.wm.shell.transition.Transitions.onAbort:85 com.android.wm.shell.transition.Transitions.dispatchReady:326 
05-04 21:30:06.798 15006 15006 E BufferQueueProducer: Unable to open libpenguin.so: dlopen failed: library "libpenguin.so" not found.
05-04 21:30:06.798  2249  2249 I SurfaceFlinger: RequestedLayer [dcbbce6 Splash Screen com.ojoclaro.android#22397] hidden!! flag  from(1) --> to(0)
05-04 21:30:06.798  2249  2249 I SurfaceFlinger: RequestedLayer [88a71d0 com.ojoclaro.android/com.ojoclaro.android.MainActivity#22399] hidden!! flag  from(1) --> to(0)
05-04 21:30:06.798 15006 15006 E joclaro.android: Unable to open libpenguin.so: dlopen failed: library "libpenguin.so" not found.
05-04 21:30:06.798  2249  2249 I SurfaceFlinger: [com.ojoclaro.android/com.ojoclaro.android.MainActivity$_15006#22400] attach to parent LayerHierarchy{RequestedLayerState{88a71d0 com.ojoclaro.android/com.ojoclaro.android.MainActivity#22399 parentId=22396} 1 children}
05-04 21:30:06.798 15006 15006 W libc    : Access denied finding property "vendor.display.enable_optimal_refresh_rate"
05-04 21:30:06.798 15006 15006 I BufferQueueProducer: [](id:3a9e00000000,api:0,p:0,c:15006) setDequeueTimeout:2077252342
05-04 21:30:06.798  4974  5177 V WindowManagerShell: Transition animation finished (aborted=true), notifying core (#1996) android.os.BinderProxy@5462cb3@0
05-04 21:30:06.798  4974  5177 I SurfaceControlRegistry: apply, t=FinishTransaction_SyncId<1996>, caller=android.view.SurfaceControl$Transaction.apply:3459 android.view.SurfaceControl$Transaction.apply:3447 android.view.SurfaceControl$Transaction.apply:3397 com.android.wm.shell.transition.Transitions.onFinish:315 com.android.wm.shell.transition.Transitions.processReadyQueue:201 com.android.wm.shell.transition.Transitions.onAbort:85 
05-04 21:30:06.799  3255  3565 I ActivityManager: Changes in 10386 5 to 6, 184 to 128
05-04 21:30:06.799  3255  8941 I SemDvfsHyPerManager: acquire hyper - AMS_RESUME_TAIL/3255@23, type = -999
05-04 21:30:06.799  3255  8941 I SemDvfsHyPerManager: acquire hyper - AMS_ACT_LAZY/3255@24, type = -999
05-04 21:30:06.799  3255  8941 D ActivityManagerPerformance: AMP_acquire() TAIL
05-04 21:30:06.799  3255  8941 D ActivityManagerPerformance: AMP_release() APP_SWITCH
05-04 21:30:06.799  3255  5867 D FreecessController: BG freezed, skip OLAF unfreeze for (com.banconacion.bnamas, 10030)
05-04 21:30:06.799  3255  8941 V WindowManager: Finish Transition: TransitionRecord{49404f1 id=1996 type=OPEN flags=0x40 c=[
05-04 21:30:06.799  3255  8941 V WindowManager:    ChangeInfo{9830cae container=DefaultTaskDisplayArea_d0@5520231 flags=0x0}
05-04 21:30:06.799  3255  8941 V WindowManager:    ChangeInfo{73d9a4f container=Display{#0 state=ON size=1080x2340 ROTATION_0} flags=0x0}
05-04 21:30:06.799  3255  8941 V WindowManager:    ChangeInfo{258f5dc container=Task{e52ff2d #2754 type=standard A=10488:com.ojoclaro.android} flags=0x0}
05-04 21:30:06.799  3255  8941 V WindowManager:    ChangeInfo{ef1e6e5 container=ActivityRecord{267237590 u0 com.ojoclaro.android/.MainActivity t2754} flags=0x0}
05-04 21:30:06.799  3255  8941 V WindowManager: ]
05-04 21:30:06.799  3255  8941 V WindowManager: }, caller=com.android.server.wm.WindowOrganizerController.finishTransitionInner:31 com.android.server.wm.WindowOrganizerController.finishAllTransitions:60 android.window.IWindowOrganizerController$Stub.onTransact:283 
05-04 21:30:06.799  2128  2210 I HYPER-HAL: [RequestManager.cpp]acquire(): Acquired ID : 5374304  [3255 / 23]    HINT : AMS_RESUME_TAIL    list : 
05-04 21:30:06.799  3255  8941 D PersonaActivityHelper: token.toString()  Token{ce48c62 ActivityRecord{267237590 u0 com.ojoclaro.android/.MainActivity t2754}}
05-04 21:30:06.799  3255  8941 D PersonaActivityHelper: mLastResumedSFActivity getPackageName  com.google.android.permissioncontroller
05-04 21:30:06.799  3255  8941 D PersonaActivityHelper: mLastResumedSFActivity getShortClassName  com.android.permissioncontroller.permission.ui.GrantPermissionsActivity
05-04 21:30:06.799  3255  8941 D ChangeTransitionController: onTransitionFinished: TransitionRecord{49404f1 id=1996 type=OPEN flags=0x40 c=[
05-04 21:30:06.799  3255  8941 D ChangeTransitionController:    ChangeInfo{9830cae container=DefaultTaskDisplayArea_d0@5520231 flags=0x0}
05-04 21:30:06.799  3255  8941 D ChangeTransitionController:    ChangeInfo{73d9a4f container=Display{#0 state=ON size=1080x2340 ROTATION_0} flags=0x0}
05-04 21:30:06.799  3255  8941 D ChangeTransitionController:    ChangeInfo{258f5dc container=Task{e52ff2d #2754 type=standard A=10488:com.ojoclaro.android} flags=0x0}
05-04 21:30:06.799  3255  8941 D ChangeTransitionController:    ChangeInfo{ef1e6e5 container=ActivityRecord{267237590 u0 com.ojoclaro.android/.MainActivity t2754} flags=0x0}
05-04 21:30:06.799  3255  8941 D ChangeTransitionController: ]
05-04 21:30:06.799  3255  8941 D ChangeTransitionController: }
05-04 21:30:06.799  2589  2589 I CameraService: onUidStateChanged: uid=10049, procState is changed. (5 -> 1)
05-04 21:30:06.800  3255  4784 I MR2ServiceImpl: Updating composite discovery preference | preference: RouteDiscoveryRequest{ preferredFeatures={}, activeScan=false }, active routers: []
05-04 21:30:06.800  3255  8941 V WindowManager: Schedule remove starting ActivityRecord{267237590 u0 com.ojoclaro.android/.MainActivity t2754} startingWindow=Window{dcbbce6 u0 Splash Screen com.ojoclaro.android} animate=true Callers=com.android.server.wm.ActivityRecord.onSyncTransactionCommitted:16 com.android.server.wm.BLASTSyncEngine$SyncGroup$1CommitCallback.onCommitted:104 com.android.server.wm.BLASTSyncEngine$SyncGroup$$ExternalSyntheticLambda0.onTransactionCommitted:8 android.view.SurfaceControl$Transaction$$ExternalSyntheticLambda4.run:0 com.android.server.SystemServerInitThreadPool$$ExternalSyntheticLambda0.execute:1 
05-04 21:30:06.800  3255  8941 D TaskOrganizerController: applyStartingWindowAnimation, window=Window{88a71d0 u0 com.ojoclaro.android/com.ojoclaro.android.MainActivity}, caller=com.android.server.wm.TaskOrganizerController.removeStartingWindow:132 com.android.server.wm.StartingSurfaceController$StartingSurface.remove:23 com.android.server.wm.ActivityRecord.removeStartingWindowAnimation:171 
05-04 21:30:06.800  3255  8941 I WindowManager: Reparenting to leash, surface=Surface(name=88a71d0 com.ojoclaro.android/com.ojoclaro.android.MainActivity)/@0x69afb2c, leashParent=Surface(name=ActivityRecord{267237590 u0 com.ojoclaro.android/.MainActivity t2754})/@0x88c89f5
05-04 21:30:06.800  2249  2338 I SurfaceFlinger: id=22401 createSurf, flag=24000, Surface(name=88a71d0 com.ojoclaro.android/com.ojoclaro.android.MainActivity)/@0x69afb2c - animation-leash of starting_reveal#22401
05-04 21:30:06.801 15006 15006 I BLASTBufferQueue_Java: new BLASTBufferQueue, mName= VRI[MainActivity]@8ebd4cf mNativeObject= 0xb400007e8c3bf000 caller= android.view.ViewRootImpl.updateBlastSurfaceIfNeeded:3585 android.view.ViewRootImpl.relayoutWindow:11685 android.view.ViewRootImpl.performTraversals:4804 android.view.ViewRootImpl.doTraversal:3924 android.view.ViewRootImpl$TraversalRunnable.run:12903 android.view.Choreographer$CallbackRecord.run:1901 android.view.Choreographer$CallbackRecord.run:1910 android.view.Choreographer.doCallbacks:1367 android.view.Choreographer.doFrame:1292 android.view.Choreographer$FrameDisplayEventReceiver.run:1870 
05-04 21:30:06.801 15006 15006 I BLASTBufferQueue_Java: update, w= 1080 h= 2340 mName = VRI[MainActivity]@8ebd4cf mNativeObject= 0xb400007e8c3bf000 sc.mNativeObject= 0xb400007db6f75140 format= -1 caller= android.view.ViewRootImpl.updateBlastSurfaceIfNeeded:3590 android.view.ViewRootImpl.relayoutWindow:11685 android.view.ViewRootImpl.performTraversals:4804 android.view.ViewRootImpl.doTraversal:3924 android.view.ViewRootImpl$TraversalRunnable.run:12903 android.view.Choreographer$CallbackRecord.run:1901 
05-04 21:30:06.801  2151  2151 E ANDR-PERF-MPCTL: ANDR-PERF-MPCTL: internal_perf_lock_acq_verification() 385: Perflock Submit request limit reached.
05-04 21:30:06.801  3255  8941 D WindowManager: makeSurface duration=1 leash=Surface(name=Surface(name=88a71d0 com.ojoclaro.android/com.ojoclaro.android.MainActivity)/@0x69afb2c - animation-leash of starting_reveal)/@0x1e8d071
05-04 21:30:06.801 15006 15006 W libc    : Access denied finding property "vendor.display.enable_optimal_refresh_rate"
05-04 21:30:06.802 15006 15006 I VRI[MainActivity]@8ebd4cf: Relayout returned: old=(0,0,1080,2340) new=(0,0,1080,2340) relayoutAsync=false req=(1080,2340)0 dur=4 res=0x3 s={true 0xb400007db6ea7100} ch=true seqId=0
05-04 21:30:06.802  6684  6782 V OsAgent : broadcastSystemEvent - 7
05-04 21:30:06.802  2151  2151 E ANDR-PERF-MPCTL: ANDR-PERF-MPCTL: internal_perf_lock_acq_verification() 385: Perflock Submit request limit reached.
05-04 21:30:06.802 15006 15006 D VRI[MainActivity]@8ebd4cf: mThreadedRenderer.initialize() mSurface={isValid=true 0xb400007db6ea7100} hwInitialized=true
05-04 21:30:06.802  3255  3562 V WindowManager: Finish Transition (#1996): created at 05-04 21:30:06.158 collect-started=0.868ms request-sent=16.688ms started=24.075ms ready=24.059ms sent=638.081ms commit=4.164ms finished=641.388ms
05-04 21:30:06.803  2151  2151 E ANDR-PERF-MPCTL: ANDR-PERF-MPCTL: internal_perf_lock_acq_verification() 385: Perflock Submit request limit reached.
05-04 21:30:06.804  2128  2210 I HYPER-HAL: [RequestManager.cpp]acquire(): Acquired ID : 5377584  [3255 / 24]    HINT : AMS_ACT_LAZY    list : 
05-04 21:30:06.804  2151  2151 E ANDR-PERF-MPCTL: ANDR-PERF-MPCTL: internal_perf_lock_acq_verification() 385: Perflock Submit request limit reached.
05-04 21:30:06.804  3255  5850 D FreecessController: UFZ : com.bitdefender.security(10430) [26397, 26224] reason: Binder(1)-android.accessibilityservice.IAccessibili
05-04 21:30:06.804  2151  2151 E ANDR-PERF-MPCTL: ANDR-PERF-MPCTL: internal_perf_lock_acq_verification() 385: Perflock Submit request limit reached.
05-04 21:30:06.805  3255  5852 D ActivityManager: unpendingScheduleServiceRestart: u=10430, drop=false
05-04 21:30:06.805  2151  2151 E ANDR-PERF-MPCTL: ANDR-PERF-MPCTL: internal_perf_lock_acq_verification() 385: Perflock Submit request limit reached.
05-04 21:30:06.805  2151  2151 E ANDR-PERF-MPCTL: ANDR-PERF-MPCTL: internal_perf_lock_acq_verification() 385: Perflock Submit request limit reached.
05-04 21:30:06.807  3255  5867 D FreecessController: BG freezed, skip OLAF unfreeze for (com.whatsapp, 10340)
05-04 21:30:06.807  2249  2249 I SurfaceFlinger: [Display 0 name="Pantalla integrada"#49] setFrameRateCategory: Default
05-04 21:30:06.807  2249  2249 I SurfaceFlinger: [Surface(name=88a71d0 com.ojoclaro.android/com.ojoclaro.android.MainActivity)/@0x69afb2c - animation-leash of starting_reveal#22401] attach to parent LayerHierarchy{RequestedLayerState{ActivityRecord{267237590 u0 com.ojoclaro.android/.MainActivity t2754}#22396 parentId=22395} 3 children}
05-04 21:30:06.807  3255  5867 D FreecessController: BG freezed, skip OLAF unfreeze for (com.mercadopago.wallet, 10353)
05-04 21:30:06.807  3255  5867 D FreecessController: BG freezed, skip OLAF unfreeze for (com.google.android.apps.chromecast.app, 10386)
05-04 21:30:06.808  2151  2151 E ANDR-PERF-MPCTL: ANDR-PERF-MPCTL: internal_perf_lock_acq_verification() 385: Perflock Submit request limit reached.
05-04 21:30:06.808  3255  3565 I ActivityManager: Changes in 10386 6 to 5, 128 to 184
05-04 21:30:06.808  2151  2151 E ANDR-PERF-MPCTL: ANDR-PERF-MPCTL: internal_perf_lock_acq_verification() 385: Perflock Submit request limit reached.
05-04 21:30:06.808  3255  3565 D ActivityTaskManager: scheduleTopResumedActivityChanged, onTop=false, r=ActivityRecord{267237590 u0 com.ojoclaro.android/.MainActivity t2754}, caller=com.android.server.wm.ActivityTaskSupervisor.scheduleTopResumedActivityStateLossIfNeeded:19 com.android.server.wm.ActivityTaskSupervisor.updateTopResumedActivityIfNeeded:20 com.android.server.wm.TaskFragment.setResumedActivity:30 com.android.server.wm.ActivityRecord.setState:91 com.android.server.wm.ActivityRecord.stopIfPossible:137 com.android.server.wm.ActivityTaskSupervisor.processStoppingAndFinishingActivities:259 
05-04 21:30:06.809  3255  3565 D SGM:FgCheckThread: notePauseComponent(), received pkgName: com.ojoclaro.android, userId: 0
05-04 21:30:06.809  2151  2151 E ANDR-PERF-MPCTL: ANDR-PERF-MPCTL: internal_perf_lock_acq_verification() 385: Perflock Submit request limit reached.
05-04 21:30:06.810  3255  4780 I CocktailBarManagerServiceContainer: handleMessage: entry what = 6
05-04 21:30:06.810  3255  3565 I DisplayDeviceRepository: Display device changed render timings: "Pantalla integrada", renderFrameRate=120.00001, presentationDeadlineNanos=9233333, appVsyncOffsetNanos=8333333, frameRateOverrides=[]
05-04 21:30:06.811  3255  3566 D SurfaceComposerClient: setCornerRadius ## 5de25e4 com.android.dreams.basic/android.service.dreams.DreamActivity#22383 cornerRadius=0.000000
05-04 21:30:06.811  2589  2589 I CameraService: onUidStateChanged: uid=10049, procState is changed. (1 -> 5)
05-04 21:30:06.812  3255  4784 I MR2ServiceImpl: Updating composite discovery preference | preference: RouteDiscoveryRequest{ preferredFeatures={}, activeScan=false }, active routers: []
05-04 21:30:06.812  6684  6782 V OsAgent : broadcastSystemEvent - 7
05-04 21:30:06.812  3255  5867 D FreecessController: UFZ : it.nanosystems.supremo.addon(10479) [7304] reason: Binder(1)-android.accessibilityservice.IAccessibili
05-04 21:30:06.813 15006 15006 D VRI[MainActivity]@8ebd4cf: reportNextDraw android.view.ViewRootImpl.performTraversals:5443 android.view.ViewRootImpl.doTraversal:3924 android.view.ViewRootImpl$TraversalRunnable.run:12903 android.view.Choreographer$CallbackRecord.run:1901 android.view.Choreographer$CallbackRecord.run:1910 
05-04 21:30:06.813  3255  4789 D BackgroundInstallControlService: Package event received: 0
05-04 21:30:06.813 15006 15006 D VRI[MainActivity]@8ebd4cf: Setup new sync=wmsSync-VRI[MainActivity]@8ebd4cf#0
05-04 21:30:06.813 15006 15006 I VRI[MainActivity]@8ebd4cf: Creating new active sync group VRI[MainActivity]@8ebd4cf#1
05-04 21:30:06.813  2128  2210 I HYPER-HAL: [RequestManager.cpp]releaseLocked(): Released ID : 5387430
05-04 21:30:06.813  4974  5177 V WindowManagerShell: Track 0 became idle
05-04 21:30:06.813  4974  5177 V WindowManagerShell: All active transition animations finished
05-04 21:30:06.814  5612 32221 I HoneySpace.RecentTasks: onRunningTaskAppeared
05-04 21:30:06.814  4974  5177 D ShellTaskOrganizer: removeStartingWindow, removalInfo=StartingWindowRemovalInfo{taskId=2754 frame=Rect(0, 0 - 1080, 2340) playRevealAnimation=true roundedCornerRadius=0.0 deferRemoveMode=0 windowlessSurface=false removeImmediately=false}
05-04 21:30:06.814  5612 32221 I HoneySpace.RecentTasks: onRecentTasksChanged
05-04 21:30:06.814  2249  2249 I SurfaceFlinger: [Display 0 name="Pantalla integrada"#49] setFrameRateCategory: High
05-04 21:30:06.814  2249  2249 I SurfaceFlinger: RequestedLayer [Task=2754#22395] hidden!! flag  from(1) --> to(0)
05-04 21:30:06.815  2249  2249 I SurfaceFlinger: [LayerHierarchy{RequestedLayerState{88a71d0 com.ojoclaro.android/com.ojoclaro.android.MainActivity#22399 parentId=22401} 1 children}] reparent to LayerHierarchy{RequestedLayerState{Surface(name=88a71d0 com.ojoclaro.android/com.ojoclaro.android.MainActivity)/@0x69afb2c - animation-leash of starting_reveal#22401 parentId=22396} 1 children}
05-04 21:30:06.815 15006 15006 D VRI[MainActivity]@8ebd4cf: registerCallbacksForSync syncBuffer=false
05-04 21:30:06.817  3255  3565 I DisplayDeviceRepository: Display device changed render timings: "Pantalla integrada", renderFrameRate=120.00001, presentationDeadlineNanos=9233333, appVsyncOffsetNanos=8333333, frameRateOverrides=[{uid=10159 frameRateHz=120.00001}]
05-04 21:30:06.817  3255  3566 D SurfaceComposerClient: setCornerRadius ## 5de25e4 com.android.dreams.basic/android.service.dreams.DreamActivity#22383 cornerRadius=0.000000
05-04 21:30:06.818  3255  5867 D FreecessController: restrictJobsByOlaf: restrict=false, uid=-1
05-04 21:30:06.818  3255  5867 I PowerManagerService: [PWL] SetWakeLockEnableDisable uid = 10430 , disable= false
05-04 21:30:06.818  3255  5867 I PowerManagerService: [PWL] can not change uid =  10430
05-04 21:30:06.818  3255  5867 I NSLocationMonitor: getGPSUsingApps() called
05-04 21:30:06.818  5853  5942 I NSLocationManager_FLP: getGPSUsingApps, No change
05-04 21:30:06.819  3255  3255 D OlafRestriction:  olaf state update: state=false
05-04 21:30:06.819  3255  3255 D OlafRestriction:  sending trigger onRestrictionStateChanged msg.
05-04 21:30:06.822  3255  5867 D FreecessHandler: freeze com.pedidosya(10344) result : 51
05-04 21:30:06.822  3255  5867 D FreecessHandler: stop trying to freeze com.pedidosya
05-04 21:30:06.822  3255  5867 W LocationManagerService: onFreezeStateChanged, uid[10479]=false
05-04 21:30:06.822  3255  5867 I PowerManagerService: [PWL] SetWakeLockEnableDisable uid = 10479 , disable= false
05-04 21:30:06.822  3255  5867 I PowerManagerService: [PWL] can not change uid =  10479
05-04 21:30:06.822  3255  5867 I NSLocationMonitor: getGPSUsingApps() called
05-04 21:30:06.822  5853  5942 I NSLocationManager_FLP: getGPSUsingApps, No change
05-04 21:30:06.824 15006 15025 D VRI[MainActivity]@8ebd4cf: Received frameDrawingCallback syncResult=0 frameNum=1.
05-04 21:30:06.824 15006 15025 I VRI[MainActivity]@8ebd4cf: mWNT: t=0xb400007db6f54300 mBlastBufferQueue=0xb400007e8c3bf000 fn= 1 HdrRenderState mRenderHdrSdrRatio=1.0 caller= android.view.ViewRootImpl$12.onFrameDraw:15441 android.view.ThreadedRenderer$1.onFrameDraw:718 <bottom of call stack> 
05-04 21:30:06.824 15006 15025 I VRI[MainActivity]@8ebd4cf: Setting up sync and frameCommitCallback
05-04 21:30:06.826  4974  5257 I VRI[android]@66ce10f: mWNT: t=0xb400007d6552a900 mBlastBufferQueue=0xb400007d566e0000 fn= 2 HdrRenderState mRenderHdrSdrRatio=1.0 caller= android.view.SyncRtSurfaceTransactionApplier.applyTransaction:100 android.view.SyncRtSurfaceTransactionApplier.lambda$scheduleApply$0:73 android.view.SyncRtSurfaceTransactionApplier.$r8$lambda$afI4fXg3U3-nBZQEDQMiNy-B06s:0 
05-04 21:30:06.827  4974  5257 I VRI[android]@66ce10f: mWNT: t=0xb400007d6552aa80 mBlastBufferQueue=0xb400007d566e0000 fn= 2 HdrRenderState mRenderHdrSdrRatio=1.0 caller= android.view.SyncRtSurfaceTransactionApplier.applyTransaction:100 android.view.SyncRtSurfaceTransactionApplier.lambda$scheduleApply$0:73 android.view.SyncRtSurfaceTransactionApplier.$r8$lambda$afI4fXg3U3-nBZQEDQMiNy-B06s:0 
05-04 21:30:06.829  3255  5867 D FreecessController: FZ : it.nanosystems.supremo.addon(10479) [7304] reason: Bg [cached:X
05-04 21:30:06.829  3255  5867 D FreecessHandler: freeze it.nanosystems.supremo.addon(10479) result : 0
05-04 21:30:06.829  3255  5867 W LocationManagerService: onFreezeStateChanged, uid[10479]=true
05-04 21:30:06.829  3255  5867 I PowerManagerService: [PWL] SetWakeLockEnableDisable uid = 10479 , disable= true
05-04 21:30:06.829  3255  5867 I PowerManagerService: [PWL] can not change uid =  10479
05-04 21:30:06.829 15006 15021 I BLASTBufferQueue: [VRI[MainActivity]@8ebd4cf#0](f:0,a:0,s:0) onFrameAvailable the first frame is available
05-04 21:30:06.829 15006 15021 I SurfaceComposerClient: apply transaction with the first frame. layerId: 22400, bufferData(ID: 64450279243776, frameNumber: 1)
05-04 21:30:06.830 15006 15021 I VRI[MainActivity]@8ebd4cf: Received frameCommittedCallback lastAttemptedDrawFrameNum=1 didProduceBuffer=true
05-04 21:30:06.830  2249  2340 I SurfaceFlinger: [com.ojoclaro.android/com.ojoclaro.android.MainActivity$_15006#22400] setTransactionState with the first frame. bufferData(ID: 64450279243776, frameNumber: 1)
05-04 21:30:06.830 15006 15021 D HWUI    : CFMS:: SetUp Pid : 15006    Tid : 15021
05-04 21:30:06.830 15006 15006 D VRI[MainActivity]@8ebd4cf: reportDrawFinished seqId=0
05-04 21:30:06.831  3255  8600 D WindowManager: finishDrawingWindow: Window{88a71d0 u0 com.ojoclaro.android/com.ojoclaro.android.MainActivity} mDrawState=DRAW_PENDING seqId=0
05-04 21:30:06.831  3255  3566 D SurfaceComposerClient: setCornerRadius ## 5de25e4 com.android.dreams.basic/android.service.dreams.DreamActivity#22383 cornerRadius=0.000000
05-04 21:30:06.831  3255  3566 D SurfaceComposerClient: setCornerRadius ## 5de25e4 com.android.dreams.basic/android.service.dreams.DreamActivity#22383 cornerRadius=0.000000
05-04 21:30:06.832  4974  5258 I VRI[android]@66ce10f: mWNT: t=0xb400007d6552ac00 mBlastBufferQueue=0xb400007d566e0000 fn= 3 HdrRenderState mRenderHdrSdrRatio=1.0 caller= android.view.SyncRtSurfaceTransactionApplier.applyTransaction:100 android.view.SyncRtSurfaceTransactionApplier.lambda$scheduleApply$0:73 android.view.SyncRtSurfaceTransactionApplier.$r8$lambda$afI4fXg3U3-nBZQEDQMiNy-B06s:0 
05-04 21:30:06.840  4974  5257 I VRI[android]@66ce10f: mWNT: t=0xb400007d6552b980 mBlastBufferQueue=0xb400007d566e0000 fn= 4 HdrRenderState mRenderHdrSdrRatio=1.0 caller= android.view.SyncRtSurfaceTransactionApplier.applyTransaction:100 android.view.SyncRtSurfaceTransactionApplier.lambda$scheduleApply$0:73 android.view.SyncRtSurfaceTransactionApplier.$r8$lambda$afI4fXg3U3-nBZQEDQMiNy-B06s:0 
05-04 21:30:06.842 10678 10678 I LocalSynthesizer: Attempting to load synthesizer for voice: es-us-x-esc-seanet-embedded
05-04 21:30:06.842 10678 10678 I LocalSynthesizer: Voice es-us-x-esc-seanet-embedded is not supported by any existing synthesizers.
05-04 21:30:06.842 10678 10678 I ComposerWrapperImpl: Initializing new monolithic pipeline. New voice: es-us-x-esc-seanet-embedded
05-04 21:30:06.842 10678 10678 I PipelineReaderImpl: Initializing monolithic pipeline from disk: /data/user_de/0/com.google.android.tts/files/superpacks/es-us/es-us-x-multi-seanet-r65/pipeline.pb
05-04 21:30:06.844 10678 10678 I native  : I0000 00:00:1777941006.844105   10678 android_resource_loader.cc:109] Loading resources for es_us_x_embedded_havoc/15713624692114861888
05-04 21:30:06.844 10678 10678 I native  : I0000 00:00:1777941006.844249   10678 data_source.cc:95] Opening data source "/data/user_de/0/com.google.android.tts/files/superpacks/es-us/es-us-x-multi-seanet-r65/../es-us-x-multi-r65/burdock_frame_config.pb" (as: FILE) ...
05-04 21:30:06.844 10678 10678 I native  : I0000 00:00:1777941006.844300   10678 data_source.cc:99] ... Opened data source "/data/user_de/0/com.google.android.tts/files/superpacks/es-us/es-us-x-multi-seanet-r65/../es-us-x-multi-r65/burdock_frame_config.pb" of size 68
05-04 21:30:06.844 10678 10678 I native  : I0000 00:00:1777941006.844597   10678 android_resource_loader.cc:100] Built resource acoustic_frame_config
05-04 21:30:06.844 10678 10678 I native  : I0000 00:00:1777941006.844628   10678 android_resource_loader.cc:116] Loaded resource:acoustic_frame_config
05-04 21:30:06.844 10678 10678 I native  : I0000 00:00:1777941006.844643   10678 data_source.cc:95] Opening data source "/data/user_de/0/com.google.android.tts/files/superpacks/es-us/es-us-x-multi-seanet-r65/../es-us-x-multi-r65/roman_numeral_android.far" (as: FILE) ...
05-04 21:30:06.844 10678 10678 I native  : I0000 00:00:1777941006.844664   10678 data_source.cc:99] ... Opened data source "/data/user_de/0/com.google.android.tts/files/superpacks/es-us/es-us-x-multi-seanet-r65/../es-us-x-multi-r65/roman_numeral_android.far" of size 2103
05-04 21:30:06.845 10678 10678 I native  : I0000 00:00:1777941006.845297   10678 android_resource_loader.cc:100] Built resource classify_roman_numerals_grm_fst
05-04 21:30:06.845 10678 10678 I native  : I0000 00:00:1777941006.845340   10678 android_resource_loader.cc:116] Loaded resource:classify_roman_numerals_grm_fst
05-04 21:30:06.845 10678 10678 I native  : I0000 00:00:1777941006.845358   10678 data_source.cc:95] Opening data source "/data/user_de/0/com.google.android.tts/files/superpacks/es-us/es-us-x-multi-seanet-r65/../es-us-x-multi-r65/disambiguation_rules_es_us.pb" (as: FILE) ...
05-04 21:30:06.845 10678 10678 I native  : I0000 00:00:1777941006.845391   10678 data_source.cc:99] ... Opened data source "/data/user_de/0/com.google.android.tts/files/superpacks/es-us/es-us-x-multi-seanet-r65/../es-us-x-multi-r65/disambiguation_rules_es_us.pb" of size 16343
05-04 21:30:06.846 10678 10678 I native  : I0000 00:00:1777941006.846616   10678 android_resource_loader.cc:100] Built resource disambiguation_rules
05-04 21:30:06.846 10678 10678 I native  : I0000 00:00:1777941006.846654   10678 android_resource_loader.cc:116] Loaded resource:disambiguation_rules
05-04 21:30:06.846 10678 10678 I native  : I0000 00:00:1777941006.846668   10678 data_source.cc:95] Opening data source "/data/user_de/0/com.google.android.tts/files/superpacks/es-us/es-us-x-multi-seanet-r65/engine_config_es_us_x_embedded_havoc.pb" (as: FILE) ...
05-04 21:30:06.846 10678 10678 I native  : I0000 00:00:1777941006.846694   10678 data_source.cc:99] ... Opened data source "/data/user_de/0/com.google.android.tts/files/superpacks/es-us/es-us-x-multi-seanet-r65/engine_config_es_us_x_embedded_havoc.pb" of size 54
05-04 21:30:06.847 10678 10678 I native  : I0000 00:00:1777941006.847139   10678 android_resource_loader.cc:100] Built resource engine_config
05-04 21:30:06.847 10678 10678 I native  : I0000 00:00:1777941006.847178   10678 android_resource_loader.cc:116] Loaded resource:engine_config
05-04 21:30:06.847 10678 10678 I native  : I0000 00:00:1777941006.847197   10678 android_resource_loader.cc:100] Built resource guided_synthesis
05-04 21:30:06.847 10678 10678 I native  : I0000 00:00:1777941006.847204   10678 android_resource_loader.cc:116] Loaded resource:guided_synthesis
05-04 21:30:06.847 10678 10678 I native  : I0000 00:00:1777941006.847214   10678 data_source.cc:95] Opening data source "/data/user_de/0/com.google.android.tts/files/superpacks/es-us/es-us-x-multi-seanet-r65/../es-us-x-multi-r65/mapping_grammar_es.far" (as: FILE) ...
05-04 21:30:06.847 10678 10678 I native  : I0000 00:00:1777941006.847240   10678 data_source.cc:99] ... Opened data source "/data/user_de/0/com.google.android.tts/files/superpacks/es-us/es-us-x-multi-seanet-r65/../es-us-x-multi-r65/mapping_grammar_es.far" of size 1439
05-04 21:30:06.847 10678 10678 I native  : I0000 00:00:1777941006.847727   10678 android_resource_loader.cc:100] Built resource homograph_mapping_grammar
05-04 21:30:06.847 10678 10678 I native  : I0000 00:00:1777941006.847754   10678 android_resource_loader.cc:116] Loaded resource:homograph_mapping_grammar
05-04 21:30:06.847 10678 10678 I native  : I0000 00:00:1777941006.847768   10678 data_source.cc:95] Opening data source "/data/user_de/0/com.google.android.tts/files/superpacks/es-us/es-us-x-multi-seanet-r65/lettuce_model.fb" (as: MEMORY) ...
05-04 21:30:06.847 10678 10678 I native  : I0000 00:00:1777941006.847807   10678 data_source.cc:99] ... Opened data source "/data/user_de/0/com.google.android.tts/files/superpacks/es-us/es-us-x-multi-seanet-r65/lettuce_model.fb" of size 749784
05-04 21:30:06.847 10678 10678 I native  : I0000 00:00:1777941006.847914   10678 android_resource_loader.cc:100] Built resource lettuce_model_resource
05-04 21:30:06.847 10678 10678 I native  : I0000 00:00:1777941006.847941   10678 android_resource_loader.cc:116] Loaded resource:lettuce_model_resource
05-04 21:30:06.847 10678 10678 I native  : I0000 00:00:1777941006.847955   10678 android_resource_loader.cc:100] Built resource lettuce_model_scorer
05-04 21:30:06.847 10678 10678 I native  : I0000 00:00:1777941006.847962   10678 android_resource_loader.cc:116] Loaded resource:lettuce_model_scorer
