05-04 21:30:07.766  2079  7040 D AGM: graph: graph_set_config: 1174 entry graph_handle 0x147534c
05-04 21:30:07.766  2079  7040 D AGM: graph: graph_set_config: 1182 exit, graph handle 0x147534c, ret 0
05-04 21:30:07.766  2079  7040 I PAL: Session: setEffectParametersNonTKV: 477: mixer set param status = 0
05-04 21:30:07.766  2079  7040 D AHAL: Effect: send_custom_payload_effect: 250: Exit with tag(0xc00000a) size(4) 
05-04 21:30:07.766  2079  7040 D AHAL: Effect: send_soundbooster_rotation: 581: Exit
05-04 21:30:07.766  2079  7040 D AHAL: Effect: send_soundbooster_flatmotion: 654: flatmotion : 1
05-04 21:30:07.766  2079  7040 D AHAL: Effect: send_custom_payload_effect: 244: Enter with tag(0xc00000a) size(4) paramId SB_PARAMS_FLATMOTION(0x10001f05)
05-04 21:30:07.766  2079  7040 I PAL: ResourceManager: setParameter: 10453: PAL_PARAM_ID_UIEFFECT SB_PARAMS_FLATMOTION(0x10001f05)
05-04 21:30:07.766  2079  7040 D AGM: graph: graph_set_config: 1174 entry graph_handle 0x147534c
05-04 21:30:07.766  2079  7040 D AGM: graph: graph_set_config: 1182 exit, graph handle 0x147534c, ret 0
05-04 21:30:07.766  2079  7040 I PAL: Session: setEffectParametersNonTKV: 477: mixer set param status = 0
05-04 21:30:07.766  2079  7040 D AHAL: Effect: send_custom_payload_effect: 250: Exit with tag(0xc00000a) size(4) 
05-04 21:30:07.766  2079  7040 D AHAL: Effect: send_soundbooster_flatmotion: 661: Exit
05-04 21:30:07.766  2079  7040 D AHAL: AudioStream: ~AutoPerfLock: 196: (release) perf_lock_handle: 0x0, count: 1
05-04 21:30:07.766  2079  7040 D AHAL: AudioStream: ~AutoPerfLock: 200: Releasing perf_lock_handle: 0x0
05-04 21:30:07.767  2229  3602 I AudioMixer: create resampler src 24000, 1, dst 48000, 1, f 0x5, q 8
05-04 21:30:07.767  2079 13221 D AHAL: AudioStream: SetVolume: 2931: Enter: left 0.015849, right 0.015849 for usecase(0: deep-buffer-playback)
05-04 21:30:07.767  2079 13221 D AHAL: Effect: send_soundbooster_volume: 540: mode:1 (129, 129)
05-04 21:30:07.767  2079 13221 D AHAL: Effect: send_custom_payload_effect: 244: Enter with tag(0xc00000a) size(12) paramId SB_PARAMS_VOLUME(0x10001f00)
05-04 21:30:07.767  2079 13221 I PAL: ResourceManager: setParameter: 10453: PAL_PARAM_ID_UIEFFECT SB_PARAMS_VOLUME(0x10001f00)
05-04 21:30:07.767  2079 13221 D AGM: graph: graph_set_config: 1174 entry graph_handle 0x147534c
05-04 21:30:07.768  2079 13221 D AGM: graph: graph_set_config: 1182 exit, graph handle 0x147534c, ret 0
05-04 21:30:07.768  2079 13221 I PAL: Session: setEffectParametersNonTKV: 477: mixer set param status = 0
05-04 21:30:07.768  2079 13221 D AHAL: Effect: send_custom_payload_effect: 250: Exit with tag(0xc00000a) size(12) 
05-04 21:30:07.768  2079 13221 D AHAL: Effect: send_soundbooster_volume: 548: Exit
05-04 21:30:07.768  2079 13221 D AHAL: Effect: send_soundbooster_rotation: 574: dir : 0
05-04 21:30:07.768  2079 13221 D AHAL: Effect: send_custom_payload_effect: 244: Enter with tag(0xc00000a) size(4) paramId SB_PARAMS_ROTATION(0x10001f02)
05-04 21:30:07.768  2079 13221 I PAL: ResourceManager: setParameter: 10453: PAL_PARAM_ID_UIEFFECT SB_PARAMS_ROTATION(0x10001f02)
05-04 21:30:07.768  2079 13221 D AGM: graph: graph_set_config: 1174 entry graph_handle 0x147534c
05-04 21:30:07.768  2079 13221 D AGM: graph: graph_set_config: 1182 exit, graph handle 0x147534c, ret 0
05-04 21:30:07.768  2079 13221 I PAL: Session: setEffectParametersNonTKV: 477: mixer set param status = 0
05-04 21:30:07.768  2079 13221 D AHAL: Effect: send_custom_payload_effect: 250: Exit with tag(0xc00000a) size(4) 
05-04 21:30:07.768  2079 13221 D AHAL: Effect: send_soundbooster_rotation: 581: Exit
05-04 21:30:07.768  2079 13221 D AHAL: AudioStream: SetVolume: 3022: Exit ret: 0
05-04 21:30:07.768  2079 13221 I AHAL: AudioStream: out_update_source_metadata_v7: 1203: track count is 1
05-04 21:30:07.768  2079 13221 D AHAL: AudioStream: out_update_source_metadata_v7: 1247: Source metadata usage:1 content_type:1
05-04 21:30:07.768  2079 13221 D AHAL: AudioStream: SetAggregateSourceMetadata: 4475: Aggregated Source metadata usage:1 content_type:1
05-04 21:30:07.769  2229  3602 I SoundAlive_SRC384 arch64: SoundAlive_SRC384() ID = 333 GID = 334
05-04 21:30:07.769  2229  3602 I SoundAlive_SRC384 arch64: SoundAlive_SRC384: Instance 333 Init(outFs 7, InFs 7, chnum 0, outBW 0, inBW 0)
05-04 21:30:07.769  2229  3602 I Samsung_SoundAlive_SRC arch64: SRC384 version Samsung SoundAlive SRC ver320 arch64  2021.08.04 (Cppref for ARM64, ver.300.c 32bit 07_10_2016 based)
05-04 21:30:07.769  2229  3602 D SoundAliveResampler: [SoundAliveResampler] Init+++
05-04 21:30:07.769  2229  3602 I SoundAlive_SRC384 arch64: SoundAlive_SRC384: Instance 333 Init(outFs 8, InFs 5, chnum 2, outBW 3, inBW 3)
05-04 21:30:07.769  2229  3602 I Samsung_SoundAlive_SRC arch64: SRC384 version Samsung SoundAlive SRC ver320 arch64  2021.08.04 (Cppref for ARM64, ver.300.c 32bit 07_10_2016 based)
05-04 21:30:07.880  5853  6009 I RequestManager_FLP: onOpChanged, op=0 / packageName=com.google.android.apps.chromecast.app
05-04 21:30:07.883  2241  2260 E HeatmapThread: ECT Thread time in milliseconds: 1777941007
05-04 21:30:07.885  2241  2260 D HeatmapThread: !@ batteryplugType : 2
05-04 21:30:07.885  2241  2260 D HeatmapThread: !@ batteryLevel : 90  batteryTemperature : 293 
05-04 21:30:07.886  2241  2260 D HeatmapThread: !@ Heatmap currtime: 29632350
05-04 21:30:07.886  2241  2260 D HeatmapThread: !@ Heatmap prevtime: 29632327
05-04 21:30:07.886  2241  2260 D HeatmapThread: !@ Heatmap plugstarttime: 29632334
05-04 21:30:07.886  2241  2260 D HeatmapThread: !@ Heatmap prevv_dsoh_update_time: 29631801
05-04 21:30:07.886  2241  2260 E HeatmapThread: !@ CAM New BSOH: 100
05-04 21:30:07.888  2229  3602 D AudioFlinger: mixer(0xb400007bde347940) throttle end: throttle time(90)
05-04 21:30:07.910  1166  1166 D io_stats: !@   8,0 r 29832071 604843567 w 10732575 129525048 d 1337081 269324036 f 252640 873828 iot 13111704 0 th 0 0 0 pt 0 inp 0 0 104711.097
05-04 21:30:07.911  1166  1166 D io_stats: !@ Read_top(KB): system_server(3255) 19676 joclaro.android(15006) 14904 gle.android.tts(10678) 13636
05-04 21:30:07.911  1166  1166 D io_stats: !@ Write_top(KB): kworker/u16:8(6882) 10632 kworker/u16:14(6884) 8196 kworker/u16:15(16340) 4608
05-04 21:30:08.094 11212 11212 I AudioPathManager: loadAudioPath() : loaded audio path is speaker (0)
05-04 21:30:08.094 11212 11212 I AudioManager: getParameters keys = g_effect_active_sound_info=track
05-04 21:30:08.095  2229 14436 I SecAudioParamFlinger: getActiveSoundInfo 1, trackFormat 1, outputFormat 4
05-04 21:30:08.096 11212 11212 I AudioManagerWrapper: getActiveSoundFormat() : active sound format is 1
05-04 21:30:08.096 11212 11212 I RestrictModeUtil: isOwnerMode() : user id is 0
05-04 21:30:08.096 11212 11212 I RestrictModeUtil: isDexMode() : DeX mode is off
05-04 21:30:08.096 11212 11212 I RestrictModeUtil: isAdaptSoundTestMode() : adaptsound test mode is false
05-04 21:30:08.097 11212 11212 I EffectManager: isSupportDolbyAtmosOnThisAudioPath() : path is speaker (0)
05-04 21:30:08.097 11212 11212 I EffectManager: isSupportDolbyAtmosOnThisAudioPath() : speaker type is stereo
05-04 21:30:08.097 11212 11212 I EffectManager: isSpatialAudioActive() : mode is off (0)
05-04 21:30:08.097 11212 11212 I AudioPathManager: loadAudioPath() : loaded audio path is speaker (0)
05-04 21:30:08.097  2229 14436 D DlbEffectContext: getParam() received parameter EFFECT_PARAM_PROFILE
05-04 21:30:08.097  2229 14436 D DlbEffectContext: getParam() received parameter EFFECT_PARAM_PROFILE
05-04 21:30:08.097  2229 14436 D DlbEffectContext: getParam() received parameter EFFECT_PARAM_PROFILE
05-04 21:30:08.097  2229 14436 D DlbEffectContext: getParam() received parameter EFFECT_PARAM_PROFILE
05-04 21:30:08.098  2229 14436 D DlbEffectContext: getParam() received parameter EFFECT_PARAM_PROFILE
05-04 21:30:08.098 11212 11212 I DolbyAtmosWrapper: getProfile() : for dolby atmos, -1
05-04 21:30:08.098 11212 11212 I AudioManager: setParameters keyValuePairs = g_effect_dolby_enable=0;g_effect_dolby_profile=5
05-04 21:30:08.099  2229 14332 V APM_AudioPolicyManager: setAudioPolicyConfig: g_effect_dolby_enable=0;g_effect_dolby_profile=5
05-04 21:30:08.100  2229 14436 D DlbSpatializerEffectContext: setParam() received parameter SPATIALIZER_PARAM_ENABLE
05-04 21:30:08.101  2079 13221 D DlbEffectContext: setParam() received parameter EFFECT_PARAM_ENABLE
05-04 21:30:08.101  2079 13221 D AudioSAEffectOffload: send_custom_payload_effect: enter, tag: 0xc000004, custom_data_sz: 16
05-04 21:30:08.101  2079 13221 I PAL: ResourceManager: setParameter: 10453: PAL_PARAM_ID_UIEFFECT DOLBY_DAP_PARAMS(0x10001fd1)
05-04 21:30:08.101  2079 13221 I PAL: API: pal_gef_rw_param: 1205: set global parameter 4, status -22
05-04 21:30:08.101  2079 13221 D AudioSAEffectOffload: send_custom_payload_effect: exit, tag: 0xc000004, custom_data_sz: 16
05-04 21:30:08.101  2079 13221 D AudioSAEffectOffload: offload_param_dump() : status[-22] value[ DLB,0,2,5,0 ] 
05-04 21:30:08.101  2229 14436 D DlbEffectContext: setParam() received parameter EFFECT_PARAM_ENABLE
05-04 21:30:08.102  2229 14436 D DlbEffectContext: setParam() received parameter EFFECT_PARAM_ENABLE
05-04 21:30:08.103  2229 14436 I AudioEffectExtendAction: Non Spatialized stage -2113, disable content proc
05-04 21:30:08.103  2229 14436 D DlbEffectContext: setContentProcEnabled(enabled=0)
05-04 21:30:08.103  2229 14436 D DlbEffectContext: setParam() received parameter EFFECT_PARAM_ENABLE
05-04 21:30:08.103  2229 14436 D DlbEffectContext: setParam() received parameter EFFECT_PARAM_ENABLE
05-04 21:30:08.103  2229 14436 D DlbEffectContext: setParam() received parameter EFFECT_PARAM_ENABLE
05-04 21:30:08.103 11212 11212 I DolbyAtmosWrapper: setProfileEnabled() : for dolby atmos, false
05-04 21:30:08.104  2079 13221 D DlbEffectContext: setParam() received parameter EFFECT_PARAM_PROFILE
05-04 21:30:08.104  2079 13221 D DlbEffectContext: setProfile(profile=5) stageIdx:-1303
05-04 21:30:08.104  2079 13221 D AudioSAEffectOffload: send_custom_payload_effect: enter, tag: 0xc000004, custom_data_sz: 16
05-04 21:30:08.104  2079 13221 I PAL: ResourceManager: setParameter: 10453: PAL_PARAM_ID_UIEFFECT DOLBY_DAP_PARAMS(0x10001fd1)
05-04 21:30:08.104  2079 13221 I PAL: API: pal_gef_rw_param: 1205: set global parameter 4, status -22
05-04 21:30:08.104  2079 13221 D AudioSAEffectOffload: send_custom_payload_effect: exit, tag: 0xc000004, custom_data_sz: 16
05-04 21:30:08.104  2079 13221 D AudioSAEffectOffload: offload_param_dump() : status[-22] value[ DLB,0,2,5,0 ] 
05-04 21:30:08.104  2229 14332 D DlbEffectContext: setParam() received parameter EFFECT_PARAM_PROFILE
05-04 21:30:08.104  2229 14332 D DlbEffectContext: setProfile(profile=5) stageIdx:-2105
05-04 21:30:08.104  2229 14332 D DlbEffectContext: setParam() received parameter EFFECT_PARAM_PROFILE
05-04 21:30:08.104  2229 14332 D DlbEffectContext: setProfile(profile=5) stageIdx:-2108
05-04 21:30:08.104  2229 14332 D DlbEffectContext: setParam() received parameter EFFECT_PARAM_PROFILE
05-04 21:30:08.104  2229 14332 D DlbEffectContext: setProfile(profile=5) stageIdx:-2113
05-04 21:30:08.104  2229 14332 D DlbProfileParamCache: setProfile(profile=5)
05-04 21:30:08.104  2229 14332 D DlbProfileParamArray: getProfileParams(profile = 5)
05-04 21:30:08.105  2229 14332 D DlbEndpointParamCache: commitChangedParams()
05-04 21:30:08.105  2229 14332 D DlbEndpointParamCache: commit() Applying parameters for device 0x40000000
05-04 21:30:08.105  2229 14332 D DlbDap2Process: setParam(iea = #1[0])
05-04 21:30:08.105  2229 14332 D DlbDap2Process: setParam(rvsa = #1[0])
05-04 21:30:08.105  2229 14332 D DlbDap2Process: setParam(msce = #1[0])
05-04 21:30:08.105  2229 14332 D DlbDap2Process: setParam(mdee = #1[0])
05-04 21:30:08.105  2229 14332 D DlbDap2Process: setParam(miee = #1[0])
05-04 21:30:08.105  2229 14332 D DlbDap2Process: setParam(mdle = #1[0])
05-04 21:30:08.105  2229 14332 D DlbDap2Process: setParam(dvme = #1[0])
05-04 21:30:08.105  2229 14332 D DlbDap2Process: setParam(rvse = #1[0])
05-04 21:30:08.105  2229 14332 D DlbDap2Process: setMave(mave = 0)
05-04 21:30:08.105  2229 14332 D DlbDap2Process: setParam(ieon = #1[0])
05-04 21:30:08.105  2229 14332 D DlbEndpointParamCache: doCommit() Committed 10 parameters out of 14.
05-04 21:30:08.105  2229 14332 D DlbEndpointParamCache: commit() Overriding parameters for current device 0x00000002
05-04 21:30:08.106  2229 14332 D DlbDap2Process: setParam(dea = #1[0])
05-04 21:30:08.106  2229 14332 D DlbDap2Process: setParam(plb = #1[0])
05-04 21:30:08.106  2229 14332 D DlbDap2Process: setParam(vmb = #1[0])
05-04 21:30:08.106  2229 14332 D DlbDap2Process: setParam(dsb = #1[0])
05-04 21:30:08.106  2229 14332 D DlbDap2Process: setParam(ded = #1[0])
05-04 21:30:08.106  2229 14332 D DlbDap2Process: setParam(hte = #1[0])
05-04 21:30:08.106  2229 14332 D DlbDap2Process: setSystemGain(vol = 0)
05-04 21:30:08.106  2229 14332 D DlbDap2Process: Got DAP mix matrix (length=12) for processing mode 10
05-04 21:30:08.106  2229 14332 D DlbDap2Process: Got DAP mix matrix (length=16) for processing mode 11
05-04 21:30:08.106  2229 14332 D DlbDap2Process: setParam(dom = #35[0, 0, 1, 10, 12, 16384, 0, 0, 16384, 11583, 11583, 8192, 8192, 16384, 0, 0, 16384, 11, 16, 16384, 0, 0, 16384, 11583, 11583, 8192, 8192, 16384, 0, 0, 16384, 16384, 0, 0, 16384])
05-04 21:30:08.106  2229 14332 D DlbDap2Process: setParam(hvm = #1[2])
05-04 21:30:08.106  2229 14332 D DlbDap2Process: setParam(svm = #1[2])
05-04 21:30:08.106  2229 14332 D DlbDap2Process: setParam(sdfa = #1[0])
05-04 21:30:08.106  2229 14332 D DlbDap2Process: setParam(dvla = #1[0])
05-04 21:30:08.107  2229 14332 D DlbDap2Process: setParam(hlra = #1[45])
05-04 21:30:08.107  2229 14332 D DlbDap2Process: setParam(avsb = #1[6])
05-04 21:30:08.107  2229 14332 D DlbDap2Process: setParam(hvrc = #8[103, 32568, 11164, 5090, 0, 3, 3, 3])
05-04 21:30:08.107  2229 14332 D DlbDap2Process: setParam(svrc = #8[103, 32568, 6698, 5090, 0, 3, 3, 3])
05-04 21:30:08.107  2229 14332 D DlbDap2Process: setParam(vssd = #1[4])
05-04 21:30:08.107  2229 14332 D DlbDap2Process: setParam(mvbe = #1[0])
05-04 21:30:08.107  2229 14332 D DlbDap2Process: setParam(bmde = #1[0])
05-04 21:30:08.107  2229 14332 D DlbDap2Process: setParam(dvle = #1[0])
05-04 21:30:08.107  2229 14332 D DlbDap2Process: setParam(dvli = #1[-256])
05-04 21:30:08.107  2229 14332 D DlbDap2Process: setParam(vbon = #1[0])
05-04 21:30:08.107  2229 14332 D DlbDap2Process: setParam(vbm = #1[0])
05-04 21:30:08.107  2229 14332 D DlbDap2Process: setParam(beon = #1[0])
05-04 21:30:08.107  2229 14332 D DlbDap2Process: setParam(deon = #1[0])
05-04 21:30:08.107  2229 14332 D DlbDap2Process: setParam(geon = #1[0])
05-04 21:30:08.107  2229 14332 D DlbDap2Process: setParam(ngon = #1[0])
05-04 21:30:08.107  2229 14332 D DlbDap2Process: setParam(dvlo = #1[-272])
05-04 21:30:08.108  2229 14332 D DlbDap2Process: setParam(dplp = #1[256])
05-04 21:30:08.108  2229 14332 D DlbEndpointParamCache: doCommit() Committed 28 parameters out of 58.
05-04 21:30:08.108  2229 14332 D DlbEndpointParamCache: commitChangedParams()
05-04 21:30:08.108  2229 14332 D DlbEndpointParamCache: commit() Applying parameters for device 0x40000000
05-04 21:30:08.108  2229 14332 D DlbEndpointParamCache: doCommit() Committed 0 parameters out of 14.
05-04 21:30:08.108  2229 14332 D DlbEndpointParamCache: commit() Overriding parameters for current device 0x00000002
05-04 21:30:08.108  2229 14332 D DlbEndpointParamCache: doCommit() Committed 0 parameters out of 58.
05-04 21:30:08.108  2229 14332 D DlbEffectContext: setParam() received parameter EFFECT_PARAM_PROFILE
05-04 21:30:08.108  2229 14332 D DlbEffectContext: setProfile(profile=5) stageIdx:-2902
05-04 21:30:08.108  2229 14332 D DlbEffectContext: setParam() received parameter EFFECT_PARAM_PROFILE
05-04 21:30:08.108  2229 14332 D DlbEffectContext: setProfile(profile=5) stageIdx:-29002
05-04 21:30:08.108 11212 11212 I DolbyAtmosWrapper: setProfile() : for dolby atmos, 5
05-04 21:30:08.108 11212 11212 I EffectManager: setEffectDolbyAtmos() : enable is false, mode is off (5)
05-04 21:30:08.108 11212 11212 I EffectManager: setEffectDolbyAtmos() : concert hall will be restored as 0
05-04 21:30:08.109  2229 14332 I SoundAlive_Interface_a64: [ 1 ][ 192000 ]Set_User_CH() : 0
05-04 21:30:08.109  2229 14332 I SoundAlive_Interface_a64: [ 3 ][ 48000 ]Set_User_CH() : 0
05-04 21:30:08.109  2229 14332 I SoundAlive_Interface_a64: [ 5 ][ 48000 ]Set_User_CH() : 0
05-04 21:30:08.110 11212 11212 I SoundAliveWrapper: setStrength() : type is concert hall (3), strength is 0
05-04 21:30:08.110 11212 11212 I EffectManager: isSupportDolbyAtmosOnThisAudioPath() : path is speaker (0)
05-04 21:30:08.110 11212 11212 I EffectManager: isSupportDolbyAtmosOnThisAudioPath() : speaker type is stereo
05-04 21:30:08.110 11212 11212 I AudioPathManager: loadAudioPath() : loaded audio path is speaker (0)
05-04 21:30:08.110 11212 11212 I EffectManager: isSupportDolbyAtmosOnThisAudioPath() : path is speaker (0)
05-04 21:30:08.110 11212 11212 I EffectManager: isSupportDolbyAtmosOnThisAudioPath() : speaker type is stereo
05-04 21:30:08.110 11212 11212 I AudioManager: setParameters keyValuePairs = g_effect_game_dolby_enable=0
05-04 21:30:08.110  2229 14436 V APM_AudioPolicyManager: setAudioPolicyConfig: g_effect_game_dolby_enable=0
05-04 21:30:08.111  2229 14332 D DlbEffectContext: setParam() received parameter EFFECT_PARAM_ENABLE
05-04 21:30:08.111  2229 14332 D DlbEffectContext: setParam() received parameter EFFECT_PARAM_ENABLE
05-04 21:30:08.111 11212 11212 I DolbyAtmosWrapper: setProfileEnabled() : for dolby atmos for gaming, false
05-04 21:30:08.111  2229 14436 D DlbEffectContext: setParam() received parameter EFFECT_PARAM_PROFILE
05-04 21:30:08.111  2229 14436 D DlbEffectContext: setProfile(profile=5) stageIdx:-29003
05-04 21:30:08.112  2229 14436 D DlbEffectContext: setParam() received parameter EFFECT_PARAM_PROFILE
05-04 21:30:08.112  2229 14436 D DlbEffectContext: setProfile(profile=5) stageIdx:-29004
05-04 21:30:08.112 11212 11212 I DolbyAtmosWrapper: setProfile() : for dolby atmos for gaming, 5
05-04 21:30:08.112 11212 11212 I AudioPathManager: loadAudioPath() : loaded audio path is speaker (0)
05-04 21:30:08.112 11212 11212 I RestrictModeUtil: isOwnerMode() : user id is 0
05-04 21:30:08.112 11212 11212 I RestrictModeUtil: isDexMode() : DeX mode is off
05-04 21:30:08.112 11212 11212 I RestrictModeUtil: isAdaptSoundTestMode() : adaptsound test mode is false
05-04 21:30:08.113  2079 13221 D AudioSAEffectOffload: send_custom_payload_effect: enter, tag: 0xc000005, custom_data_sz: 104
05-04 21:30:08.113  2079 13221 I PAL: ResourceManager: setParameter: 10453: PAL_PARAM_ID_UIEFFECT SA_PARAMS(0x10001fa1)
05-04 21:30:08.113  2079 13221 I PAL: API: pal_gef_rw_param: 1205: set global parameter 4, status -22
05-04 21:30:08.113  2079 13221 D AudioSAEffectOffload: send_custom_payload_effect: exit, tag: 0xc000005, custom_data_sz: 104
05-04 21:30:08.113  2079 13221 D AudioSAEffectOffload: offload_param_dump() : status[-22] value[ SA,2,0,0,0,0,0,0,0,0,0,0,0,0,0,0,0,0,4,4,1,1,0,0,0,0,0 ] 
05-04 21:30:08.113  2229 14332 I SoundAlive_Interface_a64: [ 1 ][ 192000 ]Set_USER_EQ() : 0, 0, 0, 0, 0, 0, 0, 0, 0
05-04 21:30:08.113  2229 14332 I SoundAlive_Interface_a64: [ 3 ][ 48000 ]Set_USER_EQ() : 0, 0, 0, 0, 0, 0, 0, 0, 0
05-04 21:30:08.113  2229 14332 I SoundAlive_Interface_a64: [ 5 ][ 48000 ]Set_USER_EQ() : 0, 0, 0, 0, 0, 0, 0, 0, 0
05-04 21:30:08.113 11212 11212 I SoundAliveWrapper: setEqualizer() : preset is balanced (0), levels for 9 bands are 0 0 0 0 0 0 0 0 0 
05-04 21:30:08.113 11212 11212 I AudioPathManager: loadAudioPath() : loaded audio path is speaker (0)
05-04 21:30:08.114 11212 11212 I EffectManager: isSupportUHQUpscalerOnCurrentAudioPath() : path is speaker (0), device type is builtin speaker (2)
05-04 21:30:08.114 11212 11212 I EffectManager: updateUHQUpscalerState() : uhq upscaler is not available on current audio path
05-04 21:30:08.114 11212 11212 I EffectManager: updateUHQUpscalerState() : audio path is speaker, so skip writing mode to settings db
05-04 21:30:08.115 11212 11212 I AudioPathManager: loadAudioPath() : loaded audio path is speaker (0)
05-04 21:30:08.115 11212 11212 I EffectManager: isSupportVolumeNormalizationOnCurrentAudioPath() : path is speaker (0)
05-04 21:30:08.115 11212 11212 I AudioPathManager: loadAudioPath() : loaded audio path is speaker (0)
05-04 21:30:08.115 11212 11212 I EffectManager: setEffectVolumeNormalization() : mode is 0, current profile is 5
05-04 21:30:08.115 11212 11212 I EffectManager: isSpatialAudioActive() : mode is off (0)
05-04 21:30:08.115 11212 11212 I AudioManager: setParameters keyValuePairs = g_effect_dolby_volume_leveler=-1
05-04 21:30:08.115  2229 14332 V APM_AudioPolicyManager: setAudioPolicyConfig: g_effect_dolby_volume_leveler=-1
05-04 21:30:08.115  2229 14332 I SecAudioParamPolicy: g_effect_dolby_volume_leveler: 0 
05-04 21:30:08.116 11212 11212 I AudioManager: setParameters keyValuePairs = g_effect_dolby_enable=0;g_effect_dolby_profile=5
05-04 21:30:08.116  2229 14436 V APM_AudioPolicyManager: setAudioPolicyConfig: g_effect_dolby_enable=0;g_effect_dolby_profile=5
05-04 21:30:08.117  2229 14436 D DlbSpatializerEffectContext: setParam() received parameter SPATIALIZER_PARAM_ENABLE
05-04 21:30:08.117  2079 13221 D DlbEffectContext: setParam() received parameter EFFECT_PARAM_ENABLE
05-04 21:30:08.117  2079 13221 D AudioSAEffectOffload: send_custom_payload_effect: enter, tag: 0xc000004, custom_data_sz: 16
05-04 21:30:08.117  2079 13221 I PAL: ResourceManager: setParameter: 10453: PAL_PARAM_ID_UIEFFECT DOLBY_DAP_PARAMS(0x10001fd1)
05-04 21:30:08.117  2079 13221 I PAL: API: pal_gef_rw_param: 1205: set global parameter 4, status -22
05-04 21:30:08.117  2079 13221 D AudioSAEffectOffload: send_custom_payload_effect: exit, tag: 0xc000004, custom_data_sz: 16
05-04 21:30:08.117  2079 13221 D AudioSAEffectOffload: offload_param_dump() : status[-22] value[ DLB,0,2,5,0 ] 
05-04 21:30:08.117  2229 14436 D DlbEffectContext: setParam() received parameter EFFECT_PARAM_ENABLE
05-04 21:30:08.117  2229 14436 D DlbEffectContext: setParam() received parameter EFFECT_PARAM_ENABLE
05-04 21:30:08.117  2229 14436 I AudioEffectExtendAction: Non Spatialized stage -2113, disable content proc
05-04 21:30:08.117  2229 14436 D DlbEffectContext: setContentProcEnabled(enabled=0)
05-04 21:30:08.117  2229 14436 D DlbEffectContext: setParam() received parameter EFFECT_PARAM_ENABLE
05-04 21:30:08.117  2229 14436 D DlbEffectContext: setParam() received parameter EFFECT_PARAM_ENABLE
05-04 21:30:08.117  2229 14436 D DlbEffectContext: setParam() received parameter EFFECT_PARAM_ENABLE
05-04 21:30:08.117 11212 11212 I DolbyAtmosWrapper: setProfileEnabled() : for dolby atmos, false
05-04 21:30:08.118  2079 13221 D DlbEffectContext: setParam() received parameter EFFECT_PARAM_PROFILE
05-04 21:30:08.118  2079 13221 D DlbEffectContext: setProfile(profile=5) stageIdx:-1303
05-04 21:30:08.118  2079 13221 D AudioSAEffectOffload: send_custom_payload_effect: enter, tag: 0xc000004, custom_data_sz: 16
05-04 21:30:08.118  2079 13221 I PAL: ResourceManager: setParameter: 10453: PAL_PARAM_ID_UIEFFECT DOLBY_DAP_PARAMS(0x10001fd1)
05-04 21:30:08.118  2079 13221 I PAL: API: pal_gef_rw_param: 1205: set global parameter 4, status -22
05-04 21:30:08.118  2079 13221 D AudioSAEffectOffload: send_custom_payload_effect: exit, tag: 0xc000004, custom_data_sz: 16
05-04 21:30:08.118  2079 13221 D AudioSAEffectOffload: offload_param_dump() : status[-22] value[ DLB,0,2,5,0 ] 
05-04 21:30:08.118  2229 14332 D DlbEffectContext: setParam() received parameter EFFECT_PARAM_PROFILE
05-04 21:30:08.118  2229 14332 D DlbEffectContext: setProfile(profile=5) stageIdx:-2105
05-04 21:30:08.118  2229 14332 D DlbEffectContext: setParam() received parameter EFFECT_PARAM_PROFILE
05-04 21:30:08.118  2229 14332 D DlbEffectContext: setProfile(profile=5) stageIdx:-2108
05-04 21:30:08.118  2229 14332 D DlbEffectContext: setParam() received parameter EFFECT_PARAM_PROFILE
05-04 21:30:08.118  2229 14332 D DlbEffectContext: setProfile(profile=5) stageIdx:-2113
05-04 21:30:08.118  2229 14332 D DlbProfileParamCache: setProfile(profile=5)
05-04 21:30:08.118  2229 14332 D DlbProfileParamArray: getProfileParams(profile = 5)
05-04 21:30:08.119  2229 14332 D DlbEndpointParamCache: commitChangedParams()
05-04 21:30:08.119  2229 14332 D DlbEndpointParamCache: commit() Applying parameters for device 0x40000000
05-04 21:30:08.119  2229 14332 D DlbDap2Process: setParam(iea = #1[0])
05-04 21:30:08.119  2229 14332 D DlbDap2Process: setParam(rvsa = #1[0])
05-04 21:30:08.119  2229 14332 D DlbDap2Process: setParam(msce = #1[0])
05-04 21:30:08.119  2229 14332 D DlbDap2Process: setParam(mdee = #1[0])
05-04 21:30:08.119  2229 14332 D DlbDap2Process: setParam(miee = #1[0])
05-04 21:30:08.119  2229 14332 D DlbDap2Process: setParam(mdle = #1[0])
05-04 21:30:08.119  2229 14332 D DlbDap2Process: setParam(dvme = #1[0])
05-04 21:30:08.119  2229 14332 D DlbDap2Process: setParam(rvse = #1[0])
05-04 21:30:08.119  2229 14332 D DlbDap2Process: setMave(mave = 0)
05-04 21:30:08.119  2229 14332 D DlbDap2Process: setParam(ieon = #1[0])
05-04 21:30:08.119  2229 14332 D DlbEndpointParamCache: doCommit() Committed 10 parameters out of 14.
05-04 21:30:08.119  2229 14332 D DlbEndpointParamCache: commit() Overriding parameters for current device 0x00000002
05-04 21:30:08.119  2229 14332 D DlbDap2Process: setParam(dea = #1[0])
05-04 21:30:08.119  2229 14332 D DlbDap2Process: setParam(plb = #1[0])
05-04 21:30:08.119  2229 14332 D DlbDap2Process: setParam(vmb = #1[0])
05-04 21:30:08.119  2229 14332 D DlbDap2Process: setParam(dsb = #1[0])
05-04 21:30:08.119  2229 14332 D DlbDap2Process: setParam(ded = #1[0])
05-04 21:30:08.119  2229 14332 D DlbDap2Process: setParam(hte = #1[0])
05-04 21:30:08.119  2229 14332 D DlbDap2Process: setSystemGain(vol = 0)
05-04 21:30:08.119  2229 14332 D DlbDap2Process: Got DAP mix matrix (length=12) for processing mode 10
05-04 21:30:08.119  2229 14332 D DlbDap2Process: Got DAP mix matrix (length=16) for processing mode 11
05-04 21:30:08.119  2229 14332 D DlbDap2Process: setParam(dom = #35[0, 0, 1, 10, 12, 16384, 0, 0, 16384, 11583, 11583, 8192, 8192, 16384, 0, 0, 16384, 11, 16, 16384, 0, 0, 16384, 11583, 11583, 8192, 8192, 16384, 0, 0, 16384, 16384, 0, 0, 16384])
05-04 21:30:08.119  2229 14332 D DlbDap2Process: setParam(hvm = #1[2])
05-04 21:30:08.119  2229 14332 D DlbDap2Process: setParam(svm = #1[2])
05-04 21:30:08.119  2229 14332 D DlbDap2Process: setParam(sdfa = #1[0])
05-04 21:30:08.119  2229 14332 D DlbDap2Process: setParam(dvla = #1[0])
05-04 21:30:08.119  2229 14332 D DlbDap2Process: setParam(hlra = #1[45])
05-04 21:30:08.119  2229 14332 D DlbDap2Process: setParam(avsb = #1[6])
05-04 21:30:08.119  2229 14332 D DlbDap2Process: setParam(hvrc = #8[103, 32568, 11164, 5090, 0, 3, 3, 3])
05-04 21:30:08.119  2229 14332 D DlbDap2Process: setParam(svrc = #8[103, 32568, 6698, 5090, 0, 3, 3, 3])
05-04 21:30:08.119  2229 14332 D DlbDap2Process: setParam(vssd = #1[4])
05-04 21:30:08.119  2229 14332 D DlbDap2Process: setParam(mvbe = #1[0])
05-04 21:30:08.119  2229 14332 D DlbDap2Process: setParam(bmde = #1[0])
05-04 21:30:08.119  2229 14332 D DlbDap2Process: setParam(dvle = #1[0])
05-04 21:30:08.119  2229 14332 D DlbDap2Process: setParam(dvli = #1[-256])
05-04 21:30:08.119  2229 14332 D DlbDap2Process: setParam(vbon = #1[0])
05-04 21:30:08.119  2229 14332 D DlbDap2Process: setParam(vbm = #1[0])
05-04 21:30:08.119  2229 14332 D DlbDap2Process: setParam(beon = #1[0])
05-04 21:30:08.119  2229 14332 D DlbDap2Process: setParam(deon = #1[0])
05-04 21:30:08.119  2229 14332 D DlbDap2Process: setParam(geon = #1[0])
05-04 21:30:08.119  2229 14332 D DlbDap2Process: setParam(ngon = #1[0])
05-04 21:30:08.119  2229 14332 D DlbDap2Process: setParam(dvlo = #1[-272])
05-04 21:30:08.119  2229 14332 D DlbDap2Process: setParam(dplp = #1[256])
05-04 21:30:08.119  2229 14332 D DlbEndpointParamCache: doCommit() Committed 28 parameters out of 58.
05-04 21:30:08.119  2229 14332 D DlbEndpointParamCache: commitChangedParams()
05-04 21:30:08.119  2229 14332 D DlbEndpointParamCache: commit() Applying parameters for device 0x40000000
05-04 21:30:08.119  2229 14332 D DlbEndpointParamCache: doCommit() Committed 0 parameters out of 14.
05-04 21:30:08.119  2229 14332 D DlbEndpointParamCache: commit() Overriding parameters for current device 0x00000002
05-04 21:30:08.119  2229 14332 D DlbEndpointParamCache: doCommit() Committed 0 parameters out of 58.
05-04 21:30:08.120  2229 14332 D DlbEffectContext: setParam() received parameter EFFECT_PARAM_PROFILE
05-04 21:30:08.120  2229 14332 D DlbEffectContext: setProfile(profile=5) stageIdx:-2902
05-04 21:30:08.120  2229 14332 D DlbEffectContext: setParam() received parameter EFFECT_PARAM_PROFILE
05-04 21:30:08.120  2229 14332 D DlbEffectContext: setProfile(profile=5) stageIdx:-29002
05-04 21:30:08.120 11212 11212 I DolbyAtmosWrapper: setProfile() : for dolby atmos, 5
05-04 21:30:08.120 11212 11212 I LocalBroadcastManager: sendLocalBroadcast() : action is 1
05-04 21:30:08.120 11212 11212 I LocalBroadcastManager: sendLocalBroadcast() : action is 2
05-04 21:30:08.121 11212 11212 I AudioManagerWrapper: getCurrentMediaVolume() : current media volume is 5
05-04 21:30:08.121 11212 11212 I AudioPathManager: loadAudioPath() : loaded audio path is speaker (0)
05-04 21:30:08.121 11212 11212 I EffectManager: isSupportDolbyAtmosOnThisAudioPath() : path is speaker (0)
05-04 21:30:08.121 11212 11212 I EffectManager: isSupportDolbyAtmosOnThisAudioPath() : speaker type is stereo
05-04 21:30:08.121 11212 11212 I AudioPathManager: loadAudioPath() : loaded audio path is speaker (0)
05-04 21:30:08.121 11212 11212 I EffectManager: isSupportVolumeNormalizationOnCurrentAudioPath() : path is speaker (0)
05-04 21:30:08.121 11212 11212 I DVFSHelper: isNecessaryToBoostCPU() : isDolbyOn? false, isUHQUpscalerOn? false, isVoiceBoostOn? false, isVolumeNormalizationOn? false
05-04 21:30:08.134 14866 14966 I Controller: [#CMH#] startRebuilder In 
05-04 21:30:08.135 14866 14966 I ControllerEventHandler: [#CMH#] onSystemRebooted 
05-04 21:30:08.136 14866 14966 I ValidateContentValues: [#CMH#] Initialized true : mIsInitialized=true 
05-04 21:30:08.152 14866 14966 I ValidateContentValues: [#CMH#] mpColumnList : size: 115
05-04 21:30:08.152 14866 14966 I ValidateContentValues: [#CMH#] cmhColumnList : size: 129
05-04 21:30:08.153 14866 14966 I ValidateContentValues: [#CMH#] prepareAdditionalColumnList:mIsListPrepared size=41 
05-04 21:30:08.180  2080  6425 I vendor.qti.bluetooth@1.1-ibs_handler: ProcessIbsCmd: Received IBS_WAKE_IND: 0xFD
05-04 21:30:08.180  2080  6425 D vendor.qti.bluetooth@1.1-ibs_handler: SerialClockVote: vote for UART CLK ON
05-04 21:30:08.180  2080  6425 D vendor.qti.bluetooth@1.1-wake_lock: Acquire wakelock is acquired 
05-04 21:30:08.180  2080  6425 I vendor.qti.bluetooth@1.1-ibs_handler: ProcessIbsCmd: Writing IBS_WAKE_ACK
05-04 21:30:08.183  8560  8943 I M0      : limitCPUFreq:: freq = 2841600
05-04 21:30:08.183  8560  8943 I SemDvfsHyPerManager: acquire hyper - SIOP_ARM_MAX/8560@3, type = 301993986
05-04 21:30:08.183  5358  6446 I ScanController: onScanResult to scannerId: 1- eventType=0x1b, addressType=0, address=XX:XX:XX:XX:22:80, primaryPhy=1, secondaryPhy=0, advertisingSid=0xff, txPower=127, rssi=-74, periodicAdvInt=0x0
05-04 21:30:08.184  2128  2210 I HYPER-HAL: [RequestManager.cpp]acquire(): Acquired ID : 36666769  [8560 / 3]    HINT :      list : [CPUMaxFreq / 2841600] 
05-04 21:30:08.213  3255  5597 D SGM:GameManager: identifyForegroundApp. com.ojoclaro.android, mCurrentUserId: 0, callerUserId: 150
05-04 21:30:08.214 14866 14941 I PolicyManager: [#CMH#] Is foreground game app: false
05-04 21:30:08.215 14866 14941 I ControllerEventHandler: [#CMH#]  Check for starting Standalone FaceService for just shot ! 
05-04 21:30:08.215 14866 14941 I ControllerEventHandler: [#CMH#] requestToRegisterInstantWorker: mIsPolicyIgnore :  false
05-04 21:30:08.215 14866 14941 I ControllerUtils: [#CMH#] getFaceServiceUnProcessedMediaCount :E .. 
05-04 21:30:08.215 14866 14941 I ControllerEventHandler: [#CMH#] pendingCount<=0, ignore processing ,with isPolicyIgnore : false
05-04 21:30:08.221  2080  6425 I vendor.qti.bluetooth@1.1-ibs_handler: ProcessIbsCmd: Received IBS_SLEEP_IND: 0xFE
05-04 21:30:08.221  2080  6425 D vendor.qti.bluetooth@1.1-ibs_handler: SerialClockVote: vote for UART CLK OFF
05-04 21:30:08.344 10563 15052 I MSMAM - o.zzvg: This is a multi-identity app and no identity is set. Not setting the thread identity since we couldn't get an identity from the intent's content Uri.
05-04 21:30:08.345 10563 15052 I MSMAM - o.zzvg: Rewriting activity intent {0} for identity {1}
05-04 21:30:08.352 10563 15052 I NotificationManager: com.microsoft.skydrive: notify(1888, null, Notification(channel=com.mi... shortcut=null contentView=null vibrate=null sound=null defaults=0 flags=AUTO_CANCEL color=0xff0086f0 actions=3 vis=PRIVATE semFlags=0x0 semPriority=0 semMissedCount=0)) as user
05-04 21:30:08.354  3255  8600 E NotificationService: isPkgBlocked = true
05-04 21:30:08.354  3255  8600 E NotificationService: isRecordBlocked = false
05-04 21:30:08.354  3255  8600 E NotificationService: Suppressing notification from package com.microsoft.skydrive by user request.
05-04 21:30:08.365 10563 14821 D OneDSChannel: Logging for m:d6e4666f78fde55e: Legacy/Auto Upload/FileProcessingStarted with logger com.microsoft.applications.events.Logger@3ac6b6d collector url: null
05-04 21:30:08.371  2080  5966 D vendor.qti.bluetooth@1.1-wake_lock: Release wakelock is released 
05-04 21:30:08.381 10563 10713 W JobInfo : Requested important-while-foreground flag for job11235 is ignored and takes no effect
05-04 21:30:08.381 10563 10713 D WM-SystemJobScheduler: Scheduling work ID fc1c799d-c4de-4663-88d1-d2000b1c0884Job ID 11235
05-04 21:30:08.390 10563 10713 D WM-GreedyScheduler: Ignoring {WorkSpec: 963ad9f3-6f21-4bf1-bb0b-5ce2cd94b3da}. Requires ContentUri triggers.
05-04 21:30:08.390 10563 10713 D WM-GreedyScheduler: Starting tracking for fc1c799d-c4de-4663-88d1-d2000b1c0884
05-04 21:30:08.395 10563 10563 D WM-SystemJobService: onStartJob for WorkGenerationalId(workSpecId=fc1c799d-c4de-4663-88d1-d2000b1c0884, generation=0)
05-04 21:30:08.397 10563 10683 D WM-Processor: r: processing WorkGenerationalId(workSpecId=fc1c799d-c4de-4663-88d1-d2000b1c0884, generation=0)
05-04 21:30:08.398 10563 10683 D WM-ConstraintTracker: c: initial state = true
05-04 21:30:08.398 10563 10683 D WM-BrdcstRcvrCnstrntTrc: c: registering receiver
05-04 21:30:08.404 10563 10683 D WM-ConstraintTracker: l: initial state = NetworkState(isConnected=true, isValidated=true, isMetered=false, isNotRoaming=true)
05-04 21:30:08.404 10563 10683 D WM-NetworkStateTracker: Registering network callback
05-04 21:30:08.404 10563 10683 D ConnectivityManager: StackLog: [android.net.ConnectivityManager.sendRequestForNetwork(ConnectivityManager.java:4740)] [android.net.ConnectivityManager.registerDefaultNetworkCallbackForUid(ConnectivityManager.java:5465)] [android.net.ConnectivityManager.registerDefaultNetworkCallback(ConnectivityManager.java:5432)] [android.net.ConnectivityManager.registerDefaultNetworkCallback(ConnectivityManager.java:5406)] [uc.l.c(Unknown Source:27)] [tc.c.invokeSuspend(Unknown Source:105)] [tc.c.invoke(Unknown Source:12)] [pl0.i.f(Unknown Source:2)] [pl0.c.f(Unknown Source:58)] [ql0.e.invokeSuspend(Unknown Source:32)] [nk0.a.resumeWith(Unknown Source:8)] [ml0.w0.run(Unknown Source:114)] [xc.c0.run(Unknown Source:2)] [java.util.concurrent.ThreadPoolExecutor.runWorker(ThreadPoolExecutor.java:1154)] [java.util.concurrent.ThreadPoolExecutor$Worker.run(ThreadPoolExecutor.java:652)] [java.lang.Thread.run(Thread.java:1564)]
05-04 21:30:08.406  3255  5597 D ConnectivityService: requestNetwork for uid/pid:10107/10563 activeRequest: null callbackRequest: 14388 [NetworkRequest [ REQUEST id=14389, [ Capabilities: INTERNET&NOT_RESTRICTED&TRUSTED&NOT_VCN_MANAGED&NOT_BANDWIDTH_CONSTRAINED Uid: 10107 RequestorUid: 10107 RequestorPkg: com.microsoft.skydrive UnderlyingNetworks: Null] ]] callback flags: 0 order: 2147483647 isUidTracked: false declaredMethods: AVAIL|LOST|NC
05-04 21:30:08.407  3255  4728 D ConnectivityService:    accepting network in place of null for NetworkRequest [ REQUEST id=14389, [ Capabilities: INTERNET&NOT_RESTRICTED&TRUSTED&NOT_VCN_MANAGED&NOT_BANDWIDTH_CONSTRAINED Uid: 10107 RequestorUid: 10107 RequestorPkg: com.microsoft.skydrive UnderlyingNetworks: Null] ]
05-04 21:30:08.409  3255  4709 D OemPaidWifiNetworkFactory: got request NetworkRequest [ REQUEST id=14389, [ Capabilities: INTERNET&NOT_RESTRICTED&TRUSTED&NOT_VCN_MANAGED&NOT_BANDWIDTH_CONSTRAINED Uid: 10107 RequestorUid: 10107 RequestorPkg: com.microsoft.skydrive UnderlyingNetworks: Null] ]
05-04 21:30:08.409  3255  4709 D MultiInternetWifiNetworkFactory: got request NetworkRequest [ REQUEST id=14389, [ Capabilities: INTERNET&NOT_RESTRICTED&TRUSTED&NOT_VCN_MANAGED&NOT_BANDWIDTH_CONSTRAINED Uid: 10107 RequestorUid: 10107 RequestorPkg: com.microsoft.skydrive UnderlyingNetworks: Null] ]
05-04 21:30:08.410  3255  4709 D WifiNetworkFactory: got request NetworkRequest [ REQUEST id=14389, [ Capabilities: INTERNET&NOT_RESTRICTED&TRUSTED&NOT_VCN_MANAGED&NOT_BANDWIDTH_CONSTRAINED Uid: 10107 RequestorUid: 10107 RequestorPkg: com.microsoft.skydrive UnderlyingNetworks: Null] ]
05-04 21:30:08.410  3255  4709 D UntrustedWifiNetworkFactory: got request NetworkRequest [ REQUEST id=14389, [ Capabilities: INTERNET&NOT_RESTRICTED&TRUSTED&NOT_VCN_MANAGED&NOT_BANDWIDTH_CONSTRAINED Uid: 10107 RequestorUid: 10107 RequestorPkg: com.microsoft.skydrive UnderlyingNetworks: Null] ]
05-04 21:30:08.410  3255  4728 D ConnectivityService: Rematched networks [computed 0ms] [applied 1ms] [issued 2]
05-04 21:30:08.410  3255  4728 D ConnectivityService: NetworkReassignment :
05-04 21:30:08.410  3255  4728 D ConnectivityService:   14389 : null → 219
05-04 21:30:08.412 10563 10624 D WM-NetworkStateTracker: Network capabilities changed: [ Transports: WIFI Capabilities: NOT_METERED&INTERNET&NOT_RESTRICTED&TRUSTED&NOT_VPN&VALIDATED&NOT_ROAMING&FOREGROUND&NOT_CONGESTED&NOT_SUSPENDED&NOT_VCN_MANAGED&NOT_BANDWIDTH_CONSTRAINED LinkUpBandwidth>=49085Kbps LinkDnBandwidth>=58203Kbps TransportInfo: <SSID: <unknown ssid>, BSSID: 02:00:00:00:00:00, MAC: 02:00:00:00:00:00, IP: /192.168.0.81, Security type: 2, Supplicant state: COMPLETED, Wi-Fi standard: 11ac, RSSI: -46, Link speed: 866Mbps, Tx Link speed: 866Mbps, Max Supported Tx Link speed: 866Mbps, Rx Link speed: 780Mbps, Max Supported Rx Link speed: 866Mbps, Frequency: 5745MHz, Net ID: -1, Metered hint: false, score: 60, isUsable: true, CarrierMerged: false, SubscriptionId: -1, IsPrimary: -1, Trusted: true, Restricted: false, Ephemeral: false, OEM paid: false, OEM private: false, OSU AP: false, FQDN: <none>, Provider friendly name: <none>, Requesting package name: <none><none>MLO Information: , Is TID-To-Link negotiation supported by the AP: false, AP MLD Address: <none>, AP MLO Link Id: <none>, AP MLO Affiliated links: <none>, Vendor Data: <none>> SignalStrength: -46 UnderlyingNetworks: Null]
05-04 21:30:08.415 10563 10563 D WM-WorkerWrapper: Starting work for com.microsoft.skydrive.upload.AutoUploadWorker
05-04 21:30:08.416 10563 10711 D WM-GreedyScheduler: Constraints met: Scheduling work ID WorkGenerationalId(workSpecId=fc1c799d-c4de-4663-88d1-d2000b1c0884, generation=0)
05-04 21:30:08.418 10563 10617 W o2      : Unexpected result type for QualityEvent passed in to be logged: Diagnostic. May make dashboards more difficult to create/analyze. Proceeding to log event anyway.
05-04 21:30:08.418 10563 10711 D WM-Processor: Work WorkGenerationalId(workSpecId=fc1c799d-c4de-4663-88d1-d2000b1c0884, generation=0) is already enqueued for processing
05-04 21:30:08.419 10563 10617 D OneDSChannel: Logging for m:d6e4666f78fde55e: QoS/AutoUploadWorker/Started with logger com.microsoft.applications.events.Logger@3ac6b6d collector url: null
05-04 21:30:08.446 10563 10617 I MSMAM - o.zzsg: AccessMode for content authority {0} with content identity {1} is {2} under current identity {3}.
05-04 21:30:08.495 10563 10617 D OneDSChannel: Logging for m:d6e4666f78fde55e: Legacy/UploadConcurrency with logger com.microsoft.applications.events.Logger@3ac6b6d collector url: null
05-04 21:30:08.499 10563 10568 I rosoft.skydrive: CollectorTransition concurrent mark compact GC freed 15MB AllocSpace bytes, 0(0B) LOS objects, 70% free, 10117KB/33MB, paused 1.210ms,2.951ms total 121.977ms
05-04 21:30:08.507  5612  5612 I HoneySpace.EdgePanel.EdgeVisibilityRepository: updateTrayVisible: State = 0x100003, visible = false, current containerState = 4, specificMode = 0
05-04 21:30:08.508  5612  5612 I HoneySpace.EdgePanel.DumpHelper: Tray State
05-04 21:30:08.508  5612  5612 I HoneySpace.EdgePanel.EdgeVisibilityRepository: Same container state 4
05-04 21:30:08.522 10563 10617 D OneDSChannel: Event not logged due to sampling: Auto Upload/AutoUploadEvent
05-04 21:30:08.533  3255  4739 W DeviceStorageMonitorService: updateBroadcasts(/data) oldLevel:0, newLevel:0, seq:1
05-04 21:30:08.534  3255  4739 D DeviceStorageMonitorService: Available File Node Number is [12245898]
05-04 21:30:08.534  3255  4739 W DeviceStorageMonitorService: updateBroadcasts_filenode(/data) fn_oldLevel:0, fn_newLevel:0, seq:1
05-04 21:30:08.556 10563 10617 I MSMAM - o.zzsg: AccessMode for content authority {0} with content identity {1} is {2} under current identity {3}.
05-04 21:30:08.576 10563 10617 W o2      : Unexpected result type for QualityEvent passed in to be logged: Diagnostic. May make dashboards more difficult to create/analyze. Proceeding to log event anyway.
05-04 21:30:08.577 10563 10617 D OneDSChannel: Logging for m:d6e4666f78fde55e: QoS/AutoUploadWorker/Complete with logger com.microsoft.applications.events.Logger@3ac6b6d collector url: null
05-04 21:30:08.580 10563 10617 D OneDSChannel: Logging for m:d6e4666f78fde55e: Legacy/AutoUploadWorker with logger com.microsoft.applications.events.Logger@3ac6b6d collector url: null
05-04 21:30:08.582 10563 10711 I WM-WorkerWrapper: Worker result SUCCESS for Work [ id=fc1c799d-c4de-4663-88d1-d2000b1c0884, tags={ com.microsoft.skydrive.upload.AutoUploadWorker,AutoUploadWorker } ]
05-04 21:30:08.585 10563 10563 D WM-Processor: r fc1c799d-c4de-4663-88d1-d2000b1c0884 executed; reschedule = false
05-04 21:30:08.585 10563 10563 D WM-GreedyScheduler: Stopping tracking for WorkGenerationalId(workSpecId=fc1c799d-c4de-4663-88d1-d2000b1c0884, generation=0)
05-04 21:30:08.586 10563 10563 D WM-SystemJobService: fc1c799d-c4de-4663-88d1-d2000b1c0884 executed on JobScheduler
05-04 21:30:08.592 10563 10711 D WM-GreedyScheduler: Cancelling work ID fc1c799d-c4de-4663-88d1-d2000b1c0884
05-04 21:30:08.595 10563 10711 D WM-GreedyScheduler: Ignoring {WorkSpec: 963ad9f3-6f21-4bf1-bb0b-5ce2cd94b3da}. Requires ContentUri triggers.
05-04 21:30:08.595 10563 10711 D WM-BrdcstRcvrCnstrntTrc: c: unregistering receiver
05-04 21:30:08.598 10563 10713 D WM-NetworkStateTracker: Unregistering network callback
05-04 21:30:08.598 10563 10713 D ConnectivityManager: StackLog: [android.net.ConnectivityManager.unregisterNetworkCallback(ConnectivityManager.java:5575)] [uc.l.d(Unknown Source:27)] [tc.a.invoke(Unknown Source:28)] [ol0.r.a(Unknown Source:106)] [ol0.q.invokeSuspend(Unknown Source:10)] [nk0.a.resumeWith(Unknown Source:8)] [ml0.w0.run(Unknown Source:106)] [xc.c0.run(Unknown Source:2)] [java.util.concurrent.ThreadPoolExecutor.runWorker(ThreadPoolExecutor.java:1154)] [java.util.concurrent.ThreadPoolExecutor$Worker.run(ThreadPoolExecutor.java:652)] [java.lang.Thread.run(Thread.java:1564)]
05-04 21:30:08.600  3255  4728 D ConnectivityService:  Removing from current network [219 WIFI], leaving 249 requests.
05-04 21:30:08.817  3255 15627 E TaskPersister: File error accessing recents directory (directory doesn't exist?).
05-04 21:30:08.818  3255 15627 E TaskPersister: File error accessing recents directory (directory doesn't exist?).
05-04 21:30:08.818  3255 15627 E TaskPersister: File error accessing recents directory (directory doesn't exist?).
05-04 21:30:08.883  2241  2260 E HeatmapThread: ECT Thread time in milliseconds: 1777941008
05-04 21:30:08.887  2241  2260 D HeatmapThread: !@ batteryplugType : 2
05-04 21:30:08.887  2241  2260 D HeatmapThread: !@ batteryLevel : 90  batteryTemperature : 293 
05-04 21:30:08.887  2241  2260 D HeatmapThread: !@ Heatmap currtime: 29632350
05-04 21:30:08.887  2241  2260 D HeatmapThread: !@ Heatmap prevtime: 29632327
05-04 21:30:08.887  2241  2260 D HeatmapThread: !@ Heatmap plugstarttime: 29632334
05-04 21:30:08.887  2241  2260 D HeatmapThread: !@ Heatmap prevv_dsoh_update_time: 29631801
05-04 21:30:08.888  2241  2260 E HeatmapThread: !@ CAM New BSOH: 100
05-04 21:30:09.125 11212 11212 I AudioPathManager: loadAudioPath() : loaded audio path is speaker (0)
05-04 21:30:09.125 11212 11212 I EffectManager: isSupportDolbyAtmosOnThisAudioPath() : path is speaker (0)
05-04 21:30:09.125 11212 11212 I EffectManager: isSupportDolbyAtmosOnThisAudioPath() : speaker type is stereo
05-04 21:30:09.125 11212 11212 I AudioPathManager: loadAudioPath() : loaded audio path is speaker (0)
05-04 21:30:09.125 11212 11212 I EffectManager: isSupportVolumeNormalizationOnCurrentAudioPath() : path is speaker (0)
05-04 21:30:09.125 11212 11212 I DVFSHelper: isNecessaryToBoostCPU() : isDolbyOn? false, isUHQUpscalerOn? false, isVoiceBoostOn? false, isVolumeNormalizationOn? false
05-04 21:30:09.331  3255  4844 D WifiConnectivityMonitor.NetworkStatsAnalyzer: Backhaul result - RSSI:-46, CE:16, PE:16, TI:19, PTI:19, TW:0, PTW:0, Tx:1, Rx:1, TxS:0, RxS:0, RESULT:true, IC:0, ICT:5, WC:0, WCT:5, R:0, RC:0, IE:0, EC:0
05-04 21:30:09.470  2092 31665 I sensors-hal: handle_sns_std_sensor_event:436, [SSC_LIGHT] P: 2(2),m:13,c:43,b:21,c0:144,l:2,f(r):100,u(bl):94,j:0
05-04 21:30:09.757  3255  5597 W ParceledListSlice: Element #38 is 19224 bytes.
05-04 21:30:09.765  3255  5597 W ParceledListSlice: Element #73 is 20612 bytes.
05-04 21:30:09.794  3255  5597 W ParceledListSlice: Element #179 is 191328 bytes.
05-04 21:30:09.795  3255  5597 W ParceledListSlice: Overly large reply size: 228720
05-04 21:30:09.808  3255  5597 W ParceledListSlice: Element #203 is 23248 bytes.
05-04 21:30:09.809  3255  5597 W ParceledListSlice: Overly large reply size: 85836
05-04 21:30:09.814  3255  5597 W ParceledListSlice: Element #216 is 16764 bytes.
05-04 21:30:09.817  3255  5597 W ParceledListSlice: Element #224 is 23840 bytes.
05-04 21:30:09.821  3255  5597 W ParceledListSlice: Element #244 is 23596 bytes.
05-04 21:30:09.821  3255  5597 W ParceledListSlice: Overly large reply size: 83064
05-04 21:30:09.830  3255  5597 W ParceledListSlice: Element #282 is 20720 bytes.
05-04 21:30:09.832  3255  5597 W ParceledListSlice: Element #290 is 17488 bytes.
05-04 21:30:09.833  3255  5597 W ParceledListSlice: Element #296 is 23276 bytes.
05-04 21:30:09.843  3255  5597 W ParceledListSlice: Element #345 is 46748 bytes.
05-04 21:30:09.847  3255  5597 W ParceledListSlice: Element #378 is 16576 bytes.
05-04 21:30:09.847  3255  5597 W ParceledListSlice: Element #380 is 20388 bytes.
05-04 21:30:09.848  3255  5597 W ParceledListSlice: Element #381 is 17604 bytes.
05-04 21:30:09.850  3255  5597 W ParceledListSlice: Element #398 is 23108 bytes.
05-04 21:30:09.852  3255  5597 W ParceledListSlice: Element #411 is 17052 bytes.
05-04 21:30:09.855  3255  5597 W ParceledListSlice: Element #440 is 28176 bytes.
05-04 21:30:09.857  3255  5597 W ParceledListSlice: Element #449 is 76784 bytes.
05-04 21:30:09.861  3255  5597 W ParceledListSlice: Element #473 is 21164 bytes.
05-04 21:30:09.863  3255  5597 W ParceledListSlice: Element #485 is 19444 bytes.
05-04 21:30:09.865  3255  5597 W ParceledListSlice: Element #494 is 19712 bytes.
05-04 21:30:09.867  3255  5597 W ParceledListSlice: Element #506 is 16392 bytes.
05-04 21:30:09.872  3255  5597 W ParceledListSlice: Element #542 is 31164 bytes.
05-04 21:30:09.874  3255  5597 W ParceledListSlice: Element #566 is 27444 bytes.
05-04 21:30:09.876  3255  5597 W ParceledListSlice: Element #580 is 20144 bytes.
05-04 21:30:09.878  3255  5597 W ParceledListSlice: Element #591 is 25808 bytes.
05-04 21:30:09.883  3255  5597 W ParceledListSlice: Element #619 is 17796 bytes.
05-04 21:30:09.883  2241  2260 E HeatmapThread: ECT Thread time in milliseconds: 1777941009
05-04 21:30:09.885  2241  2260 D HeatmapThread: !@ batteryplugType : 2
05-04 21:30:09.885  2241  2260 D HeatmapThread: !@ batteryLevel : 90  batteryTemperature : 293 
05-04 21:30:09.885  2241  2260 D HeatmapThread: !@ Heatmap currtime: 29632350
05-04 21:30:09.885  2241  2260 D HeatmapThread: !@ Heatmap prevtime: 29632327
05-04 21:30:09.885  2241  2260 D HeatmapThread: !@ Heatmap plugstarttime: 29632334
05-04 21:30:09.885  2241  2260 D HeatmapThread: !@ Heatmap prevv_dsoh_update_time: 29631801
05-04 21:30:09.885  2241  2260 E HeatmapThread: !@ CAM New BSOH: 100
05-04 21:30:09.911  1166  1166 D io_stats: !@   8,0 r 29832099 604843679 w 10732609 129525844 d 1337081 269324036 f 252641 873831 iot 13111796 0 th 0 0 0 pt 0 inp 0 0 104713.098
05-04 21:30:10.131 11212 11212 I AudioPathManager: loadAudioPath() : loaded audio path is speaker (0)
05-04 21:30:10.131 11212 11212 I EffectManager: isSupportDolbyAtmosOnThisAudioPath() : path is speaker (0)
05-04 21:30:10.131 11212 11212 I EffectManager: isSupportDolbyAtmosOnThisAudioPath() : speaker type is stereo
05-04 21:30:10.131 11212 11212 I AudioPathManager: loadAudioPath() : loaded audio path is speaker (0)
05-04 21:30:10.131 11212 11212 I EffectManager: isSupportVolumeNormalizationOnCurrentAudioPath() : path is speaker (0)
