--------- beginning of main
05-04 21:30:05.970 14867 14867 W SLPASVC : try Count : 0                                                                                       [at com.samsung.euicc.lpaService.LpaServiceHandler.handleMessage(LpaServiceHandler.java:91)]
05-04 21:30:05.976 14867 14994 I SLPASVC : provisioning profile disabled or no exist                                                           [at com.samsung.euicc.message.DisableProvisioningProfile.lambda$execute$2(DisableProvisioningProfile.java:64)]
05-04 21:30:06.150  3255  3579 I SemDvfsHyPerManager: acquire hyper - APP_LAUNCH/3255@197, type = -999
--------- beginning of system
05-04 21:30:06.153  3255  8600 D ActivityTaskManager: startActivityAsUser: callingPid=14998, callingUid=2000, caller=com.android.server.am.ActivityManagerService.startActivityAsUserWithFeature:27 com.android.server.am.ActivityManagerShellCommand.runStartActivity:588 com.android.server.am.ActivityManagerShellCommand.onCommand:2030 com.android.modules.utils.BasicShellCommandHandler.exec:97 android.os.ShellCommand.exec:38 com.android.server.am.ActivityManagerService.onShellCommand:164 android.os.Binder.shellCommand:1187 
05-04 21:30:06.154  2128  2210 I HYPER-HAL: [RequestManager.cpp]acquire(): Acquired ID : 5960075  [3255 / 197]    HINT : APP_LAUNCH    list : 
05-04 21:30:06.155  2151  2151 E ANDR-PERF-MPCTL: ANDR-PERF-MPCTL: internal_perf_lock_acq_verification() 385: Perflock Submit request limit reached.
05-04 21:30:06.155  3255  8600 W ActivityTaskManager: callingPackage for (uid=2000, pid=14998) has no WPC
05-04 21:30:06.156  3255  8600 D ActivityTaskManager: DesktopModeLaunchParamsModifier: task=null activity=null task null, skipping
05-04 21:30:06.156  3255  8600 D ActivityTaskManager: TaskLaunchParamsModifier:task=null activity=null display-area-from-current-params=null display-area-from-default-fallback=DefaultTaskDisplayArea_d0@5520231 display-id=0 task-display-area-windowing-mode=1 suggested-display-area=DefaultTaskDisplayArea_d0@5520231
05-04 21:30:06.156  2151  2151 E ANDR-PERF-MPCTL: ANDR-PERF-MPCTL: internal_perf_lock_acq_verification() 385: Perflock Submit request limit reached.
05-04 21:30:06.157  3255  8600 W OptProp : Cannot read opt property android.window.PROPERTY_COMPAT_ALLOW_RESIZEABLE_ACTIVITY_OVERRIDES
05-04 21:30:06.157  2151  2151 E ANDR-PERF-MPCTL: ANDR-PERF-MPCTL: internal_perf_lock_acq_verification() 385: Perflock Submit request limit reached.
05-04 21:30:06.157  3255  8600 W OptProp : Cannot read opt property android.window.PROPERTY_COMPAT_ALLOW_MIN_ASPECT_RATIO_OVERRIDE
05-04 21:30:06.158  3255  8600 D WindowManager: Transition is created, t=TransitionRecord{49404f1 id=-1 type=OPEN flags=0x0}, caller=com.android.server.wm.Transition.<init>:182 com.android.server.wm.TransitionController.createAndStartCollecting:106 com.android.server.wm.ActivityStarter.executeRequest:3515 com.android.server.wm.ActivityStarter.execute:1752 com.android.server.wm.ActivityTaskManagerService.startActivityAsUser:95 
05-04 21:30:06.158  3255  8600 D BLASTSyncEngine: SyncGroup is created, id=1996, name=Transition-OPEN, caller=com.android.server.wm.BLASTSyncEngine$SyncGroup.<init>:52 com.android.server.wm.TransitionController.moveToCollecting:79 com.android.server.wm.TransitionController.createAndStartCollecting:109 com.android.server.wm.ActivityStarter.executeRequest:3515 com.android.server.wm.ActivityStarter.execute:1752 com.android.server.wm.ActivityTaskManagerService.startActivityAsUser:95 com.android.server.am.ActivityManagerService.startActivityAsUserWithFeature:27 
05-04 21:30:06.159  3255  8600 W BLASTSyncEngine: setSyncMethod, id=1996, method=0, caller=com.android.server.wm.TransitionController.moveToCollecting:91 com.android.server.wm.TransitionController.createAndStartCollecting:109 com.android.server.wm.ActivityStarter.executeRequest:3515 
05-04 21:30:06.159  3255  8600 V WindowManager: Start collecting in Transition: TransitionRecord{49404f1 id=1996 type=OPEN flags=0x0}, caller=com.android.server.wm.TransitionController.createAndStartCollecting:109 com.android.server.wm.ActivityStarter.executeRequest:3515 com.android.server.wm.ActivityStarter.execute:1752 com.android.server.wm.ActivityTaskManagerService.startActivityAsUser:95 com.android.server.am.ActivityManagerService.startActivityAsUserWithFeature:27 
05-04 21:30:06.159  3255  8600 V WindowManager: Collecting in transition 1996: ActivityRecord{267237590 u0 com.ojoclaro.android/.MainActivity, caller=com.android.server.wm.TransitionController.collect:7 com.android.server.wm.ActivityStarter.startActivityUnchecked:98 com.android.server.wm.ActivityStarter.executeRequest:3559 com.android.server.wm.ActivityStarter.execute:1752 com.android.server.wm.ActivityTaskManagerService.startActivityAsUser:95 
05-04 21:30:06.160  3255  8600 D ActivityTaskManager: DesktopModeLaunchParamsModifier: task=null activity=ActivityRecord{267237590 u0 com.ojoclaro.android/.MainActivity t-1} task null, skipping
05-04 21:30:06.160  3255  8600 D ActivityTaskManager: TaskLaunchParamsModifier:task=null activity=ActivityRecord{267237590 u0 com.ojoclaro.android/.MainActivity t-1} display-area-from-current-params=null display-area-from-default-fallback=DefaultTaskDisplayArea_d0@5520231 display-id=0 task-display-area-windowing-mode=1 suggested-display-area=DefaultTaskDisplayArea_d0@5520231
05-04 21:30:06.160  3255  8600 D ActivityTaskManager: DesktopModeLaunchParamsModifier: task=null activity=ActivityRecord{267237590 u0 com.ojoclaro.android/.MainActivity t-1} task null, skipping
05-04 21:30:06.161  3255  8600 D ActivityTaskManager: TaskLaunchParamsModifier:task=null activity=ActivityRecord{267237590 u0 com.ojoclaro.android/.MainActivity t-1} display-area-from-current-params=null display-area-from-default-fallback=DefaultTaskDisplayArea_d0@5520231 display-id=0 task-display-area-windowing-mode=1 suggested-display-area=DefaultTaskDisplayArea_d0@5520231 non-freeform-task-display-area display-area=DefaultTaskDisplayArea_d0@5520231 activity-requested-portrait freeform-size-mismatch=Rect(81, 550 - 999, 1720)
05-04 21:30:06.161  3255  5784 I SemDvfsHyPerManager: acquire hyper - AMS_APP_SWITCH/3255@27, type = -999
05-04 21:30:06.162  3255  5784 D ActivityManagerPerformance: AMP_acquire() APP_SWITCH
05-04 21:30:06.162  8560  8560 I SemDvfsHyPerManager: acquire hyper - APP_START_SHORT/8560@22, type = -999
05-04 21:30:06.163  8560  8560 I M0      : limitCPUFreq:: freq = -1
05-04 21:30:06.163  2151  2151 E ANDR-PERF-MPCTL: ANDR-PERF-MPCTL: internal_perf_lock_acq_verification() 385: Perflock Submit request limit reached.
05-04 21:30:06.164  2151  2151 E ANDR-PERF-MPCTL: ANDR-PERF-MPCTL: internal_perf_lock_acq_verification() 385: Perflock Submit request limit reached.
05-04 21:30:06.164  2128  2210 I HYPER-HAL: [RequestManager.cpp]acquire(): Acquired ID : 5387430  [3255 / 27]    HINT : AMS_APP_SWITCH    list : 
05-04 21:30:06.166  3255  5867 D FreecessController: restrictJobsByOlaf: restrict=true, uid=10488
05-04 21:30:06.166  2151  2151 E ANDR-PERF-MPCTL: ANDR-PERF-MPCTL: internal_perf_lock_acq_verification() 385: Perflock Submit request limit reached.
05-04 21:30:06.166  2151  2151 E ANDR-PERF-MPCTL: ANDR-PERF-MPCTL: internal_perf_lock_acq_verification() 385: Perflock Submit request limit reached.
05-04 21:30:06.166  2151  2151 E ANDR-PERF-MPCTL: ANDR-PERF-MPCTL: internal_perf_lock_acq_verification() 385: Perflock Submit request limit reached.
05-04 21:30:06.167  2151  2151 E ANDR-PERF-MPCTL: ANDR-PERF-MPCTL: internal_perf_lock_acq_verification() 385: Perflock Submit request limit reached.
05-04 21:30:06.167  2151  2151 E ANDR-PERF-MPCTL: ANDR-PERF-MPCTL: internal_perf_lock_acq_verification() 385: Perflock Submit request limit reached.
05-04 21:30:06.167  3255  3255 D OlafRestriction:  olaf state update: state=true
05-04 21:30:06.167  3255  3255 D OlafRestriction:  sending trigger onRestrictionStateChanged msg.
05-04 21:30:06.167  2151  2151 E ANDR-PERF-MPCTL: ANDR-PERF-MPCTL: internal_perf_lock_acq_verification() 385: Perflock Submit request limit reached.
05-04 21:30:06.167  8560  8560 I SemDvfsHyPerManager: acquire hyper - APP_START_SHORT/8560@22, type = -999
05-04 21:30:06.168  3255  8600 D ActivityTaskManager: Temporarily retain top process state for launching app
05-04 21:30:06.168  2128  2210 I HYPER-HAL: [RequestManager.cpp]acquire(): Acquired ID : 36829675  [8560 / 22]    HINT : APP_START_LOW_HEAT    list : [TIMEOUT / 1500] 
05-04 21:30:06.169  2128  2210 I HYPER-HAL: [RequestManager.cpp]releaseLocked(): Released ID : 36666769
05-04 21:30:06.169  2128  2210 I HYPER-HAL: [RequestManager.cpp]acquire(): Acquired ID : 36829675  [8560 / 22]    HINT : APP_START_LOW_HEAT    list : [TIMEOUT / 1500] 
05-04 21:30:06.169  2249  4540 I SurfaceFlinger: id=22395 createSurf, flag=24004, Task=2754#22395
05-04 21:30:06.170  3255  8600 D ActivityTaskManager: DesktopModeLaunchParamsModifier: task=Task{e52ff2d #2754 type=standard A=10488:com.ojoclaro.android} activity=ActivityRecord{267237590 u0 com.ojoclaro.android/.MainActivity t-1} non-desktop, skipping
05-04 21:30:06.171  3255  8600 D ActivityTaskManager: TaskLaunchParamsModifier:task=Task{e52ff2d #2754 type=standard A=10488:com.ojoclaro.android} activity=ActivityRecord{267237590 u0 com.ojoclaro.android/.MainActivity t-1} display-from-task=0 display-id=0 task-display-area-windowing-mode=1 suggested-display-area=DefaultTaskDisplayArea_d0@5520231 inherit-from-task=fullscreen non-freeform-task-display-area display-area=DefaultTaskDisplayArea_d0@5520231 activity-requested-portrait freeform-size-mismatch=Rect(81, 550 - 999, 1720)
05-04 21:30:06.171  3255  8600 V WindowManager: Collecting in transition 1996: Task{e52ff2d #2754 type=standard A=10488:com.ojoclaro.android}, caller=com.android.server.wm.Transition.collectExistenceChange:40 com.android.server.wm.ActivityStarter.startActivityInner:293 com.android.server.wm.ActivityStarter.startActivityUnchecked:111 com.android.server.wm.ActivityStarter.executeRequest:3559 com.android.server.wm.ActivityStarter.execute:1752 
05-04 21:30:06.171  3255  8600 W OptProp : Cannot read opt property android.window.PROPERTY_COMPAT_ALLOW_ORIENTATION_OVERRIDE
05-04 21:30:06.171  2249  4540 I SurfaceFlinger: id=22396 createSurf, flag=84004, ActivityRecord{267237590 u0 com.ojoclaro.android/.MainActivity t2754}#22396
05-04 21:30:06.172  3255  8600 V WindowManager: Collecting in transition 1996: ActivityRecord{267237590 u0 com.ojoclaro.android/.MainActivity t2754}, caller=com.android.server.wm.TransitionController.collect:7 com.android.server.wm.ActivityRecord.setVisibility:132 com.android.server.wm.Task.startActivityLocked:284 com.android.server.wm.ActivityStarter.startActivityInner:358 com.android.server.wm.ActivityStarter.startActivityUnchecked:111 
05-04 21:30:06.172  3255  8600 V WindowManager: Collecting in transition 1996: ActivityRecord{267237590 u0 com.ojoclaro.android/.MainActivity t2754}, caller=com.android.server.wm.TransitionController.collect:7 com.android.server.wm.ActivityRecord.setVisibility:132 com.android.server.wm.ActivityRecord.makeInvisible:32 com.android.server.wm.EnsureActivitiesVisibleHelper.process:542 com.android.server.wm.TaskFragment.updateActivityVisibilities:12 
05-04 21:30:06.172  3255  8600 D WindowManager: App launched activity=ActivityRecord{267237590 u0 com.ojoclaro.android/.MainActivity t2754}, state=2
05-04 21:30:06.172  3255  8600 D ActivityTaskManager: scheduleTopResumedActivityChanged, onTop=false, r=ActivityRecord{180558694 u0 com.android.dreams.basic/android.service.dreams.DreamActivity t2753}, caller=com.android.server.wm.ActivityTaskSupervisor.scheduleTopResumedActivityStateLossIfNeeded:19 com.android.server.wm.ActivityTaskSupervisor.updateTopResumedActivityIfNeeded:20 com.android.server.wm.TaskDisplayArea.positionChildAt:252 com.android.server.wm.Task.moveToFront:40 com.android.server.wm.Task.moveToFront:1 com.android.server.wm.ActivityStarter.startActivityInner:368 
05-04 21:30:06.173  3255  8600 D WindowManager: App launched activity=ActivityRecord{267237590 u0 com.ojoclaro.android/.MainActivity t2754}, state=2
05-04 21:30:06.173  3255  8600 V WindowManager: Checking theme of starting window: 0x7f0d010f
05-04 21:30:06.173  3255  8600 V WindowManager: Translucent=false Floating=false ShowWallpaper=false Disable=false
05-04 21:30:06.173  3255  8600 D ActivityTaskManager: addStartingWindow: type=2 typeParameter=a9
05-04 21:30:06.173  3255  8600 V WindowManager: Creating SplashScreenStartingData
05-04 21:30:06.173  3255  8600 V WindowManager: Add starting ActivityRecord{267237590 u0 com.ojoclaro.android/.MainActivity t2754}: startingData=SplashScreenStartingData{5e1d1f3 removeAfterTransaction= 0}
05-04 21:30:06.174  3255  8600 V WindowManager: Added starting ActivityRecord{267237590 u0 com.ojoclaro.android/.MainActivity t2754}: startingWindow=null startingView=com.android.server.wm.StartingSurfaceController$StartingSurface@4109eb0
05-04 21:30:06.174  3255  8600 D WindowManager: App launched activity=ActivityRecord{267237590 u0 com.ojoclaro.android/.MainActivity t2754}, state=2
05-04 21:30:06.174  3255  8600 V WindowManager: Collecting in transition 1996: ActivityRecord{267237590 u0 com.ojoclaro.android/.MainActivity t2754}, caller=com.android.server.wm.Transition.collectExistenceChange:40 com.android.server.wm.ActivityStarter.handleStartResult:761 com.android.server.wm.ActivityStarter.startActivityUnchecked:124 com.android.server.wm.ActivityStarter.executeRequest:3559 com.android.server.wm.ActivityStarter.execute:1752 
05-04 21:30:06.174  3255  4490 V InputMethodManagerService: Checking com.google.android.tts/com.google.android.apps.speech.tts.googletts.settings.asr.voiceime.VoiceInputMethodService
05-04 21:30:06.174  3255  8600 V WindowManager: Requesting StartTransition: TransitionRecord{49404f1 id=1996 type=OPEN flags=0x0 c=[
05-04 21:30:06.174  3255  8600 V WindowManager:    ChangeInfo{9830cae container=DefaultTaskDisplayArea_d0@5520231 flags=0x0}
05-04 21:30:06.174  3255  8600 V WindowManager:    ChangeInfo{73d9a4f container=Display{#0 state=ON size=1080x2340 ROTATION_0} flags=0x0}
05-04 21:30:06.174  3255  8600 V WindowManager:    ChangeInfo{258f5dc container=Task{e52ff2d #2754 type=standard A=10488:com.ojoclaro.android} flags=0x0}
05-04 21:30:06.174  3255  8600 V WindowManager:    ChangeInfo{ef1e6e5 container=ActivityRecord{267237590 u0 com.ojoclaro.android/.MainActivity t2754} flags=0x0}
05-04 21:30:06.174  3255  8600 V WindowManager: ]
05-04 21:30:06.174  3255  8600 V WindowManager: }, caller=com.android.server.wm.ActivityStarter.handleStartResult:982 com.android.server.wm.ActivityStarter.startActivityUnchecked:124 com.android.server.wm.ActivityStarter.executeRequest:3559 com.android.server.wm.ActivityStarter.execute:1752 com.android.server.wm.ActivityTaskManagerService.startActivityAsUser:95 
05-04 21:30:06.175  3255  8600 D SurfaceComposerClient: setCornerRadius ## 5de25e4 com.android.dreams.basic/android.service.dreams.DreamActivity#22383 cornerRadius=0.000000
05-04 21:30:06.175  3255  4490 V InputMethodManagerService: Found an input method InputMethodInfo{com.google.android.tts/com.google.android.apps.speech.tts.googletts.settings.asr.voiceime.VoiceInputMethodService, settings: com.google.android.apps.speech.tts.googletts.settings.asr.voiceime.ui.VoiceImeSettingsActivity, languageSettings: null}
05-04 21:30:06.175  3255  4490 V InputMethodManagerService: Checking com.samsung.android.honeyboard/.service.HoneyBoardService
05-04 21:30:06.175  3255  8600 I Pageboost: stop alp
05-04 21:30:06.176  3255  8600 I ActivityTaskManager: START u0 {flg=0x10000000 xflg=0x5 cmp=com.ojoclaro.android/.MainActivity} with LAUNCH_MULTIPLE from uid 2000 (BAL_ALLOW_PERMISSION) result code=0
05-04 21:30:06.176  3255  8600 I SemDvfsHyPerManager: acquire hyper - AMS_APP_LAUNCH/3255@22, type = -999
05-04 21:30:06.176  2128  2210 I HYPER-HAL: [RequestManager.cpp]acquire(): Acquired ID : 5371025  [3255 / 22]    HINT : AMS_APP_LAUNCH    list : 
05-04 21:30:06.176  2151  2151 E ANDR-PERF-MPCTL: ANDR-PERF-MPCTL: internal_perf_lock_acq_verification() 385: Perflock Submit request limit reached.
05-04 21:30:06.177  2151  2151 E ANDR-PERF-MPCTL: ANDR-PERF-MPCTL: internal_perf_lock_acq_verification() 385: Perflock Submit request limit reached.
05-04 21:30:06.177  2151  2151 E ANDR-PERF-MPCTL: ANDR-PERF-MPCTL: internal_perf_lock_acq_verification() 385: Perflock Submit request limit reached.
05-04 21:30:06.178  2151  2151 E ANDR-PERF-MPCTL: ANDR-PERF-MPCTL: internal_perf_lock_acq_verification() 385: Perflock Submit request limit reached.
05-04 21:30:06.178  4974  5177 V WindowManagerShell: Transition requested (#1996): android.os.BinderProxy@5462cb3 TransitionRequestInfo { type = OPEN, triggerTask = TaskInfo{userId=0 taskId=2754 effectiveUid=10488 displayId=0 isRunning=true baseIntent=Intent { flg=0x10000000 cmp=com.ojoclaro.android/.MainActivity } baseActivity=ComponentInfo{com.ojoclaro.android/com.ojoclaro.android.MainActivity} topActivity=ComponentInfo{com.ojoclaro.android/com.ojoclaro.android.MainActivity} origActivity=null realActivity=ComponentInfo{com.ojoclaro.android/com.ojoclaro.android.MainActivity} numActivities=1 lastActiveTime=379486829 supportsMultiWindow=true resizeMode=1 isResizeable=true minWidth=-1 minHeight=-1 maxWidth=-1 maxHeight=-1 defaultMinSize=220 desktopDefaultMinSize=304 token=WCT{android.window.IWindowContainerToken$Stub$Proxy@5f1c270} topActivityType=1 pictureInPictureParams=null shouldDockBigOverlays=false launchIntoPipHostTaskId=-1 lastParentTaskIdBeforePip=-1 displayCutoutSafeInsets=Rect(0, 74 - 0, 0) topActivityInfo=ActivityInfo{3ce19e9 com.ojoclaro.android.MainActivity} launchCookies=[] positionInParent=Point(0, 0) parentTaskId=-1 isFocused=false isVisible=false isVisibleRequested=false isTopActivityNoDisplay=false isSleeping=false locusId=null displayAreaFeatureId=1 isTopActivityTransparent=false isActivityStackTransparent=false lastNonFullscreenBounds=Rect(81, 550 - 999, 1720) capturedLink=null capturedLinkTimestamp=0 requestedVisibleTypes=-9 topActivityRequestOpenInBrowserEducationTimestamp=0 appCompatTaskInfo=AppCompatTaskInfo { topActivityInSizeCompat=false eligibleForLetterboxEducation= false isLetterboxEducationEnabled= false isLetterboxDoubleTapEnabled= false eligibleForUserAspectRatioButton= false topActivityBoundsLetterboxed= false isFromLetterboxDoubleTap= false topActivityLetterboxVerticalPosition= -1 topActivityLetterboxHorizontalPosition= -1 topActivityLetterboxWidth=-1 topActivityLetterboxHeight=-1 topActivityAppBounds=Rect(0, 0 - 1080, 2340) isUserFullscreenOverrideEnabled=false isSystemFullscreenOverrideEnabled=false hasMinAspectRatioOverride=false topActivityLetterboxBounds=null cameraCompatTaskInfo=CameraCompatTaskInfo { freeformCameraCompatMode=inactive} topActivityBounds=null topActivityInDisplayCompat=false singleTapFromLetterbox=false} topActivityMainWindowFrame=null originallySupportedMultiWindow=true hasWallpaper=false rootAffinity=10488:com.ojoclaro.android isTopTaskInStage=false CoverLauncherWidgetTask=false LaunchedFromAppsCoverLauncherTask=false LaunchedFromMultistarCoverLauncherTask=false isAllowedSeamlessRotation=false isTopTransparentActivity=false isAliasManaged=false hasConfigChanged=false snappingGuideBounds=null isAiKeyRemoveAppTask=false lastDesktopWindowingBounds=null lastExternalDesktopWindowingBounds=null safeCutoutInsets=null}, pipChange = null, remoteTransition = null, displayChange = null, flags = 0, debugId = 1996 }
05-04 21:30:06.179  5891  5891 E pageboostd: Received HALT command code 2
05-04 21:30:06.179  4974  5177 V ShellDesktopMode: DesktopTasksController: isDesktopModeShowing: hasVisibleTasks=false hasTopTransparentFullscreenTask=false
05-04 21:30:06.179  4974  5177 V ShellDesktopMode: DesktopTasksController: isDesktopModeShowing: hasVisibleTasks=false hasTopTransparentFullscreenTask=false
05-04 21:30:06.179  4974  5177 D ShellSplitScreen: logExit: no-op, mLoggerSessionId is null
05-04 21:30:06.179  4974  5177 D ShellDesktopMode: handleRequest: TransitionRequestInfo {type=1, tid=2754, debugId=1996}
05-04 21:30:06.179  2151  2151 E ANDR-PERF-MPCTL: ANDR-PERF-MPCTL: internal_perf_lock_acq_verification() 385: Perflock Submit request limit reached.
05-04 21:30:06.179  8560  8560 I SemDvfsHyPerManager: acquire hyper - APP_START/8560@24, type = -999
05-04 21:30:06.180  2128  2210 I HYPER-HAL: [RequestManager.cpp]acquire(): Acquired ID : 36846844  [8560 / 24]    HINT : APP_START_LOW_HEAT    list : 
05-04 21:30:06.180  4974  5177 V ShellDesktopMode: DesktopTasksController: handleFullscreenTaskLaunch
05-04 21:30:06.180  4974  5177 V ShellDesktopMode: DesktopTasksController: isDesktopModeShowing: hasVisibleTasks=false hasTopTransparentFullscreenTask=false
05-04 21:30:06.180  4974  5177 V ShellDesktopMode: DesktopTasksController: handleRequest result=null
05-04 21:30:06.180  2249  2249 I SurfaceFlinger: [Task=2754#22395] attach to parent LayerHierarchy{RequestedLayerState{DefaultTaskDisplayArea_d0#10 parentId=9} 10 children}
05-04 21:30:06.180  2249  2249 I SurfaceFlinger: [ActivityRecord{267237590 u0 com.ojoclaro.android/.MainActivity t2754}#22396] attach to parent LayerHierarchy{RequestedLayerState{Task=2754#22395 parentId=10} 1 children}
05-04 21:30:06.181  3255  4490 V InputMethodManagerService: Found an input method InputMethodInfo{com.samsung.android.honeyboard/.service.HoneyBoardService, settings: com.samsung.android.honeyboard.settings.common.HoneyBoardSettingsActivity, languageSettings: null}
05-04 21:30:06.181  3255  4490 V InputMethodManagerService: Checking com.samsung.android.honeyboard/com.samsung.android.writingtoolkit.service.FakeHoneyBoardService
05-04 21:30:06.181  3255  4490 V InputMethodManagerService: Found an input method InputMethodInfo{com.samsung.android.honeyboard/com.samsung.android.writingtoolkit.service.FakeHoneyBoardService, settings: null, languageSettings: null}
05-04 21:30:06.181  3255  4490 V InputMethodManagerService: Checking com.google.android.inputmethod.latin/com.android.inputmethod.latin.LatinIME
05-04 21:30:06.181  3255  6977 V WindowManager: Starting Transition 1996, caller=com.android.server.wm.WindowOrganizerController.startTransition:47 com.android.server.wm.WindowOrganizerController.startTransition:1 android.window.IWindowOrganizerController$Stub.onTransact:259 
05-04 21:30:06.181  3255  6977 D BLASTSyncEngine: SyncGroup 1996: Set ready true, caller=com.android.server.wm.BLASTSyncEngine.setReady:32 com.android.server.wm.Transition.applyReady:54 com.android.server.wm.Transition.start:105 com.android.server.wm.WindowOrganizerController.startTransition:47 com.android.server.wm.WindowOrganizerController.startTransition:1 android.window.IWindowOrganizerController$Stub.onTransact:259 
05-04 21:30:06.181  3255  4490 V InputMethodManagerService: Found an input method InputMethodInfo{com.google.android.inputmethod.latin/com.android.inputmethod.latin.LatinIME, settings: com.google.android.apps.inputmethod.latin.preference.SettingsActivity, languageSettings: null}
05-04 21:30:06.182  3255  4490 V InputMethodManagerService: Checking com.nuance.swype.dtc/com.nuance.swype.input.IME
05-04 21:30:06.182  3255  4490 V InputMethodManagerService: Found an input method InputMethodInfo{com.nuance.swype.dtc/com.nuance.swype.input.IME, settings: com.nuance.swype.input.settings.SettingsDispatch, languageSettings: null}
05-04 21:30:06.182  3255  4490 V InputMethodManagerService: Checking com.touchtype.swiftkey/com.touchtype.KeyboardService
05-04 21:30:06.182  3255  4490 V InputMethodManagerService: Found an input method InputMethodInfo{com.touchtype.swiftkey/com.touchtype.KeyboardService, settings: com.touchtype.LauncherActivityFromSystemSettings, languageSettings: null}
05-04 21:30:06.182  3255  3566 D SurfaceComposerClient: setCornerRadius ## 5de25e4 com.android.dreams.basic/android.service.dreams.DreamActivity#22383 cornerRadius=0.000000
05-04 21:30:06.182  3255  3566 D BLASTSyncEngine: SyncGroup 1996:  Unfinished container: ActivityRecord{267237590 u0 com.ojoclaro.android/.MainActivity t2754} mSyncState=2
05-04 21:30:06.184  6684  6782 V OsAgent : broadcastSystemEvent - 7
05-04 21:30:06.185  4974  5177 D ShellDesktopMode: [u0] DesktopRepository: Removes freeform task: taskId=2743
05-04 21:30:06.185  4974  5177 W ShellDesktopMode: [u0] DesktopRepository: No display id found for task: taskId=2743
05-04 21:30:06.185  4974  5177 D ShellDesktopMode: [u0] DesktopRepository: Removes freeform task: taskId=2743
05-04 21:30:06.185  4974  5177 W ShellDesktopMode: [u0] DesktopRepository: No display id found for task: taskId=2743
05-04 21:30:06.186  4974  5232 D ViewRootImpl: desktopMode is false
05-04 21:30:06.186  4974  5232 I ViewRootImpl: dVRR is disabled
05-04 21:30:06.186  5612 32221 I HoneySpace.RecentTasks: onRecentTasksChanged
05-04 21:30:06.186  5612  8594 I HoneySpace.RecentTasks: onRecentTasksChanged
05-04 21:30:06.186  4974  5259 D NativeCustomFrequencyManager: [NativeCFMS] BpCustomFrequencyManager::BpCustomFrequencyManager()
05-04 21:30:06.188  3255  4490 V InputMethodManagerService: --- re-buildInputMethodList reset = false 
05-04 21:30:06.188  3255  4490 V InputMethodManagerService:  ------ caller=com.android.server.inputmethod.InputMethodManagerService$MyPackageMonitor.onFinishPackageChanges:399 com.android.internal.content.PackageMonitor.doHandlePackageEvent:596 com.android.internal.content.PackageMonitor.lambda$postHandlePackageEvent$0:435 com.android.internal.content.PackageMonitor.$r8$lambda$bSKEInwdT6Kd7GAyzMZPsXTTqeQ:0 com.android.internal.content.PackageMonitor$$ExternalSyntheticLambda0.run:0 android.os.Handler.handleCallback:995 android.os.Handler.dispatchMessage:103 android.os.Looper.loopOnce:273 android.os.Looper.loop:363 android.os.HandlerThread.run:85 
05-04 21:30:06.189  2249  2249 I SurfaceFlinger: [Display 0 name="Pantalla integrada"#49] setFrameRateCategory: High
05-04 21:30:06.189  3255  6977 D InputTransport: Input channel constructed: 'dcbbce6', fd=1347
05-04 21:30:06.189  3255  6977 D InputTransport: Input channel constructed: 'dcbbce6', fd=1348
05-04 21:30:06.189  3255  6977 D InputTransport: Input channel constructed: 'dcbbce6', fd=1350
05-04 21:30:06.189  3255  6977 D InputTransport: Input channel destroyed: 'dcbbce6', fd=1348
05-04 21:30:06.189  3255  6977 D WindowManager: prepareSync <SYNC_STATE_WAITING_FOR_DRAW>, mPrepareSyncSeqId=0, win=Window{dcbbce6 u0 Splash Screen com.ojoclaro.android}
05-04 21:30:06.190  2249  2340 I SurfaceFlinger: id=22397 createSurf, flag=84004, dcbbce6 Splash Screen com.ojoclaro.android#22397
05-04 21:30:06.190  3255  3565 I DisplayDeviceRepository: Display device changed render timings: "Pantalla integrada", renderFrameRate=120.00001, presentationDeadlineNanos=9233333, appVsyncOffsetNanos=8333333, frameRateOverrides=[{uid=10159 frameRateHz=120.00001}]
05-04 21:30:06.191  3255  6977 D RestrictionPolicy: isScreenCaptureEnabled : ret=true userId=0
05-04 21:30:06.191  3255  6977 V WindowManager: Collecting in transition 1996: ActivityRecord{267237590 u0 com.ojoclaro.android/.MainActivity t2754}, caller=com.android.server.wm.TransitionController.collect:7 com.android.server.wm.ActivityRecord.setVisibility:132 com.android.server.wm.EnsureActivitiesVisibleHelper.process:459 com.android.server.wm.TaskFragment.updateActivityVisibilities:12 com.android.server.wm.Task$$ExternalSyntheticLambda37.accept:37 
05-04 21:30:06.191  3255  6977 D WindowManager: App launched activity=ActivityRecord{267237590 u0 com.ojoclaro.android/.MainActivity t2754}, state=2
05-04 21:30:06.191  3255  6977 V WindowManager: addWindow: ActivityRecord{267237590 u0 com.ojoclaro.android/.MainActivity t2754} startingWindow=Window{dcbbce6 u0 Splash Screen com.ojoclaro.android}
05-04 21:30:06.192  3255  6977 D InputTransport: Input channel destroyed: 'dcbbce6', fd=1350
05-04 21:30:06.192  5612  5689 I HoneySpace.TopTaskSource: onTaskMovedToFront : taskId = 2754, displayId = 0
05-04 21:30:06.192  3255  3566 D SurfaceComposerClient: setCornerRadius ## 5de25e4 com.android.dreams.basic/android.service.dreams.DreamActivity#22383 cornerRadius=0.000000
05-04 21:30:06.192  3255  3566 D SurfaceComposerClient: setCornerRadius ## dcbbce6 Splash Screen com.ojoclaro.android#22397 cornerRadius=0.000000
05-04 21:30:06.192  3255  3566 D SurfaceComposerClient: setCornerRadius ## 5de25e4 com.android.dreams.basic/android.service.dreams.DreamActivity#22383 cornerRadius=0.000000
05-04 21:30:06.192  3255  3566 D SurfaceComposerClient: setCornerRadius ## dcbbce6 Splash Screen com.ojoclaro.android#22397 cornerRadius=0.000000
05-04 21:30:06.192  3255  3566 D BLASTSyncEngine: SyncGroup 1996:  Unfinished container: ActivityRecord{267237590 u0 com.ojoclaro.android/.MainActivity t2754} mSyncState=2
05-04 21:30:06.192  2017  2017 D Zygote  : Forked child process 15006
05-04 21:30:06.193  3255  4490 D InputMethodManagerService: isImeSwitcherDisabledPackage : false
05-04 21:30:06.193  5612  5691 I HoneySpace.TopTaskUseCase: topTasks 2754 ComponentInfo{com.ojoclaro.android/com.ojoclaro.android.MainActivity}[displayId=0]
05-04 21:30:06.194  4974  5232 D InputTransport: Input channel constructed: 'dcbbce6', fd=615
05-04 21:30:06.194  3255  3580 I ActivityManager: Start proc 15006:com.ojoclaro.android/u0a488 for top-activity {com.ojoclaro.android/com.ojoclaro.android.MainActivity}
05-04 21:30:06.194  3255  3580 I ActivityManager: ProcessObserver broadcast disabled
05-04 21:30:06.194  4974  5232 I InsetsController: onStateChanged: host=Splash Screen com.ojoclaro.android, from=android.view.ViewRootImpl.onInsetsStateChanged:3026, state=InsetsState: {mDisplayFrame=Rect(0, 0 - 1080, 2340), mDisplayCutout=DisplayCutout{insets=Rect(0, 74 - 0, 0) waterfall=Insets{left=0, top=0, right=0, bottom=0} boundingRect={Bounds=[Rect(0, 0 - 0, 0), Rect(514, 0 - 566, 74), Rect(0, 0 - 0, 0), Rect(0, 0 - 0, 0)]} cutoutPathParserInfo={CutoutPathParserInfo{displayWidth=1080 displayHeight=2340 physicalDisplayWidth=1080 physicalDisplayHeight=2340 density={2.8125} cutoutSpec={M 0,0 H -9.244444444444444‬ V 26.31111111111111 H 9.244444444444444‬ V 0 H 0 Z @dp} rotation={0} scale={1.0} physicalPixelDisplaySizeRatio={1.0}}} sideOverrides={}}, mRoundedCorners=RoundedCorners{[RoundedCorner{position=TopLeft, radius=108, center=Point(108, 108)}, RoundedCorner{position=TopRight, radius=108, center=Point(972, 108)}, RoundedCorner{position=BottomRight, radius=108, center=Point(972, 2232)}, RoundedCorner{position=BottomLeft, radius=108, center=Point(108, 2232)}]}  mRoundedCornerFrame=Rect(0, 0 - 1080, 2340), mPrivacyIndicatorBounds=PrivacyIndicatorBounds {static bounds=Rect(948, 0 - 1080, 74) rotation=0}, mDisplayShape=DisplayShape{ spec=-311912193 displayWidth=1080 displayHeight=2340 physicalPixelDisplaySizeRatio=1.0 rotation=0 offsetX=0 offsetY=0 scale=1.0}, mSources= { InsetsSource: {ed140001 mType=navigationBars mFrame=[0,2196][1080,2340] mVisible=false mFlags= mSideHint=BOTTOM mBoundingRects=null}, InsetsSource: {ed140004 mType=systemGestures mFrame=[0,0][0,0] mVisible=true mFlags= mSideHint=NONE mBoundingRects=null}, InsetsSource: {ed140005 mType=mandatorySystemGestures mFrame=[0,2196][1080,2340] mVisible=true mFlags= mSideHint=BOTTOM mBoundingRects=null}, InsetsSource: {ed140006 mType=tappableElement mFrame=[0,2196][1080,2340] mVisible=true mFlags= mSideHint=BOTTOM mBoundingRects=null}, InsetsSource: {ed140024 mType=systemGestures mFrame=[0,0][0,0] mVisible=true mFlags= mSideHint=NONE mBoundingRects=null}, InsetsSource: {f4220000 mType=statusBars mFrame=[0,0][1080,74] mVisible=false mFlags= mSideHint=TOP mBoundingRects=null}, InsetsSource: {f4220005 mType=mandatorySystemGestures mFrame=[0,0][1080,110] mVisible=true mFlags= mSideHint=TOP mBoundingRects=null}, InsetsSource: {f4220006 mType=tappableElement mFrame=[0,0][1080,74] mVisible=true mFlags= mSideHint=TOP mBoundingRects=null}, InsetsSource: {3 mType=ime mFrame=[0,0][0,0] mVisible=false mFlags= mSideHint=NONE mBoundingRects=null}, InsetsSource: {27 mType=displayCutout mFrame=[0,0][1080,74] mVisible=true mFlags= mSideHint=TOP mBoundingRects=null} }
05-04 21:30:06.195  4974  5232 I VRI[android]@66ce10f: onActiveControlsChanged, removed=false, mAdded=true, caller=android.view.ViewRootImpl.handleInsetsControlChanged:3002 android.view.ViewRootImpl.setView:2014 android.view.WindowManagerGlobal.addView:604 com.android.wm.shell.startingsurface.SplashscreenWindowCreator.addWindow:38 com.android.wm.shell.startingsurface.StartingWindowController$$ExternalSyntheticLambda4.run:1365 
05-04 21:30:06.195  4974  5232 I VRI[android]@66ce10f: synced displayState. AttachInfo displayState=2
05-04 21:30:06.196  3255  6977 I ActivityManager: Changes in 10386 6 to 5, 128 to 184
05-04 21:30:06.196  4974  5232 I VRI[android]@66ce10f: setView = android.widget.FrameLayout@fa07f2b IsHRR=false mFlingFrameRateChange=0 TM=true
05-04 21:30:06.197  2249  2249 I SurfaceFlinger: [dcbbce6 Splash Screen com.ojoclaro.android#22397] attach to parent LayerHierarchy{RequestedLayerState{ActivityRecord{267237590 u0 com.ojoclaro.android/.MainActivity t2754}#22396 parentId=22395} 1 children}
05-04 21:30:06.198  4974  5259 D HWUI    : HWUI - treat SMPTE_170M as sRGB
05-04 21:30:06.199  3255  6640 I WindowManager: Relayout Window{dcbbce6 u0 Splash Screen com.ojoclaro.android}: viewVisibility=0 req=1080x2340 ty=3 d0
05-04 21:30:06.199  2589 19759 I CameraService: onUidStateChanged: uid=10049, procState is changed. (0 -> 5)
05-04 21:30:06.199  2249  2340 I SurfaceFlinger: id=22398 createSurf, flag=44004, Splash Screen com.ojoclaro.android$_4974#22398
05-04 21:30:06.199  3255  4784 I MR2ServiceImpl: Updating composite discovery preference | preference: RouteDiscoveryRequest{ preferredFeatures={}, activeScan=false }, active routers: []
05-04 21:30:06.199  3255  6640 D WindowManager: makeSurface duration=1 name=Splash Screen com.ojoclaro.android$_4974
05-04 21:30:06.200  3255  6640 D SurfaceComposerClient: setCornerRadius ## 5de25e4 com.android.dreams.basic/android.service.dreams.DreamActivity#22383 cornerRadius=0.000000
05-04 21:30:06.200  3255  6640 D SurfaceComposerClient: setCornerRadius ## dcbbce6 Splash Screen com.ojoclaro.android#22397 cornerRadius=0.000000
05-04 21:30:06.200  3255  6640 D SurfaceComposerClient: setCornerRadius ## 5de25e4 com.android.dreams.basic/android.service.dreams.DreamActivity#22383 cornerRadius=0.000000
05-04 21:30:06.200  3255  6640 D SurfaceComposerClient: setCornerRadius ## dcbbce6 Splash Screen com.ojoclaro.android#22397 cornerRadius=0.000000
05-04 21:30:06.200  3255  6640 D BLASTSyncEngine: SyncGroup 1996:  Unfinished container: ActivityRecord{267237590 u0 com.ojoclaro.android/.MainActivity t2754} mSyncState=2
05-04 21:30:06.200  6684  6782 V OsAgent : broadcastSystemEvent - 7
05-04 21:30:06.200  3255  6640 V WindowManager: Collecting in transition 1996: ActivityRecord{267237590 u0 com.ojoclaro.android/.MainActivity t2754}, caller=com.android.server.wm.TransitionController.collect:7 com.android.server.wm.ActivityRecord.setVisibility:132 com.android.server.wm.EnsureActivitiesVisibleHelper.process:459 com.android.server.wm.TaskFragment.updateActivityVisibilities:12 com.android.server.wm.Task$$ExternalSyntheticLambda37.accept:37 
05-04 21:30:06.200  3255  6640 D WindowManager: App launched activity=ActivityRecord{267237590 u0 com.ojoclaro.android/.MainActivity t2754}, state=2
05-04 21:30:06.201  3255  6640 I WindowManager: Relayout hash=dcbbce6, pid=4974, syncId=-1: mAttrs={(0,0)(fillxfill) sim={adjust=pan} layoutInDisplayCutoutMode=always ty=APPLICATION_STARTING fmt=TRANSLUCENT wanim=0x1030317
05-04 21:30:06.201  3255  6640 I WindowManager:   fl=810b0118
05-04 21:30:06.201  3255  6640 I WindowManager:   pfl=10000810
05-04 21:30:06.201  3255  6640 I WindowManager:   apr=18
05-04 21:30:06.201  3255  6640 I WindowManager:   bhv=1
05-04 21:30:06.201  3255  6640 I WindowManager:   fitSides=0
05-04 21:30:06.201  3255  6640 I WindowManager:   frameRateBoostOnTouch=true
05-04 21:30:06.201  3255  6640 I WindowManager:   dvrrWindowFrameRateHint=true naviIconColor=0}
05-04 21:30:06.201  3255  8600 D CoreBackPreview: Window{dcbbce6 u0 Splash Screen com.ojoclaro.android}: Setting back callback OnBackInvokedCallbackInfo{mCallback=android.window.IOnBackInvokedCallback$Stub$Proxy@39cdee9, mPriority=0, mIsAnimationCallback=false, mOverrideBehavior=0}
05-04 21:30:06.201  4974  5232 I VRI[android]@66ce10f: onActiveControlsChanged, removed=false, mAdded=true, caller=android.view.ViewRootImpl.handleInsetsControlChanged:3002 android.view.ViewRootImpl.relayoutWindow:11629 android.view.ViewRootImpl.performTraversals:4804 android.view.ViewRootImpl.doTraversal:3924 android.view.ViewRootImpl$TraversalRunnable.run:12903 
05-04 21:30:06.201  5853  6009 I RequestManager_FLP: onOpChanged, op=0 / packageName=com.google.android.apps.chromecast.app
05-04 21:30:06.202  4974  5232 W libc    : Access denied finding property "vendor.display.enable_optimal_refresh_rate"
05-04 21:30:06.202  4974  5232 I BufferQueueProducer: [](id:136e0000030a,api:0,p:1854580448,c:4974) setDequeueTimeout:2077252342
05-04 21:30:06.202  4974  5232 I BLASTBufferQueue_Java: new BLASTBufferQueue, mName= VRI[android]@66ce10f mNativeObject= 0xb400007d566e0000 caller= android.view.ViewRootImpl.updateBlastSurfaceIfNeeded:3585 android.view.ViewRootImpl.relayoutWindow:11685 android.view.ViewRootImpl.performTraversals:4804 android.view.ViewRootImpl.doTraversal:3924 android.view.ViewRootImpl$TraversalRunnable.run:12903 android.view.Choreographer$CallbackRecord.run:1901 android.view.Choreographer$CallbackRecord.run:1910 android.view.Choreographer.doCallbacks:1367 android.view.Choreographer.doFrame:1292 android.view.Choreographer$FrameDisplayEventReceiver.run:1870 
05-04 21:30:06.202  4974  5232 I BLASTBufferQueue_Java: update, w= 1080 h= 2340 mName = VRI[android]@66ce10f mNativeObject= 0xb400007d566e0000 sc.mNativeObject= 0xb400007d9d403500 format= -3 caller= android.view.ViewRootImpl.updateBlastSurfaceIfNeeded:3590 android.view.ViewRootImpl.relayoutWindow:11685 android.view.ViewRootImpl.performTraversals:4804 android.view.ViewRootImpl.doTraversal:3924 android.view.ViewRootImpl$TraversalRunnable.run:12903 android.view.Choreographer$CallbackRecord.run:1901 
05-04 21:30:06.202  4974  5232 W libc    : Access denied finding property "vendor.display.enable_optimal_refresh_rate"
05-04 21:30:06.202  4974  5232 I VRI[android]@66ce10f: Relayout returned: old=(0,0,1080,2340) new=(0,0,1080,2340) relayoutAsync=false req=(1080,2340)0 dur=2 res=0x3 s={true 0xb400007d6601d200} ch=true seqId=0
05-04 21:30:06.202  4974  5232 I VRI[android]@66ce10f: performConfigurationChange setNightDimText nightDimLevel=0
05-04 21:30:06.203  4974  5232 D VRI[android]@66ce10f: mThreadedRenderer.initialize() mSurface={isValid=true 0xb400007d6601d200} hwInitialized=true
05-04 21:30:06.203  4974  5232 D VRI[android]@66ce10f: reportNextDraw android.view.ViewRootImpl.performTraversals:5443 android.view.ViewRootImpl.doTraversal:3924 android.view.ViewRootImpl$TraversalRunnable.run:12903 android.view.Choreographer$CallbackRecord.run:1901 android.view.Choreographer$CallbackRecord.run:1910 
05-04 21:30:06.203  4974  5232 D VRI[android]@66ce10f: Setup new sync=wmsSync-VRI[android]@66ce10f#28
05-04 21:30:06.203  4974  5232 I VRI[android]@66ce10f: Creating new active sync group VRI[android]@66ce10f#29
05-04 21:30:06.203  4974  5232 D VRI[android]@66ce10f: registerCallbacksForSync syncBuffer=false
05-04 21:30:06.203  4974  5258 D VRI[android]@66ce10f: Received frameDrawingCallback syncResult=0 frameNum=1.
05-04 21:30:06.203  4974  5258 I VRI[android]@66ce10f: mWNT: t=0xb400007d6552a780 mBlastBufferQueue=0xb400007d566e0000 fn= 1 HdrRenderState mRenderHdrSdrRatio=1.0 caller= android.view.ViewRootImpl$12.onFrameDraw:15441 android.view.ThreadedRenderer$1.onFrameDraw:718 <bottom of call stack> 
05-04 21:30:06.203  4974  5258 I VRI[android]@66ce10f: Setting up sync and frameCommitCallback
05-04 21:30:06.204  4974  5259 I BLASTBufferQueue: [VRI[android]@66ce10f#778](f:0,a:0,s:0) onFrameAvailable the first frame is available
05-04 21:30:06.204  4974  5259 I SurfaceComposerClient: apply transaction with the first frame. layerId: 22398, bufferData(ID: 21363167348014, frameNumber: 1)
05-04 21:30:06.205  4974  5259 I VRI[android]@66ce10f: Received frameCommittedCallback lastAttemptedDrawFrameNum=1 didProduceBuffer=true
05-04 21:30:06.205  2249  2340 I SurfaceFlinger: [Splash Screen com.ojoclaro.android$_4974#22398] setTransactionState with the first frame. bufferData(ID: 21363167348014, frameNumber: 1)
05-04 21:30:06.205  4974  5259 D HWUI    : CFMS:: SetUp Pid : 4974    Tid : 5259
05-04 21:30:06.205  2249  2249 I SurfaceFlinger: [Splash Screen com.ojoclaro.android$_4974#22398] attach to parent LayerHierarchy{RequestedLayerState{dcbbce6 Splash Screen com.ojoclaro.android#22397 parentId=22396} 1 children}
05-04 21:30:06.205  4974  5232 D VRI[android]@66ce10f: reportDrawFinished seqId=0
05-04 21:30:06.206  3255  8600 D WindowManager: finishDrawingWindow: Window{dcbbce6 u0 Splash Screen com.ojoclaro.android} mDrawState=DRAW_PENDING seqId=0
05-04 21:30:06.206  3255  8600 V WindowManager: Finishing drawing window Window{dcbbce6 u0 Splash Screen com.ojoclaro.android}: mDrawState=DRAW_PENDING
05-04 21:30:06.206  3255  8600 V WindowManager: Draw state now committed in Window{dcbbce6 u0 Splash Screen com.ojoclaro.android}
05-04 21:30:06.206  3255  3566 D SurfaceComposerClient: setCornerRadius ## 5de25e4 com.android.dreams.basic/android.service.dreams.DreamActivity#22383 cornerRadius=0.000000
05-04 21:30:06.207  3255  3566 D SurfaceComposerClient: setCornerRadius ## dcbbce6 Splash Screen com.ojoclaro.android#22397 cornerRadius=0.000000
05-04 21:30:06.207  3255  3566 D SurfaceComposerClient: setCornerRadius ## 5de25e4 com.android.dreams.basic/android.service.dreams.DreamActivity#22383 cornerRadius=0.000000
05-04 21:30:06.207  3255  3566 D SurfaceComposerClient: setCornerRadius ## dcbbce6 Splash Screen com.ojoclaro.android#22397 cornerRadius=0.000000
05-04 21:30:06.207  3255  3566 D BLASTSyncEngine: SyncGroup 1996:  Unfinished container: ActivityRecord{267237590 u0 com.ojoclaro.android/.MainActivity t2754} mSyncState=2
05-04 21:30:06.209 15006 15006 I joclaro.android: Late-enabling -Xcheck:jni
05-04 21:30:06.222  2249  2249 I BpBinder: onLastStrongRef automatically unlinking death recipients: 
05-04 21:30:06.232 15006 15006 I joclaro.android: Using CollectorTypeCMC GC.
05-04 21:30:06.237  9385  9390 I adbd    : jdwp connection from 15006
05-04 21:30:06.238 15006 15006 D nativeloader: Load libframework-connectivity-tiramisu-jni.so using APEX ns com_android_tethering for caller /apex/com.android.tethering/javalib/framework-connectivity-t.jar: ok
05-04 21:30:06.241 15006 15006 D ActivityThread: setConscryptValidator
05-04 21:30:06.241 15006 15006 D ActivityThread: setConscryptValidator - put
05-04 21:30:06.248  3255  8600 I ActivityManager: Changes in 10488 19 to 19, 0 to 255
05-04 21:30:06.249  3255  3563 D SGM:GameManager: identifyForegroundApp. com.android.dreams.basic, mCurrentUserId: 0, callerUserId: 0
05-04 21:30:06.249  3255  3563 D SGM:SemGameManager: isForegroundGame(), ret=false
05-04 21:30:06.249  3255  4706 V NetworkPolicy: getFirewallRuleWifi UID:10488 policy:0
05-04 21:30:06.249  3255  3563 D SGM:GameManager: identifyForegroundApp. com.android.dreams.basic, mCurrentUserId: 0, callerUserId: 0
05-04 21:30:06.249  3255  3563 D SGM:SemGameManager: isForegroundGame(), ret=false
05-04 21:30:06.249  3255  3563 D NetworkPolicy: already checked 10488
05-04 21:30:06.249  3255  3563 D PkgPredictorService-SecIpmManagerServiceImpl: onForegroundActivitiesChanged pid:15006 uid:10488
05-04 21:30:06.250  2151  2151 E ANDR-PERF-MPCTL: ANDR-PERF-MPCTL: internal_perf_lock_acq_verification() 385: Perflock Submit request limit reached.
05-04 21:30:06.253  2092  5885 I sensors-hal: handle_sns_client_event:190, auto_rotation_debug_2 mode,255, type,1,0 acc,0.747,-0.459,9.677, ar,0, ver,14, pedo,1,e,1,i,3
05-04 21:30:06.378  3255  4742 D MdnieScenarioControlService:  packageName : com.android.dreams.basic    className : android.service.dreams.DreamActivity
05-04 21:30:06.378  3255  4742 V MdnieScenarioControlService: setUIMode from UI function(3)
05-04 21:30:06.443  5319 17344 D IpClient/wlan0: interfaceLinkStateChanged: ifindex 61 up
05-04 21:30:06.457 15006 15006 D nativeloader: Configuring clns-9 for other apk /data/app/~~miG-aG4KjLNIlL_6XeQ39w==/com.ojoclaro.android-nmgpVaYmmkKnw8Roj0TaIQ==/base.apk. target_sdk_version=35, uses_libraries=, library_path=/data/app/~~miG-aG4KjLNIlL_6XeQ39w==/com.ojoclaro.android-nmgpVaYmmkKnw8Roj0TaIQ==/lib/arm64:/data/app/~~miG-aG4KjLNIlL_6XeQ39w==/com.ojoclaro.android-nmgpVaYmmkKnw8Roj0TaIQ==/base.apk!/lib/arm64-v8a, permitted_path=/data:/mnt/expand:/data/user/0/com.ojoclaro.android
05-04 21:30:06.458 15006 15006 D CompatChangeReporter: Compat change id reported: 202956589; UID 10488; state: ENABLED
05-04 21:30:06.463 15006 15006 V GraphicsEnvironment: Currently set values for:
05-04 21:30:06.463 15006 15006 V GraphicsEnvironment:   angle_gl_driver_selection_pkgs=[]
05-04 21:30:06.463 15006 15006 V GraphicsEnvironment:   angle_gl_driver_selection_values=[]
05-04 21:30:06.463 15006 15006 V GraphicsEnvironment: com.ojoclaro.android is not listed in per-application setting
05-04 21:30:06.463 15006 15006 V GraphicsEnvironment: ANGLE allowlist from config: 
05-04 21:30:06.463 15006 15006 V GraphicsEnvironment: com.ojoclaro.android is not listed in ANGLE allowlist or settings, returning default
05-04 21:30:06.463 15006 15006 V GraphicsEnvironment: App is not on the allowlist for updatable production driver.
05-04 21:30:06.479  3255  4742 V MdnieScenarioControlService: mAclOffEnabled : false
05-04 21:30:06.487 15006 15006 D CompatChangeReporter: Compat change id reported: 279646685; UID 10488; state: ENABLED
05-04 21:30:06.494  3255  8600 D WindowManager: App launched activity=ActivityRecord{267237590 u0 com.ojoclaro.android/.MainActivity t2754}, state=2
05-04 21:30:06.494  3255  8600 V WindowManager: Computed rotation=ROTATION_0 (0) for display id=0 based on lastOrientation=SCREEN_ORIENTATION_UNSPECIFIED (-1) and oldRotation=ROTATION_0 (0), caller=com.android.server.wm.DisplayRotation.updateOrientation:79 com.android.server.wm.DisplayContent.updateOrientation:41 com.android.server.wm.DisplayContent.updateOrientationAndComputeConfig:48 com.android.server.wm.RootWindowContainer.ensureVisibilityAndConfig:7 com.android.server.wm.ActivityTaskSupervisor.realStartActivityLocked:182 com.android.server.wm.RootWindowContainer.attachApplication:92 
05-04 21:30:06.494  3255  8600 V WindowManager: Collecting in transition 1996: ActivityRecord{267237590 u0 com.ojoclaro.android/.MainActivity t2754}, caller=com.android.server.wm.TransitionController.collect:7 com.android.server.wm.ActivityRecord.setVisibility:132 com.android.server.wm.ActivityTaskSupervisor.realStartActivityLocked:203 com.android.server.wm.RootWindowContainer.attachApplication:92 com.android.server.wm.ActivityTaskManagerService$LocalService.attachApplication:41 
05-04 21:30:06.494  2151  2151 E ANDR-PERF-MPCTL: ANDR-PERF-MPCTL: internal_perf_lock_acq_verification() 385: Perflock Submit request limit reached.
05-04 21:30:06.494  3255  8600 D SGM:FgCheckThread: notifyAppCreated(), packageName: com.ojoclaro.android, userId: 0, sendRet: true
05-04 21:30:06.495  3255  4497 D SGM:FgCheckThread: onLooperPrepared(), msg: MSG_APP_CREATE, pkgName: com.ojoclaro.android, userId: 0
05-04 21:30:06.495  3255  8600 D CompatChangeReporter: Compat change id reported: 324203798; UID 10488; state: ENABLED
05-04 21:30:06.495  3255  8600 D SGM:FgCheckThread: TaskStackListener.onTaskFocusChanged(), taskId=2753, focused=false
05-04 21:30:06.495  3255  8600 D SGM:FgCheckThread: TaskStackListener.onTaskFocusChanged(), taskId=2754, focused=true
05-04 21:30:06.495  3255  8600 D SGM:FgCheckThread:   sendRunningComponentFocus(), pkgName: com.ojoclaro.android, userId: 0
05-04 21:30:06.495  3255  8600 D InputDispatcher: Focused application(0): ActivityRecord{267237590 u0 com.ojoclaro.android/.MainActivity t2754}
05-04 21:30:06.495  3255  8600 D ActivityTaskManager: scheduleTopResumedActivityChanged, onTop=true, r=ActivityRecord{267237590 u0 com.ojoclaro.android/.MainActivity t2754}, caller=com.android.server.wm.ActivityTaskSupervisor.scheduleTopResumedActivityStateIfNeeded:18 com.android.server.wm.ActivityTaskSupervisor.updateTopResumedActivityIfNeeded:54 com.android.server.wm.TaskFragment.setResumedActivity:30 com.android.server.wm.ActivityRecord.setState:100 com.android.server.wm.ActivityTaskSupervisor.realStartActivityLocked:477 com.android.server.wm.RootWindowContainer.attachApplication:92 
05-04 21:30:06.495  3255  8600 D WindowManagerServiceExt: updateTaskbarTargetIfNeeded: cn=ComponentInfo{com.ojoclaro.android/com.ojoclaro.android.MainActivity} occludesParent=true isInSplitScreenMode=false
05-04 21:30:06.495  3255  4497 D SGM:FgCheckThread: onLooperPrepared(), msg: MSG_TASK_FOCUSED, pkgName: com.ojoclaro.android, userId: 0
05-04 21:30:06.495  3255  4497 D SGM:FgCheckThread: handleTaskFocused().
05-04 21:30:06.495  3255  4497 D SGM:FgCheckThread:   handleTaskFocused(), pkgName: com.ojoclaro.android, userID:0
05-04 21:30:06.495  3255  4497 D SGM:FgCheckThread: handleResume().
05-04 21:30:06.496  3255  4497 D SGM:SystemHelper: callReleaseBlock needReleaseBlock:false
05-04 21:30:06.496  3255  4497 D SGM:FgCheckThread:   handleResume(). device is locked yet. ignore
05-04 21:30:06.496  3255  4754 D AS.MultiSoundManager: mForegroundUid = 10488
05-04 21:30:06.497  3255  4789 D BackgroundInstallControlService: Package event received: 0
05-04 21:30:06.498  6684  6782 V OsAgent : broadcastSystemEvent - 7
05-04 21:30:06.498  4974  4974 I {OngoingActivityController}: onTaskFocusChanged but OA data is empty
05-04 21:30:06.498  5612  5689 I HoneySpace.TopTaskSource: onTaskFocusChanged(): taskId = 2754
