05-04 21:30:06.847 10678 10678 I native  : I0000 00:00:1777941006.847969   10678 data_source.cc:95] Opening data source "/data/user_de/0/com.google.android.tts/files/superpacks/es-us/es-us-x-multi-seanet-r65/lettuce_classify_embedded_us_generated_android.far" (as: FILE) ...
05-04 21:30:06.847 10678 10678 I native  : I0000 00:00:1777941006.847988   10678 data_source.cc:99] ... Opened data source "/data/user_de/0/com.google.android.tts/files/superpacks/es-us/es-us-x-multi-seanet-r65/lettuce_classify_embedded_us_generated_android.far" of size 6536697
05-04 21:30:06.848 15006 15006 I VRI[MainActivity]@8ebd4cf: stopped(true) old = false
05-04 21:30:06.848 15006 15006 D VRI[MainActivity]@8ebd4cf: WindowStopped on com.ojoclaro.android/com.ojoclaro.android.MainActivity set to true
05-04 21:30:06.848 15006 15021 D HWUI    : CacheManager::trimMemory(20)
05-04 21:30:06.848  4974  5258 I VRI[android]@66ce10f: mWNT: t=0xb400007d6552bb00 mBlastBufferQueue=0xb400007d566e0000 fn= 5 HdrRenderState mRenderHdrSdrRatio=1.0 caller= android.view.SyncRtSurfaceTransactionApplier.applyTransaction:100 android.view.SyncRtSurfaceTransactionApplier.lambda$scheduleApply$0:73 android.view.SyncRtSurfaceTransactionApplier.$r8$lambda$afI4fXg3U3-nBZQEDQMiNy-B06s:0 
05-04 21:30:06.849 15006 15021 D HWUI    : CacheManager::trimMemory(20)
05-04 21:30:06.850  3255  8600 I WindowManager: Relayout Window{88a71d0 u0 com.ojoclaro.android/com.ojoclaro.android.MainActivity}: viewVisibility=4 req=1080x2340 ty=1 d0
05-04 21:30:06.850  3255  8600 D SurfaceComposerClient: setCornerRadius ## 5de25e4 com.android.dreams.basic/android.service.dreams.DreamActivity#22383 cornerRadius=0.000000
05-04 21:30:06.850  3255  8600 D SurfaceComposerClient: setCornerRadius ## 5de25e4 com.android.dreams.basic/android.service.dreams.DreamActivity#22383 cornerRadius=0.000000
05-04 21:30:06.851  3255  8600 I WindowManager: Relayout hash=88a71d0, pid=15006, syncId=-1: mAttrs={(0,0)(fillxfill) sim={adjust=pan forwardNavigation} layoutInDisplayCutoutMode=always ty=BASE_APPLICATION wanim=0x1030317
05-04 21:30:06.851  3255  8600 I WindowManager:   fl=81810100
05-04 21:30:06.851  3255  8600 I WindowManager:   pfl=100088c0
05-04 21:30:06.851  3255  8600 I WindowManager:   bhv=1
05-04 21:30:06.851  3255  8600 I WindowManager:   fitSides=0
05-04 21:30:06.851  3255  8600 I WindowManager:   frameRateBoostOnTouch=true
05-04 21:30:06.851  3255  8600 I WindowManager:   dvrrWindowFrameRateHint=true naviIconColor=0}
05-04 21:30:06.851 15006 15006 I VRI[MainActivity]@8ebd4cf: Relayout returned: old=(0,0,1080,2340) new=(0,0,1080,2340) relayoutAsync=false req=(1080,2340)4 dur=1 res=0x2 s={false 0x0} ch=false seqId=0
05-04 21:30:06.851 15006 15006 D VRI[MainActivity]@8ebd4cf: Not drawing due to not visible. Reason=View.INVISIBLE
05-04 21:30:06.852  3255  6977 V WindowManager: Setting visibility of Window{88a71d0 u0 com.ojoclaro.android/com.ojoclaro.android.MainActivity}: false, caller=com.android.server.wm.WindowContainer.sendAppVisibilityToClients:19 com.android.server.wm.WindowToken.setClientVisible:48 com.android.server.wm.ActivityRecord.activityStopped:189 com.android.server.wm.ActivityClientController.activityStopped:97 android.app.IActivityClientController$Stub.onTransact:740 
05-04 21:30:06.852  3255  3565 D SGM:FgCheckThread: getForegroundApp(), foregroundPkgName=com.ojoclaro.android
05-04 21:30:06.852  3255  6977 E WindowManager: win=Window{88a71d0 u0 com.ojoclaro.android/com.ojoclaro.android.MainActivity} destroySurfaces: appStopped=true cleanupOnResume=false win.mWindowRemovalAllowed=false win.mRemoveOnExit=false win.mViewVisibility=4 caller=com.android.server.wm.ActivityRecord.destroySurfaces:25 com.android.server.wm.ActivityRecord.activityStopped:192 com.android.server.wm.ActivityClientController.activityStopped:97 android.app.IActivityClientController$Stub.onTransact:740 com.android.server.wm.ActivityClientController.onTransact:1 android.os.Binder.execTransactInternal:1462 android.os.Binder.execTransact:1401 
05-04 21:30:06.853  3255  3565 D SGM:FgCheckThread: pkgName: com.ojoclaro.android is in foreground
05-04 21:30:06.854 15006 15006 I VRI[MainActivity]@8ebd4cf: handleAppVisibility mAppVisible = true visible = false
05-04 21:30:06.854  3255  4789 D BackgroundInstallControlService: Package event received: 0
05-04 21:30:06.856  2249  2249 I SurfaceFlinger: [LayerHierarchy{RequestedLayerState{com.ojoclaro.android/com.ojoclaro.android.MainActivity$_15006#22400} no children}] reparent to OffscreenRoot
05-04 21:30:06.856  2249  2249 I SurfaceFlinger: [LayerHierarchy{RequestedLayerState{com.ojoclaro.android/com.ojoclaro.android.MainActivity$_15006#22400} no children}] RelativeParent to null
05-04 21:30:06.857  4974  5257 I VRI[android]@66ce10f: mWNT: t=0xb400007d6552bc80 mBlastBufferQueue=0xb400007d566e0000 fn= 6 HdrRenderState mRenderHdrSdrRatio=1.0 caller= android.view.SyncRtSurfaceTransactionApplier.applyTransaction:100 android.view.SyncRtSurfaceTransactionApplier.lambda$scheduleApply$0:73 android.view.SyncRtSurfaceTransactionApplier.$r8$lambda$afI4fXg3U3-nBZQEDQMiNy-B06s:0 
05-04 21:30:06.858  2249  2249 I SurfaceFlinger: id=22400 Removed com.ojoclaro.android/com.ojoclaro.android.MainActivity$_15006#22400 (154)
05-04 21:30:06.862 10678 10678 I native  : I0000 00:00:1777941006.862221   10678 android_resource_loader.cc:100] Built resource lettuce_node_generator_grm
05-04 21:30:06.862 10678 10678 I native  : I0000 00:00:1777941006.862296   10678 android_resource_loader.cc:116] Loaded resource:lettuce_node_generator_grm
05-04 21:30:06.862 10678 10678 I native  : I0000 00:00:1777941006.862318   10678 data_source.cc:95] Opening data source "/data/user_de/0/com.google.android.tts/files/superpacks/es-us/es-us-x-multi-seanet-r65/../es-us-x-multi-r65/feats_android.far" (as: FILE) ...
05-04 21:30:06.862 10678 10678 I native  : I0000 00:00:1777941006.862357   10678 data_source.cc:99] ... Opened data source "/data/user_de/0/com.google.android.tts/files/superpacks/es-us/es-us-x-multi-seanet-r65/../es-us-x-multi-r65/feats_android.far" of size 1638
05-04 21:30:06.862 10678 10678 I native  : I0000 00:00:1777941006.862894   10678 android_resource_loader.cc:100] Built resource lseq_classifier_grammar
05-04 21:30:06.862 10678 10678 I native  : I0000 00:00:1777941006.862939   10678 android_resource_loader.cc:116] Loaded resource:lseq_classifier_grammar
05-04 21:30:06.862 10678 10678 I native  : I0000 00:00:1777941006.862952   10678 data_source.cc:95] Opening data source "/data/user_de/0/com.google.android.tts/files/superpacks/es-us/es-us-x-multi-seanet-r65/../es-us-x-multi-r65/lucid_collection_android.far" (as: FILE) ...
05-04 21:30:06.862 10678 10678 I native  : I0000 00:00:1777941006.862980   10678 data_source.cc:99] ... Opened data source "/data/user_de/0/com.google.android.tts/files/superpacks/es-us/es-us-x-multi-seanet-r65/../es-us-x-multi-r65/lucid_collection_android.far" of size 8927
05-04 21:30:06.863 10678 10678 I native  : I0000 00:00:1777941006.863429   10678 android_resource_loader.cc:100] Built resource lucid_parser_grm_fst
05-04 21:30:06.863 10678 10678 I native  : I0000 00:00:1777941006.863459   10678 android_resource_loader.cc:116] Loaded resource:lucid_parser_grm_fst
05-04 21:30:06.863 10678 10678 I native  : I0000 00:00:1777941006.863473   10678 data_source.cc:95] Opening data source "/data/user_de/0/com.google.android.tts/files/superpacks/es-us/es-us-x-multi-seanet-r65/../es-us-x-multi-r65/markup_triggers.pb" (as: FILE) ...
05-04 21:30:06.863 10678 10678 I native  : I0000 00:00:1777941006.863494   10678 data_source.cc:99] ... Opened data source "/data/user_de/0/com.google.android.tts/files/superpacks/es-us/es-us-x-multi-seanet-r65/../es-us-x-multi-r65/markup_triggers.pb" of size 930
05-04 21:30:06.863 10678 10678 I native  : I0000 00:00:1777941006.863925   10678 android_resource_loader.cc:100] Built resource markup_triggers
05-04 21:30:06.863 10678 10678 I native  : I0000 00:00:1777941006.863966   10678 android_resource_loader.cc:116] Loaded resource:markup_triggers
05-04 21:30:06.863 10678 10678 I native  : I0000 00:00:1777941006.863987   10678 data_source.cc:95] Opening data source "/data/user_de/0/com.google.android.tts/files/superpacks/es-us/es-us-x-multi-seanet-r65/../es-us-x-multi-r65/morphosyntactic_mapping.pb" (as: FILE) ...
05-04 21:30:06.864 10678 10678 I native  : I0000 00:00:1777941006.864022   10678 data_source.cc:99] ... Opened data source "/data/user_de/0/com.google.android.tts/files/superpacks/es-us/es-us-x-multi-seanet-r65/../es-us-x-multi-r65/morphosyntactic_mapping.pb" of size 151
05-04 21:30:06.864 10678 10678 I native  : I0000 00:00:1777941006.864438   10678 android_resource_loader.cc:100] Built resource morph_analyzer_attribute_map
05-04 21:30:06.864 10678 10678 I native  : I0000 00:00:1777941006.864476   10678 android_resource_loader.cc:116] Loaded resource:morph_analyzer_attribute_map
05-04 21:30:06.864 10678 10678 I native  : I0000 00:00:1777941006.864552   10678 android_resource_loader.cc:100] Built resource multilingual_capabilities
05-04 21:30:06.864 10678 10678 I native  : I0000 00:00:1777941006.864561   10678 android_resource_loader.cc:116] Loaded resource:multilingual_capabilities
05-04 21:30:06.864 10678 10678 I native  : I0000 00:00:1777941006.864573   10678 data_source.cc:95] Opening data source "/data/user_de/0/com.google.android.tts/files/superpacks/es-us/es-us-x-multi-seanet-r65/../es-us-x-multi-r65/es_us_phonology.pb" (as: FILE) ...
05-04 21:30:06.864 10678 10678 I native  : I0000 00:00:1777941006.864595   10678 data_source.cc:99] ... Opened data source "/data/user_de/0/com.google.android.tts/files/superpacks/es-us/es-us-x-multi-seanet-r65/../es-us-x-multi-r65/es_us_phonology.pb" of size 2157
05-04 21:30:06.865  2249  2249 I SurfaceFlinger: destroyed com.ojoclaro.android/com.ojoclaro.android.MainActivity$_15006#22400 form LifecycleManager
05-04 21:30:06.865  2249  2249 I SurfaceFlinger: id=22400 onLayerDestroyed from LayerHierarchyBuilder(RequestedLayerState{com.ojoclaro.android/com.ojoclaro.android.MainActivity$_15006#22400 !handle})
05-04 21:30:06.865 10678 10678 I native  : I0000 00:00:1777941006.865246   10678 android_resource_loader.cc:100] Built resource phonology
05-04 21:30:06.865  4974  5258 I VRI[android]@66ce10f: mWNT: t=0xb400007d6552be00 mBlastBufferQueue=0xb400007d566e0000 fn= 7 HdrRenderState mRenderHdrSdrRatio=1.0 caller= android.view.SyncRtSurfaceTransactionApplier.applyTransaction:100 android.view.SyncRtSurfaceTransactionApplier.lambda$scheduleApply$0:73 android.view.SyncRtSurfaceTransactionApplier.$r8$lambda$afI4fXg3U3-nBZQEDQMiNy-B06s:0 
05-04 21:30:06.865 10678 10678 I native  : I0000 00:00:1777941006.865269   10678 android_resource_loader.cc:116] Loaded resource:phonology
05-04 21:30:06.865 10678 10678 I native  : I0000 00:00:1777941006.865293   10678 data_source.cc:95] Opening data source "/data/user_de/0/com.google.android.tts/files/superpacks/es-us/es-us-x-multi-seanet-r65/../es-us-x-multi-r65/ipa_to_tts_to-es_us.far" (as: FILE) ...
05-04 21:30:06.865  2151  2151 E ANDR-PERF-MPCTL: ANDR-PERF-MPCTL: internal_perf_lock_acq_verification() 385: Perflock Submit request limit reached.
05-04 21:30:06.865 10678 10678 I native  : I0000 00:00:1777941006.865315   10678 data_source.cc:99] ... Opened data source "/data/user_de/0/com.google.android.tts/files/superpacks/es-us/es-us-x-multi-seanet-r65/../es-us-x-multi-r65/ipa_to_tts_to-es_us.far" of size 337553
05-04 21:30:06.865  2151  2151 E ANDR-PERF-MPCTL: ANDR-PERF-MPCTL: internal_perf_lock_acq_verification() 385: Perflock Submit request limit reached.
05-04 21:30:06.866  2151  2151 E ANDR-PERF-MPCTL: ANDR-PERF-MPCTL: internal_perf_lock_acq_verification() 385: Perflock Submit request limit reached.
05-04 21:30:06.866  2249  2249 I Layer   : id=22400 Destroyed com.ojoclaro.android/com.ojoclaro.android.MainActivity$_15006#22400
05-04 21:30:06.866  2151  2151 E ANDR-PERF-MPCTL: ANDR-PERF-MPCTL: internal_perf_lock_acq_verification() 385: Perflock Submit request limit reached.
05-04 21:30:06.866 10678 10678 I native  : I0000 00:00:1777941006.866635   10678 android_resource_loader.cc:100] Built resource ipa_to_tts_phoneme_mapper
05-04 21:30:06.866 10678 10678 I native  : I0000 00:00:1777941006.866661   10678 android_resource_loader.cc:116] Loaded resource:ipa_to_tts_phoneme_mapper
05-04 21:30:06.866 10678 10678 I native  : I0000 00:00:1777941006.866677   10678 data_source.cc:95] Opening data source "/data/user_de/0/com.google.android.tts/files/superpacks/es-us/es-us-x-multi-seanet-r65/../es-us-x-multi-r65/es_us.hlex.bin" (as: MEMORY) ...
05-04 21:30:06.866 10678 10678 I native  : I0000 00:00:1777941006.866728   10678 data_source.cc:99] ... Opened data source "/data/user_de/0/com.google.android.tts/files/superpacks/es-us/es-us-x-multi-seanet-r65/../es-us-x-multi-r65/es_us.hlex.bin" of size 3769304
05-04 21:30:06.866 10678 10678 I native  : I0000 00:00:1777941006.866837   10678 android_resource_loader.cc:100] Built resource lexicon
05-04 21:30:06.866 10678 10678 I native  : I0000 00:00:1777941006.866849   10678 android_resource_loader.cc:116] Loaded resource:lexicon
05-04 21:30:06.866 10678 10678 I native  : I0000 00:00:1777941006.866863   10678 data_source.cc:95] Opening data source "/data/user_de/0/com.google.android.tts/files/superpacks/es-us/es-us-x-multi-seanet-r65/lettuce_node_generator_params_embedded_us_runtime.pb" (as: FILE) ...
05-04 21:30:06.866 10678 10678 I native  : I0000 00:00:1777941006.866881   10678 data_source.cc:99] ... Opened data source "/data/user_de/0/com.google.android.tts/files/superpacks/es-us/es-us-x-multi-seanet-r65/lettuce_node_generator_params_embedded_us_runtime.pb" of size 1320
05-04 21:30:06.867  2151  2151 E ANDR-PERF-MPCTL: ANDR-PERF-MPCTL: internal_perf_lock_acq_verification() 385: Perflock Submit request limit reached.
05-04 21:30:06.867  2128 15001 I HYPER-HAL: [RequestManager.cpp]releaseLocked(): Released ID : 5960075
05-04 21:30:06.874  3255  6977 I WindowManager: Relayout Window{dcbbce6 u0 Splash Screen com.ojoclaro.android}: viewVisibility=8 req=1080x2340 ty=3 d0
05-04 21:30:06.874  3255  6977 E WindowManager: win=Window{dcbbce6 u0 Splash Screen com.ojoclaro.android} destroySurfaces: appStopped=true cleanupOnResume=false win.mWindowRemovalAllowed=false win.mRemoveOnExit=false win.mViewVisibility=8 caller=com.android.server.wm.WindowManagerService.tryStartExitingAnimation:134 com.android.server.wm.WindowManagerService.relayoutWindow:1160 com.android.server.wm.Session.relayout:27 android.view.IWindowSession$Stub.onTransact:829 com.android.server.wm.Session.onTransact:1 android.os.Binder.execTransactInternal:1462 android.os.Binder.execTransact:1401 
05-04 21:30:06.874  3255  6977 D SurfaceComposerClient: setCornerRadius ## 5de25e4 com.android.dreams.basic/android.service.dreams.DreamActivity#22383 cornerRadius=0.000000
05-04 21:30:06.875  3255  8600 I ActivityManager: Changes in 10386 5 to 6, 184 to 128
05-04 21:30:06.875  3255  6977 D SurfaceComposerClient: setCornerRadius ## 5de25e4 com.android.dreams.basic/android.service.dreams.DreamActivity#22383 cornerRadius=0.000000
05-04 21:30:06.875  3255  6977 I WindowManager: Relayout hash=dcbbce6, pid=4974, syncId=-1: mAttrs={(0,0)(fillxfill) sim={adjust=pan} layoutInDisplayCutoutMode=always ty=APPLICATION_STARTING fmt=TRANSLUCENT wanim=0x1030317
05-04 21:30:06.875  3255  6977 I WindowManager:   fl=81030118
05-04 21:30:06.875  3255  6977 I WindowManager:   pfl=10000810
05-04 21:30:06.875  3255  6977 I WindowManager:   apr=18
05-04 21:30:06.875  3255  6977 I WindowManager:   bhv=1
05-04 21:30:06.875  3255  6977 I WindowManager:   fitSides=0
05-04 21:30:06.875  3255  6977 I WindowManager:   frameRateBoostOnTouch=true
05-04 21:30:06.875  3255  6977 I WindowManager:   dvrrWindowFrameRateHint=true naviIconColor=0}
05-04 21:30:06.876  4974  5232 I VRI[android]@66ce10f: onActiveControlsChanged, removed=false, mAdded=true, caller=android.view.ViewRootImpl.handleInsetsControlChanged:3002 android.view.ViewRootImpl.relayoutWindow:11629 android.view.ViewRootImpl.performTraversals:4804 android.view.ViewRootImpl.doTraversal:3924 android.view.ViewRootImpl$TraversalRunnable.run:12903 
05-04 21:30:06.876  2589  2589 I CameraService: onUidStateChanged: uid=10049, procState is changed. (5 -> 0)
05-04 21:30:06.876  4974  5232 I VRI[android]@66ce10f: Relayout returned: old=(0,0,1080,2340) new=(0,0,1080,2340) relayoutAsync=false req=(1080,2340)8 dur=2 res=0x2 s={false 0x0} ch=true seqId=0
05-04 21:30:06.876  4974  5232 D VRI[android]@66ce10f: Not drawing due to not visible. Reason=View.GONE
05-04 21:30:06.876  4974  5232 W WindowOnBackDispatcher: sendCancelIfRunning: isInProgress=false callback=android.view.ViewRootImpl$$ExternalSyntheticLambda16@4576f88
05-04 21:30:06.877  3255  8941 D CoreBackPreview: Window{dcbbce6 u0 Splash Screen com.ojoclaro.android}: Setting back callback null
05-04 21:30:06.877  3255  4784 I MR2ServiceImpl: Updating composite discovery preference | preference: RouteDiscoveryRequest{ preferredFeatures={}, activeScan=false }, active routers: []
05-04 21:30:06.877  6684  6782 V OsAgent : broadcastSystemEvent - 7
05-04 21:30:06.877  4974  5232 I VRI[android]@66ce10f: dispatchDetachedFromWindow
05-04 21:30:06.877  3255  8600 D WindowManager: Starting window removed Window{dcbbce6 u0 Splash Screen com.ojoclaro.android}
05-04 21:30:06.877  3255  8600 I WindowManager: Cancelling animation restarting=false, leash=Surface(name=Surface(name=88a71d0 com.ojoclaro.android/com.ojoclaro.android.MainActivity)/@0x69afb2c - animation-leash of starting_reveal)/@0x1e8d071
05-04 21:30:06.877  3255  8600 I WindowManager: Reparenting to original parent: Surface(name=ActivityRecord{267237590 u0 com.ojoclaro.android/.MainActivity t2754})/@0x88c89f5, destroy=false, surface=Surface(name=88a71d0 com.ojoclaro.android/com.ojoclaro.android.MainActivity)/@0x69afb2c
05-04 21:30:06.877  3255  8600 D InputTransport: Input channel destroyed: 'dcbbce6', fd=1347
05-04 21:30:06.877  3255  8600 V WindowManager: Remove Window{dcbbce6 u0 Splash Screen com.ojoclaro.android}: mSurfaceControl=null mAnimatingExit=false mRemoveOnExit=false mHasSurface=false surfaceShowing=false animating=false app-animation=false callers=com.android.server.wm.Session.remove:16 android.view.IWindowSession$Stub.onTransact:804 com.android.server.wm.Session.onTransact:1 android.os.Binder.execTransactInternal:1462 android.os.Binder.execTransact:1401 <bottom of call stack> 
05-04 21:30:06.878  3255  8600 D SurfaceComposerClient: setCornerRadius ## 5de25e4 com.android.dreams.basic/android.service.dreams.DreamActivity#22383 cornerRadius=0.000000
05-04 21:30:06.878  3255  8600 D SurfaceComposerClient: setCornerRadius ## 5de25e4 com.android.dreams.basic/android.service.dreams.DreamActivity#22383 cornerRadius=0.000000
05-04 21:30:06.878  4974  5232 D InputTransport: Input channel destroyed: 'dcbbce6', fd=615
05-04 21:30:06.881  2249  2249 I SurfaceFlinger: [LayerHierarchy{RequestedLayerState{Splash Screen com.ojoclaro.android$_4974#22398} no children}] reparent to OffscreenRoot
05-04 21:30:06.881  4974  4974 D SystemUIService: SYSUI_RAM_OPTIMIZATION onTrimMemory=20
05-04 21:30:06.881  2249  2249 I SurfaceFlinger: [LayerHierarchy{RequestedLayerState{Splash Screen com.ojoclaro.android$_4974#22398} no children}] RelativeParent to null
05-04 21:30:06.881  4974  4974 D CentralSurfaces: SYSUI_RAM_OPTIMIZATION onTrimMemory=20
05-04 21:30:06.882  3255  3566 D SurfaceComposerClient: setCornerRadius ## 5de25e4 com.android.dreams.basic/android.service.dreams.DreamActivity#22383 cornerRadius=0.000000
05-04 21:30:06.882  4974  5259 D HWUI    : CacheManager::trimMemory(20)
05-04 21:30:06.882  2249  2249 I SurfaceFlinger: id=22398 Removed Splash Screen com.ojoclaro.android$_4974#22398 (153)
05-04 21:30:06.883  2241  2260 E HeatmapThread: ECT Thread time in milliseconds: 1777941006
05-04 21:30:06.885  2241  2260 D HeatmapThread: !@ batteryplugType : 2
05-04 21:30:06.885  2241  2260 D HeatmapThread: !@ batteryLevel : 90  batteryTemperature : 293 
05-04 21:30:06.885  2241  2260 D HeatmapThread: !@ Heatmap currtime: 29632350
05-04 21:30:06.885  2241  2260 D HeatmapThread: !@ Heatmap prevtime: 29632327
05-04 21:30:06.885  2241  2260 D HeatmapThread: !@ Heatmap plugstarttime: 29632334
05-04 21:30:06.885  2241  2260 D HeatmapThread: !@ Heatmap prevv_dsoh_update_time: 29631801
05-04 21:30:06.885  2241  2260 E HeatmapThread: !@ CAM New BSOH: 100
05-04 21:30:06.889  2249  2249 I SurfaceFlinger: [Display 0 name="Pantalla integrada"#49] setFrameRateCategory: Default
05-04 21:30:06.889  2249  2249 I SurfaceFlinger: RequestedLayer [Task=2754#22395] hidden!! flag  from(0) --> to(1)
05-04 21:30:06.890  2249  2249 I SurfaceFlinger: destroyed Splash Screen com.ojoclaro.android$_4974#22398 form LifecycleManager
05-04 21:30:06.890  2249  2249 I SurfaceFlinger: [LayerHierarchy{RequestedLayerState{dcbbce6 Splash Screen com.ojoclaro.android#22397 z=2147483647} no children}] reparent to OffscreenRoot
05-04 21:30:06.890  2249  2249 I SurfaceFlinger: [LayerHierarchy{RequestedLayerState{dcbbce6 Splash Screen com.ojoclaro.android#22397 z=2147483647} no children}] RelativeParent to null
05-04 21:30:06.890  2249  2249 I SurfaceFlinger: [LayerHierarchy{RequestedLayerState{Surface(name=88a71d0 com.ojoclaro.android/com.ojoclaro.android.MainActivity)/@0x69afb2c - animation-leash of starting_reveal#22401} 1 children}] reparent to OffscreenRoot
05-04 21:30:06.890  2249  2249 I SurfaceFlinger: [LayerHierarchy{RequestedLayerState{Surface(name=88a71d0 com.ojoclaro.android/com.ojoclaro.android.MainActivity)/@0x69afb2c - animation-leash of starting_reveal#22401} 1 children}] RelativeParent to null
05-04 21:30:06.890  2249  2249 I SurfaceFlinger: [LayerHierarchy{RequestedLayerState{88a71d0 com.ojoclaro.android/com.ojoclaro.android.MainActivity#22399 parentId=22396} no children}] reparent to LayerHierarchy{RequestedLayerState{ActivityRecord{267237590 u0 com.ojoclaro.android/.MainActivity t2754}#22396 parentId=22395} 1 children}
05-04 21:30:06.890  2249  2249 I SurfaceFlinger: id=22398 onLayerDestroyed from LayerHierarchyBuilder(RequestedLayerState{Splash Screen com.ojoclaro.android$_4974#22398 !handle})
05-04 21:30:06.891  2249  2249 I Layer   : id=22398 Destroyed Splash Screen com.ojoclaro.android$_4974#22398
05-04 21:30:06.891  2249  2249 I SurfaceFlinger: id=22397 Removed dcbbce6 Splash Screen com.ojoclaro.android#22397 (152)
05-04 21:30:06.892  3255  3565 I DisplayDeviceRepository: Display device changed render timings: "Pantalla integrada", renderFrameRate=120.00001, presentationDeadlineNanos=9233333, appVsyncOffsetNanos=8333333, frameRateOverrides=[]
05-04 21:30:06.892  3255  3566 D SurfaceComposerClient: setCornerRadius ## 5de25e4 com.android.dreams.basic/android.service.dreams.DreamActivity#22383 cornerRadius=0.000000
05-04 21:30:06.898  2249  2249 I SurfaceFlinger: destroyed dcbbce6 Splash Screen com.ojoclaro.android#22397 form LifecycleManager
05-04 21:30:06.898  2249  2249 I SurfaceFlinger: id=22397 onLayerDestroyed from LayerHierarchyBuilder(RequestedLayerState{dcbbce6 Splash Screen com.ojoclaro.android#22397 !handle z=2147483647})
05-04 21:30:06.899  2249  2249 I Layer   : id=22397 Destroyed dcbbce6 Splash Screen com.ojoclaro.android#22397
05-04 21:30:06.909  2092 31665 I sensors-hal: handle_sns_std_sensor_event:436, [SSC_LIGHT] P: 2(2),m:13,c:12,b:21,c0:96,l:2,f(r):100,u(bl):94,j:0
05-04 21:30:06.909  8560  8619 I SDHMS:k : onTaskStackChanged
05-04 21:30:06.909  5612 32221 I HoneySpace.RecentTasks: onRecentTasksChanged
05-04 21:30:07.031  2249  2249 I SurfaceFlinger: SFWD update time=104710218728075
05-04 21:30:07.060  2589  2985 I CameraService: onUidStateChanged: uid=10266, procState is changed. (5 -> 3)
05-04 21:30:07.060 30681 30709 I FontLog : (REDACTED) Received query %s, URI %s
05-04 21:30:07.062  6684  6782 V OsAgent : broadcastSystemEvent - 7
05-04 21:30:07.063 30681 30709 I FontLog : (REDACTED) Query [%s] resolved to %s
05-04 21:30:07.065 30681 30709 I FontLog : (REDACTED) Fetch %s end status %s
05-04 21:30:07.068 30681 30709 I FontLog : (REDACTED) Pulling font file for id = %d, cache size = %d
05-04 21:30:07.073 30681 30709 I FontLog : (REDACTED) Pulling font file for id = %d, cache size = %d
05-04 21:30:07.104  2151  2151 E ANDR-PERF-MPCTL: ANDR-PERF-MPCTL: internal_perf_lock_acq_verification() 385: Perflock Submit request limit reached.
05-04 21:30:07.105  2151  2151 E ANDR-PERF-MPCTL: ANDR-PERF-MPCTL: internal_perf_lock_acq_verification() 385: Perflock Submit request limit reached.
05-04 21:30:07.105  2151  2151 E ANDR-PERF-MPCTL: ANDR-PERF-MPCTL: internal_perf_lock_acq_verification() 385: Perflock Submit request limit reached.
05-04 21:30:07.105  2128 15035 I HYPER-HAL: [RequestManager.cpp]releaseLocked(): Released ID : 5374304
05-04 21:30:07.159 10678 10678 I native  : I0000 00:00:1777941007.159953   10678 exl_node_generator.cc:58] Setting legal word grammar as macro_only: true
05-04 21:30:07.160 10678 10678 I native  : I0000 00:00:1777941007.160119   10678 android_resource_loader.cc:100] Built resource lettuce_node_generator
05-04 21:30:07.160 10678 10678 I native  : I0000 00:00:1777941007.160150   10678 android_resource_loader.cc:116] Loaded resource:lettuce_node_generator
05-04 21:30:07.160 10678 10678 I native  : I0000 00:00:1777941007.160171   10678 data_source.cc:95] Opening data source "/data/user_de/0/com.google.android.tts/files/superpacks/es-us/es-us-x-multi-seanet-r65/../es-us-x-multi-r65/burdock_model.params.pb" (as: FILE) ...
05-04 21:30:07.160 10678 10678 I native  : I0000 00:00:1777941007.160205   10678 data_source.cc:99] ... Opened data source "/data/user_de/0/com.google.android.tts/files/superpacks/es-us/es-us-x-multi-seanet-r65/../es-us-x-multi-r65/burdock_model.params.pb" of size 6382
05-04 21:30:07.162 10678 10678 I native  : I0000 00:00:1777941007.162842   10678 android_resource_loader.cc:100] Built resource lstm_add_specification_resource
05-04 21:30:07.162 10678 10678 I native  : I0000 00:00:1777941007.162876   10678 android_resource_loader.cc:116] Loaded resource:lstm_add_specification_resource
05-04 21:30:07.162 10678 10678 I native  : I0000 00:00:1777941007.162896   10678 data_source.cc:95] Opening data source "/data/user_de/0/com.google.android.tts/files/superpacks/es-us/es-us-x-multi-seanet-r65/chive_model_fused.pb" (as: FILE) ...
05-04 21:30:07.162 10678 10678 I native  : I0000 00:00:1777941007.162923   10678 data_source.cc:99] ... Opened data source "/data/user_de/0/com.google.android.tts/files/superpacks/es-us/es-us-x-multi-seanet-r65/chive_model_fused.pb" of size 906
05-04 21:30:07.163 10678 10678 I native  : I0000 00:00:1777941007.163308   10678 data_source.cc:95] Opening data source "/data/user_de/0/com.google.android.tts/files/superpacks/es-us/es-us-x-multi-seanet-r65/burdock_valerian_model.tflite" (as: MEMORY) ...
05-04 21:30:07.163 10678 10678 I native  : I0000 00:00:1777941007.163398   10678 data_source.cc:99] ... Opened data source "/data/user_de/0/com.google.android.tts/files/superpacks/es-us/es-us-x-multi-seanet-r65/burdock_valerian_model.tflite" of size 1732112
05-04 21:30:07.163 10678 10678 E tflite  : third_party/tensorflow/lite/core/subgraph.cc:1084 tensor.data.raw != nullptr was not true.
05-04 21:30:07.163 10678 10678 I native  : I0000 00:00:1777941007.163594   10678 chive_inference_resource.cc:234] Creating new CHiVE model [model graph]: 
05-04 21:30:07.163 10678 10678 I native  : I0000 00:00:1777941007.163603   10678 chive_model.cc:179] Creating a single pass CHiVE model
05-04 21:30:07.163 10678 10678 I native  : I0000 00:00:1777941007.163845   10678 android_resource_loader.cc:100] Built resource chive_inference_config
05-04 21:30:07.163 10678 10678 I native  : I0000 00:00:1777941007.163866   10678 android_resource_loader.cc:116] Loaded resource:chive_inference_config
05-04 21:30:07.163 10678 10678 I native  : I0000 00:00:1777941007.163880   10678 data_source.cc:95] Opening data source "/data/user_de/0/com.google.android.tts/files/superpacks/es-us/es-us-x-multi-seanet-r65/../es-us-x-multi-r65/converter_es_us_android.far" (as: FILE) ...
05-04 21:30:07.163 10678 10678 I native  : I0000 00:00:1777941007.163902   10678 data_source.cc:99] ... Opened data source "/data/user_de/0/com.google.android.tts/files/superpacks/es-us/es-us-x-multi-seanet-r65/../es-us-x-multi-r65/converter_es_us_android.far" of size 4078
05-04 21:30:07.164 10678 10678 I native  : I0000 00:00:1777941007.164335   10678 android_resource_loader.cc:100] Built resource pron_buffet_to_tts_converter
05-04 21:30:07.164 10678 10678 I native  : I0000 00:00:1777941007.164353   10678 android_resource_loader.cc:116] Loaded resource:pron_buffet_to_tts_converter
05-04 21:30:07.164 10678 10678 I native  : I0000 00:00:1777941007.164363   10678 data_source.cc:95] Opening data source "/data/user_de/0/com.google.android.tts/files/superpacks/es-us/es-us-x-multi-seanet-r65/regexp_rewrite.pb" (as: FILE) ...
05-04 21:30:07.164 10678 10678 I native  : I0000 00:00:1777941007.164378   10678 data_source.cc:99] ... Opened data source "/data/user_de/0/com.google.android.tts/files/superpacks/es-us/es-us-x-multi-seanet-r65/regexp_rewrite.pb" of size 46137
05-04 21:30:07.165 10678 10678 I native  : I0000 00:00:1777941007.165068   10678 data_source.cc:95] Opening data source "/data/user_de/0/com.google.android.tts/files/superpacks/es-us/es-us-x-multi-seanet-r65/../es-us-x-multi-r65/punctuation.pb" (as: FILE) ...
05-04 21:30:07.165 10678 10678 I native  : I0000 00:00:1777941007.165099   10678 data_source.cc:99] ... Opened data source "/data/user_de/0/com.google.android.tts/files/superpacks/es-us/es-us-x-multi-seanet-r65/../es-us-x-multi-r65/punctuation.pb" of size 452
05-04 21:30:07.165 15006 15021 D HWUI    : CacheManager::trimMemory(20)
05-04 21:30:07.165  3255  6977 I WindowManager: Relayout Window{88a71d0 u0 com.ojoclaro.android/com.ojoclaro.android.MainActivity}: viewVisibility=8 req=1080x2340 ty=1 d0
05-04 21:30:07.165  3255  6977 D SurfaceComposerClient: setCornerRadius ## 5de25e4 com.android.dreams.basic/android.service.dreams.DreamActivity#22383 cornerRadius=0.000000
05-04 21:30:07.166  3255  6977 D SurfaceComposerClient: setCornerRadius ## 5de25e4 com.android.dreams.basic/android.service.dreams.DreamActivity#22383 cornerRadius=0.000000
05-04 21:30:07.166  3255  6977 I WindowManager: Relayout hash=88a71d0, pid=15006, syncId=-1: mAttrs={(0,0)(fillxfill) sim={adjust=pan forwardNavigation} layoutInDisplayCutoutMode=always ty=BASE_APPLICATION wanim=0x1030317
05-04 21:30:07.166  3255  6977 I WindowManager:   fl=81810100
05-04 21:30:07.166  3255  6977 I WindowManager:   pfl=100088c0
05-04 21:30:07.166  3255  6977 I WindowManager:   bhv=1
05-04 21:30:07.166  3255  6977 I WindowManager:   fitSides=0
05-04 21:30:07.166  3255  6977 I WindowManager:   frameRateBoostOnTouch=true
05-04 21:30:07.166  3255  6977 I WindowManager:   dvrrWindowFrameRateHint=true naviIconColor=0}
05-04 21:30:07.167 15006 15006 I VRI[MainActivity]@8ebd4cf: Relayout returned: old=(0,0,1080,2340) new=(0,0,1080,2340) relayoutAsync=false req=(1080,2340)8 dur=2 res=0x0 s={false 0x0} ch=false seqId=0
05-04 21:30:07.172 10678 10678 I native  : I0000 00:00:1777941007.172492   10678 android_resource_loader.cc:100] Built resource rewrite_algo
05-04 21:30:07.172 10678 10678 I native  : I0000 00:00:1777941007.172530   10678 android_resource_loader.cc:116] Loaded resource:rewrite_algo
05-04 21:30:07.172 10678 10678 I native  : I0000 00:00:1777941007.172545   10678 data_source.cc:95] Opening data source "/data/user_de/0/com.google.android.tts/files/superpacks/es-us/es-us-x-multi-seanet-r65/../es-us-x-multi-r65/roman_numeral_contexts.pb" (as: FILE) ...
05-04 21:30:07.172 10678 10678 I native  : I0000 00:00:1777941007.172566   10678 data_source.cc:99] ... Opened data source "/data/user_de/0/com.google.android.tts/files/superpacks/es-us/es-us-x-multi-seanet-r65/../es-us-x-multi-r65/roman_numeral_contexts.pb" of size 10180
05-04 21:30:07.173 10678 10678 I native  : I0000 00:00:1777941007.173523   10678 android_resource_loader.cc:100] Built resource roman_numeral_context_words
05-04 21:30:07.173 10678 10678 I native  : I0000 00:00:1777941007.173552   10678 android_resource_loader.cc:116] Loaded resource:roman_numeral_context_words
05-04 21:30:07.173 10678 10678 I native  : I0000 00:00:1777941007.173668   10678 android_resource_loader.cc:100] Built resource classify_roman_numerals_grm_algo
05-04 21:30:07.173 10678 10678 I native  : I0000 00:00:1777941007.173679   10678 android_resource_loader.cc:116] Loaded resource:classify_roman_numerals_grm_algo
05-04 21:30:07.173 10678 10678 I native  : I0000 00:00:1777941007.173688   10678 android_resource_loader.cc:100] Built resource runtime_override
05-04 21:30:07.173 10678 10678 I native  : I0000 00:00:1777941007.173695   10678 android_resource_loader.cc:116] Loaded resource:runtime_override
05-04 21:30:07.173 10678 10678 I native  : I0000 00:00:1777941007.173706   10678 data_source.cc:95] Opening data source "/data/user_de/0/com.google.android.tts/files/superpacks/es-us/es-us-x-multi-seanet-r65/seanet_model_options.pb" (as: FILE) ...
05-04 21:30:07.173 10678 10678 I native  : I0000 00:00:1777941007.173723   10678 data_source.cc:99] ... Opened data source "/data/user_de/0/com.google.android.tts/files/superpacks/es-us/es-us-x-multi-seanet-r65/seanet_model_options.pb" of size 32
05-04 21:30:07.173 10678 10678 I native  : I0000 00:00:1777941007.173975   10678 data_source.cc:95] Opening data source "/data/user_de/0/com.google.android.tts/files/superpacks/es-us/es-us-x-multi-seanet-r65/seanet_model.tflite" (as: FILE) ...
05-04 21:30:07.174 10678 10678 I native  : I0000 00:00:1777941007.174000   10678 data_source.cc:99] ... Opened data source "/data/user_de/0/com.google.android.tts/files/superpacks/es-us/es-us-x-multi-seanet-r65/seanet_model.tflite" of size 2786320
05-04 21:30:07.178 10678 10678 I native  : I0000 00:00:1777941007.178511   10678 android_resource_loader.cc:100] Built resource seanet_enhancer
05-04 21:30:07.178 10678 10678 I native  : I0000 00:00:1777941007.178544   10678 android_resource_loader.cc:116] Loaded resource:seanet_enhancer
05-04 21:30:07.178 10678 10678 I native  : I0000 00:00:1777941007.178557   10678 data_source.cc:95] Opening data source "/data/user_de/0/com.google.android.tts/files/superpacks/es-us/es-us-x-multi-seanet-r65/../es-us-x-multi-r65/sb_model.bin" (as: MEMORY) ...
05-04 21:30:07.178 10678 10678 I native  : I0000 00:00:1777941007.178593   10678 data_source.cc:99] ... Opened data source "/data/user_de/0/com.google.android.tts/files/superpacks/es-us/es-us-x-multi-seanet-r65/../es-us-x-multi-r65/sb_model.bin" of size 29488
05-04 21:30:07.178 10678 10678 I native  : I0000 00:00:1777941007.178624   10678 android_resource_loader.cc:100] Built resource sentence_boundary_model_resource
05-04 21:30:07.178 10678 10678 I native  : I0000 00:00:1777941007.178631   10678 android_resource_loader.cc:116] Loaded resource:sentence_boundary_model_resource
05-04 21:30:07.178 10678 10678 I native  : I0000 00:00:1777941007.178640   10678 data_source.cc:95] Opening data source "/data/user_de/0/com.google.android.tts/files/superpacks/es-us/es-us-x-multi-seanet-r65/../es-us-x-multi-r65/es_verbalize_spec.pb" (as: FILE) ...
05-04 21:30:07.178 10678 10678 I native  : I0000 00:00:1777941007.178654   10678 data_source.cc:99] ... Opened data source "/data/user_de/0/com.google.android.tts/files/superpacks/es-us/es-us-x-multi-seanet-r65/../es-us-x-multi-r65/es_verbalize_spec.pb" of size 2678
05-04 21:30:07.179 10678 10678 I native  : I0000 00:00:1777941007.179066   10678 android_resource_loader.cc:100] Built resource serialization_spec
05-04 21:30:07.179 10678 10678 I native  : I0000 00:00:1777941007.179088   10678 android_resource_loader.cc:116] Loaded resource:serialization_spec
05-04 21:30:07.179 10678 10678 I native  : I0000 00:00:1777941007.179101   10678 data_source.cc:95] Opening data source "/data/user_de/0/com.google.android.tts/files/superpacks/es-us/es-us-x-multi-seanet-r65/../es-us-x-multi-r65/stresser_us_android.far" (as: FILE) ...
05-04 21:30:07.179 10678 10678 I native  : I0000 00:00:1777941007.179121   10678 data_source.cc:99] ... Opened data source "/data/user_de/0/com.google.android.tts/files/superpacks/es-us/es-us-x-multi-seanet-r65/../es-us-x-multi-r65/stresser_us_android.far" of size 33360
05-04 21:30:07.179 10678 10678 I native  : I0000 00:00:1777941007.179924   10678 android_resource_loader.cc:100] Built resource stresser_grm_fst
05-04 21:30:07.179 10678 10678 I native  : I0000 00:00:1777941007.179944   10678 android_resource_loader.cc:116] Loaded resource:stresser_grm_fst
05-04 21:30:07.179 10678 10678 I native  : I0000 00:00:1777941007.179956   10678 data_source.cc:95] Opening data source "/data/user_de/0/com.google.android.tts/files/superpacks/es-us/es-us-x-multi-seanet-r65/../es-us-x-multi-r65/textnorm_params_embedded_es_us.pb" (as: FILE) ...
05-04 21:30:07.179 10678 10678 I native  : I0000 00:00:1777941007.179974   10678 data_source.cc:99] ... Opened data source "/data/user_de/0/com.google.android.tts/files/superpacks/es-us/es-us-x-multi-seanet-r65/../es-us-x-multi-r65/textnorm_params_embedded_es_us.pb" of size 350
05-04 21:30:07.180 10678 10678 I native  : I0000 00:00:1777941007.180283   10678 android_resource_loader.cc:100] Built resource textnorm_params
05-04 21:30:07.180 10678 10678 I native  : I0000 00:00:1777941007.180301   10678 android_resource_loader.cc:116] Loaded resource:textnorm_params
05-04 21:30:07.180 10678 10678 I native  : I0000 00:00:1777941007.180525   10678 android_resource_loader.cc:100] Built resource icu_transliterator_to_latin
05-04 21:30:07.180 10678 10678 I native  : I0000 00:00:1777941007.180561   10678 android_resource_loader.cc:116] Loaded resource:icu_transliterator_to_latin
05-04 21:30:07.180 10678 10678 I native  : I0000 00:00:1777941007.180575   10678 data_source.cc:95] Opening data source "/data/user_de/0/com.google.android.tts/files/superpacks/es-us/es-us-x-multi-seanet-r65/g2p_m3_syls0_stress0_es-US.fst" (as: FILE) ...
05-04 21:30:07.180 10678 10678 I native  : I0000 00:00:1777941007.180593   10678 data_source.cc:99] ... Opened data source "/data/user_de/0/com.google.android.tts/files/superpacks/es-us/es-us-x-multi-seanet-r65/g2p_m3_syls0_stress0_es-US.fst" of size 407304
05-04 21:30:07.180 10678 10678 I native  : I0000 00:00:1777941007.180610   10678 compact_fst.cc:20] Loading FST from "/data/user_de/0/com.google.android.tts/files/superpacks/es-us/es-us-x-multi-seanet-r65/g2p_m3_syls0_stress0_es-US.fst" ...
05-04 21:30:07.181  2128 15004 I HYPER-HAL: [RequestManager.cpp]releaseLocked(): Released ID : 5371025
05-04 21:30:07.201 10678 10678 I native  : I0000 00:00:1777941007.201748   10678 decoder.cc:51] G2P FST loaded (62 graphemes and 39 phonemes).
05-04 21:30:07.203 10678 10678 I native  : I0000 00:00:1777941007.203125   10678 android_resource_loader.cc:100] Built resource learned_fst_g2p_mapper
05-04 21:30:07.203 10678 10678 I native  : I0000 00:00:1777941007.203155   10678 android_resource_loader.cc:116] Loaded resource:learned_fst_g2p_mapper
05-04 21:30:07.203 10678 10678 I native  : I0000 00:00:1777941007.203190   10678 android_resource_loader.cc:100] Built resource spelling_normalizer
05-04 21:30:07.203 10678 10678 I native  : I0000 00:00:1777941007.203197   10678 android_resource_loader.cc:116] Loaded resource:spelling_normalizer
05-04 21:30:07.203 10678 10678 I native  : I0000 00:00:1777941007.203551   10678 android_resource_loader.cc:100] Built resource token_resolver_algo
05-04 21:30:07.203 10678 10678 I native  : I0000 00:00:1777941007.203575   10678 android_resource_loader.cc:116] Loaded resource:token_resolver_algo
05-04 21:30:07.203 10678 10678 I native  : I0000 00:00:1777941007.203590   10678 data_source.cc:95] Opening data source "/data/user_de/0/com.google.android.tts/files/superpacks/es-us/es-us-x-multi-seanet-r65/../es-us-x-multi-r65/model_farm32.pb" (as: FILE) ...
05-04 21:30:07.203 10678 10678 I native  : I0000 00:00:1777941007.203615   10678 data_source.cc:99] ... Opened data source "/data/user_de/0/com.google.android.tts/files/superpacks/es-us/es-us-x-multi-seanet-r65/../es-us-x-multi-r65/model_farm32.pb" of size 400016
05-04 21:30:07.205 10678 10678 I native  : I0000 00:00:1777941007.205303   10678 android_resource_loader.cc:100] Built resource universal_lseq_classifier_model
05-04 21:30:07.205 10678 10678 I native  : I0000 00:00:1777941007.205327   10678 android_resource_loader.cc:116] Loaded resource:universal_lseq_classifier_model
05-04 21:30:07.205 10678 10678 I native  : I0000 00:00:1777941007.205339   10678 android_resource_loader.cc:100] Built resource utf8_utils
05-04 21:30:07.205 10678 10678 I native  : I0000 00:00:1777941007.205346   10678 android_resource_loader.cc:116] Loaded resource:utf8_utils
05-04 21:30:07.205 10678 10678 I native  : I0000 00:00:1777941007.205360   10678 android_resource_loader.cc:100] Built resource lexical_classifier
05-04 21:30:07.205 10678 10678 I native  : I0000 00:00:1777941007.205367   10678 android_resource_loader.cc:116] Loaded resource:lexical_classifier
05-04 21:30:07.205 10678 10678 I native  : I0000 00:00:1777941007.205379   10678 android_resource_loader.cc:100] Built resource icu_transliterator
05-04 21:30:07.205 10678 10678 I native  : I0000 00:00:1777941007.205385   10678 android_resource_loader.cc:116] Loaded resource:icu_transliterator
05-04 21:30:07.205 10678 10678 I native  : I0000 00:00:1777941007.205436   10678 ranker.cc:118] LinearLseqRanker: using FarmHash32
05-04 21:30:07.205 10678 10678 I native  : I0000 00:00:1777941007.205464   10678 android_resource_loader.cc:100] Built resource universal_lseq_classifier_algo
05-04 21:30:07.205 10678 10678 I native  : I0000 00:00:1777941007.205471   10678 android_resource_loader.cc:116] Loaded resource:universal_lseq_classifier_algo
05-04 21:30:07.205 10678 10678 I native  : I0000 00:00:1777941007.205481   10678 data_source.cc:95] Opening data source "/data/user_de/0/com.google.android.tts/files/superpacks/es-us/es-us-x-multi-seanet-r65/../es-us-x-multi-r65/variant_overrides_es_us.pb" (as: FILE) ...
05-04 21:30:07.205 10678 10678 I native  : I0000 00:00:1777941007.205500   10678 data_source.cc:99] ... Opened data source "/data/user_de/0/com.google.android.tts/files/superpacks/es-us/es-us-x-multi-seanet-r65/../es-us-x-multi-r65/variant_overrides_es_us.pb" of size 0
05-04 21:30:07.205 10678 10678 I native  : I0000 00:00:1777941007.205562   10678 android_resource_loader.cc:100] Built resource variant_overrides
05-04 21:30:07.205 10678 10678 I native  : I0000 00:00:1777941007.205570   10678 android_resource_loader.cc:116] Loaded resource:variant_overrides
05-04 21:30:07.205 10678 10678 I native  : I0000 00:00:1777941007.205583   10678 android_resource_loader.cc:100] Built resource select_variants_algo
05-04 21:30:07.205 10678 10678 I native  : I0000 00:00:1777941007.205589   10678 android_resource_loader.cc:116] Loaded resource:select_variants_algo
05-04 21:30:07.205 10678 10678 I native  : I0000 00:00:1777941007.205598   10678 data_source.cc:95] Opening data source "/data/user_de/0/com.google.android.tts/files/superpacks/es-us/es-us-x-multi-seanet-r65/../es-us-x-multi-r65/us_verbalization_capabilities.pb" (as: FILE) ...
05-04 21:30:07.205 10678 10678 I native  : I0000 00:00:1777941007.205613   10678 data_source.cc:99] ... Opened data source "/data/user_de/0/com.google.android.tts/files/superpacks/es-us/es-us-x-multi-seanet-r65/../es-us-x-multi-r65/us_verbalization_capabilities.pb" of size 589
05-04 21:30:07.206 10678 10678 I native  : I0000 00:00:1777941007.206005   10678 android_resource_loader.cc:100] Built resource verbalization_capabilities
05-04 21:30:07.206 10678 10678 I native  : I0000 00:00:1777941007.206025   10678 android_resource_loader.cc:116] Loaded resource:verbalization_capabilities
05-04 21:30:07.206 10678 10678 I native  : I0000 00:00:1777941007.206037   10678 data_source.cc:95] Opening data source "/data/user_de/0/com.google.android.tts/files/superpacks/es-us/es-us-x-multi-seanet-r65/../es-us-x-multi-r65/verbalize_us_android.far" (as: FILE) ...
05-04 21:30:07.206 10678 10678 I native  : I0000 00:00:1777941007.206056   10678 data_source.cc:99] ... Opened data source "/data/user_de/0/com.google.android.tts/files/superpacks/es-us/es-us-x-multi-seanet-r65/../es-us-x-multi-r65/verbalize_us_android.far" of size 3096999
05-04 21:30:07.210 10678 10678 I native  : I0000 00:00:1777941007.210564   10678 android_resource_loader.cc:100] Built resource verbalize_grm_fst
05-04 21:30:07.210 10678 10678 I native  : I0000 00:00:1777941007.210591   10678 android_resource_loader.cc:116] Loaded resource:verbalize_grm_fst
05-04 21:30:07.211 10678 10678 I native  : I0000 00:00:1777941007.211057   10678 android_resource_loader.cc:100] Built resource verbalize_grm_algo
05-04 21:30:07.211 10678 10678 I native  : I0000 00:00:1777941007.211081   10678 android_resource_loader.cc:116] Loaded resource:verbalize_grm_algo
05-04 21:30:07.211 10678 10678 I native  : I0000 00:00:1777941007.211097   10678 voice_params_resource.cc:33] Voice information: MessageLite at 0xb400007d8b298200
05-04 21:30:07.211 10678 10678 I native  : I0000 00:00:1777941007.211107   10678 android_resource_loader.cc:100] Built resource voice_params
05-04 21:30:07.211 10678 10678 I native  : I0000 00:00:1777941007.211115   10678 android_resource_loader.cc:116] Loaded resource:voice_params
05-04 21:30:07.211 10678 10678 I native  : I0000 00:00:1777941007.211461   10678 android_resource_loader.cc:100] Built resource word_resolver_algo
05-04 21:30:07.211 10678 10678 I native  : I0000 00:00:1777941007.211486   10678 android_resource_loader.cc:116] Loaded resource:word_resolver_algo
05-04 21:30:07.211 10678 10678 I native  : I0000 00:00:1777941007.211507   10678 data_source.cc:95] Opening data source "/data/user_de/0/com.google.android.tts/files/superpacks/es-us/es-us-x-multi-seanet-r65/../es-us-x-multi-r65/xsampa_to_tts_to-es_us.far" (as: FILE) ...
05-04 21:30:07.211 10678 10678 I native  : I0000 00:00:1777941007.211550   10678 data_source.cc:99] ... Opened data source "/data/user_de/0/com.google.android.tts/files/superpacks/es-us/es-us-x-multi-seanet-r65/../es-us-x-multi-r65/xsampa_to_tts_to-es_us.far" of size 30198
05-04 21:30:07.212 10678 10678 I native  : I0000 00:00:1777941007.212360   10678 android_resource_loader.cc:100] Built resource xsampa_to_tts_phoneme_mapper
05-04 21:30:07.212 10678 10678 I native  : I0000 00:00:1777941007.212381   10678 android_resource_loader.cc:116] Loaded resource:xsampa_to_tts_phoneme_mapper
05-04 21:30:07.212 10678 10678 I native  : I0000 00:00:1777941007.212389   10678 local_pipeline_runner.cc:49] Done loading all resources from: {/data/user_de/0/com.google.android.tts/files/superpacks/es-us/es-us-x-multi-seanet-r65}
05-04 21:30:07.213 10678 10678 I ComposerWrapperImpl: Done initializing es-us-x-esc-seanet-embedded
05-04 21:30:07.215  3255  3255 D TextToSpeechManagerPerUserService: Connected successfully to TTS engine: com.google.android.tts
05-04 21:30:07.215 15006 15020 I TextToSpeech: Connected to TTS engine
05-04 21:30:07.272  3255  4434 I ActivityManager: Changes in 10122 10 to 10, 128 to 0
05-04 21:30:07.282 14768 14768 W AASAApplication: trim memory: 40
05-04 21:30:07.300 10678 10755 I GoogleTTSServiceImpl: currentLocale = es-US
05-04 21:30:07.313  3255  3255 W AccessibilityManagerService:  wait for adding window timeout: 1995
05-04 21:30:07.324  3255  5852 D ActivityManager: unpendingScheduleServiceRestart: u=10479, drop=false
05-04 21:30:07.326  3255  5850 D FreecessController: UFZ : it.nanosystems.supremo.addon(10479) [7304] reason: Binder(1)-android.accessibilityservice.IAccessibili
05-04 21:30:07.326  3255  5867 W LocationManagerService: onFreezeStateChanged, uid[10479]=false
05-04 21:30:07.326  3255  5867 I PowerManagerService: [PWL] SetWakeLockEnableDisable uid = 10479 , disable= false
05-04 21:30:07.326  3255  5867 I PowerManagerService: [PWL] can not change uid =  10479
05-04 21:30:07.369 10678 10755 I GoogleTTSServiceImpl: For default lang es-us is name es-US-language (es-us-x-esc-server)
05-04 21:30:07.369 15006 15042 I TextToSpeech: Setting up the connection to TTS engine...
05-04 21:30:07.370 10678 10755 I GoogleTTSServiceImpl: currentLocale = es-US
05-04 21:30:07.371 10678 10755 I GoogleTTSServiceImpl: currentLocale = es-US
05-04 21:30:07.371 10678 10755 I GoogleTTSServiceImpl: For default lang es-ar is name es-US-language (es-us-x-esc-server)
05-04 21:30:07.371 10678 10755 I GoogleTTSServiceImpl: currentLocale = es-US
05-04 21:30:07.372  3255  8941 D MARsPolicyManager: setTTSPkgInfo : 10488
05-04 21:30:07.458 10678 15033 I LocalSynthesizer: Attempting to load synthesizer for voice: es-us-x-esa-seanet-embedded
05-04 21:30:07.458 10678 15033 I LocalSynthesizer: Voice es-us-x-esa-seanet-embedded is already supported by loaded synthesizer es-us-x-multi.
05-04 21:30:07.458 10678 15033 I ComposerWrapperImpl: Skipping initialization, can already run voice es-us-x-esa-seanet-embedded.
05-04 21:30:07.458 10678 15033 I GoogleTTSServiceImpl: Synthesis request for locale spa-USA and name es-US-language
05-04 21:30:07.505  5612  5612 I HoneySpace.EdgePanel.EdgeVisibilityRepository: updateTrayVisible: State = 0x100003, visible = false, current containerState = 4, specificMode = 0
05-04 21:30:07.505  5612  5612 I HoneySpace.EdgePanel.DumpHelper: Tray State
05-04 21:30:07.505  5612  5612 I HoneySpace.EdgePanel.EdgeVisibilityRepository: Same container state 4
05-04 21:30:07.508  5342  6438 D SatelliteController: isInCarrierRoamingNbIotNtn: satellite is disabled
05-04 21:30:07.513  3255  4709 D WifiStaIfaceHidlImpl: getCachedScanData is not implemented by HIDL
05-04 21:30:07.516  3255  4811 D SemWifiSwitchForIndividualAppsService: TMI window: 2026-05-04 21:28:48 syn=1, rto=0, cwnd=0
